<?xml version="1.0" encoding="utf-8"?>
<CoverageSession xmlns:xsd="http://www.w3.org/2001/XMLSchema" xmlns:xsi="http://www.w3.org/2001/XMLSchema-instance" Version="4.7.922.0">
  <Summary numSequencePoints="1331" visitedSequencePoints="1076" numBranchPoints="565" visitedBranchPoints="391" sequenceCoverage="80.84" branchCoverage="69.20" maxCyclomaticComplexity="12" minCyclomaticComplexity="1" maxCrapScore="56" minCrapScore="1" visitedClasses="48" numClasses="62" visitedMethods="209" numMethods="271" />
  <Modules>
    <Module skippedDueTo="Filter" hash="9A-E6-DA-BB-7D-11-9E-EA-1E-52-33-F2-BE-98-32-8A-A8-E1-55-C1">
      <ModulePath>C:\Windows\Microsoft.Net\assembly\GAC_64\mscorlib\v4.0_4.0.0.0__b77a5c561934e089\mscorlib.dll</ModulePath>
      <ModuleTime>2020-05-11T05:37:33.4779253Z</ModuleTime>
      <ModuleName>mscorlib</ModuleName>
      <Classes />
    </Module>
    <Module skippedDueTo="Filter" hash="C8-F3-38-D6-B9-2E-84-01-FA-BE-3C-09-B1-75-54-32-D4-03-5A-5D">
      <ModulePath>C:\$Programming\C# Projects\OpenCollections\packages\xunit.runner.console.2.4.1\tools\net471\xunit.console.exe</ModulePath>
      <ModuleTime>2018-10-29T08:17:04Z</ModuleTime>
      <ModuleName>xunit.console</ModuleName>
      <Classes />
    </Module>
    <Module skippedDueTo="Filter" hash="DB-B1-0F-EF-1F-20-D0-12-88-88-F1-4E-94-B2-71-70-0B-9B-57-12">
      <ModulePath>C:\$Programming\C# Projects\OpenCollections\packages\xunit.runner.console.2.4.1\tools\net471\xunit.abstractions.dll</ModulePath>
      <ModuleTime>2018-10-29T08:17:04Z</ModuleTime>
      <ModuleName>xunit.abstractions</ModuleName>
      <Classes />
    </Module>
    <Module skippedDueTo="Filter" hash="03-8C-28-FF-B1-AD-98-09-DB-C2-77-9C-30-0B-76-C3-52-AE-19-2E">
      <ModulePath>C:\Windows\Microsoft.Net\assembly\GAC_MSIL\System.Core\v4.0_4.0.0.0__b77a5c561934e089\System.Core.dll</ModulePath>
      <ModuleTime>2020-05-11T05:37:33.4310463Z</ModuleTime>
      <ModuleName>System.Core</ModuleName>
      <Classes />
    </Module>
    <Module skippedDueTo="Filter" hash="70-22-21-D3-33-43-68-3A-F4-65-F5-09-91-41-78-3E-89-E1-21-66">
      <ModulePath>C:\$Programming\C# Projects\OpenCollections\packages\xunit.runner.console.2.4.1\tools\net471\xunit.runner.utility.net452.dll</ModulePath>
      <ModuleTime>2018-10-29T08:17:04Z</ModuleTime>
      <ModuleName>xunit.runner.utility.net452</ModuleName>
      <Classes />
    </Module>
    <Module skippedDueTo="Filter" hash="BC-8F-72-01-C7-65-2C-A9-C2-07-20-60-02-A7-E6-1D-8F-BC-49-D8">
      <ModulePath>C:\Windows\Microsoft.Net\assembly\GAC_MSIL\System\v4.0_4.0.0.0__b77a5c561934e089\System.dll</ModulePath>
      <ModuleTime>2019-12-07T09:10:36.0705812Z</ModuleTime>
      <ModuleName>System</ModuleName>
      <Classes />
    </Module>
    <Module skippedDueTo="Filter" hash="76-4F-F2-57-05-34-3B-14-F0-74-D8-74-52-87-6D-06-AD-25-14-77">
      <ModulePath>C:\Windows\Microsoft.Net\assembly\GAC_MSIL\System.Xml.Linq\v4.0_4.0.0.0__b77a5c561934e089\System.Xml.Linq.dll</ModulePath>
      <ModuleTime>2019-12-07T09:10:35.962301Z</ModuleTime>
      <ModuleName>System.Xml.Linq</ModuleName>
      <Classes />
    </Module>
    <Module skippedDueTo="Filter" hash="DA-72-DA-8C-56-D2-30-3A-A5-9C-B3-A9-A9-6F-D8-2F-60-43-B5-A9">
      <ModulePath>C:\Windows\Microsoft.Net\assembly\GAC_MSIL\System.Xml\v4.0_4.0.0.0__b77a5c561934e089\System.Xml.dll</ModulePath>
      <ModuleTime>2019-12-07T09:10:37.7737543Z</ModuleTime>
      <ModuleName>System.Xml</ModuleName>
      <Classes />
    </Module>
    <Module skippedDueTo="Filter" hash="43-03-4A-58-14-F0-5C-D1-77-C9-18-CE-10-C9-D4-50-F3-CD-79-39">
      <ModulePath>C:\Windows\Microsoft.Net\assembly\GAC_MSIL\System.Configuration\v4.0_4.0.0.0__b03f5f7f11d50a3a\System.Configuration.dll</ModulePath>
      <ModuleTime>2019-12-07T09:10:35.9925361Z</ModuleTime>
      <ModuleName>System.Configuration</ModuleName>
      <Classes />
    </Module>
    <Module skippedDueTo="Filter" hash="DE-2A-13-57-A5-14-73-B5-4E-6E-CB-DB-4B-E7-F0-E2-A9-56-43-F3">
      <ModulePath>C:\$Programming\C# Projects\OpenCollections\packages\xunit.runner.console.2.4.1\tools\net471\xunit.runner.reporters.net452.dll</ModulePath>
      <ModuleTime>2018-10-29T08:17:04Z</ModuleTime>
      <ModuleName>xunit.runner.reporters.net452</ModuleName>
      <Classes />
    </Module>
    <Module skippedDueTo="Filter" hash="D8-5A-64-50-BA-E0-BC-F9-C8-0F-49-8A-49-BF-60-C5-56-67-43-86">
      <ModulePath>C:\Windows\Microsoft.Net\assembly\GAC_MSIL\System.Net.Http\v4.0_4.0.0.0__b03f5f7f11d50a3a\System.Net.Http.dll</ModulePath>
      <ModuleTime>2019-12-07T09:10:37.7585321Z</ModuleTime>
      <ModuleName>System.Net.Http</ModuleName>
      <Classes />
    </Module>
    <Module skippedDueTo="Filter" hash="FD-12-A9-70-D5-24-6F-78-9D-5D-D4-52-2E-10-4F-15-8E-89-84-95">
      <ModulePath>C:\Windows\Microsoft.Net\assembly\GAC_64\System.Web\v4.0_4.0.0.0__b03f5f7f11d50a3a\System.Web.dll</ModulePath>
      <ModuleTime>2019-12-07T09:10:37.7893482Z</ModuleTime>
      <ModuleName>System.Web</ModuleName>
      <Classes />
    </Module>
    <Module skippedDueTo="Filter" hash="70-22-21-D3-33-43-68-3A-F4-65-F5-09-91-41-78-3E-89-E1-21-66">
      <ModulePath>C:\Users\user\AppData\Local\Temp\55d1be67-479c-4cf7-a86b-33209f4c3244\55d1be67-479c-4cf7-a86b-33209f4c3244\assembly\dl3\49a44048\00804bc6_5f6fd401\xunit.runner.utility.net452.dll</ModulePath>
      <ModuleTime>2021-02-19T16:10:37.3632301Z</ModuleTime>
      <ModuleName>xunit.runner.utility.net452</ModuleName>
      <Classes />
    </Module>
    <Module skippedDueTo="Filter" hash="03-8C-28-FF-B1-AD-98-09-DB-C2-77-9C-30-0B-76-C3-52-AE-19-2E">
      <ModulePath>C:\Windows\Microsoft.Net\assembly\GAC_MSIL\System.Core\v4.0_4.0.0.0__b77a5c561934e089\System.Core.dll</ModulePath>
      <ModuleTime>2020-05-11T05:37:33.4310463Z</ModuleTime>
      <ModuleName>System.Core</ModuleName>
      <Classes />
    </Module>
    <Module skippedDueTo="Filter" hash="BC-8F-72-01-C7-65-2C-A9-C2-07-20-60-02-A7-E6-1D-8F-BC-49-D8">
      <ModulePath>C:\Windows\Microsoft.Net\assembly\GAC_MSIL\System\v4.0_4.0.0.0__b77a5c561934e089\System.dll</ModulePath>
      <ModuleTime>2019-12-07T09:10:36.0705812Z</ModuleTime>
      <ModuleName>System</ModuleName>
      <Classes />
    </Module>
    <Module skippedDueTo="Filter" hash="">
      <ModulePath>RefEmit_InMemoryManifestModule</ModulePath>
      <ModuleTime>0001-01-01T00:00:00</ModuleTime>
      <ModuleName>Anonymously Hosted DynamicMethods Assembly</ModuleName>
      <Classes />
    </Module>
    <Module hash="9F-97-6A-2B-B0-D8-64-FC-A8-3F-C1-94-C2-72-06-B7-16-EF-90-3E">
      <Summary numSequencePoints="762" visitedSequencePoints="638" numBranchPoints="264" visitedBranchPoints="185" sequenceCoverage="83.73" branchCoverage="70.08" maxCyclomaticComplexity="9" minCyclomaticComplexity="1" maxCrapScore="56" minCrapScore="1" visitedClasses="25" numClasses="26" visitedMethods="104" numMethods="126" />
      <ModulePath>C:\$Programming\C# Projects\OpenCollections\OpenCollections.Test\bin\Debug\OpenCollections.Test.dll</ModulePath>
      <ModuleTime>2021-02-18T16:41:34.9778001Z</ModuleTime>
      <ModuleName>OpenCollections.Test</ModuleName>
      <Files>
        <File uid="1" fullPath="C:\$Programming\C# Projects\OpenCollections\OpenCollections.Test\ConcurrentConsumerTests.cs" />
        <File uid="7" fullPath="C:\$Programming\C# Projects\OpenCollections\OpenCollections.Test\ConcurrentProducerTsts.cs" />
        <File uid="10" fullPath="C:\$Programming\C# Projects\OpenCollections\OpenCollections.Test\ConcurrentTestHelpers.cs" />
        <File uid="12" fullPath="C:\$Programming\C# Projects\OpenCollections\OpenCollections.Test\ConcurrentWriterTests.cs" />
        <File uid="17" fullPath="C:\$Programming\C# Projects\OpenCollections\OpenCollections.Test\EnumerableMultiReaderTests.cs" />
        <File uid="18" fullPath="C:\$Programming\C# Projects\OpenCollections\OpenCollections.Test\EnumerableStreamReaderTests.cs" />
        <File uid="19" fullPath="C:\$Programming\C# Projects\OpenCollections\OpenCollections.Test\ExtensionsTests.cs" />
        <File uid="20" fullPath="C:\$Programming\C# Projects\OpenCollections\OpenCollections.Test\MultiConcurrentConsumerTests.cs" />
        <File uid="24" fullPath="C:\$Programming\C# Projects\OpenCollections\OpenCollections.Test\PipelineTests.cs" />
      </Files>
      <Classes>
        <Class>
          <Summary numSequencePoints="0" visitedSequencePoints="0" numBranchPoints="0" visitedBranchPoints="0" sequenceCoverage="0" branchCoverage="0" maxCyclomaticComplexity="0" minCyclomaticComplexity="0" maxCrapScore="0" minCrapScore="0" visitedClasses="0" numClasses="0" visitedMethods="0" numMethods="0" />
          <FullName>&lt;Module&gt;</FullName>
          <Methods />
        </Class>
        <Class>
          <Summary numSequencePoints="74" visitedSequencePoints="74" numBranchPoints="18" visitedBranchPoints="15" sequenceCoverage="100" branchCoverage="83.33" maxCyclomaticComplexity="2" minCyclomaticComplexity="1" maxCrapScore="2" minCrapScore="1" visitedClasses="1" numClasses="1" visitedMethods="10" numMethods="10" />
          <FullName>OpenCollections.Tests.ConcurrentConsumerTests</FullName>
          <Methods>
            <Method visited="true" cyclomaticComplexity="2" nPathComplexity="2" sequenceCoverage="100" branchCoverage="66.67" crapScore="2" isConstructor="false" isStatic="false" isGetter="false" isSetter="false">
              <Summary numSequencePoints="8" visitedSequencePoints="8" numBranchPoints="3" visitedBranchPoints="2" sequenceCoverage="100" branchCoverage="66.67" maxCyclomaticComplexity="2" minCyclomaticComplexity="2" maxCrapScore="2" minCrapScore="2" visitedClasses="0" numClasses="0" visitedMethods="1" numMethods="1" />
              <MetadataToken>100663297</MetadataToken>
              <Name>System.Void OpenCollections.Tests.ConcurrentConsumerTests::FIFO()</Name>
              <FileRef uid="1" />
              <SequencePoints>
                <SequencePoint vc="1" uspid="1" ordinal="0" offset="0" sl="20" sc="9" el="20" ec="10" bec="0" bev="0" fileid="1" />
                <SequencePoint vc="1" uspid="2" ordinal="1" offset="1" sl="21" sc="13" el="21" ec="41" bec="0" bev="0" fileid="1" />
                <SequencePoint vc="1" uspid="3" ordinal="2" offset="13" sl="23" sc="13" el="23" ec="46" bec="0" bev="0" fileid="1" />
                <SequencePoint vc="1" uspid="4" ordinal="3" offset="20" sl="25" sc="13" el="30" ec="15" bec="2" bev="1" fileid="1" />
                <SequencePoint vc="1" uspid="5" ordinal="4" offset="84" sl="32" sc="13" el="32" ec="32" bec="0" bev="0" fileid="1" />
                <SequencePoint vc="1" uspid="6" ordinal="5" offset="91" sl="34" sc="13" el="34" ec="130" bec="0" bev="0" fileid="1" />
                <SequencePoint vc="1" uspid="7" ordinal="6" offset="122" sl="36" sc="13" el="36" ec="41" bec="0" bev="0" fileid="1" />
                <SequencePoint vc="1" uspid="8" ordinal="7" offset="131" sl="37" sc="9" el="37" ec="10" bec="0" bev="0" fileid="1" />
              </SequencePoints>
              <BranchPoints>
                <BranchPoint vc="1" uspid="9" ordinal="0" offset="52" sl="25" path="0" offsetend="54" fileid="1" />
                <BranchPoint vc="0" uspid="10" ordinal="1" offset="52" sl="25" path="1" offsetend="77" fileid="1" />
              </BranchPoints>
              <MethodPoint xsi:type="SequencePoint" vc="1" uspid="1" ordinal="0" offset="0" sl="20" sc="9" el="20" ec="10" bec="0" bev="0" fileid="1" />
            </Method>
            <Method visited="true" cyclomaticComplexity="2" nPathComplexity="2" sequenceCoverage="100" branchCoverage="66.67" crapScore="2" isConstructor="false" isStatic="false" isGetter="false" isSetter="false">
              <Summary numSequencePoints="8" visitedSequencePoints="8" numBranchPoints="3" visitedBranchPoints="2" sequenceCoverage="100" branchCoverage="66.67" maxCyclomaticComplexity="2" minCyclomaticComplexity="2" maxCrapScore="2" minCrapScore="2" visitedClasses="0" numClasses="0" visitedMethods="1" numMethods="1" />
              <MetadataToken>100663298</MetadataToken>
              <Name>System.Void OpenCollections.Tests.ConcurrentConsumerTests::FIFOAsync()</Name>
              <FileRef uid="1" />
              <SequencePoints>
                <SequencePoint vc="1" uspid="11" ordinal="0" offset="0" sl="41" sc="9" el="41" ec="10" bec="0" bev="0" fileid="1" />
                <SequencePoint vc="1" uspid="12" ordinal="1" offset="1" sl="42" sc="13" el="42" ec="41" bec="0" bev="0" fileid="1" />
                <SequencePoint vc="1" uspid="13" ordinal="2" offset="13" sl="44" sc="13" el="44" ec="46" bec="0" bev="0" fileid="1" />
                <SequencePoint vc="1" uspid="14" ordinal="3" offset="20" sl="46" sc="13" el="51" ec="15" bec="2" bev="1" fileid="1" />
                <SequencePoint vc="1" uspid="15" ordinal="4" offset="84" sl="53" sc="13" el="53" ec="44" bec="0" bev="0" fileid="1" />
                <SequencePoint vc="1" uspid="16" ordinal="5" offset="96" sl="55" sc="13" el="55" ec="130" bec="0" bev="0" fileid="1" />
                <SequencePoint vc="1" uspid="17" ordinal="6" offset="127" sl="57" sc="13" el="57" ec="41" bec="0" bev="0" fileid="1" />
                <SequencePoint vc="1" uspid="18" ordinal="7" offset="136" sl="58" sc="9" el="58" ec="10" bec="0" bev="0" fileid="1" />
              </SequencePoints>
              <BranchPoints>
                <BranchPoint vc="1" uspid="19" ordinal="0" offset="52" sl="46" path="0" offsetend="54" fileid="1" />
                <BranchPoint vc="0" uspid="20" ordinal="1" offset="52" sl="46" path="1" offsetend="77" fileid="1" />
              </BranchPoints>
              <MethodPoint xsi:type="SequencePoint" vc="1" uspid="11" ordinal="0" offset="0" sl="41" sc="9" el="41" ec="10" bec="0" bev="0" fileid="1" />
            </Method>
            <Method visited="true" cyclomaticComplexity="1" nPathComplexity="0" sequenceCoverage="100" branchCoverage="100" crapScore="1" isConstructor="false" isStatic="false" isGetter="false" isSetter="false">
              <Summary numSequencePoints="6" visitedSequencePoints="6" numBranchPoints="1" visitedBranchPoints="1" sequenceCoverage="100" branchCoverage="100" maxCyclomaticComplexity="1" minCyclomaticComplexity="1" maxCrapScore="1" minCrapScore="1" visitedClasses="0" numClasses="0" visitedMethods="1" numMethods="1" />
              <MetadataToken>100663299</MetadataToken>
              <Name>System.Void OpenCollections.Tests.ConcurrentConsumerTests::ThrowsWhenNoOperationProvided()</Name>
              <FileRef uid="1" />
              <SequencePoints>
                <SequencePoint vc="1" uspid="21" ordinal="0" offset="6" sl="62" sc="9" el="62" ec="10" bec="0" bev="0" fileid="1" />
                <SequencePoint vc="1" uspid="22" ordinal="1" offset="7" sl="63" sc="13" el="63" ec="41" bec="0" bev="0" fileid="1" />
                <SequencePoint vc="1" uspid="23" ordinal="2" offset="19" sl="65" sc="13" el="65" ec="46" bec="0" bev="0" fileid="1" />
                <SequencePoint vc="1" uspid="24" ordinal="3" offset="26" sl="67" sc="13" el="71" ec="15" bec="0" bev="0" fileid="1" />
                <SequencePoint vc="1" uspid="25" ordinal="4" offset="57" sl="73" sc="13" el="73" ec="78" bec="0" bev="0" fileid="1" />
                <SequencePoint vc="1" uspid="26" ordinal="5" offset="75" sl="74" sc="9" el="74" ec="10" bec="0" bev="0" fileid="1" />
              </SequencePoints>
              <BranchPoints />
              <MethodPoint vc="1" uspid="27" ordinal="0" offset="0" />
            </Method>
            <Method visited="true" cyclomaticComplexity="1" nPathComplexity="0" sequenceCoverage="100" branchCoverage="100" crapScore="1" isConstructor="false" isStatic="false" isGetter="false" isSetter="false">
              <Summary numSequencePoints="5" visitedSequencePoints="5" numBranchPoints="1" visitedBranchPoints="1" sequenceCoverage="100" branchCoverage="100" maxCyclomaticComplexity="1" minCyclomaticComplexity="1" maxCrapScore="1" minCrapScore="1" visitedClasses="0" numClasses="0" visitedMethods="1" numMethods="1" />
              <MetadataToken>100663300</MetadataToken>
              <Name>System.Void OpenCollections.Tests.ConcurrentConsumerTests::ThrowsWhenCollectionEmpty()</Name>
              <FileRef uid="1" />
              <SequencePoints>
                <SequencePoint vc="1" uspid="28" ordinal="0" offset="6" sl="78" sc="9" el="78" ec="10" bec="0" bev="0" fileid="1" />
                <SequencePoint vc="1" uspid="29" ordinal="1" offset="7" sl="79" sc="13" el="79" ec="66" bec="0" bev="0" fileid="1" />
                <SequencePoint vc="1" uspid="30" ordinal="2" offset="18" sl="80" sc="13" el="80" ec="39" bec="0" bev="0" fileid="1" />
                <SequencePoint vc="1" uspid="31" ordinal="3" offset="31" sl="82" sc="13" el="82" ec="76" bec="0" bev="0" fileid="1" />
                <SequencePoint vc="1" uspid="32" ordinal="4" offset="49" sl="83" sc="9" el="83" ec="10" bec="0" bev="0" fileid="1" />
              </SequencePoints>
              <BranchPoints />
              <MethodPoint vc="1" uspid="33" ordinal="0" offset="0" />
            </Method>
            <Method visited="true" cyclomaticComplexity="2" nPathComplexity="2" sequenceCoverage="100" branchCoverage="66.67" crapScore="2" isConstructor="false" isStatic="false" isGetter="false" isSetter="false">
              <Summary numSequencePoints="17" visitedSequencePoints="17" numBranchPoints="3" visitedBranchPoints="2" sequenceCoverage="100" branchCoverage="66.67" maxCyclomaticComplexity="2" minCyclomaticComplexity="2" maxCrapScore="2" minCrapScore="2" visitedClasses="0" numClasses="0" visitedMethods="1" numMethods="1" />
              <MetadataToken>100663301</MetadataToken>
              <Name>System.Void OpenCollections.Tests.ConcurrentConsumerTests::BufferWorks()</Name>
              <FileRef uid="1" />
              <SequencePoints>
                <SequencePoint vc="1" uspid="34" ordinal="0" offset="6" sl="87" sc="9" el="87" ec="10" bec="0" bev="0" fileid="1" />
                <SequencePoint vc="1" uspid="35" ordinal="1" offset="7" sl="88" sc="13" el="88" ec="81" bec="0" bev="0" fileid="1" />
                <SequencePoint vc="1" uspid="36" ordinal="2" offset="13" sl="89" sc="13" el="89" ec="82" bec="0" bev="0" fileid="1" />
                <SequencePoint vc="1" uspid="37" ordinal="3" offset="24" sl="91" sc="13" el="91" ec="38" bec="0" bev="0" fileid="1" />
                <SequencePoint vc="1" uspid="38" ordinal="4" offset="32" sl="93" sc="13" el="93" ec="29" bec="0" bev="0" fileid="1" />
                <SequencePoint vc="1" uspid="39" ordinal="5" offset="40" sl="94" sc="13" el="94" ec="29" bec="0" bev="0" fileid="1" />
                <SequencePoint vc="1" uspid="40" ordinal="6" offset="48" sl="95" sc="13" el="95" ec="29" bec="0" bev="0" fileid="1" />
                <SequencePoint vc="1" uspid="41" ordinal="7" offset="56" sl="96" sc="13" el="96" ec="29" bec="0" bev="0" fileid="1" />
                <SequencePoint vc="1" uspid="42" ordinal="8" offset="64" sl="98" sc="13" el="98" ec="40" bec="0" bev="0" fileid="1" />
                <SequencePoint vc="1" uspid="43" ordinal="9" offset="72" sl="100" sc="13" el="100" ec="40" bec="0" bev="0" fileid="1" />
                <SequencePoint vc="1" uspid="44" ordinal="10" offset="85" sl="102" sc="13" el="102" ec="66" bec="0" bev="0" fileid="1" />
                <SequencePoint vc="1" uspid="45" ordinal="11" offset="98" sl="104" sc="13" el="104" ec="43" bec="2" bev="1" fileid="1" />
                <SequencePoint vc="1" uspid="46" ordinal="12" offset="137" sl="112" sc="13" el="115" ec="16" bec="0" bev="0" fileid="1" />
                <SequencePoint vc="1" uspid="47" ordinal="13" offset="155" sl="117" sc="13" el="117" ec="32" bec="0" bev="0" fileid="1" />
                <SequencePoint vc="1" uspid="48" ordinal="14" offset="162" sl="119" sc="13" el="119" ec="43" bec="0" bev="0" fileid="1" />
                <SequencePoint vc="1" uspid="49" ordinal="15" offset="177" sl="120" sc="13" el="120" ec="44" bec="0" bev="0" fileid="1" />
                <SequencePoint vc="1" uspid="50" ordinal="16" offset="197" sl="121" sc="9" el="121" ec="10" bec="0" bev="0" fileid="1" />
              </SequencePoints>
              <BranchPoints>
                <BranchPoint vc="1" uspid="51" ordinal="0" offset="105" sl="104" path="0" offsetend="107" fileid="1" />
                <BranchPoint vc="0" uspid="52" ordinal="1" offset="105" sl="104" path="1" offsetend="130" fileid="1" />
              </BranchPoints>
              <MethodPoint vc="1" uspid="53" ordinal="0" offset="0" />
            </Method>
            <Method visited="true" cyclomaticComplexity="1" nPathComplexity="0" sequenceCoverage="100" branchCoverage="100" crapScore="1" isConstructor="false" isStatic="false" isGetter="false" isSetter="false">
              <Summary numSequencePoints="9" visitedSequencePoints="9" numBranchPoints="1" visitedBranchPoints="1" sequenceCoverage="100" branchCoverage="100" maxCyclomaticComplexity="1" minCyclomaticComplexity="1" maxCrapScore="1" minCrapScore="1" visitedClasses="0" numClasses="0" visitedMethods="1" numMethods="1" />
              <MetadataToken>100663302</MetadataToken>
              <Name>System.Void OpenCollections.Tests.ConcurrentConsumerTests::CancelThrowsWhenAttemptingToCancelWhenCancelTokenIsManagedByOtherObject()</Name>
              <FileRef uid="1" />
              <SequencePoints>
                <SequencePoint vc="1" uspid="54" ordinal="0" offset="6" sl="125" sc="9" el="125" ec="10" bec="0" bev="0" fileid="1" />
                <SequencePoint vc="1" uspid="55" ordinal="1" offset="7" sl="126" sc="13" el="126" ec="47" bec="0" bev="0" fileid="1" />
                <SequencePoint vc="1" uspid="56" ordinal="2" offset="19" sl="128" sc="13" el="128" ec="46" bec="0" bev="0" fileid="1" />
                <SequencePoint vc="1" uspid="57" ordinal="3" offset="26" sl="130" sc="13" el="134" ec="15" bec="0" bev="0" fileid="1" />
                <SequencePoint vc="1" uspid="58" ordinal="4" offset="57" sl="136" sc="13" el="136" ec="81" bec="0" bev="0" fileid="1" />
                <SequencePoint vc="1" uspid="59" ordinal="5" offset="63" sl="138" sc="13" el="138" ec="74" bec="0" bev="0" fileid="1" />
                <SequencePoint vc="1" uspid="60" ordinal="6" offset="82" sl="140" sc="13" el="140" ec="53" bec="0" bev="0" fileid="1" />
                <SequencePoint vc="1" uspid="61" ordinal="7" offset="91" sl="142" sc="13" el="142" ec="75" bec="0" bev="0" fileid="1" />
                <SequencePoint vc="1" uspid="62" ordinal="8" offset="109" sl="143" sc="9" el="143" ec="10" bec="0" bev="0" fileid="1" />
              </SequencePoints>
              <BranchPoints />
              <MethodPoint vc="1" uspid="63" ordinal="0" offset="0" />
            </Method>
            <Method visited="true" cyclomaticComplexity="1" nPathComplexity="0" sequenceCoverage="100" branchCoverage="100" crapScore="1" isConstructor="false" isStatic="false" isGetter="false" isSetter="false">
              <Summary numSequencePoints="6" visitedSequencePoints="6" numBranchPoints="1" visitedBranchPoints="1" sequenceCoverage="100" branchCoverage="100" maxCyclomaticComplexity="1" minCyclomaticComplexity="1" maxCrapScore="1" minCrapScore="1" visitedClasses="0" numClasses="0" visitedMethods="1" numMethods="1" />
              <MetadataToken>100663303</MetadataToken>
              <Name>System.Void OpenCollections.Tests.ConcurrentConsumerTests::CancelDoesNotThrowWhenNoManagedToken()</Name>
              <FileRef uid="1" />
              <SequencePoints>
                <SequencePoint vc="1" uspid="64" ordinal="0" offset="0" sl="147" sc="9" el="147" ec="10" bec="0" bev="0" fileid="1" />
                <SequencePoint vc="1" uspid="65" ordinal="1" offset="1" sl="148" sc="13" el="148" ec="47" bec="0" bev="0" fileid="1" />
                <SequencePoint vc="1" uspid="66" ordinal="2" offset="13" sl="150" sc="13" el="154" ec="15" bec="0" bev="0" fileid="1" />
                <SequencePoint vc="1" uspid="67" ordinal="3" offset="45" sl="156" sc="13" el="156" ec="41" bec="0" bev="0" fileid="1" />
                <SequencePoint vc="1" uspid="68" ordinal="4" offset="58" sl="166" sc="13" el="166" ec="46" bec="0" bev="0" fileid="1" />
                <SequencePoint vc="1" uspid="69" ordinal="5" offset="76" sl="167" sc="9" el="167" ec="10" bec="0" bev="0" fileid="1" />
              </SequencePoints>
              <BranchPoints />
              <MethodPoint xsi:type="SequencePoint" vc="1" uspid="64" ordinal="0" offset="0" sl="147" sc="9" el="147" ec="10" bec="0" bev="0" fileid="1" />
            </Method>
            <Method visited="true" cyclomaticComplexity="2" nPathComplexity="2" sequenceCoverage="100" branchCoverage="100" crapScore="2" isConstructor="false" isStatic="false" isGetter="false" isSetter="false">
              <Summary numSequencePoints="10" visitedSequencePoints="10" numBranchPoints="3" visitedBranchPoints="3" sequenceCoverage="100" branchCoverage="100" maxCyclomaticComplexity="2" minCyclomaticComplexity="2" maxCrapScore="2" minCrapScore="2" visitedClasses="0" numClasses="0" visitedMethods="1" numMethods="1" />
              <MetadataToken>100663304</MetadataToken>
              <Name>System.Collections.Concurrent.ConcurrentQueue`1&lt;System.Int32&gt; OpenCollections.Tests.ConcurrentConsumerTests::CreateTestBag(System.Int32)</Name>
              <FileRef uid="1" />
              <SequencePoints>
                <SequencePoint vc="5" uspid="70" ordinal="0" offset="0" sl="171" sc="9" el="171" ec="10" bec="0" bev="0" fileid="1" />
                <SequencePoint vc="5" uspid="71" ordinal="1" offset="1" sl="172" sc="13" el="172" ec="53" bec="0" bev="0" fileid="1" />
                <SequencePoint vc="5" uspid="72" ordinal="2" offset="7" sl="173" sc="18" el="173" ec="27" bec="0" bev="0" fileid="1" />
                <SequencePoint vc="403000" uspid="73" ordinal="3" offset="11" sl="174" sc="13" el="174" ec="14" bec="0" bev="0" fileid="1" />
                <SequencePoint vc="403000" uspid="74" ordinal="4" offset="12" sl="175" sc="17" el="175" ec="73" bec="0" bev="0" fileid="1" />
                <SequencePoint vc="403000" uspid="75" ordinal="5" offset="33" sl="176" sc="13" el="176" ec="14" bec="0" bev="0" fileid="1" />
                <SequencePoint vc="403000" uspid="76" ordinal="6" offset="34" sl="173" sc="45" el="173" ec="48" bec="0" bev="0" fileid="1" />
                <SequencePoint vc="403005" uspid="77" ordinal="7" offset="38" sl="173" sc="29" el="173" ec="43" bec="2" bev="2" fileid="1" />
                <SequencePoint vc="5" uspid="78" ordinal="8" offset="46" sl="177" sc="13" el="177" ec="27" bec="0" bev="0" fileid="1" />
                <SequencePoint vc="5" uspid="79" ordinal="9" offset="50" sl="178" sc="9" el="178" ec="10" bec="0" bev="0" fileid="1" />
              </SequencePoints>
              <BranchPoints>
                <BranchPoint vc="5" uspid="80" ordinal="0" offset="44" sl="173" path="0" offsetend="46" fileid="1" />
                <BranchPoint vc="403000" uspid="81" ordinal="1" offset="44" sl="173" path="1" offsetend="11" fileid="1" />
              </BranchPoints>
              <MethodPoint xsi:type="SequencePoint" vc="5" uspid="70" ordinal="0" offset="0" sl="171" sc="9" el="171" ec="10" bec="0" bev="0" fileid="1" />
            </Method>
            <Method visited="true" cyclomaticComplexity="1" nPathComplexity="0" sequenceCoverage="100" branchCoverage="100" crapScore="1" isConstructor="true" isStatic="false" isGetter="false" isSetter="false">
              <Summary numSequencePoints="1" visitedSequencePoints="1" numBranchPoints="1" visitedBranchPoints="1" sequenceCoverage="100" branchCoverage="100" maxCyclomaticComplexity="1" minCyclomaticComplexity="1" maxCrapScore="1" minCrapScore="1" visitedClasses="0" numClasses="0" visitedMethods="1" numMethods="1" />
              <MetadataToken>100663305</MetadataToken>
              <Name>System.Void OpenCollections.Tests.ConcurrentConsumerTests::.ctor()</Name>
              <FileRef uid="1" />
              <SequencePoints>
                <SequencePoint vc="7" uspid="82" ordinal="0" offset="0" sl="17" sc="9" el="17" ec="41" bec="0" bev="0" fileid="1" />
              </SequencePoints>
              <BranchPoints />
              <MethodPoint xsi:type="SequencePoint" vc="7" uspid="82" ordinal="0" offset="0" sl="17" sc="9" el="17" ec="41" bec="0" bev="0" fileid="1" />
            </Method>
            <Method visited="true" cyclomaticComplexity="1" nPathComplexity="0" sequenceCoverage="100" branchCoverage="100" crapScore="1" isConstructor="false" isStatic="true" isGetter="false" isSetter="false">
              <Summary numSequencePoints="4" visitedSequencePoints="4" numBranchPoints="1" visitedBranchPoints="1" sequenceCoverage="100" branchCoverage="100" maxCyclomaticComplexity="1" minCyclomaticComplexity="1" maxCrapScore="1" minCrapScore="1" visitedClasses="0" numClasses="0" visitedMethods="1" numMethods="1" />
              <MetadataToken>100663306</MetadataToken>
              <Name>System.Nullable`1&lt;System.Int32&gt; OpenCollections.Tests.ConcurrentConsumerTests::&lt;CancelDoesNotThrowWhenNoManagedToken&gt;g__VerifyMethodWorks|7_0(OpenCollections.Tests.ConcurrentConsumerTests/&lt;&gt;c__DisplayClass7_0&amp;)</Name>
              <FileRef uid="1" />
              <SequencePoints>
                <SequencePoint vc="1" uspid="83" ordinal="0" offset="0" sl="159" sc="13" el="159" ec="14" bec="0" bev="0" fileid="1" />
                <SequencePoint vc="1" uspid="84" ordinal="1" offset="1" sl="160" sc="17" el="160" ec="35" bec="0" bev="0" fileid="1" />
                <SequencePoint vc="1" uspid="85" ordinal="2" offset="13" sl="163" sc="17" el="163" ec="29" bec="0" bev="0" fileid="1" />
                <SequencePoint vc="1" uspid="86" ordinal="3" offset="25" sl="164" sc="13" el="164" ec="14" bec="0" bev="0" fileid="1" />
              </SequencePoints>
              <BranchPoints />
              <MethodPoint xsi:type="SequencePoint" vc="1" uspid="83" ordinal="0" offset="0" sl="159" sc="13" el="159" ec="14" bec="0" bev="0" fileid="1" />
            </Method>
          </Methods>
        </Class>
        <Class>
          <Summary numSequencePoints="3" visitedSequencePoints="3" numBranchPoints="3" visitedBranchPoints="3" sequenceCoverage="100" branchCoverage="100" maxCyclomaticComplexity="1" minCyclomaticComplexity="1" maxCrapScore="2" minCrapScore="1" visitedClasses="1" numClasses="1" visitedMethods="3" numMethods="3" />
          <FullName>OpenCollections.Tests.ConcurrentConsumerTests/&lt;&gt;c</FullName>
          <Methods>
            <Method visited="false" cyclomaticComplexity="1" nPathComplexity="0" sequenceCoverage="0" branchCoverage="0" crapScore="2" isConstructor="true" isStatic="true" isGetter="false" isSetter="false">
              <Summary numSequencePoints="0" visitedSequencePoints="0" numBranchPoints="0" visitedBranchPoints="0" sequenceCoverage="0" branchCoverage="0" maxCyclomaticComplexity="1" minCyclomaticComplexity="1" maxCrapScore="2" minCrapScore="2" visitedClasses="0" numClasses="0" visitedMethods="0" numMethods="0" />
              <MetadataToken>100663382</MetadataToken>
              <Name>System.Void OpenCollections.Tests.ConcurrentConsumerTests/&lt;&gt;c::.cctor()</Name>
              <SequencePoints />
              <BranchPoints />
              <MethodPoint vc="0" uspid="87" ordinal="0" offset="0" />
            </Method>
            <Method visited="false" cyclomaticComplexity="1" nPathComplexity="0" sequenceCoverage="0" branchCoverage="0" crapScore="2" isConstructor="true" isStatic="false" isGetter="false" isSetter="false">
              <Summary numSequencePoints="0" visitedSequencePoints="0" numBranchPoints="0" visitedBranchPoints="0" sequenceCoverage="0" branchCoverage="0" maxCyclomaticComplexity="1" minCyclomaticComplexity="1" maxCrapScore="2" minCrapScore="2" visitedClasses="0" numClasses="0" visitedMethods="0" numMethods="0" />
              <MetadataToken>100663383</MetadataToken>
              <Name>System.Void OpenCollections.Tests.ConcurrentConsumerTests/&lt;&gt;c::.ctor()</Name>
              <SequencePoints />
              <BranchPoints />
              <MethodPoint vc="0" uspid="88" ordinal="0" offset="0" />
            </Method>
            <Method visited="true" cyclomaticComplexity="1" nPathComplexity="0" sequenceCoverage="100" branchCoverage="100" crapScore="1" isConstructor="false" isStatic="false" isGetter="false" isSetter="false">
              <Summary numSequencePoints="1" visitedSequencePoints="1" numBranchPoints="1" visitedBranchPoints="1" sequenceCoverage="100" branchCoverage="100" maxCyclomaticComplexity="1" minCyclomaticComplexity="1" maxCrapScore="1" minCrapScore="1" visitedClasses="0" numClasses="0" visitedMethods="1" numMethods="1" />
              <MetadataToken>100663384</MetadataToken>
              <Name>System.Int32 OpenCollections.Tests.ConcurrentConsumerTests/&lt;&gt;c::&lt;FIFO&gt;b__1_0(System.Int32)</Name>
              <FileRef uid="1" />
              <SequencePoints>
                <SequencePoint vc="1000" uspid="89" ordinal="0" offset="0" sl="29" sc="36" el="29" ec="37" bec="0" bev="0" fileid="1" />
              </SequencePoints>
              <BranchPoints />
              <MethodPoint xsi:type="SequencePoint" vc="1000" uspid="89" ordinal="0" offset="0" sl="29" sc="36" el="29" ec="37" bec="0" bev="0" fileid="1" />
            </Method>
            <Method visited="true" cyclomaticComplexity="1" nPathComplexity="0" sequenceCoverage="100" branchCoverage="100" crapScore="1" isConstructor="false" isStatic="false" isGetter="false" isSetter="false">
              <Summary numSequencePoints="1" visitedSequencePoints="1" numBranchPoints="1" visitedBranchPoints="1" sequenceCoverage="100" branchCoverage="100" maxCyclomaticComplexity="1" minCyclomaticComplexity="1" maxCrapScore="1" minCrapScore="1" visitedClasses="0" numClasses="0" visitedMethods="1" numMethods="1" />
              <MetadataToken>100663385</MetadataToken>
              <Name>System.Int32 OpenCollections.Tests.ConcurrentConsumerTests/&lt;&gt;c::&lt;FIFOAsync&gt;b__2_0(System.Int32)</Name>
              <FileRef uid="1" />
              <SequencePoints>
                <SequencePoint vc="1000" uspid="90" ordinal="0" offset="0" sl="50" sc="36" el="50" ec="37" bec="0" bev="0" fileid="1" />
              </SequencePoints>
              <BranchPoints />
              <MethodPoint xsi:type="SequencePoint" vc="1000" uspid="90" ordinal="0" offset="0" sl="50" sc="36" el="50" ec="37" bec="0" bev="0" fileid="1" />
            </Method>
            <Method visited="true" cyclomaticComplexity="1" nPathComplexity="0" sequenceCoverage="100" branchCoverage="100" crapScore="1" isConstructor="false" isStatic="false" isGetter="false" isSetter="false">
              <Summary numSequencePoints="1" visitedSequencePoints="1" numBranchPoints="1" visitedBranchPoints="1" sequenceCoverage="100" branchCoverage="100" maxCyclomaticComplexity="1" minCyclomaticComplexity="1" maxCrapScore="1" minCrapScore="1" visitedClasses="0" numClasses="0" visitedMethods="1" numMethods="1" />
              <MetadataToken>100663386</MetadataToken>
              <Name>System.Int32 OpenCollections.Tests.ConcurrentConsumerTests/&lt;&gt;c::&lt;BufferWorks&gt;b__5_0(System.Int32)</Name>
              <FileRef uid="1" />
              <SequencePoints>
                <SequencePoint vc="4" uspid="91" ordinal="0" offset="0" sl="104" sc="41" el="104" ec="42" bec="0" bev="0" fileid="1" />
              </SequencePoints>
              <BranchPoints />
              <MethodPoint xsi:type="SequencePoint" vc="4" uspid="91" ordinal="0" offset="0" sl="104" sc="41" el="104" ec="42" bec="0" bev="0" fileid="1" />
            </Method>
          </Methods>
        </Class>
        <Class>
          <Summary numSequencePoints="1" visitedSequencePoints="1" numBranchPoints="1" visitedBranchPoints="1" sequenceCoverage="100" branchCoverage="100" maxCyclomaticComplexity="1" minCyclomaticComplexity="1" maxCrapScore="2" minCrapScore="1" visitedClasses="1" numClasses="1" visitedMethods="1" numMethods="1" />
          <FullName>OpenCollections.Tests.ConcurrentConsumerTests/&lt;&gt;c__DisplayClass3_0</FullName>
          <Methods>
            <Method visited="false" cyclomaticComplexity="1" nPathComplexity="0" sequenceCoverage="0" branchCoverage="0" crapScore="2" isConstructor="true" isStatic="false" isGetter="false" isSetter="false">
              <Summary numSequencePoints="0" visitedSequencePoints="0" numBranchPoints="0" visitedBranchPoints="0" sequenceCoverage="0" branchCoverage="0" maxCyclomaticComplexity="1" minCyclomaticComplexity="1" maxCrapScore="2" minCrapScore="2" visitedClasses="0" numClasses="0" visitedMethods="0" numMethods="0" />
              <MetadataToken>100663387</MetadataToken>
              <Name>System.Void OpenCollections.Tests.ConcurrentConsumerTests/&lt;&gt;c__DisplayClass3_0::.ctor()</Name>
              <SequencePoints />
              <BranchPoints />
              <MethodPoint vc="0" uspid="92" ordinal="0" offset="0" />
            </Method>
            <Method visited="true" cyclomaticComplexity="1" nPathComplexity="0" sequenceCoverage="100" branchCoverage="100" crapScore="1" isConstructor="false" isStatic="false" isGetter="false" isSetter="false">
              <Summary numSequencePoints="1" visitedSequencePoints="1" numBranchPoints="1" visitedBranchPoints="1" sequenceCoverage="100" branchCoverage="100" maxCyclomaticComplexity="1" minCyclomaticComplexity="1" maxCrapScore="1" minCrapScore="1" visitedClasses="0" numClasses="0" visitedMethods="1" numMethods="1" />
              <MetadataToken>100663388</MetadataToken>
              <Name>System.Void OpenCollections.Tests.ConcurrentConsumerTests/&lt;&gt;c__DisplayClass3_0::&lt;ThrowsWhenNoOperationProvided&gt;b__0()</Name>
              <FileRef uid="1" />
              <SequencePoints>
                <SequencePoint vc="1" uspid="93" ordinal="0" offset="0" sl="73" sc="58" el="73" ec="76" bec="0" bev="0" fileid="1" />
              </SequencePoints>
              <BranchPoints />
              <MethodPoint xsi:type="SequencePoint" vc="1" uspid="93" ordinal="0" offset="0" sl="73" sc="58" el="73" ec="76" bec="0" bev="0" fileid="1" />
            </Method>
          </Methods>
        </Class>
        <Class>
          <Summary numSequencePoints="1" visitedSequencePoints="1" numBranchPoints="1" visitedBranchPoints="1" sequenceCoverage="100" branchCoverage="100" maxCyclomaticComplexity="1" minCyclomaticComplexity="1" maxCrapScore="2" minCrapScore="1" visitedClasses="1" numClasses="1" visitedMethods="1" numMethods="1" />
          <FullName>OpenCollections.Tests.ConcurrentConsumerTests/&lt;&gt;c__DisplayClass4_0</FullName>
          <Methods>
            <Method visited="false" cyclomaticComplexity="1" nPathComplexity="0" sequenceCoverage="0" branchCoverage="0" crapScore="2" isConstructor="true" isStatic="false" isGetter="false" isSetter="false">
              <Summary numSequencePoints="0" visitedSequencePoints="0" numBranchPoints="0" visitedBranchPoints="0" sequenceCoverage="0" branchCoverage="0" maxCyclomaticComplexity="1" minCyclomaticComplexity="1" maxCrapScore="2" minCrapScore="2" visitedClasses="0" numClasses="0" visitedMethods="0" numMethods="0" />
              <MetadataToken>100663389</MetadataToken>
              <Name>System.Void OpenCollections.Tests.ConcurrentConsumerTests/&lt;&gt;c__DisplayClass4_0::.ctor()</Name>
              <SequencePoints />
              <BranchPoints />
              <MethodPoint vc="0" uspid="94" ordinal="0" offset="0" />
            </Method>
            <Method visited="true" cyclomaticComplexity="1" nPathComplexity="0" sequenceCoverage="100" branchCoverage="100" crapScore="1" isConstructor="false" isStatic="false" isGetter="false" isSetter="false">
              <Summary numSequencePoints="1" visitedSequencePoints="1" numBranchPoints="1" visitedBranchPoints="1" sequenceCoverage="100" branchCoverage="100" maxCyclomaticComplexity="1" minCyclomaticComplexity="1" maxCrapScore="1" minCrapScore="1" visitedClasses="0" numClasses="0" visitedMethods="1" numMethods="1" />
              <MetadataToken>100663390</MetadataToken>
              <Name>System.Void OpenCollections.Tests.ConcurrentConsumerTests/&lt;&gt;c__DisplayClass4_0::&lt;ThrowsWhenCollectionEmpty&gt;b__0()</Name>
              <FileRef uid="1" />
              <SequencePoints>
                <SequencePoint vc="1" uspid="95" ordinal="0" offset="0" sl="82" sc="56" el="82" ec="74" bec="0" bev="0" fileid="1" />
              </SequencePoints>
              <BranchPoints />
              <MethodPoint xsi:type="SequencePoint" vc="1" uspid="95" ordinal="0" offset="0" sl="82" sc="56" el="82" ec="74" bec="0" bev="0" fileid="1" />
            </Method>
          </Methods>
        </Class>
        <Class>
          <Summary numSequencePoints="7" visitedSequencePoints="7" numBranchPoints="2" visitedBranchPoints="2" sequenceCoverage="100" branchCoverage="100" maxCyclomaticComplexity="1" minCyclomaticComplexity="1" maxCrapScore="2" minCrapScore="1" visitedClasses="1" numClasses="1" visitedMethods="2" numMethods="2" />
          <FullName>OpenCollections.Tests.ConcurrentConsumerTests/&lt;&gt;c__DisplayClass5_0</FullName>
          <Methods>
            <Method visited="false" cyclomaticComplexity="1" nPathComplexity="0" sequenceCoverage="0" branchCoverage="0" crapScore="2" isConstructor="true" isStatic="false" isGetter="false" isSetter="false">
              <Summary numSequencePoints="0" visitedSequencePoints="0" numBranchPoints="0" visitedBranchPoints="0" sequenceCoverage="0" branchCoverage="0" maxCyclomaticComplexity="1" minCyclomaticComplexity="1" maxCrapScore="2" minCrapScore="2" visitedClasses="0" numClasses="0" visitedMethods="0" numMethods="0" />
              <MetadataToken>100663391</MetadataToken>
              <Name>System.Void OpenCollections.Tests.ConcurrentConsumerTests/&lt;&gt;c__DisplayClass5_0::.ctor()</Name>
              <SequencePoints />
              <BranchPoints />
              <MethodPoint vc="0" uspid="96" ordinal="0" offset="0" />
            </Method>
            <Method visited="true" cyclomaticComplexity="1" nPathComplexity="0" sequenceCoverage="100" branchCoverage="100" crapScore="1" isConstructor="false" isStatic="false" isGetter="false" isSetter="false">
              <Summary numSequencePoints="4" visitedSequencePoints="4" numBranchPoints="1" visitedBranchPoints="1" sequenceCoverage="100" branchCoverage="100" maxCyclomaticComplexity="1" minCyclomaticComplexity="1" maxCrapScore="1" minCrapScore="1" visitedClasses="0" numClasses="0" visitedMethods="1" numMethods="1" />
              <MetadataToken>100663392</MetadataToken>
              <Name>System.Void OpenCollections.Tests.ConcurrentConsumerTests/&lt;&gt;c__DisplayClass5_0::&lt;BufferWorks&gt;g__PreventAddingForTime|1(System.Int32)</Name>
              <FileRef uid="1" />
              <SequencePoints>
                <SequencePoint vc="1" uspid="97" ordinal="0" offset="0" sl="107" sc="13" el="107" ec="14" bec="0" bev="0" fileid="1" />
                <SequencePoint vc="1" uspid="98" ordinal="1" offset="1" sl="108" sc="17" el="108" ec="36" bec="0" bev="0" fileid="1" />
                <SequencePoint vc="1" uspid="99" ordinal="2" offset="8" sl="109" sc="17" el="109" ec="43" bec="0" bev="0" fileid="1" />
                <SequencePoint vc="1" uspid="100" ordinal="3" offset="21" sl="110" sc="13" el="110" ec="14" bec="0" bev="0" fileid="1" />
              </SequencePoints>
              <BranchPoints />
              <MethodPoint xsi:type="SequencePoint" vc="1" uspid="97" ordinal="0" offset="0" sl="107" sc="13" el="107" ec="14" bec="0" bev="0" fileid="1" />
            </Method>
            <Method visited="true" cyclomaticComplexity="1" nPathComplexity="0" sequenceCoverage="100" branchCoverage="100" crapScore="1" isConstructor="false" isStatic="false" isGetter="false" isSetter="false">
              <Summary numSequencePoints="3" visitedSequencePoints="3" numBranchPoints="1" visitedBranchPoints="1" sequenceCoverage="100" branchCoverage="100" maxCyclomaticComplexity="1" minCyclomaticComplexity="1" maxCrapScore="1" minCrapScore="1" visitedClasses="0" numClasses="0" visitedMethods="1" numMethods="1" />
              <MetadataToken>100663393</MetadataToken>
              <Name>System.Void OpenCollections.Tests.ConcurrentConsumerTests/&lt;&gt;c__DisplayClass5_0::&lt;BufferWorks&gt;b__2()</Name>
              <FileRef uid="1" />
              <SequencePoints>
                <SequencePoint vc="1" uspid="101" ordinal="0" offset="0" sl="113" sc="13" el="113" ec="14" bec="0" bev="0" fileid="1" />
                <SequencePoint vc="1" uspid="102" ordinal="1" offset="1" sl="114" sc="17" el="114" ec="42" bec="0" bev="0" fileid="1" />
                <SequencePoint vc="1" uspid="103" ordinal="2" offset="10" sl="115" sc="13" el="115" ec="14" bec="0" bev="0" fileid="1" />
              </SequencePoints>
              <BranchPoints />
              <MethodPoint xsi:type="SequencePoint" vc="1" uspid="101" ordinal="0" offset="0" sl="113" sc="13" el="113" ec="14" bec="0" bev="0" fileid="1" />
            </Method>
          </Methods>
        </Class>
        <Class>
          <Summary numSequencePoints="1" visitedSequencePoints="1" numBranchPoints="1" visitedBranchPoints="1" sequenceCoverage="100" branchCoverage="100" maxCyclomaticComplexity="1" minCyclomaticComplexity="1" maxCrapScore="2" minCrapScore="1" visitedClasses="1" numClasses="1" visitedMethods="1" numMethods="1" />
          <FullName>OpenCollections.Tests.ConcurrentConsumerTests/&lt;&gt;c__DisplayClass6_0</FullName>
          <Methods>
            <Method visited="false" cyclomaticComplexity="1" nPathComplexity="0" sequenceCoverage="0" branchCoverage="0" crapScore="2" isConstructor="true" isStatic="false" isGetter="false" isSetter="false">
              <Summary numSequencePoints="0" visitedSequencePoints="0" numBranchPoints="0" visitedBranchPoints="0" sequenceCoverage="0" branchCoverage="0" maxCyclomaticComplexity="1" minCyclomaticComplexity="1" maxCrapScore="2" minCrapScore="2" visitedClasses="0" numClasses="0" visitedMethods="0" numMethods="0" />
              <MetadataToken>100663394</MetadataToken>
              <Name>System.Void OpenCollections.Tests.ConcurrentConsumerTests/&lt;&gt;c__DisplayClass6_0::.ctor()</Name>
              <SequencePoints />
              <BranchPoints />
              <MethodPoint vc="0" uspid="104" ordinal="0" offset="0" />
            </Method>
            <Method visited="true" cyclomaticComplexity="1" nPathComplexity="0" sequenceCoverage="100" branchCoverage="100" crapScore="1" isConstructor="false" isStatic="false" isGetter="false" isSetter="false">
              <Summary numSequencePoints="1" visitedSequencePoints="1" numBranchPoints="1" visitedBranchPoints="1" sequenceCoverage="100" branchCoverage="100" maxCyclomaticComplexity="1" minCyclomaticComplexity="1" maxCrapScore="1" minCrapScore="1" visitedClasses="0" numClasses="0" visitedMethods="1" numMethods="1" />
              <MetadataToken>100663395</MetadataToken>
              <Name>System.Void OpenCollections.Tests.ConcurrentConsumerTests/&lt;&gt;c__DisplayClass6_0::&lt;CancelThrowsWhenAttemptingToCancelWhenCancelTokenIsManagedByOtherObject&gt;b__0()</Name>
              <FileRef uid="1" />
              <SequencePoints>
                <SequencePoint vc="1" uspid="105" ordinal="0" offset="0" sl="142" sc="56" el="142" ec="73" bec="0" bev="0" fileid="1" />
              </SequencePoints>
              <BranchPoints />
              <MethodPoint xsi:type="SequencePoint" vc="1" uspid="105" ordinal="0" offset="0" sl="142" sc="56" el="142" ec="73" bec="0" bev="0" fileid="1" />
            </Method>
          </Methods>
        </Class>
        <Class>
          <Summary numSequencePoints="34" visitedSequencePoints="34" numBranchPoints="7" visitedBranchPoints="7" sequenceCoverage="100" branchCoverage="100" maxCyclomaticComplexity="2" minCyclomaticComplexity="1" maxCrapScore="2" minCrapScore="1" visitedClasses="1" numClasses="1" visitedMethods="5" numMethods="5" />
          <FullName>OpenCollections.Tests.ConcurrentProducerTsts</FullName>
          <Methods>
            <Method visited="true" cyclomaticComplexity="1" nPathComplexity="0" sequenceCoverage="100" branchCoverage="100" crapScore="1" isConstructor="false" isStatic="false" isGetter="false" isSetter="false">
              <Summary numSequencePoints="8" visitedSequencePoints="8" numBranchPoints="1" visitedBranchPoints="1" sequenceCoverage="100" branchCoverage="100" maxCyclomaticComplexity="1" minCyclomaticComplexity="1" maxCrapScore="1" minCrapScore="1" visitedClasses="0" numClasses="0" visitedMethods="1" numMethods="1" />
              <MetadataToken>100663307</MetadataToken>
              <Name>System.Void OpenCollections.Tests.ConcurrentProducerTsts::FIFO()</Name>
              <FileRef uid="7" />
              <SequencePoints>
                <SequencePoint vc="1" uspid="106" ordinal="0" offset="0" sl="18" sc="9" el="18" ec="10" bec="0" bev="0" fileid="7" />
                <SequencePoint vc="1" uspid="107" ordinal="1" offset="1" sl="19" sc="13" el="19" ec="50" bec="0" bev="0" fileid="7" />
                <SequencePoint vc="1" uspid="108" ordinal="2" offset="13" sl="21" sc="13" el="21" ec="85" bec="0" bev="0" fileid="7" />
                <SequencePoint vc="1" uspid="109" ordinal="3" offset="26" sl="23" sc="13" el="23" ec="32" bec="0" bev="0" fileid="7" />
                <SequencePoint vc="1" uspid="110" ordinal="4" offset="33" sl="25" sc="13" el="25" ec="120" bec="0" bev="0" fileid="7" />
                <SequencePoint vc="1" uspid="111" ordinal="5" offset="58" sl="27" sc="13" el="27" ec="24" bec="0" bev="0" fileid="7" />
                <SequencePoint vc="1" uspid="112" ordinal="6" offset="59" sl="29" sc="13" el="29" ec="41" bec="0" bev="0" fileid="7" />
                <SequencePoint vc="1" uspid="113" ordinal="7" offset="67" sl="30" sc="9" el="30" ec="10" bec="0" bev="0" fileid="7" />
              </SequencePoints>
              <BranchPoints />
              <MethodPoint xsi:type="SequencePoint" vc="1" uspid="106" ordinal="0" offset="0" sl="18" sc="9" el="18" ec="10" bec="0" bev="0" fileid="7" />
            </Method>
            <Method visited="true" cyclomaticComplexity="1" nPathComplexity="0" sequenceCoverage="100" branchCoverage="100" crapScore="1" isConstructor="false" isStatic="false" isGetter="false" isSetter="false">
              <Summary numSequencePoints="8" visitedSequencePoints="8" numBranchPoints="1" visitedBranchPoints="1" sequenceCoverage="100" branchCoverage="100" maxCyclomaticComplexity="1" minCyclomaticComplexity="1" maxCrapScore="1" minCrapScore="1" visitedClasses="0" numClasses="0" visitedMethods="1" numMethods="1" />
              <MetadataToken>100663308</MetadataToken>
              <Name>System.Void OpenCollections.Tests.ConcurrentProducerTsts::FIFOAsync()</Name>
              <FileRef uid="7" />
              <SequencePoints>
                <SequencePoint vc="1" uspid="114" ordinal="0" offset="0" sl="33" sc="9" el="33" ec="10" bec="0" bev="0" fileid="7" />
                <SequencePoint vc="1" uspid="115" ordinal="1" offset="1" sl="34" sc="13" el="34" ec="50" bec="0" bev="0" fileid="7" />
                <SequencePoint vc="1" uspid="116" ordinal="2" offset="13" sl="36" sc="13" el="36" ec="85" bec="0" bev="0" fileid="7" />
                <SequencePoint vc="1" uspid="117" ordinal="3" offset="26" sl="38" sc="13" el="38" ec="44" bec="0" bev="0" fileid="7" />
                <SequencePoint vc="1" uspid="118" ordinal="4" offset="38" sl="40" sc="13" el="40" ec="120" bec="0" bev="0" fileid="7" />
                <SequencePoint vc="1" uspid="119" ordinal="5" offset="63" sl="42" sc="13" el="42" ec="24" bec="0" bev="0" fileid="7" />
                <SequencePoint vc="1" uspid="120" ordinal="6" offset="64" sl="44" sc="13" el="44" ec="41" bec="0" bev="0" fileid="7" />
                <SequencePoint vc="1" uspid="121" ordinal="7" offset="72" sl="45" sc="9" el="45" ec="10" bec="0" bev="0" fileid="7" />
              </SequencePoints>
              <BranchPoints />
              <MethodPoint xsi:type="SequencePoint" vc="1" uspid="114" ordinal="0" offset="0" sl="33" sc="9" el="33" ec="10" bec="0" bev="0" fileid="7" />
            </Method>
            <Method visited="true" cyclomaticComplexity="1" nPathComplexity="0" sequenceCoverage="100" branchCoverage="100" crapScore="1" isConstructor="false" isStatic="false" isGetter="false" isSetter="false">
              <Summary numSequencePoints="7" visitedSequencePoints="7" numBranchPoints="1" visitedBranchPoints="1" sequenceCoverage="100" branchCoverage="100" maxCyclomaticComplexity="1" minCyclomaticComplexity="1" maxCrapScore="1" minCrapScore="1" visitedClasses="0" numClasses="0" visitedMethods="1" numMethods="1" />
              <MetadataToken>100663309</MetadataToken>
              <Name>System.Void OpenCollections.Tests.ConcurrentProducerTsts::CancelThrowsWhenCancellationTokenIsManagedToken()</Name>
              <FileRef uid="7" />
              <SequencePoints>
                <SequencePoint vc="1" uspid="122" ordinal="0" offset="6" sl="49" sc="9" el="49" ec="10" bec="0" bev="0" fileid="7" />
                <SequencePoint vc="1" uspid="123" ordinal="1" offset="7" sl="50" sc="13" el="50" ec="50" bec="0" bev="0" fileid="7" />
                <SequencePoint vc="1" uspid="124" ordinal="2" offset="19" sl="52" sc="13" el="52" ec="85" bec="0" bev="0" fileid="7" />
                <SequencePoint vc="1" uspid="125" ordinal="3" offset="37" sl="54" sc="13" el="54" ec="81" bec="0" bev="0" fileid="7" />
                <SequencePoint vc="1" uspid="126" ordinal="4" offset="43" sl="56" sc="13" el="56" ec="58" bec="0" bev="0" fileid="7" />
                <SequencePoint vc="1" uspid="127" ordinal="5" offset="61" sl="58" sc="13" el="58" ec="75" bec="0" bev="0" fileid="7" />
                <SequencePoint vc="1" uspid="128" ordinal="6" offset="79" sl="59" sc="9" el="59" ec="10" bec="0" bev="0" fileid="7" />
              </SequencePoints>
              <BranchPoints />
              <MethodPoint vc="1" uspid="129" ordinal="0" offset="0" />
            </Method>
            <Method visited="true" cyclomaticComplexity="2" nPathComplexity="2" sequenceCoverage="100" branchCoverage="100" crapScore="2" isConstructor="false" isStatic="false" isGetter="false" isSetter="false">
              <Summary numSequencePoints="10" visitedSequencePoints="10" numBranchPoints="3" visitedBranchPoints="3" sequenceCoverage="100" branchCoverage="100" maxCyclomaticComplexity="2" minCyclomaticComplexity="2" maxCrapScore="2" minCrapScore="2" visitedClasses="0" numClasses="0" visitedMethods="1" numMethods="1" />
              <MetadataToken>100663310</MetadataToken>
              <Name>System.String[] OpenCollections.Tests.ConcurrentProducerTsts::CreateTestData(System.Int32)</Name>
              <FileRef uid="7" />
              <SequencePoints>
                <SequencePoint vc="3" uspid="130" ordinal="0" offset="0" sl="62" sc="9" el="62" ec="10" bec="0" bev="0" fileid="7" />
                <SequencePoint vc="3" uspid="131" ordinal="1" offset="1" sl="63" sc="13" el="63" ec="55" bec="0" bev="0" fileid="7" />
                <SequencePoint vc="3" uspid="132" ordinal="2" offset="8" sl="64" sc="18" el="64" ec="27" bec="0" bev="0" fileid="7" />
                <SequencePoint vc="1500" uspid="133" ordinal="3" offset="12" sl="65" sc="13" el="65" ec="14" bec="0" bev="0" fileid="7" />
                <SequencePoint vc="1500" uspid="134" ordinal="4" offset="13" sl="66" sc="17" el="66" ec="56" bec="0" bev="0" fileid="7" />
                <SequencePoint vc="1500" uspid="135" ordinal="5" offset="42" sl="67" sc="13" el="67" ec="14" bec="0" bev="0" fileid="7" />
                <SequencePoint vc="1500" uspid="136" ordinal="6" offset="43" sl="64" sc="41" el="64" ec="44" bec="0" bev="0" fileid="7" />
                <SequencePoint vc="1503" uspid="137" ordinal="7" offset="47" sl="64" sc="29" el="64" ec="39" bec="2" bev="2" fileid="7" />
                <SequencePoint vc="3" uspid="138" ordinal="8" offset="55" sl="68" sc="13" el="68" ec="32" bec="0" bev="0" fileid="7" />
                <SequencePoint vc="3" uspid="139" ordinal="9" offset="59" sl="69" sc="9" el="69" ec="10" bec="0" bev="0" fileid="7" />
              </SequencePoints>
              <BranchPoints>
                <BranchPoint vc="3" uspid="140" ordinal="0" offset="53" sl="64" path="0" offsetend="55" fileid="7" />
                <BranchPoint vc="1500" uspid="141" ordinal="1" offset="53" sl="64" path="1" offsetend="12" fileid="7" />
              </BranchPoints>
              <MethodPoint xsi:type="SequencePoint" vc="3" uspid="130" ordinal="0" offset="0" sl="62" sc="9" el="62" ec="10" bec="0" bev="0" fileid="7" />
            </Method>
            <Method visited="false" cyclomaticComplexity="1" nPathComplexity="0" sequenceCoverage="0" branchCoverage="0" crapScore="2" isConstructor="false" isStatic="false" isGetter="false" isSetter="false">
              <Summary numSequencePoints="0" visitedSequencePoints="0" numBranchPoints="0" visitedBranchPoints="0" sequenceCoverage="0" branchCoverage="0" maxCyclomaticComplexity="1" minCyclomaticComplexity="1" maxCrapScore="2" minCrapScore="2" visitedClasses="0" numClasses="0" visitedMethods="0" numMethods="0" />
              <MetadataToken>100663311</MetadataToken>
              <Name>System.Collections.Generic.IEnumerable`1&lt;System.String&gt; OpenCollections.Tests.ConcurrentProducerTsts::TestEnumerable(System.Collections.Generic.IEnumerable`1&lt;System.String&gt;)</Name>
              <SequencePoints />
              <BranchPoints />
              <MethodPoint vc="0" uspid="142" ordinal="0" offset="0" />
            </Method>
            <Method visited="true" cyclomaticComplexity="1" nPathComplexity="0" sequenceCoverage="100" branchCoverage="100" crapScore="1" isConstructor="true" isStatic="false" isGetter="false" isSetter="false">
              <Summary numSequencePoints="1" visitedSequencePoints="1" numBranchPoints="1" visitedBranchPoints="1" sequenceCoverage="100" branchCoverage="100" maxCyclomaticComplexity="1" minCyclomaticComplexity="1" maxCrapScore="1" minCrapScore="1" visitedClasses="0" numClasses="0" visitedMethods="1" numMethods="1" />
              <MetadataToken>100663312</MetadataToken>
              <Name>System.Void OpenCollections.Tests.ConcurrentProducerTsts::.ctor()</Name>
              <FileRef uid="7" />
              <SequencePoints>
                <SequencePoint vc="3" uspid="143" ordinal="0" offset="0" sl="15" sc="9" el="15" ec="41" bec="0" bev="0" fileid="7" />
              </SequencePoints>
              <BranchPoints />
              <MethodPoint xsi:type="SequencePoint" vc="3" uspid="143" ordinal="0" offset="0" sl="15" sc="9" el="15" ec="41" bec="0" bev="0" fileid="7" />
            </Method>
          </Methods>
        </Class>
        <Class>
          <Summary numSequencePoints="1" visitedSequencePoints="1" numBranchPoints="1" visitedBranchPoints="1" sequenceCoverage="100" branchCoverage="100" maxCyclomaticComplexity="1" minCyclomaticComplexity="1" maxCrapScore="2" minCrapScore="1" visitedClasses="1" numClasses="1" visitedMethods="1" numMethods="1" />
          <FullName>OpenCollections.Tests.ConcurrentProducerTsts/&lt;&gt;c__DisplayClass3_0</FullName>
          <Methods>
            <Method visited="false" cyclomaticComplexity="1" nPathComplexity="0" sequenceCoverage="0" branchCoverage="0" crapScore="2" isConstructor="true" isStatic="false" isGetter="false" isSetter="false">
              <Summary numSequencePoints="0" visitedSequencePoints="0" numBranchPoints="0" visitedBranchPoints="0" sequenceCoverage="0" branchCoverage="0" maxCyclomaticComplexity="1" minCyclomaticComplexity="1" maxCrapScore="2" minCrapScore="2" visitedClasses="0" numClasses="0" visitedMethods="0" numMethods="0" />
              <MetadataToken>100663396</MetadataToken>
              <Name>System.Void OpenCollections.Tests.ConcurrentProducerTsts/&lt;&gt;c__DisplayClass3_0::.ctor()</Name>
              <SequencePoints />
              <BranchPoints />
              <MethodPoint vc="0" uspid="144" ordinal="0" offset="0" />
            </Method>
            <Method visited="true" cyclomaticComplexity="1" nPathComplexity="0" sequenceCoverage="100" branchCoverage="100" crapScore="1" isConstructor="false" isStatic="false" isGetter="false" isSetter="false">
              <Summary numSequencePoints="1" visitedSequencePoints="1" numBranchPoints="1" visitedBranchPoints="1" sequenceCoverage="100" branchCoverage="100" maxCyclomaticComplexity="1" minCyclomaticComplexity="1" maxCrapScore="1" minCrapScore="1" visitedClasses="0" numClasses="0" visitedMethods="1" numMethods="1" />
              <MetadataToken>100663397</MetadataToken>
              <Name>System.Void OpenCollections.Tests.ConcurrentProducerTsts/&lt;&gt;c__DisplayClass3_0::&lt;CancelThrowsWhenCancellationTokenIsManagedToken&gt;b__0()</Name>
              <FileRef uid="7" />
              <SequencePoints>
                <SequencePoint vc="1" uspid="145" ordinal="0" offset="0" sl="58" sc="56" el="58" ec="73" bec="0" bev="0" fileid="7" />
              </SequencePoints>
              <BranchPoints />
              <MethodPoint xsi:type="SequencePoint" vc="1" uspid="145" ordinal="0" offset="0" sl="58" sc="56" el="58" ec="73" bec="0" bev="0" fileid="7" />
            </Method>
          </Methods>
        </Class>
        <Class>
          <Summary numSequencePoints="9" visitedSequencePoints="9" numBranchPoints="3" visitedBranchPoints="3" sequenceCoverage="100" branchCoverage="100" maxCyclomaticComplexity="4" minCyclomaticComplexity="1" maxCrapScore="12" minCrapScore="2" visitedClasses="1" numClasses="1" visitedMethods="1" numMethods="1" />
          <FullName>OpenCollections.Tests.ConcurrentProducerTsts/&lt;TestEnumerable&gt;d__5</FullName>
          <Methods>
            <Method visited="false" cyclomaticComplexity="1" nPathComplexity="0" sequenceCoverage="0" branchCoverage="0" crapScore="2" isConstructor="false" isStatic="false" isGetter="true" isSetter="false">
              <Summary numSequencePoints="0" visitedSequencePoints="0" numBranchPoints="0" visitedBranchPoints="0" sequenceCoverage="0" branchCoverage="0" maxCyclomaticComplexity="1" minCyclomaticComplexity="1" maxCrapScore="2" minCrapScore="2" visitedClasses="0" numClasses="0" visitedMethods="0" numMethods="0" />
              <MetadataToken>100663402</MetadataToken>
              <Name>System.String OpenCollections.Tests.ConcurrentProducerTsts/&lt;TestEnumerable&gt;d__5::System.Collections.Generic.IEnumerator&lt;System.String&gt;.get_Current()</Name>
              <SequencePoints />
              <BranchPoints />
              <MethodPoint vc="0" uspid="146" ordinal="0" offset="0" />
            </Method>
            <Method visited="false" cyclomaticComplexity="1" nPathComplexity="0" sequenceCoverage="0" branchCoverage="0" crapScore="2" isConstructor="false" isStatic="false" isGetter="true" isSetter="false">
              <Summary numSequencePoints="0" visitedSequencePoints="0" numBranchPoints="0" visitedBranchPoints="0" sequenceCoverage="0" branchCoverage="0" maxCyclomaticComplexity="1" minCyclomaticComplexity="1" maxCrapScore="2" minCrapScore="2" visitedClasses="0" numClasses="0" visitedMethods="0" numMethods="0" />
              <MetadataToken>100663404</MetadataToken>
              <Name>System.Object OpenCollections.Tests.ConcurrentProducerTsts/&lt;TestEnumerable&gt;d__5::System.Collections.IEnumerator.get_Current()</Name>
              <SequencePoints />
              <BranchPoints />
              <MethodPoint vc="0" uspid="147" ordinal="0" offset="0" />
            </Method>
            <Method visited="false" cyclomaticComplexity="1" nPathComplexity="0" sequenceCoverage="0" branchCoverage="0" crapScore="2" isConstructor="true" isStatic="false" isGetter="false" isSetter="false">
              <Summary numSequencePoints="0" visitedSequencePoints="0" numBranchPoints="0" visitedBranchPoints="0" sequenceCoverage="0" branchCoverage="0" maxCyclomaticComplexity="1" minCyclomaticComplexity="1" maxCrapScore="2" minCrapScore="2" visitedClasses="0" numClasses="0" visitedMethods="0" numMethods="0" />
              <MetadataToken>100663398</MetadataToken>
              <Name>System.Void OpenCollections.Tests.ConcurrentProducerTsts/&lt;TestEnumerable&gt;d__5::.ctor(System.Int32)</Name>
              <SequencePoints />
              <BranchPoints />
              <MethodPoint vc="0" uspid="148" ordinal="0" offset="0" />
            </Method>
            <Method visited="false" cyclomaticComplexity="3" nPathComplexity="0" sequenceCoverage="0" branchCoverage="0" crapScore="12" isConstructor="false" isStatic="false" isGetter="false" isSetter="false">
              <Summary numSequencePoints="0" visitedSequencePoints="0" numBranchPoints="0" visitedBranchPoints="0" sequenceCoverage="0" branchCoverage="0" maxCyclomaticComplexity="3" minCyclomaticComplexity="3" maxCrapScore="12" minCrapScore="12" visitedClasses="0" numClasses="0" visitedMethods="0" numMethods="0" />
              <MetadataToken>100663399</MetadataToken>
              <Name>System.Void OpenCollections.Tests.ConcurrentProducerTsts/&lt;TestEnumerable&gt;d__5::System.IDisposable.Dispose()</Name>
              <SequencePoints />
              <BranchPoints />
              <MethodPoint vc="0" uspid="149" ordinal="0" offset="0" />
            </Method>
            <Method visited="true" cyclomaticComplexity="4" nPathComplexity="2" sequenceCoverage="100" branchCoverage="100" crapScore="4" isConstructor="false" isStatic="false" isGetter="false" isSetter="false">
              <Summary numSequencePoints="9" visitedSequencePoints="9" numBranchPoints="3" visitedBranchPoints="3" sequenceCoverage="100" branchCoverage="100" maxCyclomaticComplexity="4" minCyclomaticComplexity="4" maxCrapScore="4" minCrapScore="4" visitedClasses="0" numClasses="0" visitedMethods="1" numMethods="1" />
              <MetadataToken>100663400</MetadataToken>
              <Name>System.Boolean OpenCollections.Tests.ConcurrentProducerTsts/&lt;TestEnumerable&gt;d__5::MoveNext()</Name>
              <FileRef uid="7" />
              <SequencePoints>
                <SequencePoint vc="3" uspid="150" ordinal="0" offset="36" sl="72" sc="9" el="72" ec="10" bec="0" bev="0" fileid="7" />
                <SequencePoint vc="3" uspid="151" ordinal="1" offset="37" sl="73" sc="13" el="73" ec="20" bec="0" bev="0" fileid="7" />
                <SequencePoint vc="3" uspid="152" ordinal="2" offset="38" sl="73" sc="34" el="73" ec="44" bec="0" bev="0" fileid="7" />
                <SequencePoint vc="1500" uspid="153" ordinal="3" offset="65" sl="73" sc="22" el="73" ec="30" bec="0" bev="0" fileid="7" />
                <SequencePoint vc="1500" uspid="154" ordinal="4" offset="82" sl="74" sc="13" el="74" ec="14" bec="0" bev="0" fileid="7" />
                <SequencePoint vc="1500" uspid="155" ordinal="5" offset="83" sl="75" sc="17" el="75" ec="35" bec="0" bev="0" fileid="7" />
                <SequencePoint vc="1500" uspid="156" ordinal="6" offset="114" sl="76" sc="13" el="76" ec="14" bec="0" bev="0" fileid="7" />
                <SequencePoint vc="1503" uspid="157" ordinal="7" offset="122" sl="73" sc="31" el="73" ec="33" bec="2" bev="2" fileid="7" />
                <SequencePoint vc="3" uspid="158" ordinal="8" offset="149" sl="77" sc="9" el="77" ec="10" bec="0" bev="0" fileid="7" />
              </SequencePoints>
              <BranchPoints>
                <BranchPoint vc="3" uspid="161" ordinal="2" offset="133" sl="73" path="0" offsetend="135" fileid="7" />
                <BranchPoint vc="1500" uspid="162" ordinal="3" offset="133" sl="73" path="1" offsetend="65" fileid="7" />
              </BranchPoints>
              <MethodPoint vc="1503" uspid="163" ordinal="0" offset="0" />
            </Method>
            <Method visited="false" cyclomaticComplexity="2" nPathComplexity="0" sequenceCoverage="0" branchCoverage="0" crapScore="6" isConstructor="false" isStatic="false" isGetter="false" isSetter="false">
              <Summary numSequencePoints="0" visitedSequencePoints="0" numBranchPoints="0" visitedBranchPoints="0" sequenceCoverage="0" branchCoverage="0" maxCyclomaticComplexity="2" minCyclomaticComplexity="2" maxCrapScore="6" minCrapScore="6" visitedClasses="0" numClasses="0" visitedMethods="0" numMethods="0" />
              <MetadataToken>100663401</MetadataToken>
              <Name>System.Void OpenCollections.Tests.ConcurrentProducerTsts/&lt;TestEnumerable&gt;d__5::&lt;&gt;m__Finally1()</Name>
              <SequencePoints />
              <BranchPoints />
              <MethodPoint vc="0" uspid="164" ordinal="0" offset="0" />
            </Method>
            <Method visited="false" cyclomaticComplexity="1" nPathComplexity="0" sequenceCoverage="0" branchCoverage="0" crapScore="2" isConstructor="false" isStatic="false" isGetter="false" isSetter="false">
              <Summary numSequencePoints="0" visitedSequencePoints="0" numBranchPoints="0" visitedBranchPoints="0" sequenceCoverage="0" branchCoverage="0" maxCyclomaticComplexity="1" minCyclomaticComplexity="1" maxCrapScore="2" minCrapScore="2" visitedClasses="0" numClasses="0" visitedMethods="0" numMethods="0" />
              <MetadataToken>100663403</MetadataToken>
              <Name>System.Void OpenCollections.Tests.ConcurrentProducerTsts/&lt;TestEnumerable&gt;d__5::System.Collections.IEnumerator.Reset()</Name>
              <SequencePoints />
              <BranchPoints />
              <MethodPoint vc="0" uspid="165" ordinal="0" offset="0" />
            </Method>
            <Method visited="false" cyclomaticComplexity="3" nPathComplexity="0" sequenceCoverage="0" branchCoverage="0" crapScore="12" isConstructor="false" isStatic="false" isGetter="false" isSetter="false">
              <Summary numSequencePoints="0" visitedSequencePoints="0" numBranchPoints="0" visitedBranchPoints="0" sequenceCoverage="0" branchCoverage="0" maxCyclomaticComplexity="3" minCyclomaticComplexity="3" maxCrapScore="12" minCrapScore="12" visitedClasses="0" numClasses="0" visitedMethods="0" numMethods="0" />
              <MetadataToken>100663405</MetadataToken>
              <Name>System.Collections.Generic.IEnumerator`1&lt;System.String&gt; OpenCollections.Tests.ConcurrentProducerTsts/&lt;TestEnumerable&gt;d__5::System.Collections.Generic.IEnumerable&lt;System.String&gt;.GetEnumerator()</Name>
              <SequencePoints />
              <BranchPoints />
              <MethodPoint vc="0" uspid="166" ordinal="0" offset="0" />
            </Method>
            <Method visited="false" cyclomaticComplexity="1" nPathComplexity="0" sequenceCoverage="0" branchCoverage="0" crapScore="2" isConstructor="false" isStatic="false" isGetter="false" isSetter="false">
              <Summary numSequencePoints="0" visitedSequencePoints="0" numBranchPoints="0" visitedBranchPoints="0" sequenceCoverage="0" branchCoverage="0" maxCyclomaticComplexity="1" minCyclomaticComplexity="1" maxCrapScore="2" minCrapScore="2" visitedClasses="0" numClasses="0" visitedMethods="0" numMethods="0" />
              <MetadataToken>100663406</MetadataToken>
              <Name>System.Collections.IEnumerator OpenCollections.Tests.ConcurrentProducerTsts/&lt;TestEnumerable&gt;d__5::System.Collections.IEnumerable.GetEnumerator()</Name>
              <SequencePoints />
              <BranchPoints />
              <MethodPoint vc="0" uspid="167" ordinal="0" offset="0" />
            </Method>
          </Methods>
        </Class>
        <Class>
          <Summary numSequencePoints="35" visitedSequencePoints="23" numBranchPoints="20" visitedBranchPoints="11" sequenceCoverage="65.71" branchCoverage="55" maxCyclomaticComplexity="2" minCyclomaticComplexity="1" maxCrapScore="2.04" minCrapScore="1" visitedClasses="1" numClasses="1" visitedMethods="8" numMethods="16" />
          <FullName>OpenCollections.Tests.BrokenConcurrentQueue`1</FullName>
          <Methods>
            <Method visited="true" cyclomaticComplexity="1" nPathComplexity="0" sequenceCoverage="100" branchCoverage="100" crapScore="1" isConstructor="false" isStatic="false" isGetter="true" isSetter="false">
              <Summary numSequencePoints="1" visitedSequencePoints="1" numBranchPoints="1" visitedBranchPoints="1" sequenceCoverage="100" branchCoverage="100" maxCyclomaticComplexity="1" minCyclomaticComplexity="1" maxCrapScore="1" minCrapScore="1" visitedClasses="0" numClasses="0" visitedMethods="1" numMethods="1" />
              <MetadataToken>100663313</MetadataToken>
              <Name>System.Boolean OpenCollections.Tests.BrokenConcurrentQueue`1::get_AllowAdding()</Name>
              <FileRef uid="10" />
              <SequencePoints>
                <SequencePoint vc="163484" uspid="168" ordinal="0" offset="0" sl="18" sc="35" el="18" ec="39" bec="0" bev="0" fileid="10" />
              </SequencePoints>
              <BranchPoints />
              <MethodPoint xsi:type="SequencePoint" vc="163484" uspid="168" ordinal="0" offset="0" sl="18" sc="35" el="18" ec="39" bec="0" bev="0" fileid="10" />
            </Method>
            <Method visited="true" cyclomaticComplexity="1" nPathComplexity="0" sequenceCoverage="100" branchCoverage="100" crapScore="1" isConstructor="false" isStatic="false" isGetter="false" isSetter="true">
              <Summary numSequencePoints="1" visitedSequencePoints="1" numBranchPoints="1" visitedBranchPoints="1" sequenceCoverage="100" branchCoverage="100" maxCyclomaticComplexity="1" minCyclomaticComplexity="1" maxCrapScore="1" minCrapScore="1" visitedClasses="0" numClasses="0" visitedMethods="1" numMethods="1" />
              <MetadataToken>100663314</MetadataToken>
              <Name>System.Void OpenCollections.Tests.BrokenConcurrentQueue`1::set_AllowAdding(System.Boolean)</Name>
              <FileRef uid="10" />
              <SequencePoints>
                <SequencePoint vc="3" uspid="169" ordinal="0" offset="0" sl="18" sc="40" el="18" ec="44" bec="0" bev="0" fileid="10" />
              </SequencePoints>
              <BranchPoints />
              <MethodPoint xsi:type="SequencePoint" vc="3" uspid="169" ordinal="0" offset="0" sl="18" sc="40" el="18" ec="44" bec="0" bev="0" fileid="10" />
            </Method>
            <Method visited="true" cyclomaticComplexity="1" nPathComplexity="0" sequenceCoverage="100" branchCoverage="100" crapScore="1" isConstructor="false" isStatic="false" isGetter="true" isSetter="false">
              <Summary numSequencePoints="1" visitedSequencePoints="1" numBranchPoints="1" visitedBranchPoints="1" sequenceCoverage="100" branchCoverage="100" maxCyclomaticComplexity="1" minCyclomaticComplexity="1" maxCrapScore="1" minCrapScore="1" visitedClasses="0" numClasses="0" visitedMethods="1" numMethods="1" />
              <MetadataToken>100663315</MetadataToken>
              <Name>System.Boolean OpenCollections.Tests.BrokenConcurrentQueue`1::get_AllowRemoving()</Name>
              <FileRef uid="10" />
              <SequencePoints>
                <SequencePoint vc="4" uspid="170" ordinal="0" offset="0" sl="19" sc="37" el="19" ec="41" bec="0" bev="0" fileid="10" />
              </SequencePoints>
              <BranchPoints />
              <MethodPoint xsi:type="SequencePoint" vc="4" uspid="170" ordinal="0" offset="0" sl="19" sc="37" el="19" ec="41" bec="0" bev="0" fileid="10" />
            </Method>
            <Method visited="true" cyclomaticComplexity="1" nPathComplexity="0" sequenceCoverage="100" branchCoverage="100" crapScore="1" isConstructor="false" isStatic="false" isGetter="false" isSetter="true">
              <Summary numSequencePoints="1" visitedSequencePoints="1" numBranchPoints="1" visitedBranchPoints="1" sequenceCoverage="100" branchCoverage="100" maxCyclomaticComplexity="1" minCyclomaticComplexity="1" maxCrapScore="1" minCrapScore="1" visitedClasses="0" numClasses="0" visitedMethods="1" numMethods="1" />
              <MetadataToken>100663316</MetadataToken>
              <Name>System.Void OpenCollections.Tests.BrokenConcurrentQueue`1::set_AllowRemoving(System.Boolean)</Name>
              <FileRef uid="10" />
              <SequencePoints>
                <SequencePoint vc="1" uspid="171" ordinal="0" offset="0" sl="19" sc="42" el="19" ec="46" bec="0" bev="0" fileid="10" />
              </SequencePoints>
              <BranchPoints />
              <MethodPoint xsi:type="SequencePoint" vc="1" uspid="171" ordinal="0" offset="0" sl="19" sc="42" el="19" ec="46" bec="0" bev="0" fileid="10" />
            </Method>
            <Method visited="true" cyclomaticComplexity="1" nPathComplexity="0" sequenceCoverage="100" branchCoverage="100" crapScore="1" isConstructor="false" isStatic="false" isGetter="true" isSetter="false">
              <Summary numSequencePoints="1" visitedSequencePoints="1" numBranchPoints="1" visitedBranchPoints="1" sequenceCoverage="100" branchCoverage="100" maxCyclomaticComplexity="1" minCyclomaticComplexity="1" maxCrapScore="1" minCrapScore="1" visitedClasses="0" numClasses="0" visitedMethods="1" numMethods="1" />
              <MetadataToken>100663317</MetadataToken>
              <Name>System.Int32 OpenCollections.Tests.BrokenConcurrentQueue`1::get_Count()</Name>
              <FileRef uid="10" />
              <SequencePoints>
                <SequencePoint vc="7" uspid="172" ordinal="0" offset="0" sl="21" sc="29" el="21" ec="39" bec="0" bev="0" fileid="10" />
              </SequencePoints>
              <BranchPoints />
              <MethodPoint xsi:type="SequencePoint" vc="7" uspid="172" ordinal="0" offset="0" sl="21" sc="29" el="21" ec="39" bec="0" bev="0" fileid="10" />
            </Method>
            <Method visited="false" cyclomaticComplexity="1" nPathComplexity="0" sequenceCoverage="0" branchCoverage="0" crapScore="2" isConstructor="false" isStatic="false" isGetter="true" isSetter="false">
              <Summary numSequencePoints="1" visitedSequencePoints="0" numBranchPoints="1" visitedBranchPoints="0" sequenceCoverage="0" branchCoverage="0" maxCyclomaticComplexity="1" minCyclomaticComplexity="1" maxCrapScore="2" minCrapScore="2" visitedClasses="0" numClasses="0" visitedMethods="0" numMethods="1" />
              <MetadataToken>100663318</MetadataToken>
              <Name>System.Object OpenCollections.Tests.BrokenConcurrentQueue`1::get_SyncRoot()</Name>
              <FileRef uid="10" />
              <SequencePoints>
                <SequencePoint vc="0" uspid="173" ordinal="0" offset="0" sl="22" sc="34" el="22" ec="38" bec="0" bev="0" fileid="10" />
              </SequencePoints>
              <BranchPoints />
              <MethodPoint xsi:type="SequencePoint" vc="0" uspid="173" ordinal="0" offset="0" sl="22" sc="34" el="22" ec="38" bec="0" bev="0" fileid="10" />
            </Method>
            <Method visited="false" cyclomaticComplexity="1" nPathComplexity="0" sequenceCoverage="0" branchCoverage="0" crapScore="2" isConstructor="false" isStatic="false" isGetter="true" isSetter="false">
              <Summary numSequencePoints="1" visitedSequencePoints="0" numBranchPoints="1" visitedBranchPoints="0" sequenceCoverage="0" branchCoverage="0" maxCyclomaticComplexity="1" minCyclomaticComplexity="1" maxCrapScore="2" minCrapScore="2" visitedClasses="0" numClasses="0" visitedMethods="0" numMethods="1" />
              <MetadataToken>100663319</MetadataToken>
              <Name>System.Boolean OpenCollections.Tests.BrokenConcurrentQueue`1::get_IsSynchronized()</Name>
              <FileRef uid="10" />
              <SequencePoints>
                <SequencePoint vc="0" uspid="174" ordinal="0" offset="0" sl="23" sc="38" el="23" ec="42" bec="0" bev="0" fileid="10" />
              </SequencePoints>
              <BranchPoints />
              <MethodPoint xsi:type="SequencePoint" vc="0" uspid="174" ordinal="0" offset="0" sl="23" sc="38" el="23" ec="42" bec="0" bev="0" fileid="10" />
            </Method>
            <Method visited="false" cyclomaticComplexity="1" nPathComplexity="0" sequenceCoverage="0" branchCoverage="0" crapScore="2" isConstructor="false" isStatic="false" isGetter="false" isSetter="false">
              <Summary numSequencePoints="2" visitedSequencePoints="0" numBranchPoints="1" visitedBranchPoints="0" sequenceCoverage="0" branchCoverage="0" maxCyclomaticComplexity="1" minCyclomaticComplexity="1" maxCrapScore="2" minCrapScore="2" visitedClasses="0" numClasses="0" visitedMethods="0" numMethods="1" />
              <MetadataToken>100663320</MetadataToken>
              <Name>System.Void OpenCollections.Tests.BrokenConcurrentQueue`1::CopyTo(T[],System.Int32)</Name>
              <FileRef uid="10" />
              <SequencePoints>
                <SequencePoint vc="0" uspid="175" ordinal="0" offset="0" sl="26" sc="9" el="26" ec="10" bec="0" bev="0" fileid="10" />
                <SequencePoint vc="0" uspid="176" ordinal="1" offset="1" sl="27" sc="13" el="27" ec="49" bec="0" bev="0" fileid="10" />
              </SequencePoints>
              <BranchPoints />
              <MethodPoint xsi:type="SequencePoint" vc="0" uspid="175" ordinal="0" offset="0" sl="26" sc="9" el="26" ec="10" bec="0" bev="0" fileid="10" />
            </Method>
            <Method visited="false" cyclomaticComplexity="1" nPathComplexity="0" sequenceCoverage="0" branchCoverage="0" crapScore="2" isConstructor="false" isStatic="false" isGetter="false" isSetter="false">
              <Summary numSequencePoints="2" visitedSequencePoints="0" numBranchPoints="1" visitedBranchPoints="0" sequenceCoverage="0" branchCoverage="0" maxCyclomaticComplexity="1" minCyclomaticComplexity="1" maxCrapScore="2" minCrapScore="2" visitedClasses="0" numClasses="0" visitedMethods="0" numMethods="1" />
              <MetadataToken>100663321</MetadataToken>
              <Name>System.Void OpenCollections.Tests.BrokenConcurrentQueue`1::CopyTo(System.Array,System.Int32)</Name>
              <FileRef uid="10" />
              <SequencePoints>
                <SequencePoint vc="0" uspid="177" ordinal="0" offset="0" sl="31" sc="9" el="31" ec="10" bec="0" bev="0" fileid="10" />
                <SequencePoint vc="0" uspid="178" ordinal="1" offset="1" sl="32" sc="13" el="32" ec="49" bec="0" bev="0" fileid="10" />
              </SequencePoints>
              <BranchPoints />
              <MethodPoint xsi:type="SequencePoint" vc="0" uspid="177" ordinal="0" offset="0" sl="31" sc="9" el="31" ec="10" bec="0" bev="0" fileid="10" />
            </Method>
            <Method visited="false" cyclomaticComplexity="1" nPathComplexity="0" sequenceCoverage="0" branchCoverage="0" crapScore="2" isConstructor="false" isStatic="false" isGetter="false" isSetter="false">
              <Summary numSequencePoints="1" visitedSequencePoints="0" numBranchPoints="1" visitedBranchPoints="0" sequenceCoverage="0" branchCoverage="0" maxCyclomaticComplexity="1" minCyclomaticComplexity="1" maxCrapScore="2" minCrapScore="2" visitedClasses="0" numClasses="0" visitedMethods="0" numMethods="1" />
              <MetadataToken>100663322</MetadataToken>
              <Name>System.Collections.Generic.IEnumerator`1&lt;T&gt; OpenCollections.Tests.BrokenConcurrentQueue`1::GetEnumerator()</Name>
              <FileRef uid="10" />
              <SequencePoints>
                <SequencePoint vc="0" uspid="179" ordinal="0" offset="0" sl="35" sc="50" el="35" ec="70" bec="0" bev="0" fileid="10" />
              </SequencePoints>
              <BranchPoints />
              <MethodPoint xsi:type="SequencePoint" vc="0" uspid="179" ordinal="0" offset="0" sl="35" sc="50" el="35" ec="70" bec="0" bev="0" fileid="10" />
            </Method>
            <Method visited="false" cyclomaticComplexity="1" nPathComplexity="0" sequenceCoverage="0" branchCoverage="0" crapScore="2" isConstructor="false" isStatic="false" isGetter="false" isSetter="false">
              <Summary numSequencePoints="1" visitedSequencePoints="0" numBranchPoints="1" visitedBranchPoints="0" sequenceCoverage="0" branchCoverage="0" maxCyclomaticComplexity="1" minCyclomaticComplexity="1" maxCrapScore="2" minCrapScore="2" visitedClasses="0" numClasses="0" visitedMethods="0" numMethods="1" />
              <MetadataToken>100663323</MetadataToken>
              <Name>T[] OpenCollections.Tests.BrokenConcurrentQueue`1::ToArray()</Name>
              <FileRef uid="10" />
              <SequencePoints>
                <SequencePoint vc="0" uspid="180" ordinal="0" offset="0" sl="37" sc="33" el="37" ec="47" bec="0" bev="0" fileid="10" />
              </SequencePoints>
              <BranchPoints />
              <MethodPoint xsi:type="SequencePoint" vc="0" uspid="180" ordinal="0" offset="0" sl="37" sc="33" el="37" ec="47" bec="0" bev="0" fileid="10" />
            </Method>
            <Method visited="true" cyclomaticComplexity="2" nPathComplexity="2" sequenceCoverage="100" branchCoverage="100" crapScore="2" isConstructor="false" isStatic="false" isGetter="false" isSetter="false">
              <Summary numSequencePoints="7" visitedSequencePoints="7" numBranchPoints="3" visitedBranchPoints="3" sequenceCoverage="100" branchCoverage="100" maxCyclomaticComplexity="2" minCyclomaticComplexity="2" maxCrapScore="2" minCrapScore="2" visitedClasses="0" numClasses="0" visitedMethods="1" numMethods="1" />
              <MetadataToken>100663324</MetadataToken>
              <Name>System.Boolean OpenCollections.Tests.BrokenConcurrentQueue`1::TryAdd(T)</Name>
              <FileRef uid="10" />
              <SequencePoints>
                <SequencePoint vc="163484" uspid="181" ordinal="0" offset="0" sl="40" sc="9" el="40" ec="10" bec="0" bev="0" fileid="10" />
                <SequencePoint vc="163484" uspid="182" ordinal="1" offset="1" sl="41" sc="13" el="41" ec="29" bec="2" bev="2" fileid="10" />
                <SequencePoint vc="8" uspid="183" ordinal="2" offset="11" sl="42" sc="13" el="42" ec="14" bec="0" bev="0" fileid="10" />
                <SequencePoint vc="8" uspid="184" ordinal="3" offset="12" sl="43" sc="17" el="43" ec="32" bec="0" bev="0" fileid="10" />
                <SequencePoint vc="8" uspid="185" ordinal="4" offset="25" sl="44" sc="17" el="44" ec="29" bec="0" bev="0" fileid="10" />
                <SequencePoint vc="163476" uspid="186" ordinal="5" offset="29" sl="46" sc="13" el="46" ec="26" bec="0" bev="0" fileid="10" />
                <SequencePoint vc="163484" uspid="187" ordinal="6" offset="33" sl="47" sc="9" el="47" ec="10" bec="0" bev="0" fileid="10" />
              </SequencePoints>
              <BranchPoints>
                <BranchPoint vc="8" uspid="188" ordinal="0" offset="9" sl="41" path="0" offsetend="11" fileid="10" />
                <BranchPoint vc="163476" uspid="189" ordinal="1" offset="9" sl="41" path="1" offsetend="29" fileid="10" />
              </BranchPoints>
              <MethodPoint xsi:type="SequencePoint" vc="163484" uspid="181" ordinal="0" offset="0" sl="40" sc="9" el="40" ec="10" bec="0" bev="0" fileid="10" />
            </Method>
            <Method visited="true" cyclomaticComplexity="2" nPathComplexity="2" sequenceCoverage="77.78" branchCoverage="66.67" crapScore="2.04" isConstructor="false" isStatic="false" isGetter="false" isSetter="false">
              <Summary numSequencePoints="9" visitedSequencePoints="7" numBranchPoints="3" visitedBranchPoints="2" sequenceCoverage="77.78" branchCoverage="66.67" maxCyclomaticComplexity="2" minCyclomaticComplexity="2" maxCrapScore="2.04" minCrapScore="2.04" visitedClasses="0" numClasses="0" visitedMethods="1" numMethods="1" />
              <MetadataToken>100663325</MetadataToken>
              <Name>System.Boolean OpenCollections.Tests.BrokenConcurrentQueue`1::TryTake(T&amp;)</Name>
              <FileRef uid="10" />
              <SequencePoints>
                <SequencePoint vc="4" uspid="190" ordinal="0" offset="0" sl="50" sc="9" el="50" ec="10" bec="0" bev="0" fileid="10" />
                <SequencePoint vc="4" uspid="191" ordinal="1" offset="1" sl="51" sc="13" el="51" ec="31" bec="2" bev="1" fileid="10" />
                <SequencePoint vc="4" uspid="192" ordinal="2" offset="11" sl="52" sc="13" el="52" ec="14" bec="0" bev="0" fileid="10" />
                <SequencePoint vc="4" uspid="193" ordinal="3" offset="12" sl="53" sc="17" el="53" ec="37" bec="0" bev="0" fileid="10" />
                <SequencePoint vc="4" uspid="194" ordinal="4" offset="29" sl="54" sc="17" el="54" ec="34" bec="0" bev="0" fileid="10" />
                <SequencePoint vc="4" uspid="195" ordinal="5" offset="42" sl="55" sc="17" el="55" ec="29" bec="0" bev="0" fileid="10" />
                <SequencePoint vc="0" uspid="196" ordinal="6" offset="46" sl="58" sc="13" el="58" ec="28" bec="0" bev="0" fileid="10" />
                <SequencePoint vc="0" uspid="197" ordinal="7" offset="53" sl="60" sc="13" el="60" ec="26" bec="0" bev="0" fileid="10" />
                <SequencePoint vc="4" uspid="198" ordinal="8" offset="57" sl="61" sc="9" el="61" ec="10" bec="0" bev="0" fileid="10" />
              </SequencePoints>
              <BranchPoints>
                <BranchPoint vc="4" uspid="199" ordinal="0" offset="9" sl="51" path="0" offsetend="11" fileid="10" />
                <BranchPoint vc="0" uspid="200" ordinal="1" offset="9" sl="51" path="1" offsetend="46" fileid="10" />
              </BranchPoints>
              <MethodPoint xsi:type="SequencePoint" vc="4" uspid="190" ordinal="0" offset="0" sl="50" sc="9" el="50" ec="10" bec="0" bev="0" fileid="10" />
            </Method>
            <Method visited="false" cyclomaticComplexity="1" nPathComplexity="0" sequenceCoverage="0" branchCoverage="0" crapScore="2" isConstructor="false" isStatic="false" isGetter="false" isSetter="false">
              <Summary numSequencePoints="1" visitedSequencePoints="0" numBranchPoints="1" visitedBranchPoints="0" sequenceCoverage="0" branchCoverage="0" maxCyclomaticComplexity="1" minCyclomaticComplexity="1" maxCrapScore="2" minCrapScore="2" visitedClasses="0" numClasses="0" visitedMethods="0" numMethods="1" />
              <MetadataToken>100663326</MetadataToken>
              <Name>System.Collections.Generic.IEnumerator`1&lt;T&gt; OpenCollections.Tests.BrokenConcurrentQueue`1::System.Collections.Generic.IEnumerable&lt;T&gt;.GetEnumerator()</Name>
              <FileRef uid="10" />
              <SequencePoints>
                <SequencePoint vc="0" uspid="201" ordinal="0" offset="0" sl="63" sc="58" el="63" ec="78" bec="0" bev="0" fileid="10" />
              </SequencePoints>
              <BranchPoints />
              <MethodPoint xsi:type="SequencePoint" vc="0" uspid="201" ordinal="0" offset="0" sl="63" sc="58" el="63" ec="78" bec="0" bev="0" fileid="10" />
            </Method>
            <Method visited="false" cyclomaticComplexity="1" nPathComplexity="0" sequenceCoverage="0" branchCoverage="0" crapScore="2" isConstructor="false" isStatic="false" isGetter="false" isSetter="false">
              <Summary numSequencePoints="1" visitedSequencePoints="0" numBranchPoints="1" visitedBranchPoints="0" sequenceCoverage="0" branchCoverage="0" maxCyclomaticComplexity="1" minCyclomaticComplexity="1" maxCrapScore="2" minCrapScore="2" visitedClasses="0" numClasses="0" visitedMethods="0" numMethods="1" />
              <MetadataToken>100663327</MetadataToken>
              <Name>System.Collections.IEnumerator OpenCollections.Tests.BrokenConcurrentQueue`1::System.Collections.IEnumerable.GetEnumerator()</Name>
              <FileRef uid="10" />
              <SequencePoints>
                <SequencePoint vc="0" uspid="202" ordinal="0" offset="0" sl="65" sc="90" el="65" ec="110" bec="0" bev="0" fileid="10" />
              </SequencePoints>
              <BranchPoints />
              <MethodPoint xsi:type="SequencePoint" vc="0" uspid="202" ordinal="0" offset="0" sl="65" sc="90" el="65" ec="110" bec="0" bev="0" fileid="10" />
            </Method>
            <Method visited="true" cyclomaticComplexity="1" nPathComplexity="0" sequenceCoverage="100" branchCoverage="100" crapScore="1" isConstructor="true" isStatic="false" isGetter="false" isSetter="false">
              <Summary numSequencePoints="4" visitedSequencePoints="4" numBranchPoints="1" visitedBranchPoints="1" sequenceCoverage="100" branchCoverage="100" maxCyclomaticComplexity="1" minCyclomaticComplexity="1" maxCrapScore="1" minCrapScore="1" visitedClasses="0" numClasses="0" visitedMethods="1" numMethods="1" />
              <MetadataToken>100663328</MetadataToken>
              <Name>System.Void OpenCollections.Tests.BrokenConcurrentQueue`1::.ctor()</Name>
              <FileRef uid="10" />
              <SequencePoints>
                <SequencePoint vc="2" uspid="203" ordinal="0" offset="0" sl="16" sc="9" el="16" ec="46" bec="0" bev="0" fileid="10" />
                <SequencePoint vc="2" uspid="204" ordinal="1" offset="11" sl="18" sc="49" el="18" ec="54" bec="0" bev="0" fileid="10" />
                <SequencePoint vc="2" uspid="205" ordinal="2" offset="18" sl="19" sc="51" el="19" ec="56" bec="0" bev="0" fileid="10" />
                <SequencePoint vc="2" uspid="206" ordinal="3" offset="25" sl="23" sc="47" el="23" ec="51" bec="0" bev="0" fileid="10" />
              </SequencePoints>
              <BranchPoints />
              <MethodPoint xsi:type="SequencePoint" vc="2" uspid="203" ordinal="0" offset="0" sl="16" sc="9" el="16" ec="46" bec="0" bev="0" fileid="10" />
            </Method>
          </Methods>
        </Class>
        <Class>
          <Summary numSequencePoints="52" visitedSequencePoints="24" numBranchPoints="24" visitedBranchPoints="10" sequenceCoverage="46.15" branchCoverage="41.67" maxCyclomaticComplexity="9" minCyclomaticComplexity="1" maxCrapScore="20" minCrapScore="2" visitedClasses="1" numClasses="1" visitedMethods="2" numMethods="4" />
          <FullName>OpenCollections.Tests.ConcurrentTestHelpers</FullName>
          <Methods>
            <Method visited="false" cyclomaticComplexity="1" nPathComplexity="0" sequenceCoverage="0" branchCoverage="0" crapScore="2" isConstructor="false" isStatic="true" isGetter="false" isSetter="false">
              <Summary numSequencePoints="3" visitedSequencePoints="0" numBranchPoints="1" visitedBranchPoints="0" sequenceCoverage="0" branchCoverage="0" maxCyclomaticComplexity="1" minCyclomaticComplexity="1" maxCrapScore="2" minCrapScore="2" visitedClasses="0" numClasses="0" visitedMethods="0" numMethods="1" />
              <MetadataToken>100663329</MetadataToken>
              <Name>System.Void OpenCollections.Tests.ConcurrentTestHelpers::Add(System.Collections.Concurrent.ConcurrentQueue`1&lt;T&gt;,T)</Name>
              <FileRef uid="10" />
              <SequencePoints>
                <SequencePoint vc="0" uspid="207" ordinal="0" offset="0" sl="70" sc="9" el="70" ec="10" bec="0" bev="0" fileid="10" />
                <SequencePoint vc="0" uspid="208" ordinal="1" offset="1" sl="71" sc="13" el="71" ec="33" bec="0" bev="0" fileid="10" />
                <SequencePoint vc="0" uspid="209" ordinal="2" offset="9" sl="72" sc="9" el="72" ec="10" bec="0" bev="0" fileid="10" />
              </SequencePoints>
              <BranchPoints />
              <MethodPoint xsi:type="SequencePoint" vc="0" uspid="207" ordinal="0" offset="0" sl="70" sc="9" el="70" ec="10" bec="0" bev="0" fileid="10" />
            </Method>
            <Method visited="true" cyclomaticComplexity="9" nPathComplexity="64" sequenceCoverage="61.90" branchCoverage="46.15" crapScore="13.48" isConstructor="false" isStatic="true" isGetter="false" isSetter="false">
              <Summary numSequencePoints="21" visitedSequencePoints="13" numBranchPoints="13" visitedBranchPoints="6" sequenceCoverage="61.90" branchCoverage="46.15" maxCyclomaticComplexity="9" minCyclomaticComplexity="9" maxCrapScore="13.48" minCrapScore="13.48" visitedClasses="0" numClasses="0" visitedMethods="1" numMethods="1" />
              <MetadataToken>100663330</MetadataToken>
              <Name>System.ValueTuple`2&lt;System.Boolean,System.String&gt; OpenCollections.Tests.ConcurrentTestHelpers::VerifyCollection(System.Collections.Generic.IEnumerable`1&lt;T&gt;,System.Collections.Generic.IEnumerable`1&lt;T&gt;)</Name>
              <FileRef uid="10" />
              <SequencePoints>
                <SequencePoint vc="13" uspid="210" ordinal="0" offset="0" sl="75" sc="9" el="75" ec="10" bec="0" bev="0" fileid="10" />
                <SequencePoint vc="13" uspid="211" ordinal="1" offset="1" sl="76" sc="13" el="76" ec="51" bec="2" bev="1" fileid="10" />
                <SequencePoint vc="0" uspid="212" ordinal="2" offset="14" sl="77" sc="13" el="77" ec="14" bec="0" bev="0" fileid="10" />
                <SequencePoint vc="0" uspid="213" ordinal="3" offset="15" sl="78" sc="17" el="78" ec="78" bec="2" bev="0" fileid="10" />
                <SequencePoint vc="0" uspid="214" ordinal="4" offset="31" sl="79" sc="17" el="79" ec="74" bec="2" bev="0" fileid="10" />
                <SequencePoint vc="0" uspid="215" ordinal="5" offset="48" sl="80" sc="17" el="80" ec="82" bec="0" bev="0" fileid="10" />
                <SequencePoint vc="13" uspid="216" ordinal="6" offset="79" sl="82" sc="13" el="82" ec="52" bec="2" bev="1" fileid="10" />
                <SequencePoint vc="0" uspid="217" ordinal="7" offset="102" sl="83" sc="13" el="83" ec="14" bec="0" bev="0" fileid="10" />
                <SequencePoint vc="0" uspid="218" ordinal="8" offset="103" sl="84" sc="17" el="84" ec="118" bec="0" bev="0" fileid="10" />
                <SequencePoint vc="13" uspid="219" ordinal="9" offset="148" sl="87" sc="13" el="87" ec="52" bec="0" bev="0" fileid="10" />
                <SequencePoint vc="13" uspid="220" ordinal="10" offset="155" sl="88" sc="13" el="88" ec="48" bec="0" bev="0" fileid="10" />
                <SequencePoint vc="13" uspid="221" ordinal="11" offset="162" sl="90" sc="18" el="90" ec="27" bec="0" bev="0" fileid="10" />
                <SequencePoint vc="7006" uspid="222" ordinal="12" offset="167" sl="91" sc="13" el="91" ec="14" bec="0" bev="0" fileid="10" />
                <SequencePoint vc="7006" uspid="223" ordinal="13" offset="168" sl="92" sc="17" el="92" ec="70" bec="2" bev="1" fileid="10" />
                <SequencePoint vc="0" uspid="224" ordinal="14" offset="206" sl="93" sc="17" el="93" ec="18" bec="0" bev="0" fileid="10" />
                <SequencePoint vc="0" uspid="225" ordinal="15" offset="207" sl="94" sc="21" el="94" ec="99" bec="0" bev="0" fileid="10" />
                <SequencePoint vc="7006" uspid="226" ordinal="16" offset="260" sl="96" sc="13" el="96" ec="14" bec="0" bev="0" fileid="10" />
                <SequencePoint vc="7006" uspid="227" ordinal="17" offset="261" sl="90" sc="51" el="90" ec="54" bec="0" bev="0" fileid="10" />
                <SequencePoint vc="7019" uspid="228" ordinal="18" offset="267" sl="90" sc="29" el="90" ec="49" bec="2" bev="2" fileid="10" />
                <SequencePoint vc="13" uspid="229" ordinal="19" offset="283" sl="98" sc="13" el="98" ec="31" bec="0" bev="0" fileid="10" />
                <SequencePoint vc="13" uspid="230" ordinal="20" offset="298" sl="99" sc="9" el="99" ec="10" bec="0" bev="0" fileid="10" />
              </SequencePoints>
              <BranchPoints>
                <BranchPoint vc="0" uspid="231" ordinal="0" offset="12" sl="76" path="0" offsetend="14" fileid="10" />
                <BranchPoint vc="13" uspid="232" ordinal="1" offset="12" sl="76" path="1" offsetend="79" fileid="10" />
                <BranchPoint vc="0" uspid="233" ordinal="2" offset="16" sl="78" path="0" offsetend="18" fileid="10" />
                <BranchPoint vc="0" uspid="234" ordinal="3" offset="16" sl="78" path="1" offsetend="25" fileid="10" />
                <BranchPoint vc="0" uspid="235" ordinal="4" offset="32" sl="79" path="0" offsetend="34" fileid="10" />
                <BranchPoint vc="0" uspid="236" ordinal="5" offset="32" sl="79" path="1" offsetend="41" fileid="10" />
                <BranchPoint vc="0" uspid="237" ordinal="6" offset="100" sl="82" path="0" offsetend="102" fileid="10" />
                <BranchPoint vc="13" uspid="238" ordinal="7" offset="100" sl="82" path="1" offsetend="148" fileid="10" />
                <BranchPoint vc="0" uspid="239" ordinal="8" offset="204" sl="92" path="0" offsetend="206" fileid="10" />
                <BranchPoint vc="7006" uspid="240" ordinal="9" offset="204" sl="92" path="1" offsetend="260" fileid="10" />
                <BranchPoint vc="13" uspid="241" ordinal="10" offset="281" sl="90" path="0" offsetend="283" fileid="10" />
                <BranchPoint vc="7006" uspid="242" ordinal="11" offset="281" sl="90" path="1" offsetend="167" fileid="10" />
              </BranchPoints>
              <MethodPoint xsi:type="SequencePoint" vc="13" uspid="210" ordinal="0" offset="0" sl="75" sc="9" el="75" ec="10" bec="0" bev="0" fileid="10" />
            </Method>
            <Method visited="true" cyclomaticComplexity="4" nPathComplexity="4" sequenceCoverage="73.33" branchCoverage="80" crapScore="4.30" isConstructor="false" isStatic="true" isGetter="false" isSetter="false">
              <Summary numSequencePoints="15" visitedSequencePoints="11" numBranchPoints="5" visitedBranchPoints="4" sequenceCoverage="73.33" branchCoverage="80" maxCyclomaticComplexity="4" minCyclomaticComplexity="4" maxCrapScore="4.30" minCrapScore="4.30" visitedClasses="0" numClasses="0" visitedMethods="1" numMethods="1" />
              <MetadataToken>100663331</MetadataToken>
              <Name>System.ValueTuple`2&lt;System.Boolean,System.String&gt; OpenCollections.Tests.ConcurrentTestHelpers::VerifyAllValuesPresent(System.Collections.Generic.IEnumerable`1&lt;T&gt;,System.Collections.Generic.IEnumerable`1&lt;T&gt;)</Name>
              <FileRef uid="10" />
              <SequencePoints>
                <SequencePoint vc="2" uspid="243" ordinal="0" offset="0" sl="102" sc="9" el="102" ec="10" bec="0" bev="0" fileid="10" />
                <SequencePoint vc="2" uspid="244" ordinal="1" offset="1" sl="103" sc="13" el="103" ec="64" bec="0" bev="0" fileid="10" />
                <SequencePoint vc="2" uspid="245" ordinal="2" offset="10" sl="104" sc="13" el="104" ec="20" bec="0" bev="0" fileid="10" />
                <SequencePoint vc="2" uspid="246" ordinal="3" offset="11" sl="104" sc="34" el="104" ec="48" bec="0" bev="0" fileid="10" />
                <SequencePoint vc="17000" uspid="247" ordinal="4" offset="20" sl="104" sc="22" el="104" ec="30" bec="0" bev="0" fileid="10" />
                <SequencePoint vc="17000" uspid="248" ordinal="5" offset="27" sl="105" sc="13" el="105" ec="14" bec="0" bev="0" fileid="10" />
                <SequencePoint vc="17000" uspid="249" ordinal="6" offset="28" sl="106" sc="17" el="106" ec="58" bec="2" bev="1" fileid="10" />
                <SequencePoint vc="0" uspid="250" ordinal="7" offset="42" sl="107" sc="17" el="107" ec="18" bec="0" bev="0" fileid="10" />
                <SequencePoint vc="0" uspid="251" ordinal="8" offset="43" sl="108" sc="21" el="108" ec="42" bec="0" bev="0" fileid="10" />
                <SequencePoint vc="0" uspid="252" ordinal="9" offset="51" sl="109" sc="21" el="109" ec="98" bec="0" bev="0" fileid="10" />
                <SequencePoint vc="0" uspid="253" ordinal="10" offset="87" sl="110" sc="17" el="110" ec="18" bec="0" bev="0" fileid="10" />
                <SequencePoint vc="17000" uspid="254" ordinal="11" offset="88" sl="111" sc="13" el="111" ec="14" bec="0" bev="0" fileid="10" />
                <SequencePoint vc="17002" uspid="255" ordinal="12" offset="89" sl="104" sc="31" el="104" ec="33" bec="2" bev="2" fileid="10" />
                <SequencePoint vc="2" uspid="256" ordinal="13" offset="110" sl="112" sc="13" el="112" ec="26" bec="0" bev="0" fileid="10" />
                <SequencePoint vc="2" uspid="257" ordinal="14" offset="115" sl="113" sc="9" el="113" ec="10" bec="0" bev="0" fileid="10" />
              </SequencePoints>
              <BranchPoints>
                <BranchPoint vc="0" uspid="258" ordinal="0" offset="40" sl="106" path="0" offsetend="42" fileid="10" />
                <BranchPoint vc="17000" uspid="259" ordinal="1" offset="40" sl="106" path="1" offsetend="88" fileid="10" />
                <BranchPoint vc="2" uspid="260" ordinal="2" offset="95" sl="104" path="0" offsetend="97" fileid="10" />
                <BranchPoint vc="17000" uspid="261" ordinal="3" offset="95" sl="104" path="1" offsetend="20" fileid="10" />
              </BranchPoints>
              <MethodPoint xsi:type="SequencePoint" vc="2" uspid="243" ordinal="0" offset="0" sl="102" sc="9" el="102" ec="10" bec="0" bev="0" fileid="10" />
            </Method>
            <Method visited="false" cyclomaticComplexity="4" nPathComplexity="4" sequenceCoverage="0" branchCoverage="0" crapScore="20" isConstructor="false" isStatic="true" isGetter="false" isSetter="false">
              <Summary numSequencePoints="13" visitedSequencePoints="0" numBranchPoints="5" visitedBranchPoints="0" sequenceCoverage="0" branchCoverage="0" maxCyclomaticComplexity="4" minCyclomaticComplexity="4" maxCrapScore="20" minCrapScore="20" visitedClasses="0" numClasses="0" visitedMethods="0" numMethods="1" />
              <MetadataToken>100663332</MetadataToken>
              <Name>System.ValueTuple`2&lt;System.Boolean,System.String&gt; OpenCollections.Tests.ConcurrentTestHelpers::VerifyAllValuesPresent(System.Collections.Generic.IEnumerable`1&lt;T&gt;,System.Collections.Generic.IEnumerable`1&lt;System.Collections.Generic.IEnumerable`1&lt;T&gt;&gt;)</Name>
              <FileRef uid="10" />
              <SequencePoints>
                <SequencePoint vc="0" uspid="262" ordinal="0" offset="0" sl="115" sc="9" el="115" ec="10" bec="0" bev="0" fileid="10" />
                <SequencePoint vc="0" uspid="263" ordinal="1" offset="1" sl="116" sc="13" el="116" ec="20" bec="0" bev="0" fileid="10" />
                <SequencePoint vc="0" uspid="264" ordinal="2" offset="2" sl="116" sc="34" el="116" ec="58" bec="0" bev="0" fileid="10" />
                <SequencePoint vc="0" uspid="265" ordinal="3" offset="11" sl="116" sc="22" el="116" ec="30" bec="0" bev="0" fileid="10" />
                <SequencePoint vc="0" uspid="266" ordinal="4" offset="18" sl="117" sc="13" el="117" ec="14" bec="0" bev="0" fileid="10" />
                <SequencePoint vc="0" uspid="267" ordinal="5" offset="19" sl="118" sc="17" el="118" ec="75" bec="0" bev="0" fileid="10" />
                <SequencePoint vc="0" uspid="268" ordinal="6" offset="27" sl="119" sc="17" el="119" ec="44" bec="2" bev="0" fileid="10" />
                <SequencePoint vc="0" uspid="269" ordinal="7" offset="40" sl="120" sc="17" el="120" ec="18" bec="0" bev="0" fileid="10" />
                <SequencePoint vc="0" uspid="270" ordinal="8" offset="41" sl="121" sc="21" el="121" ec="35" bec="0" bev="0" fileid="10" />
                <SequencePoint vc="0" uspid="271" ordinal="9" offset="46" sl="123" sc="13" el="123" ec="14" bec="0" bev="0" fileid="10" />
                <SequencePoint vc="0" uspid="272" ordinal="10" offset="47" sl="116" sc="31" el="116" ec="33" bec="2" bev="0" fileid="10" />
                <SequencePoint vc="0" uspid="273" ordinal="11" offset="68" sl="124" sc="13" el="124" ec="50" bec="0" bev="0" fileid="10" />
                <SequencePoint vc="0" uspid="274" ordinal="12" offset="79" sl="125" sc="9" el="125" ec="10" bec="0" bev="0" fileid="10" />
              </SequencePoints>
              <BranchPoints>
                <BranchPoint vc="0" uspid="275" ordinal="0" offset="38" sl="119" path="0" offsetend="40" fileid="10" />
                <BranchPoint vc="0" uspid="276" ordinal="1" offset="38" sl="119" path="1" offsetend="46" fileid="10" />
                <BranchPoint vc="0" uspid="277" ordinal="2" offset="53" sl="116" path="0" offsetend="55" fileid="10" />
                <BranchPoint vc="0" uspid="278" ordinal="3" offset="53" sl="116" path="1" offsetend="11" fileid="10" />
              </BranchPoints>
              <MethodPoint xsi:type="SequencePoint" vc="0" uspid="262" ordinal="0" offset="0" sl="115" sc="9" el="115" ec="10" bec="0" bev="0" fileid="10" />
            </Method>
          </Methods>
        </Class>
        <Class>
          <Summary numSequencePoints="54" visitedSequencePoints="54" numBranchPoints="9" visitedBranchPoints="9" sequenceCoverage="100" branchCoverage="100" maxCyclomaticComplexity="2" minCyclomaticComplexity="1" maxCrapScore="2" minCrapScore="1" visitedClasses="1" numClasses="1" visitedMethods="7" numMethods="7" />
          <FullName>OpenCollections.Tests.ConcurrentWriterTests</FullName>
          <Methods>
            <Method visited="true" cyclomaticComplexity="1" nPathComplexity="0" sequenceCoverage="100" branchCoverage="100" crapScore="1" isConstructor="false" isStatic="false" isGetter="true" isSetter="false">
              <Summary numSequencePoints="1" visitedSequencePoints="1" numBranchPoints="1" visitedBranchPoints="1" sequenceCoverage="100" branchCoverage="100" maxCyclomaticComplexity="1" minCyclomaticComplexity="1" maxCrapScore="1" minCrapScore="1" visitedClasses="0" numClasses="0" visitedMethods="1" numMethods="1" />
              <MetadataToken>100663333</MetadataToken>
              <Name>System.String OpenCollections.Tests.ConcurrentWriterTests::get_Path()</Name>
              <FileRef uid="12" />
              <SequencePoints>
                <SequencePoint vc="5" uspid="279" ordinal="0" offset="0" sl="19" sc="24" el="19" ec="41" bec="0" bev="0" fileid="12" />
              </SequencePoints>
              <BranchPoints />
              <MethodPoint xsi:type="SequencePoint" vc="5" uspid="279" ordinal="0" offset="0" sl="19" sc="24" el="19" ec="41" bec="0" bev="0" fileid="12" />
            </Method>
            <Method visited="true" cyclomaticComplexity="1" nPathComplexity="0" sequenceCoverage="100" branchCoverage="100" crapScore="1" isConstructor="false" isStatic="false" isGetter="false" isSetter="false">
              <Summary numSequencePoints="5" visitedSequencePoints="5" numBranchPoints="1" visitedBranchPoints="1" sequenceCoverage="100" branchCoverage="100" maxCyclomaticComplexity="1" minCyclomaticComplexity="1" maxCrapScore="1" minCrapScore="1" visitedClasses="0" numClasses="0" visitedMethods="1" numMethods="1" />
              <MetadataToken>100663334</MetadataToken>
              <Name>System.Void OpenCollections.Tests.ConcurrentWriterTests::ThrowsPathArgumentException(System.String)</Name>
              <FileRef uid="12" />
              <SequencePoints>
                <SequencePoint vc="1" uspid="280" ordinal="0" offset="6" sl="24" sc="9" el="24" ec="10" bec="0" bev="0" fileid="12" />
                <SequencePoint vc="1" uspid="281" ordinal="1" offset="7" sl="25" sc="13" el="25" ec="53" bec="0" bev="0" fileid="12" />
                <SequencePoint vc="1" uspid="282" ordinal="2" offset="16" sl="27" sc="13" el="27" ec="64" bec="0" bev="0" fileid="12" />
                <SequencePoint vc="1" uspid="283" ordinal="3" offset="29" sl="29" sc="13" el="29" ec="85" bec="0" bev="0" fileid="12" />
                <SequencePoint vc="1" uspid="284" ordinal="4" offset="47" sl="30" sc="9" el="30" ec="10" bec="0" bev="0" fileid="12" />
              </SequencePoints>
              <BranchPoints />
              <MethodPoint vc="1" uspid="285" ordinal="0" offset="0" />
            </Method>
            <Method visited="true" cyclomaticComplexity="1" nPathComplexity="0" sequenceCoverage="100" branchCoverage="100" crapScore="1" isConstructor="false" isStatic="false" isGetter="false" isSetter="false">
              <Summary numSequencePoints="14" visitedSequencePoints="14" numBranchPoints="1" visitedBranchPoints="1" sequenceCoverage="100" branchCoverage="100" maxCyclomaticComplexity="1" minCyclomaticComplexity="1" maxCrapScore="1" minCrapScore="1" visitedClasses="0" numClasses="0" visitedMethods="1" numMethods="1" />
              <MetadataToken>100663335</MetadataToken>
              <Name>System.Void OpenCollections.Tests.ConcurrentWriterTests::WritesFIFO()</Name>
              <FileRef uid="12" />
              <SequencePoints>
                <SequencePoint vc="1" uspid="286" ordinal="0" offset="6" sl="34" sc="9" el="34" ec="10" bec="0" bev="0" fileid="12" />
                <SequencePoint vc="1" uspid="287" ordinal="1" offset="7" sl="35" sc="13" el="35" ec="51" bec="0" bev="0" fileid="12" />
                <SequencePoint vc="1" uspid="288" ordinal="2" offset="19" sl="37" sc="13" el="37" ec="53" bec="0" bev="0" fileid="12" />
                <SequencePoint vc="1" uspid="289" ordinal="3" offset="26" sl="39" sc="13" el="39" ec="64" bec="0" bev="0" fileid="12" />
                <SequencePoint vc="1" uspid="290" ordinal="4" offset="39" sl="41" sc="13" el="41" ec="38" bec="0" bev="0" fileid="12" />
                <SequencePoint vc="1" uspid="291" ordinal="5" offset="47" sl="43" sc="13" el="43" ec="53" bec="0" bev="0" fileid="12" />
                <SequencePoint vc="1" uspid="292" ordinal="6" offset="64" sl="45" sc="13" el="45" ec="70" bec="0" bev="0" fileid="12" />
                <SequencePoint vc="1" uspid="293" ordinal="7" offset="82" sl="47" sc="13" el="47" ec="75" bec="0" bev="0" fileid="12" />
                <SequencePoint vc="1" uspid="294" ordinal="8" offset="99" sl="49" sc="13" el="49" ec="54" bec="0" bev="0" fileid="12" />
                <SequencePoint vc="1" uspid="295" ordinal="9" offset="110" sl="51" sc="13" el="55" ec="15" bec="0" bev="0" fileid="12" />
                <SequencePoint vc="1" uspid="296" ordinal="10" offset="134" sl="57" sc="13" el="57" ec="98" bec="0" bev="0" fileid="12" />
                <SequencePoint vc="1" uspid="297" ordinal="11" offset="186" sl="59" sc="13" el="59" ec="83" bec="0" bev="0" fileid="12" />
                <SequencePoint vc="1" uspid="298" ordinal="12" offset="200" sl="61" sc="13" el="61" ec="56" bec="0" bev="0" fileid="12" />
                <SequencePoint vc="1" uspid="299" ordinal="13" offset="220" sl="62" sc="9" el="62" ec="10" bec="0" bev="0" fileid="12" />
              </SequencePoints>
              <BranchPoints />
              <MethodPoint vc="1" uspid="300" ordinal="0" offset="0" />
            </Method>
            <Method visited="true" cyclomaticComplexity="1" nPathComplexity="0" sequenceCoverage="100" branchCoverage="100" crapScore="1" isConstructor="false" isStatic="false" isGetter="false" isSetter="false">
              <Summary numSequencePoints="14" visitedSequencePoints="14" numBranchPoints="1" visitedBranchPoints="1" sequenceCoverage="100" branchCoverage="100" maxCyclomaticComplexity="1" minCyclomaticComplexity="1" maxCrapScore="1" minCrapScore="1" visitedClasses="0" numClasses="0" visitedMethods="1" numMethods="1" />
              <MetadataToken>100663336</MetadataToken>
              <Name>System.Void OpenCollections.Tests.ConcurrentWriterTests::WritesLinesFIFOAsync()</Name>
              <FileRef uid="12" />
              <SequencePoints>
                <SequencePoint vc="1" uspid="301" ordinal="0" offset="6" sl="66" sc="9" el="66" ec="10" bec="0" bev="0" fileid="12" />
                <SequencePoint vc="1" uspid="302" ordinal="1" offset="7" sl="67" sc="13" el="67" ec="51" bec="0" bev="0" fileid="12" />
                <SequencePoint vc="1" uspid="303" ordinal="2" offset="19" sl="69" sc="13" el="69" ec="53" bec="0" bev="0" fileid="12" />
                <SequencePoint vc="1" uspid="304" ordinal="3" offset="26" sl="71" sc="13" el="71" ec="64" bec="0" bev="0" fileid="12" />
                <SequencePoint vc="1" uspid="305" ordinal="4" offset="39" sl="73" sc="13" el="73" ec="57" bec="0" bev="0" fileid="12" />
                <SequencePoint vc="1" uspid="306" ordinal="5" offset="61" sl="75" sc="13" el="75" ec="53" bec="0" bev="0" fileid="12" />
                <SequencePoint vc="1" uspid="307" ordinal="6" offset="78" sl="77" sc="13" el="77" ec="70" bec="0" bev="0" fileid="12" />
                <SequencePoint vc="1" uspid="308" ordinal="7" offset="92" sl="79" sc="13" el="79" ec="75" bec="0" bev="0" fileid="12" />
                <SequencePoint vc="1" uspid="309" ordinal="8" offset="101" sl="81" sc="13" el="81" ec="54" bec="0" bev="0" fileid="12" />
                <SequencePoint vc="1" uspid="310" ordinal="9" offset="112" sl="83" sc="13" el="87" ec="15" bec="0" bev="0" fileid="12" />
                <SequencePoint vc="1" uspid="311" ordinal="10" offset="132" sl="89" sc="13" el="89" ec="76" bec="0" bev="0" fileid="12" />
                <SequencePoint vc="1" uspid="312" ordinal="11" offset="164" sl="91" sc="13" el="91" ec="83" bec="0" bev="0" fileid="12" />
                <SequencePoint vc="1" uspid="313" ordinal="12" offset="178" sl="93" sc="13" el="93" ec="56" bec="0" bev="0" fileid="12" />
                <SequencePoint vc="1" uspid="314" ordinal="13" offset="198" sl="94" sc="9" el="94" ec="10" bec="0" bev="0" fileid="12" />
              </SequencePoints>
              <BranchPoints />
              <MethodPoint vc="1" uspid="315" ordinal="0" offset="0" />
            </Method>
            <Method visited="true" cyclomaticComplexity="1" nPathComplexity="0" sequenceCoverage="100" branchCoverage="100" crapScore="1" isConstructor="false" isStatic="false" isGetter="false" isSetter="false">
              <Summary numSequencePoints="8" visitedSequencePoints="8" numBranchPoints="1" visitedBranchPoints="1" sequenceCoverage="100" branchCoverage="100" maxCyclomaticComplexity="1" minCyclomaticComplexity="1" maxCrapScore="1" minCrapScore="1" visitedClasses="0" numClasses="0" visitedMethods="1" numMethods="1" />
              <MetadataToken>100663337</MetadataToken>
              <Name>System.Void OpenCollections.Tests.ConcurrentWriterTests::CancelThrowsWhenAttemptingToCancelWhenCancelTokenIsManagedByOtherObject()</Name>
              <FileRef uid="12" />
              <SequencePoints>
                <SequencePoint vc="1" uspid="316" ordinal="0" offset="6" sl="98" sc="9" el="98" ec="10" bec="0" bev="0" fileid="12" />
                <SequencePoint vc="1" uspid="317" ordinal="1" offset="7" sl="99" sc="13" el="99" ec="53" bec="0" bev="0" fileid="12" />
                <SequencePoint vc="1" uspid="318" ordinal="2" offset="16" sl="101" sc="13" el="101" ec="64" bec="0" bev="0" fileid="12" />
                <SequencePoint vc="1" uspid="319" ordinal="3" offset="34" sl="103" sc="13" el="103" ec="81" bec="0" bev="0" fileid="12" />
                <SequencePoint vc="1" uspid="320" ordinal="4" offset="40" sl="105" sc="13" el="105" ec="70" bec="0" bev="0" fileid="12" />
                <SequencePoint vc="1" uspid="321" ordinal="5" offset="58" sl="107" sc="13" el="107" ec="53" bec="0" bev="0" fileid="12" />
                <SequencePoint vc="1" uspid="322" ordinal="6" offset="66" sl="109" sc="13" el="109" ec="73" bec="0" bev="0" fileid="12" />
                <SequencePoint vc="1" uspid="323" ordinal="7" offset="84" sl="110" sc="9" el="110" ec="10" bec="0" bev="0" fileid="12" />
              </SequencePoints>
              <BranchPoints />
              <MethodPoint vc="1" uspid="324" ordinal="0" offset="0" />
            </Method>
            <Method visited="true" cyclomaticComplexity="2" nPathComplexity="2" sequenceCoverage="100" branchCoverage="100" crapScore="2" isConstructor="false" isStatic="false" isGetter="false" isSetter="false">
              <Summary numSequencePoints="10" visitedSequencePoints="10" numBranchPoints="3" visitedBranchPoints="3" sequenceCoverage="100" branchCoverage="100" maxCyclomaticComplexity="2" minCyclomaticComplexity="2" maxCrapScore="2" minCrapScore="2" visitedClasses="0" numClasses="0" visitedMethods="1" numMethods="1" />
              <MetadataToken>100663338</MetadataToken>
              <Name>System.Collections.Concurrent.ConcurrentQueue`1&lt;System.String&gt; OpenCollections.Tests.ConcurrentWriterTests::GetRandomNumberList(System.Int32)</Name>
              <FileRef uid="12" />
              <SequencePoints>
                <SequencePoint vc="4" uspid="325" ordinal="0" offset="0" sl="113" sc="9" el="113" ec="10" bec="0" bev="0" fileid="12" />
                <SequencePoint vc="4" uspid="326" ordinal="1" offset="1" sl="114" sc="13" el="114" ec="57" bec="0" bev="0" fileid="12" />
                <SequencePoint vc="4" uspid="327" ordinal="2" offset="7" sl="115" sc="18" el="115" ec="27" bec="0" bev="0" fileid="12" />
                <SequencePoint vc="1020" uspid="328" ordinal="3" offset="11" sl="116" sc="13" el="116" ec="14" bec="0" bev="0" fileid="12" />
                <SequencePoint vc="1020" uspid="329" ordinal="4" offset="12" sl="117" sc="17" el="117" ec="56" bec="0" bev="0" fileid="12" />
                <SequencePoint vc="1020" uspid="330" ordinal="5" offset="45" sl="118" sc="13" el="118" ec="14" bec="0" bev="0" fileid="12" />
                <SequencePoint vc="1020" uspid="331" ordinal="6" offset="46" sl="115" sc="45" el="115" ec="48" bec="0" bev="0" fileid="12" />
                <SequencePoint vc="1024" uspid="332" ordinal="7" offset="50" sl="115" sc="29" el="115" ec="43" bec="2" bev="2" fileid="12" />
                <SequencePoint vc="4" uspid="333" ordinal="8" offset="58" sl="119" sc="13" el="119" ec="28" bec="0" bev="0" fileid="12" />
                <SequencePoint vc="4" uspid="334" ordinal="9" offset="62" sl="120" sc="9" el="120" ec="10" bec="0" bev="0" fileid="12" />
              </SequencePoints>
              <BranchPoints>
                <BranchPoint vc="4" uspid="335" ordinal="0" offset="56" sl="115" path="0" offsetend="58" fileid="12" />
                <BranchPoint vc="1020" uspid="336" ordinal="1" offset="56" sl="115" path="1" offsetend="11" fileid="12" />
              </BranchPoints>
              <MethodPoint xsi:type="SequencePoint" vc="4" uspid="325" ordinal="0" offset="0" sl="113" sc="9" el="113" ec="10" bec="0" bev="0" fileid="12" />
            </Method>
            <Method visited="true" cyclomaticComplexity="1" nPathComplexity="0" sequenceCoverage="100" branchCoverage="100" crapScore="1" isConstructor="true" isStatic="false" isGetter="false" isSetter="false">
              <Summary numSequencePoints="2" visitedSequencePoints="2" numBranchPoints="1" visitedBranchPoints="1" sequenceCoverage="100" branchCoverage="100" maxCyclomaticComplexity="1" minCyclomaticComplexity="1" maxCrapScore="1" minCrapScore="1" visitedClasses="0" numClasses="0" visitedMethods="1" numMethods="1" />
              <MetadataToken>100663339</MetadataToken>
              <Name>System.Void OpenCollections.Tests.ConcurrentWriterTests::.ctor()</Name>
              <FileRef uid="12" />
              <SequencePoints>
                <SequencePoint vc="4" uspid="337" ordinal="0" offset="0" sl="15" sc="9" el="15" ec="41" bec="0" bev="0" fileid="12" />
                <SequencePoint vc="4" uspid="338" ordinal="1" offset="11" sl="17" sc="9" el="17" ec="69" bec="0" bev="0" fileid="12" />
              </SequencePoints>
              <BranchPoints />
              <MethodPoint xsi:type="SequencePoint" vc="4" uspid="337" ordinal="0" offset="0" sl="15" sc="9" el="15" ec="41" bec="0" bev="0" fileid="12" />
            </Method>
          </Methods>
        </Class>
        <Class>
          <Summary numSequencePoints="1" visitedSequencePoints="1" numBranchPoints="1" visitedBranchPoints="1" sequenceCoverage="100" branchCoverage="100" maxCyclomaticComplexity="1" minCyclomaticComplexity="1" maxCrapScore="2" minCrapScore="1" visitedClasses="1" numClasses="1" visitedMethods="1" numMethods="1" />
          <FullName>OpenCollections.Tests.ConcurrentWriterTests/&lt;&gt;c__DisplayClass4_0</FullName>
          <Methods>
            <Method visited="false" cyclomaticComplexity="1" nPathComplexity="0" sequenceCoverage="0" branchCoverage="0" crapScore="2" isConstructor="true" isStatic="false" isGetter="false" isSetter="false">
              <Summary numSequencePoints="0" visitedSequencePoints="0" numBranchPoints="0" visitedBranchPoints="0" sequenceCoverage="0" branchCoverage="0" maxCyclomaticComplexity="1" minCyclomaticComplexity="1" maxCrapScore="2" minCrapScore="2" visitedClasses="0" numClasses="0" visitedMethods="0" numMethods="0" />
              <MetadataToken>100663407</MetadataToken>
              <Name>System.Void OpenCollections.Tests.ConcurrentWriterTests/&lt;&gt;c__DisplayClass4_0::.ctor()</Name>
              <SequencePoints />
              <BranchPoints />
              <MethodPoint vc="0" uspid="339" ordinal="0" offset="0" />
            </Method>
            <Method visited="true" cyclomaticComplexity="1" nPathComplexity="0" sequenceCoverage="100" branchCoverage="100" crapScore="1" isConstructor="false" isStatic="false" isGetter="false" isSetter="false">
              <Summary numSequencePoints="1" visitedSequencePoints="1" numBranchPoints="1" visitedBranchPoints="1" sequenceCoverage="100" branchCoverage="100" maxCyclomaticComplexity="1" minCyclomaticComplexity="1" maxCrapScore="1" minCrapScore="1" visitedClasses="0" numClasses="0" visitedMethods="1" numMethods="1" />
              <MetadataToken>100663408</MetadataToken>
              <Name>System.Void OpenCollections.Tests.ConcurrentWriterTests/&lt;&gt;c__DisplayClass4_0::&lt;ThrowsPathArgumentException&gt;b__0()</Name>
              <FileRef uid="12" />
              <SequencePoints>
                <SequencePoint vc="1" uspid="340" ordinal="0" offset="0" sl="29" sc="59" el="29" ec="83" bec="0" bev="0" fileid="12" />
              </SequencePoints>
              <BranchPoints />
              <MethodPoint xsi:type="SequencePoint" vc="1" uspid="340" ordinal="0" offset="0" sl="29" sc="59" el="29" ec="83" bec="0" bev="0" fileid="12" />
            </Method>
          </Methods>
        </Class>
        <Class>
          <Summary numSequencePoints="6" visitedSequencePoints="6" numBranchPoints="3" visitedBranchPoints="3" sequenceCoverage="100" branchCoverage="100" maxCyclomaticComplexity="1" minCyclomaticComplexity="1" maxCrapScore="2" minCrapScore="1" visitedClasses="1" numClasses="1" visitedMethods="3" numMethods="3" />
          <FullName>OpenCollections.Tests.ConcurrentWriterTests/&lt;&gt;c__DisplayClass5_0</FullName>
          <Methods>
            <Method visited="false" cyclomaticComplexity="1" nPathComplexity="0" sequenceCoverage="0" branchCoverage="0" crapScore="2" isConstructor="true" isStatic="false" isGetter="false" isSetter="false">
              <Summary numSequencePoints="0" visitedSequencePoints="0" numBranchPoints="0" visitedBranchPoints="0" sequenceCoverage="0" branchCoverage="0" maxCyclomaticComplexity="1" minCyclomaticComplexity="1" maxCrapScore="2" minCrapScore="2" visitedClasses="0" numClasses="0" visitedMethods="0" numMethods="0" />
              <MetadataToken>100663409</MetadataToken>
              <Name>System.Void OpenCollections.Tests.ConcurrentWriterTests/&lt;&gt;c__DisplayClass5_0::.ctor()</Name>
              <SequencePoints />
              <BranchPoints />
              <MethodPoint vc="0" uspid="341" ordinal="0" offset="0" />
            </Method>
            <Method visited="true" cyclomaticComplexity="1" nPathComplexity="0" sequenceCoverage="100" branchCoverage="100" crapScore="1" isConstructor="false" isStatic="false" isGetter="false" isSetter="false">
              <Summary numSequencePoints="4" visitedSequencePoints="4" numBranchPoints="1" visitedBranchPoints="1" sequenceCoverage="100" branchCoverage="100" maxCyclomaticComplexity="1" minCyclomaticComplexity="1" maxCrapScore="1" minCrapScore="1" visitedClasses="0" numClasses="0" visitedMethods="1" numMethods="1" />
              <MetadataToken>100663410</MetadataToken>
              <Name>System.Nullable`1&lt;System.Int32&gt; OpenCollections.Tests.ConcurrentWriterTests/&lt;&gt;c__DisplayClass5_0::&lt;WritesFIFO&gt;b__0(System.String)</Name>
              <FileRef uid="12" />
              <SequencePoints>
                <SequencePoint vc="500" uspid="342" ordinal="0" offset="0" sl="52" sc="13" el="52" ec="14" bec="0" bev="0" fileid="12" />
                <SequencePoint vc="500" uspid="343" ordinal="1" offset="1" sl="53" sc="17" el="53" ec="31" bec="0" bev="0" fileid="12" />
                <SequencePoint vc="500" uspid="344" ordinal="2" offset="14" sl="54" sc="17" el="54" ec="29" bec="0" bev="0" fileid="12" />
                <SequencePoint vc="500" uspid="345" ordinal="3" offset="26" sl="55" sc="13" el="55" ec="14" bec="0" bev="0" fileid="12" />
              </SequencePoints>
              <BranchPoints />
              <MethodPoint xsi:type="SequencePoint" vc="500" uspid="342" ordinal="0" offset="0" sl="52" sc="13" el="52" ec="14" bec="0" bev="0" fileid="12" />
            </Method>
            <Method visited="true" cyclomaticComplexity="1" nPathComplexity="0" sequenceCoverage="100" branchCoverage="100" crapScore="1" isConstructor="false" isStatic="false" isGetter="false" isSetter="false">
              <Summary numSequencePoints="1" visitedSequencePoints="1" numBranchPoints="1" visitedBranchPoints="1" sequenceCoverage="100" branchCoverage="100" maxCyclomaticComplexity="1" minCyclomaticComplexity="1" maxCrapScore="1" minCrapScore="1" visitedClasses="0" numClasses="0" visitedMethods="1" numMethods="1" />
              <MetadataToken>100663411</MetadataToken>
              <Name>System.Void OpenCollections.Tests.ConcurrentWriterTests/&lt;&gt;c__DisplayClass5_0::&lt;WritesFIFO&gt;b__1()</Name>
              <FileRef uid="12" />
              <SequencePoints>
                <SequencePoint vc="1" uspid="346" ordinal="0" offset="0" sl="57" sc="41" el="57" ec="59" bec="0" bev="0" fileid="12" />
              </SequencePoints>
              <BranchPoints />
              <MethodPoint xsi:type="SequencePoint" vc="1" uspid="346" ordinal="0" offset="0" sl="57" sc="41" el="57" ec="59" bec="0" bev="0" fileid="12" />
            </Method>
            <Method visited="true" cyclomaticComplexity="1" nPathComplexity="0" sequenceCoverage="100" branchCoverage="100" crapScore="1" isConstructor="false" isStatic="false" isGetter="false" isSetter="false">
              <Summary numSequencePoints="1" visitedSequencePoints="1" numBranchPoints="1" visitedBranchPoints="1" sequenceCoverage="100" branchCoverage="100" maxCyclomaticComplexity="1" minCyclomaticComplexity="1" maxCrapScore="1" minCrapScore="1" visitedClasses="0" numClasses="0" visitedMethods="1" numMethods="1" />
              <MetadataToken>100663412</MetadataToken>
              <Name>System.Void OpenCollections.Tests.ConcurrentWriterTests/&lt;&gt;c__DisplayClass5_0::&lt;WritesFIFO&gt;b__2()</Name>
              <FileRef uid="12" />
              <SequencePoints>
                <SequencePoint vc="1" uspid="347" ordinal="0" offset="0" sl="57" sc="77" el="57" ec="95" bec="0" bev="0" fileid="12" />
              </SequencePoints>
              <BranchPoints />
              <MethodPoint xsi:type="SequencePoint" vc="1" uspid="347" ordinal="0" offset="0" sl="57" sc="77" el="57" ec="95" bec="0" bev="0" fileid="12" />
            </Method>
          </Methods>
        </Class>
        <Class>
          <Summary numSequencePoints="4" visitedSequencePoints="4" numBranchPoints="1" visitedBranchPoints="1" sequenceCoverage="100" branchCoverage="100" maxCyclomaticComplexity="1" minCyclomaticComplexity="1" maxCrapScore="2" minCrapScore="1" visitedClasses="1" numClasses="1" visitedMethods="1" numMethods="1" />
          <FullName>OpenCollections.Tests.ConcurrentWriterTests/&lt;&gt;c__DisplayClass6_0</FullName>
          <Methods>
            <Method visited="false" cyclomaticComplexity="1" nPathComplexity="0" sequenceCoverage="0" branchCoverage="0" crapScore="2" isConstructor="true" isStatic="false" isGetter="false" isSetter="false">
              <Summary numSequencePoints="0" visitedSequencePoints="0" numBranchPoints="0" visitedBranchPoints="0" sequenceCoverage="0" branchCoverage="0" maxCyclomaticComplexity="1" minCyclomaticComplexity="1" maxCrapScore="2" minCrapScore="2" visitedClasses="0" numClasses="0" visitedMethods="0" numMethods="0" />
              <MetadataToken>100663413</MetadataToken>
              <Name>System.Void OpenCollections.Tests.ConcurrentWriterTests/&lt;&gt;c__DisplayClass6_0::.ctor()</Name>
              <SequencePoints />
              <BranchPoints />
              <MethodPoint vc="0" uspid="348" ordinal="0" offset="0" />
            </Method>
            <Method visited="true" cyclomaticComplexity="1" nPathComplexity="0" sequenceCoverage="100" branchCoverage="100" crapScore="1" isConstructor="false" isStatic="false" isGetter="false" isSetter="false">
              <Summary numSequencePoints="4" visitedSequencePoints="4" numBranchPoints="1" visitedBranchPoints="1" sequenceCoverage="100" branchCoverage="100" maxCyclomaticComplexity="1" minCyclomaticComplexity="1" maxCrapScore="1" minCrapScore="1" visitedClasses="0" numClasses="0" visitedMethods="1" numMethods="1" />
              <MetadataToken>100663414</MetadataToken>
              <Name>System.Nullable`1&lt;System.Int32&gt; OpenCollections.Tests.ConcurrentWriterTests/&lt;&gt;c__DisplayClass6_0::&lt;WritesLinesFIFOAsync&gt;b__0(System.String)</Name>
              <FileRef uid="12" />
              <SequencePoints>
                <SequencePoint vc="500" uspid="349" ordinal="0" offset="0" sl="84" sc="13" el="84" ec="14" bec="0" bev="0" fileid="12" />
                <SequencePoint vc="500" uspid="350" ordinal="1" offset="1" sl="85" sc="17" el="85" ec="31" bec="0" bev="0" fileid="12" />
                <SequencePoint vc="500" uspid="351" ordinal="2" offset="14" sl="86" sc="17" el="86" ec="29" bec="0" bev="0" fileid="12" />
                <SequencePoint vc="500" uspid="352" ordinal="3" offset="26" sl="87" sc="13" el="87" ec="14" bec="0" bev="0" fileid="12" />
              </SequencePoints>
              <BranchPoints />
              <MethodPoint xsi:type="SequencePoint" vc="500" uspid="349" ordinal="0" offset="0" sl="84" sc="13" el="84" ec="14" bec="0" bev="0" fileid="12" />
            </Method>
          </Methods>
        </Class>
        <Class>
          <Summary numSequencePoints="1" visitedSequencePoints="1" numBranchPoints="1" visitedBranchPoints="1" sequenceCoverage="100" branchCoverage="100" maxCyclomaticComplexity="1" minCyclomaticComplexity="1" maxCrapScore="2" minCrapScore="1" visitedClasses="1" numClasses="1" visitedMethods="1" numMethods="1" />
          <FullName>OpenCollections.Tests.ConcurrentWriterTests/&lt;&gt;c__DisplayClass7_0</FullName>
          <Methods>
            <Method visited="false" cyclomaticComplexity="1" nPathComplexity="0" sequenceCoverage="0" branchCoverage="0" crapScore="2" isConstructor="true" isStatic="false" isGetter="false" isSetter="false">
              <Summary numSequencePoints="0" visitedSequencePoints="0" numBranchPoints="0" visitedBranchPoints="0" sequenceCoverage="0" branchCoverage="0" maxCyclomaticComplexity="1" minCyclomaticComplexity="1" maxCrapScore="2" minCrapScore="2" visitedClasses="0" numClasses="0" visitedMethods="0" numMethods="0" />
              <MetadataToken>100663415</MetadataToken>
              <Name>System.Void OpenCollections.Tests.ConcurrentWriterTests/&lt;&gt;c__DisplayClass7_0::.ctor()</Name>
              <SequencePoints />
              <BranchPoints />
              <MethodPoint vc="0" uspid="353" ordinal="0" offset="0" />
            </Method>
            <Method visited="true" cyclomaticComplexity="1" nPathComplexity="0" sequenceCoverage="100" branchCoverage="100" crapScore="1" isConstructor="false" isStatic="false" isGetter="false" isSetter="false">
              <Summary numSequencePoints="1" visitedSequencePoints="1" numBranchPoints="1" visitedBranchPoints="1" sequenceCoverage="100" branchCoverage="100" maxCyclomaticComplexity="1" minCyclomaticComplexity="1" maxCrapScore="1" minCrapScore="1" visitedClasses="0" numClasses="0" visitedMethods="1" numMethods="1" />
              <MetadataToken>100663416</MetadataToken>
              <Name>System.Void OpenCollections.Tests.ConcurrentWriterTests/&lt;&gt;c__DisplayClass7_0::&lt;CancelThrowsWhenAttemptingToCancelWhenCancelTokenIsManagedByOtherObject&gt;b__0()</Name>
              <FileRef uid="12" />
              <SequencePoints>
                <SequencePoint vc="1" uspid="354" ordinal="0" offset="0" sl="109" sc="56" el="109" ec="71" bec="0" bev="0" fileid="12" />
              </SequencePoints>
              <BranchPoints />
              <MethodPoint xsi:type="SequencePoint" vc="1" uspid="354" ordinal="0" offset="0" sl="109" sc="56" el="109" ec="71" bec="0" bev="0" fileid="12" />
            </Method>
          </Methods>
        </Class>
        <Class>
          <Summary numSequencePoints="103" visitedSequencePoints="98" numBranchPoints="27" visitedBranchPoints="25" sequenceCoverage="95.15" branchCoverage="92.59" maxCyclomaticComplexity="6" minCyclomaticComplexity="1" maxCrapScore="6" minCrapScore="1" visitedClasses="1" numClasses="1" visitedMethods="11" numMethods="11" />
          <FullName>OpenCollections.Tests.EnumerableMultiReaderTests</FullName>
          <Methods>
            <Method visited="true" cyclomaticComplexity="1" nPathComplexity="0" sequenceCoverage="100" branchCoverage="100" crapScore="1" isConstructor="false" isStatic="false" isGetter="true" isSetter="false">
              <Summary numSequencePoints="1" visitedSequencePoints="1" numBranchPoints="1" visitedBranchPoints="1" sequenceCoverage="100" branchCoverage="100" maxCyclomaticComplexity="1" minCyclomaticComplexity="1" maxCrapScore="1" minCrapScore="1" visitedClasses="0" numClasses="0" visitedMethods="1" numMethods="1" />
              <MetadataToken>100663340</MetadataToken>
              <Name>System.String OpenCollections.Tests.EnumerableMultiReaderTests::get_Path()</Name>
              <FileRef uid="17" />
              <SequencePoints>
                <SequencePoint vc="15" uspid="355" ordinal="0" offset="0" sl="18" sc="24" el="18" ec="42" bec="0" bev="0" fileid="17" />
              </SequencePoints>
              <BranchPoints />
              <MethodPoint xsi:type="SequencePoint" vc="15" uspid="355" ordinal="0" offset="0" sl="18" sc="24" el="18" ec="42" bec="0" bev="0" fileid="17" />
            </Method>
            <Method visited="true" cyclomaticComplexity="3" nPathComplexity="2" sequenceCoverage="100" branchCoverage="100" crapScore="3" isConstructor="false" isStatic="false" isGetter="false" isSetter="false">
              <Summary numSequencePoints="18" visitedSequencePoints="18" numBranchPoints="3" visitedBranchPoints="3" sequenceCoverage="100" branchCoverage="100" maxCyclomaticComplexity="3" minCyclomaticComplexity="3" maxCrapScore="3" minCrapScore="3" visitedClasses="0" numClasses="0" visitedMethods="1" numMethods="1" />
              <MetadataToken>100663341</MetadataToken>
              <Name>System.Void OpenCollections.Tests.EnumerableMultiReaderTests::ProperlyDisposesFileHandle()</Name>
              <FileRef uid="17" />
              <SequencePoints>
                <SequencePoint vc="1" uspid="356" ordinal="0" offset="0" sl="22" sc="9" el="22" ec="10" bec="0" bev="0" fileid="17" />
                <SequencePoint vc="1" uspid="357" ordinal="1" offset="1" sl="23" sc="13" el="23" ec="34" bec="0" bev="0" fileid="17" />
                <SequencePoint vc="1" uspid="358" ordinal="2" offset="15" sl="24" sc="13" el="24" ec="59" bec="0" bev="0" fileid="17" />
                <SequencePoint vc="1" uspid="359" ordinal="3" offset="30" sl="27" sc="13" el="27" ec="80" bec="0" bev="0" fileid="17" />
                <SequencePoint vc="1" uspid="360" ordinal="4" offset="42" sl="29" sc="13" el="29" ec="35" bec="0" bev="0" fileid="17" />
                <SequencePoint vc="1" uspid="361" ordinal="5" offset="49" sl="31" sc="13" el="31" ec="36" bec="0" bev="0" fileid="17" />
                <SequencePoint vc="1" uspid="362" ordinal="6" offset="57" sl="45" sc="13" el="45" ec="69" bec="0" bev="0" fileid="17" />
                <SequencePoint vc="1" uspid="363" ordinal="7" offset="75" sl="48" sc="13" el="48" ec="34" bec="0" bev="0" fileid="17" />
                <SequencePoint vc="1" uspid="364" ordinal="8" offset="82" sl="51" sc="13" el="51" ec="48" bec="0" bev="0" fileid="17" />
                <SequencePoint vc="1" uspid="365" ordinal="9" offset="99" sl="54" sc="13" el="54" ec="20" bec="0" bev="0" fileid="17" />
                <SequencePoint vc="1" uspid="366" ordinal="10" offset="100" sl="54" sc="34" el="54" ec="66" bec="0" bev="0" fileid="17" />
                <SequencePoint vc="500" uspid="367" ordinal="11" offset="122" sl="54" sc="22" el="54" ec="30" bec="0" bev="0" fileid="17" />
                <SequencePoint vc="500" uspid="368" ordinal="12" offset="130" sl="55" sc="13" el="55" ec="14" bec="0" bev="0" fileid="17" />
                <SequencePoint vc="500" uspid="369" ordinal="13" offset="131" sl="56" sc="17" el="56" ec="26" bec="0" bev="0" fileid="17" />
                <SequencePoint vc="500" uspid="370" ordinal="14" offset="132" sl="57" sc="13" el="57" ec="14" bec="0" bev="0" fileid="17" />
                <SequencePoint vc="501" uspid="371" ordinal="15" offset="133" sl="54" sc="31" el="54" ec="33" bec="2" bev="2" fileid="17" />
                <SequencePoint vc="1" uspid="372" ordinal="16" offset="154" sl="60" sc="13" el="60" ec="48" bec="0" bev="0" fileid="17" />
                <SequencePoint vc="1" uspid="373" ordinal="17" offset="171" sl="61" sc="9" el="61" ec="10" bec="0" bev="0" fileid="17" />
              </SequencePoints>
              <BranchPoints>
                <BranchPoint vc="1" uspid="374" ordinal="0" offset="139" sl="54" path="0" offsetend="141" fileid="17" />
                <BranchPoint vc="500" uspid="375" ordinal="1" offset="139" sl="54" path="1" offsetend="122" fileid="17" />
              </BranchPoints>
              <MethodPoint xsi:type="SequencePoint" vc="1" uspid="356" ordinal="0" offset="0" sl="22" sc="9" el="22" ec="10" bec="0" bev="0" fileid="17" />
            </Method>
            <Method visited="true" cyclomaticComplexity="3" nPathComplexity="2" sequenceCoverage="100" branchCoverage="100" crapScore="3" isConstructor="false" isStatic="false" isGetter="false" isSetter="false">
              <Summary numSequencePoints="21" visitedSequencePoints="21" numBranchPoints="3" visitedBranchPoints="3" sequenceCoverage="100" branchCoverage="100" maxCyclomaticComplexity="3" minCyclomaticComplexity="3" maxCrapScore="3" minCrapScore="3" visitedClasses="0" numClasses="0" visitedMethods="1" numMethods="1" />
              <MetadataToken>100663342</MetadataToken>
              <Name>System.Void OpenCollections.Tests.EnumerableMultiReaderTests::ReadsMultiFiles()</Name>
              <FileRef uid="17" />
              <SequencePoints>
                <SequencePoint vc="1" uspid="376" ordinal="0" offset="0" sl="65" sc="9" el="65" ec="10" bec="0" bev="0" fileid="17" />
                <SequencePoint vc="1" uspid="377" ordinal="1" offset="1" sl="66" sc="13" el="66" ec="43" bec="0" bev="0" fileid="17" />
                <SequencePoint vc="1" uspid="378" ordinal="2" offset="24" sl="67" sc="13" el="67" ec="43" bec="0" bev="0" fileid="17" />
                <SequencePoint vc="1" uspid="379" ordinal="3" offset="47" sl="68" sc="13" el="68" ec="43" bec="0" bev="0" fileid="17" />
                <SequencePoint vc="1" uspid="380" ordinal="4" offset="70" sl="70" sc="13" el="70" ec="105" bec="0" bev="0" fileid="17" />
                <SequencePoint vc="1" uspid="381" ordinal="5" offset="134" sl="72" sc="13" el="72" ec="45" bec="0" bev="0" fileid="17" />
                <SequencePoint vc="1" uspid="382" ordinal="6" offset="145" sl="73" sc="13" el="73" ec="45" bec="0" bev="0" fileid="17" />
                <SequencePoint vc="1" uspid="383" ordinal="7" offset="156" sl="74" sc="13" el="74" ec="45" bec="0" bev="0" fileid="17" />
                <SequencePoint vc="1" uspid="384" ordinal="8" offset="167" sl="76" sc="13" el="76" ec="59" bec="0" bev="0" fileid="17" />
                <SequencePoint vc="1" uspid="385" ordinal="9" offset="175" sl="78" sc="13" el="78" ec="54" bec="0" bev="0" fileid="17" />
                <SequencePoint vc="1" uspid="386" ordinal="10" offset="182" sl="79" sc="13" el="79" ec="20" bec="0" bev="0" fileid="17" />
                <SequencePoint vc="1" uspid="387" ordinal="11" offset="183" sl="79" sc="34" el="79" ec="40" bec="0" bev="0" fileid="17" />
                <SequencePoint vc="6" uspid="388" ordinal="12" offset="194" sl="79" sc="22" el="79" ec="30" bec="0" bev="0" fileid="17" />
                <SequencePoint vc="6" uspid="389" ordinal="13" offset="203" sl="80" sc="13" el="80" ec="14" bec="0" bev="0" fileid="17" />
                <SequencePoint vc="6" uspid="390" ordinal="14" offset="204" sl="81" sc="17" el="81" ec="34" bec="0" bev="0" fileid="17" />
                <SequencePoint vc="6" uspid="391" ordinal="15" offset="214" sl="82" sc="13" el="82" ec="14" bec="0" bev="0" fileid="17" />
                <SequencePoint vc="7" uspid="392" ordinal="16" offset="215" sl="79" sc="31" el="79" ec="33" bec="2" bev="2" fileid="17" />
                <SequencePoint vc="1" uspid="393" ordinal="17" offset="239" sl="84" sc="13" el="84" ec="66" bec="0" bev="0" fileid="17" />
                <SequencePoint vc="1" uspid="394" ordinal="18" offset="295" sl="86" sc="13" el="86" ec="83" bec="0" bev="0" fileid="17" />
                <SequencePoint vc="1" uspid="395" ordinal="19" offset="306" sl="88" sc="13" el="88" ec="56" bec="0" bev="0" fileid="17" />
                <SequencePoint vc="1" uspid="396" ordinal="20" offset="326" sl="89" sc="9" el="89" ec="10" bec="0" bev="0" fileid="17" />
              </SequencePoints>
              <BranchPoints>
                <BranchPoint vc="1" uspid="397" ordinal="0" offset="222" sl="79" path="0" offsetend="224" fileid="17" />
                <BranchPoint vc="6" uspid="398" ordinal="1" offset="222" sl="79" path="1" offsetend="194" fileid="17" />
              </BranchPoints>
              <MethodPoint xsi:type="SequencePoint" vc="1" uspid="376" ordinal="0" offset="0" sl="65" sc="9" el="65" ec="10" bec="0" bev="0" fileid="17" />
            </Method>
            <Method visited="true" cyclomaticComplexity="1" nPathComplexity="0" sequenceCoverage="100" branchCoverage="100" crapScore="1" isConstructor="false" isStatic="false" isGetter="false" isSetter="false">
              <Summary numSequencePoints="3" visitedSequencePoints="3" numBranchPoints="1" visitedBranchPoints="1" sequenceCoverage="100" branchCoverage="100" maxCyclomaticComplexity="1" minCyclomaticComplexity="1" maxCrapScore="1" minCrapScore="1" visitedClasses="0" numClasses="0" visitedMethods="1" numMethods="1" />
              <MetadataToken>100663343</MetadataToken>
              <Name>System.Void OpenCollections.Tests.EnumerableMultiReaderTests::ThrowsFileNotFoundException()</Name>
              <FileRef uid="17" />
              <SequencePoints>
                <SequencePoint vc="1" uspid="399" ordinal="0" offset="0" sl="93" sc="9" el="93" ec="10" bec="0" bev="0" fileid="17" />
                <SequencePoint vc="1" uspid="400" ordinal="1" offset="2" sl="102" sc="13" el="102" ec="63" bec="0" bev="0" fileid="17" />
                <SequencePoint vc="1" uspid="401" ordinal="2" offset="20" sl="103" sc="9" el="103" ec="10" bec="0" bev="0" fileid="17" />
              </SequencePoints>
              <BranchPoints />
              <MethodPoint xsi:type="SequencePoint" vc="1" uspid="399" ordinal="0" offset="0" sl="93" sc="9" el="93" ec="10" bec="0" bev="0" fileid="17" />
            </Method>
            <Method visited="true" cyclomaticComplexity="3" nPathComplexity="2" sequenceCoverage="100" branchCoverage="100" crapScore="3" isConstructor="false" isStatic="false" isGetter="false" isSetter="false">
              <Summary numSequencePoints="13" visitedSequencePoints="13" numBranchPoints="3" visitedBranchPoints="3" sequenceCoverage="100" branchCoverage="100" maxCyclomaticComplexity="3" minCyclomaticComplexity="3" maxCrapScore="3" minCrapScore="3" visitedClasses="0" numClasses="0" visitedMethods="1" numMethods="1" />
              <MetadataToken>100663344</MetadataToken>
              <Name>System.Void OpenCollections.Tests.EnumerableMultiReaderTests::ReadLineEnumeratesFIFO()</Name>
              <FileRef uid="17" />
              <SequencePoints>
                <SequencePoint vc="1" uspid="402" ordinal="0" offset="0" sl="107" sc="9" el="107" ec="10" bec="0" bev="0" fileid="17" />
                <SequencePoint vc="1" uspid="403" ordinal="1" offset="1" sl="108" sc="13" el="108" ec="65" bec="0" bev="0" fileid="17" />
                <SequencePoint vc="1" uspid="404" ordinal="2" offset="15" sl="112" sc="13" el="112" ec="54" bec="0" bev="0" fileid="17" />
                <SequencePoint vc="1" uspid="405" ordinal="3" offset="21" sl="114" sc="13" el="114" ec="20" bec="0" bev="0" fileid="17" />
                <SequencePoint vc="1" uspid="406" ordinal="4" offset="22" sl="114" sc="34" el="114" ec="66" bec="0" bev="0" fileid="17" />
                <SequencePoint vc="500" uspid="407" ordinal="5" offset="46" sl="114" sc="22" el="114" ec="30" bec="0" bev="0" fileid="17" />
                <SequencePoint vc="500" uspid="408" ordinal="6" offset="55" sl="115" sc="13" el="115" ec="14" bec="0" bev="0" fileid="17" />
                <SequencePoint vc="500" uspid="409" ordinal="7" offset="56" sl="116" sc="17" el="116" ec="34" bec="0" bev="0" fileid="17" />
                <SequencePoint vc="500" uspid="410" ordinal="8" offset="65" sl="117" sc="13" el="117" ec="14" bec="0" bev="0" fileid="17" />
                <SequencePoint vc="501" uspid="411" ordinal="9" offset="66" sl="114" sc="31" el="114" ec="33" bec="2" bev="2" fileid="17" />
                <SequencePoint vc="1" uspid="412" ordinal="10" offset="90" sl="119" sc="13" el="119" ec="100" bec="0" bev="0" fileid="17" />
                <SequencePoint vc="1" uspid="413" ordinal="11" offset="110" sl="121" sc="13" el="121" ec="40" bec="0" bev="0" fileid="17" />
                <SequencePoint vc="1" uspid="414" ordinal="12" offset="118" sl="122" sc="9" el="122" ec="10" bec="0" bev="0" fileid="17" />
              </SequencePoints>
              <BranchPoints>
                <BranchPoint vc="1" uspid="415" ordinal="0" offset="73" sl="114" path="0" offsetend="75" fileid="17" />
                <BranchPoint vc="500" uspid="416" ordinal="1" offset="73" sl="114" path="1" offsetend="46" fileid="17" />
              </BranchPoints>
              <MethodPoint xsi:type="SequencePoint" vc="1" uspid="402" ordinal="0" offset="0" sl="107" sc="9" el="107" ec="10" bec="0" bev="0" fileid="17" />
            </Method>
            <Method visited="true" cyclomaticComplexity="6" nPathComplexity="8" sequenceCoverage="100" branchCoverage="100" crapScore="6" isConstructor="false" isStatic="false" isGetter="false" isSetter="false">
              <Summary numSequencePoints="18" visitedSequencePoints="18" numBranchPoints="7" visitedBranchPoints="7" sequenceCoverage="100" branchCoverage="100" maxCyclomaticComplexity="6" minCyclomaticComplexity="6" maxCrapScore="6" minCrapScore="6" visitedClasses="0" numClasses="0" visitedMethods="1" numMethods="1" />
              <MetadataToken>100663345</MetadataToken>
              <Name>System.Collections.Generic.IEnumerable`1&lt;System.String&gt; OpenCollections.Tests.EnumerableMultiReaderTests::CreateTestFile(System.String,System.Collections.Generic.IEnumerable`1&lt;System.String&gt;)</Name>
              <FileRef uid="17" />
              <SequencePoints>
                <SequencePoint vc="5" uspid="417" ordinal="0" offset="0" sl="125" sc="9" el="125" ec="10" bec="0" bev="0" fileid="17" />
                <SequencePoint vc="5" uspid="418" ordinal="1" offset="1" sl="126" sc="13" el="126" ec="58" bec="2" bev="2" fileid="17" />
                <SequencePoint vc="5" uspid="419" ordinal="2" offset="19" sl="128" sc="13" el="128" ec="35" bec="2" bev="2" fileid="17" />
                <SequencePoint vc="2" uspid="420" ordinal="3" offset="34" sl="129" sc="13" el="129" ec="14" bec="0" bev="0" fileid="17" />
                <SequencePoint vc="2" uspid="421" ordinal="4" offset="35" sl="130" sc="17" el="130" ec="35" bec="0" bev="0" fileid="17" />
                <SequencePoint vc="2" uspid="422" ordinal="5" offset="47" sl="131" sc="13" el="131" ec="14" bec="0" bev="0" fileid="17" />
                <SequencePoint vc="5" uspid="423" ordinal="6" offset="48" sl="132" sc="20" el="132" ec="54" bec="0" bev="0" fileid="17" />
                <SequencePoint vc="5" uspid="424" ordinal="7" offset="55" sl="133" sc="13" el="133" ec="14" bec="0" bev="0" fileid="17" />
                <SequencePoint vc="5" uspid="425" ordinal="8" offset="56" sl="134" sc="17" el="134" ec="24" bec="0" bev="0" fileid="17" />
                <SequencePoint vc="5" uspid="426" ordinal="9" offset="57" sl="134" sc="38" el="134" ec="46" bec="0" bev="0" fileid="17" />
                <SequencePoint vc="1006" uspid="427" ordinal="10" offset="66" sl="134" sc="26" el="134" ec="34" bec="0" bev="0" fileid="17" />
                <SequencePoint vc="1006" uspid="428" ordinal="11" offset="73" sl="135" sc="17" el="135" ec="18" bec="0" bev="0" fileid="17" />
                <SequencePoint vc="1006" uspid="429" ordinal="12" offset="74" sl="136" sc="21" el="136" ec="44" bec="0" bev="0" fileid="17" />
                <SequencePoint vc="1006" uspid="430" ordinal="13" offset="82" sl="137" sc="17" el="137" ec="18" bec="0" bev="0" fileid="17" />
                <SequencePoint vc="1011" uspid="431" ordinal="14" offset="83" sl="134" sc="35" el="134" ec="37" bec="2" bev="2" fileid="17" />
                <SequencePoint vc="5" uspid="432" ordinal="15" offset="104" sl="138" sc="13" el="138" ec="14" bec="0" bev="0" fileid="17" />
                <SequencePoint vc="5" uspid="433" ordinal="16" offset="118" sl="139" sc="13" el="139" ec="29" bec="0" bev="0" fileid="17" />
                <SequencePoint vc="5" uspid="434" ordinal="17" offset="123" sl="140" sc="9" el="140" ec="10" bec="0" bev="0" fileid="17" />
              </SequencePoints>
              <BranchPoints>
                <BranchPoint vc="2" uspid="435" ordinal="0" offset="3" sl="126" path="0" offsetend="5" fileid="17" />
                <BranchPoint vc="3" uspid="436" ordinal="1" offset="3" sl="126" path="1" offsetend="17" fileid="17" />
                <BranchPoint vc="2" uspid="437" ordinal="2" offset="32" sl="128" path="0" offsetend="34" fileid="17" />
                <BranchPoint vc="3" uspid="438" ordinal="3" offset="32" sl="128" path="1" offsetend="48" fileid="17" />
                <BranchPoint vc="5" uspid="439" ordinal="4" offset="89" sl="134" path="0" offsetend="91" fileid="17" />
                <BranchPoint vc="1006" uspid="440" ordinal="5" offset="89" sl="134" path="1" offsetend="66" fileid="17" />
              </BranchPoints>
              <MethodPoint xsi:type="SequencePoint" vc="5" uspid="417" ordinal="0" offset="0" sl="125" sc="9" el="125" ec="10" bec="0" bev="0" fileid="17" />
            </Method>
            <Method visited="true" cyclomaticComplexity="2" nPathComplexity="2" sequenceCoverage="100" branchCoverage="100" crapScore="2" isConstructor="false" isStatic="false" isGetter="false" isSetter="false">
              <Summary numSequencePoints="10" visitedSequencePoints="10" numBranchPoints="3" visitedBranchPoints="3" sequenceCoverage="100" branchCoverage="100" maxCyclomaticComplexity="2" minCyclomaticComplexity="2" maxCrapScore="2" minCrapScore="2" visitedClasses="0" numClasses="0" visitedMethods="1" numMethods="1" />
              <MetadataToken>100663346</MetadataToken>
              <Name>System.Collections.Generic.List`1&lt;System.String&gt; OpenCollections.Tests.EnumerableMultiReaderTests::GetRandomNumberList(System.Int32)</Name>
              <FileRef uid="17" />
              <SequencePoints>
                <SequencePoint vc="2" uspid="441" ordinal="0" offset="0" sl="143" sc="9" el="143" ec="10" bec="0" bev="0" fileid="17" />
                <SequencePoint vc="2" uspid="442" ordinal="1" offset="1" sl="144" sc="13" el="144" ec="55" bec="0" bev="0" fileid="17" />
                <SequencePoint vc="2" uspid="443" ordinal="2" offset="7" sl="145" sc="18" el="145" ec="27" bec="0" bev="0" fileid="17" />
                <SequencePoint vc="1000" uspid="444" ordinal="3" offset="11" sl="146" sc="13" el="146" ec="14" bec="0" bev="0" fileid="17" />
                <SequencePoint vc="1000" uspid="445" ordinal="4" offset="12" sl="147" sc="17" el="147" ec="37" bec="0" bev="0" fileid="17" />
                <SequencePoint vc="1000" uspid="446" ordinal="5" offset="35" sl="148" sc="13" el="148" ec="14" bec="0" bev="0" fileid="17" />
                <SequencePoint vc="1000" uspid="447" ordinal="6" offset="36" sl="145" sc="45" el="145" ec="48" bec="0" bev="0" fileid="17" />
                <SequencePoint vc="1002" uspid="448" ordinal="7" offset="40" sl="145" sc="29" el="145" ec="43" bec="2" bev="2" fileid="17" />
                <SequencePoint vc="2" uspid="449" ordinal="8" offset="48" sl="149" sc="13" el="149" ec="28" bec="0" bev="0" fileid="17" />
                <SequencePoint vc="2" uspid="450" ordinal="9" offset="52" sl="150" sc="9" el="150" ec="10" bec="0" bev="0" fileid="17" />
              </SequencePoints>
              <BranchPoints>
                <BranchPoint vc="2" uspid="451" ordinal="0" offset="46" sl="145" path="0" offsetend="48" fileid="17" />
                <BranchPoint vc="1000" uspid="452" ordinal="1" offset="46" sl="145" path="1" offsetend="11" fileid="17" />
              </BranchPoints>
              <MethodPoint xsi:type="SequencePoint" vc="2" uspid="441" ordinal="0" offset="0" sl="143" sc="9" el="143" ec="10" bec="0" bev="0" fileid="17" />
            </Method>
            <Method visited="true" cyclomaticComplexity="1" nPathComplexity="0" sequenceCoverage="100" branchCoverage="100" crapScore="1" isConstructor="true" isStatic="false" isGetter="false" isSetter="false">
              <Summary numSequencePoints="2" visitedSequencePoints="2" numBranchPoints="1" visitedBranchPoints="1" sequenceCoverage="100" branchCoverage="100" maxCyclomaticComplexity="1" minCyclomaticComplexity="1" maxCrapScore="1" minCrapScore="1" visitedClasses="0" numClasses="0" visitedMethods="1" numMethods="1" />
              <MetadataToken>100663347</MetadataToken>
              <Name>System.Void OpenCollections.Tests.EnumerableMultiReaderTests::.ctor()</Name>
              <FileRef uid="17" />
              <SequencePoints>
                <SequencePoint vc="4" uspid="453" ordinal="0" offset="0" sl="14" sc="9" el="14" ec="41" bec="0" bev="0" fileid="17" />
                <SequencePoint vc="4" uspid="454" ordinal="1" offset="11" sl="16" sc="9" el="16" ec="75" bec="0" bev="0" fileid="17" />
              </SequencePoints>
              <BranchPoints />
              <MethodPoint xsi:type="SequencePoint" vc="4" uspid="453" ordinal="0" offset="0" sl="14" sc="9" el="14" ec="41" bec="0" bev="0" fileid="17" />
            </Method>
            <Method visited="true" cyclomaticComplexity="2" nPathComplexity="0" sequenceCoverage="100" branchCoverage="100" crapScore="2" isConstructor="false" isStatic="false" isGetter="false" isSetter="false">
              <Summary numSequencePoints="7" visitedSequencePoints="7" numBranchPoints="1" visitedBranchPoints="1" sequenceCoverage="100" branchCoverage="100" maxCyclomaticComplexity="2" minCyclomaticComplexity="2" maxCrapScore="2" minCrapScore="2" visitedClasses="0" numClasses="0" visitedMethods="1" numMethods="1" />
              <MetadataToken>100663348</MetadataToken>
              <Name>System.Nullable`1&lt;System.Int32&gt; OpenCollections.Tests.EnumerableMultiReaderTests::&lt;ProperlyDisposesFileHandle&gt;g__AttemptToAccessFile|4_0()</Name>
              <FileRef uid="17" />
              <SequencePoints>
                <SequencePoint vc="3" uspid="455" ordinal="0" offset="0" sl="36" sc="13" el="36" ec="14" bec="0" bev="0" fileid="17" />
                <SequencePoint vc="3" uspid="456" ordinal="1" offset="1" sl="37" sc="24" el="37" ec="115" bec="0" bev="0" fileid="17" />
                <SequencePoint vc="2" uspid="457" ordinal="2" offset="21" sl="38" sc="17" el="38" ec="18" bec="0" bev="0" fileid="17" />
                <SequencePoint vc="2" uspid="458" ordinal="3" offset="22" sl="39" sc="21" el="39" ec="36" bec="0" bev="0" fileid="17" />
                <SequencePoint vc="2" uspid="459" ordinal="4" offset="29" sl="40" sc="17" el="40" ec="18" bec="0" bev="0" fileid="17" />
                <SequencePoint vc="2" uspid="460" ordinal="5" offset="43" sl="41" sc="17" el="41" ec="29" bec="0" bev="0" fileid="17" />
                <SequencePoint vc="2" uspid="461" ordinal="6" offset="55" sl="42" sc="13" el="42" ec="14" bec="0" bev="0" fileid="17" />
              </SequencePoints>
              <BranchPoints />
              <MethodPoint xsi:type="SequencePoint" vc="3" uspid="455" ordinal="0" offset="0" sl="36" sc="13" el="36" ec="14" bec="0" bev="0" fileid="17" />
            </Method>
            <Method visited="true" cyclomaticComplexity="1" nPathComplexity="0" sequenceCoverage="100" branchCoverage="100" crapScore="1" isConstructor="false" isStatic="false" isGetter="false" isSetter="false">
              <Summary numSequencePoints="1" visitedSequencePoints="1" numBranchPoints="1" visitedBranchPoints="1" sequenceCoverage="100" branchCoverage="100" maxCyclomaticComplexity="1" minCyclomaticComplexity="1" maxCrapScore="1" minCrapScore="1" visitedClasses="0" numClasses="0" visitedMethods="1" numMethods="1" />
              <MetadataToken>100663349</MetadataToken>
              <Name>System.Object OpenCollections.Tests.EnumerableMultiReaderTests::&lt;ProperlyDisposesFileHandle&gt;b__4_1()</Name>
              <FileRef uid="17" />
              <SequencePoints>
                <SequencePoint vc="1" uspid="462" ordinal="0" offset="0" sl="45" sc="46" el="45" ec="67" bec="0" bev="0" fileid="17" />
              </SequencePoints>
              <BranchPoints />
              <MethodPoint xsi:type="SequencePoint" vc="1" uspid="462" ordinal="0" offset="0" sl="45" sc="46" el="45" ec="67" bec="0" bev="0" fileid="17" />
            </Method>
            <Method visited="true" cyclomaticComplexity="3" nPathComplexity="2" sequenceCoverage="44.44" branchCoverage="33.33" crapScore="4.54" isConstructor="false" isStatic="true" isGetter="false" isSetter="false">
              <Summary numSequencePoints="9" visitedSequencePoints="4" numBranchPoints="3" visitedBranchPoints="1" sequenceCoverage="44.44" branchCoverage="33.33" maxCyclomaticComplexity="3" minCyclomaticComplexity="3" maxCrapScore="4.54" minCrapScore="4.54" visitedClasses="0" numClasses="0" visitedMethods="1" numMethods="1" />
              <MetadataToken>100663350</MetadataToken>
              <Name>System.String OpenCollections.Tests.EnumerableMultiReaderTests::&lt;ThrowsFileNotFoundException&gt;g__ShouldThrow|6_0()</Name>
              <FileRef uid="17" />
              <SequencePoints>
                <SequencePoint vc="1" uspid="463" ordinal="0" offset="0" sl="95" sc="13" el="95" ec="14" bec="0" bev="0" fileid="17" />
                <SequencePoint vc="1" uspid="464" ordinal="1" offset="1" sl="96" sc="17" el="96" ec="24" bec="0" bev="0" fileid="17" />
                <SequencePoint vc="1" uspid="465" ordinal="2" offset="2" sl="96" sc="38" el="96" ec="87" bec="0" bev="0" fileid="17" />
                <SequencePoint vc="0" uspid="466" ordinal="3" offset="23" sl="96" sc="26" el="96" ec="34" bec="0" bev="0" fileid="17" />
                <SequencePoint vc="0" uspid="467" ordinal="4" offset="30" sl="97" sc="17" el="97" ec="18" bec="0" bev="0" fileid="17" />
                <SequencePoint vc="0" uspid="468" ordinal="5" offset="31" sl="98" sc="21" el="98" ec="33" bec="0" bev="0" fileid="17" />
                <SequencePoint vc="1" uspid="469" ordinal="6" offset="35" sl="96" sc="35" el="96" ec="37" bec="2" bev="0" fileid="17" />
                <SequencePoint vc="0" uspid="470" ordinal="7" offset="56" sl="100" sc="17" el="100" ec="29" bec="0" bev="0" fileid="17" />
                <SequencePoint vc="0" uspid="471" ordinal="8" offset="60" sl="101" sc="13" el="101" ec="14" bec="0" bev="0" fileid="17" />
              </SequencePoints>
              <BranchPoints>
                <BranchPoint vc="0" uspid="472" ordinal="0" offset="41" sl="96" path="0" offsetend="43" fileid="17" />
                <BranchPoint vc="0" uspid="473" ordinal="1" offset="41" sl="96" path="1" offsetend="23" fileid="17" />
              </BranchPoints>
              <MethodPoint xsi:type="SequencePoint" vc="1" uspid="463" ordinal="0" offset="0" sl="95" sc="13" el="95" ec="14" bec="0" bev="0" fileid="17" />
            </Method>
          </Methods>
        </Class>
        <Class>
          <Summary numSequencePoints="81" visitedSequencePoints="76" numBranchPoints="23" visitedBranchPoints="19" sequenceCoverage="93.83" branchCoverage="82.61" maxCyclomaticComplexity="6" minCyclomaticComplexity="1" maxCrapScore="6" minCrapScore="1" visitedClasses="1" numClasses="1" visitedMethods="9" numMethods="9" />
          <FullName>OpenCollections.Tests.EnumerableStreamReaderTests</FullName>
          <Methods>
            <Method visited="true" cyclomaticComplexity="3" nPathComplexity="2" sequenceCoverage="100" branchCoverage="100" crapScore="3" isConstructor="false" isStatic="false" isGetter="false" isSetter="false">
              <Summary numSequencePoints="18" visitedSequencePoints="18" numBranchPoints="3" visitedBranchPoints="3" sequenceCoverage="100" branchCoverage="100" maxCyclomaticComplexity="3" minCyclomaticComplexity="3" maxCrapScore="3" minCrapScore="3" visitedClasses="0" numClasses="0" visitedMethods="1" numMethods="1" />
              <MetadataToken>100663351</MetadataToken>
              <Name>System.Void OpenCollections.Tests.EnumerableStreamReaderTests::ProperlyDisposesFileHandle()</Name>
              <FileRef uid="18" />
              <SequencePoints>
                <SequencePoint vc="1" uspid="474" ordinal="0" offset="0" sl="20" sc="9" el="20" ec="10" bec="0" bev="0" fileid="18" />
                <SequencePoint vc="1" uspid="475" ordinal="1" offset="1" sl="21" sc="13" el="21" ec="30" bec="0" bev="0" fileid="18" />
                <SequencePoint vc="1" uspid="476" ordinal="2" offset="9" sl="22" sc="13" el="22" ec="59" bec="0" bev="0" fileid="18" />
                <SequencePoint vc="1" uspid="477" ordinal="3" offset="21" sl="25" sc="13" el="25" ec="80" bec="0" bev="0" fileid="18" />
                <SequencePoint vc="1" uspid="478" ordinal="4" offset="33" sl="27" sc="13" el="27" ec="35" bec="0" bev="0" fileid="18" />
                <SequencePoint vc="1" uspid="479" ordinal="5" offset="40" sl="29" sc="13" el="29" ec="36" bec="0" bev="0" fileid="18" />
                <SequencePoint vc="1" uspid="480" ordinal="6" offset="48" sl="43" sc="13" el="43" ec="69" bec="0" bev="0" fileid="18" />
                <SequencePoint vc="1" uspid="481" ordinal="7" offset="66" sl="46" sc="13" el="46" ec="34" bec="0" bev="0" fileid="18" />
                <SequencePoint vc="1" uspid="482" ordinal="8" offset="73" sl="49" sc="13" el="49" ec="48" bec="0" bev="0" fileid="18" />
                <SequencePoint vc="1" uspid="483" ordinal="9" offset="90" sl="52" sc="13" el="52" ec="20" bec="0" bev="0" fileid="18" />
                <SequencePoint vc="1" uspid="484" ordinal="10" offset="91" sl="52" sc="34" el="52" ec="66" bec="0" bev="0" fileid="18" />
                <SequencePoint vc="500" uspid="485" ordinal="11" offset="110" sl="52" sc="22" el="52" ec="30" bec="0" bev="0" fileid="18" />
                <SequencePoint vc="500" uspid="486" ordinal="12" offset="117" sl="53" sc="13" el="53" ec="14" bec="0" bev="0" fileid="18" />
                <SequencePoint vc="500" uspid="487" ordinal="13" offset="118" sl="54" sc="17" el="54" ec="26" bec="0" bev="0" fileid="18" />
                <SequencePoint vc="500" uspid="488" ordinal="14" offset="119" sl="55" sc="13" el="55" ec="14" bec="0" bev="0" fileid="18" />
                <SequencePoint vc="501" uspid="489" ordinal="15" offset="120" sl="52" sc="31" el="52" ec="33" bec="2" bev="2" fileid="18" />
                <SequencePoint vc="1" uspid="490" ordinal="16" offset="141" sl="58" sc="13" el="58" ec="48" bec="0" bev="0" fileid="18" />
                <SequencePoint vc="1" uspid="491" ordinal="17" offset="158" sl="59" sc="9" el="59" ec="10" bec="0" bev="0" fileid="18" />
              </SequencePoints>
              <BranchPoints>
                <BranchPoint vc="1" uspid="492" ordinal="0" offset="126" sl="52" path="0" offsetend="128" fileid="18" />
                <BranchPoint vc="500" uspid="493" ordinal="1" offset="126" sl="52" path="1" offsetend="110" fileid="18" />
              </BranchPoints>
              <MethodPoint xsi:type="SequencePoint" vc="1" uspid="474" ordinal="0" offset="0" sl="20" sc="9" el="20" ec="10" bec="0" bev="0" fileid="18" />
            </Method>
            <Method visited="true" cyclomaticComplexity="1" nPathComplexity="0" sequenceCoverage="100" branchCoverage="100" crapScore="1" isConstructor="false" isStatic="false" isGetter="false" isSetter="false">
              <Summary numSequencePoints="3" visitedSequencePoints="3" numBranchPoints="1" visitedBranchPoints="1" sequenceCoverage="100" branchCoverage="100" maxCyclomaticComplexity="1" minCyclomaticComplexity="1" maxCrapScore="1" minCrapScore="1" visitedClasses="0" numClasses="0" visitedMethods="1" numMethods="1" />
              <MetadataToken>100663352</MetadataToken>
              <Name>System.Void OpenCollections.Tests.EnumerableStreamReaderTests::ThrowsFileNotFoundException()</Name>
              <FileRef uid="18" />
              <SequencePoints>
                <SequencePoint vc="1" uspid="494" ordinal="0" offset="0" sl="63" sc="9" el="63" ec="10" bec="0" bev="0" fileid="18" />
                <SequencePoint vc="1" uspid="495" ordinal="1" offset="2" sl="72" sc="13" el="72" ec="63" bec="0" bev="0" fileid="18" />
                <SequencePoint vc="1" uspid="496" ordinal="2" offset="20" sl="73" sc="9" el="73" ec="10" bec="0" bev="0" fileid="18" />
              </SequencePoints>
              <BranchPoints />
              <MethodPoint xsi:type="SequencePoint" vc="1" uspid="494" ordinal="0" offset="0" sl="63" sc="9" el="63" ec="10" bec="0" bev="0" fileid="18" />
            </Method>
            <Method visited="true" cyclomaticComplexity="3" nPathComplexity="2" sequenceCoverage="100" branchCoverage="100" crapScore="3" isConstructor="false" isStatic="false" isGetter="false" isSetter="false">
              <Summary numSequencePoints="13" visitedSequencePoints="13" numBranchPoints="3" visitedBranchPoints="3" sequenceCoverage="100" branchCoverage="100" maxCyclomaticComplexity="3" minCyclomaticComplexity="3" maxCrapScore="3" minCrapScore="3" visitedClasses="0" numClasses="0" visitedMethods="1" numMethods="1" />
              <MetadataToken>100663353</MetadataToken>
              <Name>System.Void OpenCollections.Tests.EnumerableStreamReaderTests::ReadLineEnumeratesFIFO()</Name>
              <FileRef uid="18" />
              <SequencePoints>
                <SequencePoint vc="1" uspid="497" ordinal="0" offset="0" sl="77" sc="9" el="77" ec="10" bec="0" bev="0" fileid="18" />
                <SequencePoint vc="1" uspid="498" ordinal="1" offset="1" sl="78" sc="13" el="78" ec="61" bec="0" bev="0" fileid="18" />
                <SequencePoint vc="1" uspid="499" ordinal="2" offset="9" sl="82" sc="13" el="82" ec="54" bec="0" bev="0" fileid="18" />
                <SequencePoint vc="1" uspid="500" ordinal="3" offset="15" sl="84" sc="13" el="84" ec="20" bec="0" bev="0" fileid="18" />
                <SequencePoint vc="1" uspid="501" ordinal="4" offset="16" sl="84" sc="34" el="84" ec="66" bec="0" bev="0" fileid="18" />
                <SequencePoint vc="500" uspid="502" ordinal="5" offset="36" sl="84" sc="22" el="84" ec="30" bec="0" bev="0" fileid="18" />
                <SequencePoint vc="500" uspid="503" ordinal="6" offset="45" sl="85" sc="13" el="85" ec="14" bec="0" bev="0" fileid="18" />
                <SequencePoint vc="500" uspid="504" ordinal="7" offset="46" sl="86" sc="17" el="86" ec="34" bec="0" bev="0" fileid="18" />
                <SequencePoint vc="500" uspid="505" ordinal="8" offset="55" sl="87" sc="13" el="87" ec="14" bec="0" bev="0" fileid="18" />
                <SequencePoint vc="501" uspid="506" ordinal="9" offset="56" sl="84" sc="31" el="84" ec="33" bec="2" bev="2" fileid="18" />
                <SequencePoint vc="1" uspid="507" ordinal="10" offset="80" sl="89" sc="13" el="89" ec="100" bec="0" bev="0" fileid="18" />
                <SequencePoint vc="1" uspid="508" ordinal="11" offset="100" sl="91" sc="13" el="91" ec="40" bec="0" bev="0" fileid="18" />
                <SequencePoint vc="1" uspid="509" ordinal="12" offset="108" sl="92" sc="9" el="92" ec="10" bec="0" bev="0" fileid="18" />
              </SequencePoints>
              <BranchPoints>
                <BranchPoint vc="1" uspid="510" ordinal="0" offset="63" sl="84" path="0" offsetend="65" fileid="18" />
                <BranchPoint vc="500" uspid="511" ordinal="1" offset="63" sl="84" path="1" offsetend="36" fileid="18" />
              </BranchPoints>
              <MethodPoint xsi:type="SequencePoint" vc="1" uspid="497" ordinal="0" offset="0" sl="77" sc="9" el="77" ec="10" bec="0" bev="0" fileid="18" />
            </Method>
            <Method visited="true" cyclomaticComplexity="6" nPathComplexity="8" sequenceCoverage="100" branchCoverage="71.43" crapScore="6" isConstructor="false" isStatic="false" isGetter="false" isSetter="false">
              <Summary numSequencePoints="18" visitedSequencePoints="18" numBranchPoints="7" visitedBranchPoints="5" sequenceCoverage="100" branchCoverage="71.43" maxCyclomaticComplexity="6" minCyclomaticComplexity="6" maxCrapScore="6" minCrapScore="6" visitedClasses="0" numClasses="0" visitedMethods="1" numMethods="1" />
              <MetadataToken>100663354</MetadataToken>
              <Name>System.Collections.Generic.IEnumerable`1&lt;System.String&gt; OpenCollections.Tests.EnumerableStreamReaderTests::CreateTestFile(System.Collections.Generic.IEnumerable`1&lt;System.String&gt;)</Name>
              <FileRef uid="18" />
              <SequencePoints>
                <SequencePoint vc="2" uspid="512" ordinal="0" offset="0" sl="95" sc="9" el="95" ec="10" bec="0" bev="0" fileid="18" />
                <SequencePoint vc="2" uspid="513" ordinal="1" offset="1" sl="96" sc="13" el="96" ec="58" bec="2" bev="1" fileid="18" />
                <SequencePoint vc="2" uspid="514" ordinal="2" offset="19" sl="98" sc="13" el="98" ec="35" bec="2" bev="1" fileid="18" />
                <SequencePoint vc="2" uspid="515" ordinal="3" offset="34" sl="99" sc="13" el="99" ec="14" bec="0" bev="0" fileid="18" />
                <SequencePoint vc="2" uspid="516" ordinal="4" offset="35" sl="100" sc="17" el="100" ec="35" bec="0" bev="0" fileid="18" />
                <SequencePoint vc="2" uspid="517" ordinal="5" offset="47" sl="101" sc="13" el="101" ec="14" bec="0" bev="0" fileid="18" />
                <SequencePoint vc="2" uspid="518" ordinal="6" offset="48" sl="102" sc="20" el="102" ec="54" bec="0" bev="0" fileid="18" />
                <SequencePoint vc="2" uspid="519" ordinal="7" offset="60" sl="103" sc="13" el="103" ec="14" bec="0" bev="0" fileid="18" />
                <SequencePoint vc="2" uspid="520" ordinal="8" offset="61" sl="104" sc="17" el="104" ec="24" bec="0" bev="0" fileid="18" />
                <SequencePoint vc="2" uspid="521" ordinal="9" offset="62" sl="104" sc="38" el="104" ec="46" bec="0" bev="0" fileid="18" />
                <SequencePoint vc="1000" uspid="522" ordinal="10" offset="71" sl="104" sc="26" el="104" ec="34" bec="0" bev="0" fileid="18" />
                <SequencePoint vc="1000" uspid="523" ordinal="11" offset="78" sl="105" sc="17" el="105" ec="18" bec="0" bev="0" fileid="18" />
                <SequencePoint vc="1000" uspid="524" ordinal="12" offset="79" sl="106" sc="21" el="106" ec="44" bec="0" bev="0" fileid="18" />
                <SequencePoint vc="1000" uspid="525" ordinal="13" offset="87" sl="107" sc="17" el="107" ec="18" bec="0" bev="0" fileid="18" />
                <SequencePoint vc="1002" uspid="526" ordinal="14" offset="88" sl="104" sc="35" el="104" ec="37" bec="2" bev="2" fileid="18" />
                <SequencePoint vc="2" uspid="527" ordinal="15" offset="109" sl="108" sc="13" el="108" ec="14" bec="0" bev="0" fileid="18" />
                <SequencePoint vc="2" uspid="528" ordinal="16" offset="123" sl="109" sc="13" el="109" ec="29" bec="0" bev="0" fileid="18" />
                <SequencePoint vc="2" uspid="529" ordinal="17" offset="128" sl="110" sc="9" el="110" ec="10" bec="0" bev="0" fileid="18" />
              </SequencePoints>
              <BranchPoints>
                <BranchPoint vc="2" uspid="530" ordinal="0" offset="3" sl="96" path="0" offsetend="5" fileid="18" />
                <BranchPoint vc="0" uspid="531" ordinal="1" offset="3" sl="96" path="1" offsetend="17" fileid="18" />
                <BranchPoint vc="2" uspid="532" ordinal="2" offset="32" sl="98" path="0" offsetend="34" fileid="18" />
                <BranchPoint vc="0" uspid="533" ordinal="3" offset="32" sl="98" path="1" offsetend="48" fileid="18" />
                <BranchPoint vc="2" uspid="534" ordinal="4" offset="94" sl="104" path="0" offsetend="96" fileid="18" />
                <BranchPoint vc="1000" uspid="535" ordinal="5" offset="94" sl="104" path="1" offsetend="71" fileid="18" />
              </BranchPoints>
              <MethodPoint xsi:type="SequencePoint" vc="2" uspid="512" ordinal="0" offset="0" sl="95" sc="9" el="95" ec="10" bec="0" bev="0" fileid="18" />
            </Method>
            <Method visited="true" cyclomaticComplexity="2" nPathComplexity="2" sequenceCoverage="100" branchCoverage="100" crapScore="2" isConstructor="false" isStatic="false" isGetter="false" isSetter="false">
              <Summary numSequencePoints="10" visitedSequencePoints="10" numBranchPoints="3" visitedBranchPoints="3" sequenceCoverage="100" branchCoverage="100" maxCyclomaticComplexity="2" minCyclomaticComplexity="2" maxCrapScore="2" minCrapScore="2" visitedClasses="0" numClasses="0" visitedMethods="1" numMethods="1" />
              <MetadataToken>100663355</MetadataToken>
              <Name>System.Collections.Generic.List`1&lt;System.String&gt; OpenCollections.Tests.EnumerableStreamReaderTests::GetRandomNumberList(System.Int32)</Name>
              <FileRef uid="18" />
              <SequencePoints>
                <SequencePoint vc="2" uspid="536" ordinal="0" offset="0" sl="113" sc="9" el="113" ec="10" bec="0" bev="0" fileid="18" />
                <SequencePoint vc="2" uspid="537" ordinal="1" offset="1" sl="114" sc="13" el="114" ec="55" bec="0" bev="0" fileid="18" />
                <SequencePoint vc="2" uspid="538" ordinal="2" offset="7" sl="115" sc="18" el="115" ec="27" bec="0" bev="0" fileid="18" />
                <SequencePoint vc="1000" uspid="539" ordinal="3" offset="11" sl="116" sc="13" el="116" ec="14" bec="0" bev="0" fileid="18" />
                <SequencePoint vc="1000" uspid="540" ordinal="4" offset="12" sl="117" sc="17" el="117" ec="37" bec="0" bev="0" fileid="18" />
                <SequencePoint vc="1000" uspid="541" ordinal="5" offset="35" sl="118" sc="13" el="118" ec="14" bec="0" bev="0" fileid="18" />
                <SequencePoint vc="1000" uspid="542" ordinal="6" offset="36" sl="115" sc="45" el="115" ec="48" bec="0" bev="0" fileid="18" />
                <SequencePoint vc="1002" uspid="543" ordinal="7" offset="40" sl="115" sc="29" el="115" ec="43" bec="2" bev="2" fileid="18" />
                <SequencePoint vc="2" uspid="544" ordinal="8" offset="48" sl="119" sc="13" el="119" ec="28" bec="0" bev="0" fileid="18" />
                <SequencePoint vc="2" uspid="545" ordinal="9" offset="52" sl="120" sc="9" el="120" ec="10" bec="0" bev="0" fileid="18" />
              </SequencePoints>
              <BranchPoints>
                <BranchPoint vc="2" uspid="546" ordinal="0" offset="46" sl="115" path="0" offsetend="48" fileid="18" />
                <BranchPoint vc="1000" uspid="547" ordinal="1" offset="46" sl="115" path="1" offsetend="11" fileid="18" />
              </BranchPoints>
              <MethodPoint xsi:type="SequencePoint" vc="2" uspid="536" ordinal="0" offset="0" sl="113" sc="9" el="113" ec="10" bec="0" bev="0" fileid="18" />
            </Method>
            <Method visited="true" cyclomaticComplexity="1" nPathComplexity="0" sequenceCoverage="100" branchCoverage="100" crapScore="1" isConstructor="true" isStatic="false" isGetter="false" isSetter="false">
              <Summary numSequencePoints="2" visitedSequencePoints="2" numBranchPoints="1" visitedBranchPoints="1" sequenceCoverage="100" branchCoverage="100" maxCyclomaticComplexity="1" minCyclomaticComplexity="1" maxCrapScore="1" minCrapScore="1" visitedClasses="0" numClasses="0" visitedMethods="1" numMethods="1" />
              <MetadataToken>100663356</MetadataToken>
              <Name>System.Void OpenCollections.Tests.EnumerableStreamReaderTests::.ctor()</Name>
              <FileRef uid="18" />
              <SequencePoints>
                <SequencePoint vc="3" uspid="548" ordinal="0" offset="0" sl="14" sc="9" el="14" ec="41" bec="0" bev="0" fileid="18" />
                <SequencePoint vc="3" uspid="549" ordinal="1" offset="11" sl="16" sc="9" el="16" ec="76" bec="0" bev="0" fileid="18" />
              </SequencePoints>
              <BranchPoints />
              <MethodPoint xsi:type="SequencePoint" vc="3" uspid="548" ordinal="0" offset="0" sl="14" sc="9" el="14" ec="41" bec="0" bev="0" fileid="18" />
            </Method>
            <Method visited="true" cyclomaticComplexity="2" nPathComplexity="0" sequenceCoverage="100" branchCoverage="100" crapScore="2" isConstructor="false" isStatic="false" isGetter="false" isSetter="false">
              <Summary numSequencePoints="7" visitedSequencePoints="7" numBranchPoints="1" visitedBranchPoints="1" sequenceCoverage="100" branchCoverage="100" maxCyclomaticComplexity="2" minCyclomaticComplexity="2" maxCrapScore="2" minCrapScore="2" visitedClasses="0" numClasses="0" visitedMethods="1" numMethods="1" />
              <MetadataToken>100663357</MetadataToken>
              <Name>System.Nullable`1&lt;System.Int32&gt; OpenCollections.Tests.EnumerableStreamReaderTests::&lt;ProperlyDisposesFileHandle&gt;g__AttemptToAccessFile|2_0()</Name>
              <FileRef uid="18" />
              <SequencePoints>
                <SequencePoint vc="3" uspid="550" ordinal="0" offset="0" sl="34" sc="13" el="34" ec="14" bec="0" bev="0" fileid="18" />
                <SequencePoint vc="3" uspid="551" ordinal="1" offset="1" sl="35" sc="24" el="35" ec="115" bec="0" bev="0" fileid="18" />
                <SequencePoint vc="2" uspid="552" ordinal="2" offset="21" sl="36" sc="17" el="36" ec="18" bec="0" bev="0" fileid="18" />
                <SequencePoint vc="2" uspid="553" ordinal="3" offset="22" sl="37" sc="21" el="37" ec="36" bec="0" bev="0" fileid="18" />
                <SequencePoint vc="2" uspid="554" ordinal="4" offset="29" sl="38" sc="17" el="38" ec="18" bec="0" bev="0" fileid="18" />
                <SequencePoint vc="2" uspid="555" ordinal="5" offset="43" sl="39" sc="17" el="39" ec="29" bec="0" bev="0" fileid="18" />
                <SequencePoint vc="2" uspid="556" ordinal="6" offset="55" sl="40" sc="13" el="40" ec="14" bec="0" bev="0" fileid="18" />
              </SequencePoints>
              <BranchPoints />
              <MethodPoint xsi:type="SequencePoint" vc="3" uspid="550" ordinal="0" offset="0" sl="34" sc="13" el="34" ec="14" bec="0" bev="0" fileid="18" />
            </Method>
            <Method visited="true" cyclomaticComplexity="1" nPathComplexity="0" sequenceCoverage="100" branchCoverage="100" crapScore="1" isConstructor="false" isStatic="false" isGetter="false" isSetter="false">
              <Summary numSequencePoints="1" visitedSequencePoints="1" numBranchPoints="1" visitedBranchPoints="1" sequenceCoverage="100" branchCoverage="100" maxCyclomaticComplexity="1" minCyclomaticComplexity="1" maxCrapScore="1" minCrapScore="1" visitedClasses="0" numClasses="0" visitedMethods="1" numMethods="1" />
              <MetadataToken>100663358</MetadataToken>
              <Name>System.Object OpenCollections.Tests.EnumerableStreamReaderTests::&lt;ProperlyDisposesFileHandle&gt;b__2_1()</Name>
              <FileRef uid="18" />
              <SequencePoints>
                <SequencePoint vc="1" uspid="557" ordinal="0" offset="0" sl="43" sc="46" el="43" ec="67" bec="0" bev="0" fileid="18" />
              </SequencePoints>
              <BranchPoints />
              <MethodPoint xsi:type="SequencePoint" vc="1" uspid="557" ordinal="0" offset="0" sl="43" sc="46" el="43" ec="67" bec="0" bev="0" fileid="18" />
            </Method>
            <Method visited="true" cyclomaticComplexity="3" nPathComplexity="2" sequenceCoverage="44.44" branchCoverage="33.33" crapScore="4.54" isConstructor="false" isStatic="true" isGetter="false" isSetter="false">
              <Summary numSequencePoints="9" visitedSequencePoints="4" numBranchPoints="3" visitedBranchPoints="1" sequenceCoverage="44.44" branchCoverage="33.33" maxCyclomaticComplexity="3" minCyclomaticComplexity="3" maxCrapScore="4.54" minCrapScore="4.54" visitedClasses="0" numClasses="0" visitedMethods="1" numMethods="1" />
              <MetadataToken>100663359</MetadataToken>
              <Name>System.String OpenCollections.Tests.EnumerableStreamReaderTests::&lt;ThrowsFileNotFoundException&gt;g__ShouldThrow|3_0()</Name>
              <FileRef uid="18" />
              <SequencePoints>
                <SequencePoint vc="1" uspid="558" ordinal="0" offset="0" sl="65" sc="13" el="65" ec="14" bec="0" bev="0" fileid="18" />
                <SequencePoint vc="1" uspid="559" ordinal="1" offset="1" sl="66" sc="17" el="66" ec="24" bec="0" bev="0" fileid="18" />
                <SequencePoint vc="1" uspid="560" ordinal="2" offset="2" sl="66" sc="38" el="66" ec="87" bec="0" bev="0" fileid="18" />
                <SequencePoint vc="0" uspid="561" ordinal="3" offset="23" sl="66" sc="26" el="66" ec="34" bec="0" bev="0" fileid="18" />
                <SequencePoint vc="0" uspid="562" ordinal="4" offset="30" sl="67" sc="17" el="67" ec="18" bec="0" bev="0" fileid="18" />
                <SequencePoint vc="0" uspid="563" ordinal="5" offset="31" sl="68" sc="21" el="68" ec="33" bec="0" bev="0" fileid="18" />
                <SequencePoint vc="1" uspid="564" ordinal="6" offset="35" sl="66" sc="35" el="66" ec="37" bec="2" bev="0" fileid="18" />
                <SequencePoint vc="0" uspid="565" ordinal="7" offset="56" sl="70" sc="17" el="70" ec="29" bec="0" bev="0" fileid="18" />
                <SequencePoint vc="0" uspid="566" ordinal="8" offset="60" sl="71" sc="13" el="71" ec="14" bec="0" bev="0" fileid="18" />
              </SequencePoints>
              <BranchPoints>
                <BranchPoint vc="0" uspid="567" ordinal="0" offset="41" sl="66" path="0" offsetend="43" fileid="18" />
                <BranchPoint vc="0" uspid="568" ordinal="1" offset="41" sl="66" path="1" offsetend="23" fileid="18" />
              </BranchPoints>
              <MethodPoint xsi:type="SequencePoint" vc="1" uspid="558" ordinal="0" offset="0" sl="65" sc="13" el="65" ec="14" bec="0" bev="0" fileid="18" />
            </Method>
          </Methods>
        </Class>
        <Class>
          <Summary numSequencePoints="29" visitedSequencePoints="29" numBranchPoints="6" visitedBranchPoints="5" sequenceCoverage="100" branchCoverage="83.33" maxCyclomaticComplexity="2" minCyclomaticComplexity="1" maxCrapScore="2" minCrapScore="1" visitedClasses="1" numClasses="1" visitedMethods="4" numMethods="4" />
          <FullName>OpenCollections.Tests.ExtensionsTests</FullName>
          <Methods>
            <Method visited="true" cyclomaticComplexity="1" nPathComplexity="0" sequenceCoverage="100" branchCoverage="100" crapScore="1" isConstructor="false" isStatic="false" isGetter="false" isSetter="false">
              <Summary numSequencePoints="5" visitedSequencePoints="5" numBranchPoints="1" visitedBranchPoints="1" sequenceCoverage="100" branchCoverage="100" maxCyclomaticComplexity="1" minCyclomaticComplexity="1" maxCrapScore="1" minCrapScore="1" visitedClasses="0" numClasses="0" visitedMethods="1" numMethods="1" />
              <MetadataToken>100663360</MetadataToken>
              <Name>System.Void OpenCollections.Tests.ExtensionsTests::OutputToSetsCorrectly()</Name>
              <FileRef uid="19" />
              <SequencePoints>
                <SequencePoint vc="1" uspid="569" ordinal="0" offset="0" sl="14" sc="9" el="14" ec="10" bec="0" bev="0" fileid="19" />
                <SequencePoint vc="1" uspid="570" ordinal="1" offset="1" sl="15" sc="13" el="15" ec="56" bec="0" bev="0" fileid="19" />
                <SequencePoint vc="1" uspid="571" ordinal="2" offset="12" sl="16" sc="13" el="16" ec="87" bec="0" bev="0" fileid="19" />
                <SequencePoint vc="1" uspid="572" ordinal="3" offset="20" sl="17" sc="13" el="17" ec="73" bec="0" bev="0" fileid="19" />
                <SequencePoint vc="1" uspid="573" ordinal="4" offset="40" sl="18" sc="9" el="18" ec="10" bec="0" bev="0" fileid="19" />
              </SequencePoints>
              <BranchPoints />
              <MethodPoint xsi:type="SequencePoint" vc="1" uspid="569" ordinal="0" offset="0" sl="14" sc="9" el="14" ec="10" bec="0" bev="0" fileid="19" />
            </Method>
            <Method visited="true" cyclomaticComplexity="1" nPathComplexity="0" sequenceCoverage="100" branchCoverage="100" crapScore="1" isConstructor="false" isStatic="false" isGetter="false" isSetter="false">
              <Summary numSequencePoints="5" visitedSequencePoints="5" numBranchPoints="1" visitedBranchPoints="1" sequenceCoverage="100" branchCoverage="100" maxCyclomaticComplexity="1" minCyclomaticComplexity="1" maxCrapScore="1" minCrapScore="1" visitedClasses="0" numClasses="0" visitedMethods="1" numMethods="1" />
              <MetadataToken>100663361</MetadataToken>
              <Name>System.Void OpenCollections.Tests.ExtensionsTests::InputFromWorksCorrectly()</Name>
              <FileRef uid="19" />
              <SequencePoints>
                <SequencePoint vc="1" uspid="574" ordinal="0" offset="0" sl="22" sc="9" el="22" ec="10" bec="0" bev="0" fileid="19" />
                <SequencePoint vc="1" uspid="575" ordinal="1" offset="1" sl="23" sc="13" el="23" ec="63" bec="0" bev="0" fileid="19" />
                <SequencePoint vc="1" uspid="576" ordinal="2" offset="7" sl="25" sc="13" el="25" ec="93" bec="0" bev="0" fileid="19" />
                <SequencePoint vc="1" uspid="577" ordinal="3" offset="14" sl="27" sc="13" el="27" ec="76" bec="0" bev="0" fileid="19" />
                <SequencePoint vc="1" uspid="578" ordinal="4" offset="34" sl="28" sc="9" el="28" ec="10" bec="0" bev="0" fileid="19" />
              </SequencePoints>
              <BranchPoints />
              <MethodPoint xsi:type="SequencePoint" vc="1" uspid="574" ordinal="0" offset="0" sl="22" sc="9" el="22" ec="10" bec="0" bev="0" fileid="19" />
            </Method>
            <Method visited="true" cyclomaticComplexity="2" nPathComplexity="2" sequenceCoverage="100" branchCoverage="66.67" crapScore="2" isConstructor="false" isStatic="false" isGetter="false" isSetter="false">
              <Summary numSequencePoints="11" visitedSequencePoints="11" numBranchPoints="3" visitedBranchPoints="2" sequenceCoverage="100" branchCoverage="66.67" maxCyclomaticComplexity="2" minCyclomaticComplexity="2" maxCrapScore="2" minCrapScore="2" visitedClasses="0" numClasses="0" visitedMethods="1" numMethods="1" />
              <MetadataToken>100663362</MetadataToken>
              <Name>System.Void OpenCollections.Tests.ExtensionsTests::InputFromMultiConsumerWorks()</Name>
              <FileRef uid="19" />
              <SequencePoints>
                <SequencePoint vc="1" uspid="579" ordinal="0" offset="0" sl="32" sc="9" el="32" ec="10" bec="0" bev="0" fileid="19" />
                <SequencePoint vc="1" uspid="580" ordinal="1" offset="1" sl="33" sc="13" el="33" ec="63" bec="0" bev="0" fileid="19" />
                <SequencePoint vc="1" uspid="581" ordinal="2" offset="8" sl="34" sc="13" el="34" ec="69" bec="0" bev="0" fileid="19" />
                <SequencePoint vc="1" uspid="582" ordinal="3" offset="14" sl="35" sc="13" el="35" ec="42" bec="0" bev="0" fileid="19" />
                <SequencePoint vc="1" uspid="583" ordinal="4" offset="22" sl="37" sc="13" el="37" ec="83" bec="0" bev="0" fileid="19" />
                <SequencePoint vc="1" uspid="584" ordinal="5" offset="45" sl="39" sc="13" el="39" ec="73" bec="0" bev="0" fileid="19" />
                <SequencePoint vc="1" uspid="585" ordinal="6" offset="61" sl="41" sc="13" el="41" ec="83" bec="0" bev="0" fileid="19" />
                <SequencePoint vc="1" uspid="586" ordinal="7" offset="84" sl="43" sc="13" el="43" ec="72" bec="0" bev="0" fileid="19" />
                <SequencePoint vc="1" uspid="587" ordinal="8" offset="91" sl="45" sc="13" el="45" ec="92" bec="0" bev="0" fileid="19" />
                <SequencePoint vc="1" uspid="588" ordinal="9" offset="111" sl="47" sc="13" el="47" ec="152" bec="2" bev="1" fileid="19" />
                <SequencePoint vc="1" uspid="589" ordinal="10" offset="156" sl="48" sc="9" el="48" ec="10" bec="0" bev="0" fileid="19" />
              </SequencePoints>
              <BranchPoints>
                <BranchPoint vc="1" uspid="590" ordinal="0" offset="128" sl="47" path="0" offsetend="130" fileid="19" />
                <BranchPoint vc="0" uspid="591" ordinal="1" offset="128" sl="47" path="1" offsetend="149" fileid="19" />
              </BranchPoints>
              <MethodPoint xsi:type="SequencePoint" vc="1" uspid="579" ordinal="0" offset="0" sl="32" sc="9" el="32" ec="10" bec="0" bev="0" fileid="19" />
            </Method>
            <Method visited="true" cyclomaticComplexity="1" nPathComplexity="0" sequenceCoverage="100" branchCoverage="100" crapScore="1" isConstructor="false" isStatic="false" isGetter="false" isSetter="false">
              <Summary numSequencePoints="8" visitedSequencePoints="8" numBranchPoints="1" visitedBranchPoints="1" sequenceCoverage="100" branchCoverage="100" maxCyclomaticComplexity="1" minCyclomaticComplexity="1" maxCrapScore="1" minCrapScore="1" visitedClasses="0" numClasses="0" visitedMethods="1" numMethods="1" />
              <MetadataToken>100663363</MetadataToken>
              <Name>System.Void OpenCollections.Tests.ExtensionsTests::StopObservingWorks()</Name>
              <FileRef uid="19" />
              <SequencePoints>
                <SequencePoint vc="1" uspid="592" ordinal="0" offset="0" sl="52" sc="9" el="52" ec="10" bec="0" bev="0" fileid="19" />
                <SequencePoint vc="1" uspid="593" ordinal="1" offset="1" sl="53" sc="13" el="53" ec="41" bec="0" bev="0" fileid="19" />
                <SequencePoint vc="1" uspid="594" ordinal="2" offset="16" sl="55" sc="13" el="55" ec="60" bec="0" bev="0" fileid="19" />
                <SequencePoint vc="1" uspid="595" ordinal="3" offset="23" sl="57" sc="13" el="57" ec="71" bec="0" bev="0" fileid="19" />
                <SequencePoint vc="1" uspid="596" ordinal="4" offset="30" sl="59" sc="13" el="59" ec="46" bec="0" bev="0" fileid="19" />
                <SequencePoint vc="1" uspid="597" ordinal="5" offset="38" sl="61" sc="13" el="61" ec="32" bec="0" bev="0" fileid="19" />
                <SequencePoint vc="1" uspid="598" ordinal="6" offset="45" sl="63" sc="13" el="63" ec="76" bec="0" bev="0" fileid="19" />
                <SequencePoint vc="1" uspid="599" ordinal="7" offset="67" sl="64" sc="9" el="64" ec="10" bec="0" bev="0" fileid="19" />
              </SequencePoints>
              <BranchPoints />
              <MethodPoint xsi:type="SequencePoint" vc="1" uspid="592" ordinal="0" offset="0" sl="52" sc="9" el="52" ec="10" bec="0" bev="0" fileid="19" />
            </Method>
            <Method visited="false" cyclomaticComplexity="1" nPathComplexity="0" sequenceCoverage="0" branchCoverage="0" crapScore="2" isConstructor="true" isStatic="false" isGetter="false" isSetter="false">
              <Summary numSequencePoints="0" visitedSequencePoints="0" numBranchPoints="0" visitedBranchPoints="0" sequenceCoverage="0" branchCoverage="0" maxCyclomaticComplexity="1" minCyclomaticComplexity="1" maxCrapScore="2" minCrapScore="2" visitedClasses="0" numClasses="0" visitedMethods="0" numMethods="0" />
              <MetadataToken>100663364</MetadataToken>
              <Name>System.Void OpenCollections.Tests.ExtensionsTests::.ctor()</Name>
              <SequencePoints />
              <BranchPoints />
              <MethodPoint vc="0" uspid="600" ordinal="0" offset="0" />
            </Method>
          </Methods>
        </Class>
        <Class>
          <Summary numSequencePoints="88" visitedSequencePoints="88" numBranchPoints="23" visitedBranchPoints="21" sequenceCoverage="100" branchCoverage="91.30" maxCyclomaticComplexity="4" minCyclomaticComplexity="1" maxCrapScore="4" minCrapScore="1" visitedClasses="1" numClasses="1" visitedMethods="7" numMethods="7" />
          <FullName>OpenCollections.Tests.MultiConcurrentConsumerTests</FullName>
          <Methods>
            <Method visited="true" cyclomaticComplexity="4" nPathComplexity="8" sequenceCoverage="100" branchCoverage="85.71" crapScore="4" isConstructor="false" isStatic="false" isGetter="false" isSetter="false">
              <Summary numSequencePoints="24" visitedSequencePoints="24" numBranchPoints="7" visitedBranchPoints="6" sequenceCoverage="100" branchCoverage="85.71" maxCyclomaticComplexity="4" minCyclomaticComplexity="4" maxCrapScore="4" minCrapScore="4" visitedClasses="0" numClasses="0" visitedMethods="1" numMethods="1" />
              <MetadataToken>100663365</MetadataToken>
              <Name>System.Void OpenCollections.Tests.MultiConcurrentConsumerTests::AllItemsPresent()</Name>
              <FileRef uid="20" />
              <SequencePoints>
                <SequencePoint vc="1" uspid="601" ordinal="0" offset="0" sl="18" sc="9" el="18" ec="10" bec="0" bev="0" fileid="20" />
                <SequencePoint vc="1" uspid="602" ordinal="1" offset="1" sl="19" sc="13" el="19" ec="46" bec="0" bev="0" fileid="20" />
                <SequencePoint vc="1" uspid="603" ordinal="2" offset="11" sl="21" sc="13" el="21" ec="51" bec="0" bev="0" fileid="20" />
                <SequencePoint vc="1" uspid="604" ordinal="3" offset="18" sl="23" sc="13" el="23" ec="46" bec="2" bev="1" fileid="20" />
                <SequencePoint vc="1" uspid="605" ordinal="4" offset="50" sl="25" sc="13" el="30" ec="15" bec="0" bev="0" fileid="20" />
                <SequencePoint vc="1" uspid="606" ordinal="5" offset="89" sl="32" sc="13" el="32" ec="32" bec="0" bev="0" fileid="20" />
                <SequencePoint vc="1" uspid="607" ordinal="6" offset="96" sl="34" sc="13" el="34" ec="57" bec="0" bev="0" fileid="20" />
                <SequencePoint vc="1" uspid="608" ordinal="7" offset="103" sl="35" sc="13" el="35" ec="20" bec="0" bev="0" fileid="20" />
                <SequencePoint vc="1" uspid="609" ordinal="8" offset="104" sl="35" sc="34" el="35" ec="42" bec="0" bev="0" fileid="20" />
                <SequencePoint vc="10" uspid="610" ordinal="9" offset="114" sl="35" sc="22" el="35" ec="30" bec="0" bev="0" fileid="20" />
                <SequencePoint vc="10" uspid="611" ordinal="10" offset="123" sl="36" sc="13" el="36" ec="14" bec="0" bev="0" fileid="20" />
                <SequencePoint vc="10" uspid="612" ordinal="11" offset="124" sl="37" sc="17" el="37" ec="24" bec="0" bev="0" fileid="20" />
                <SequencePoint vc="10" uspid="613" ordinal="12" offset="125" sl="37" sc="39" el="37" ec="43" bec="0" bev="0" fileid="20" />
                <SequencePoint vc="10000" uspid="614" ordinal="13" offset="134" sl="37" sc="26" el="37" ec="35" bec="0" bev="0" fileid="20" />
                <SequencePoint vc="10000" uspid="615" ordinal="14" offset="141" sl="38" sc="17" el="38" ec="18" bec="0" bev="0" fileid="20" />
                <SequencePoint vc="10000" uspid="616" ordinal="15" offset="142" sl="39" sc="21" el="39" ec="52" bec="0" bev="0" fileid="20" />
                <SequencePoint vc="10000" uspid="617" ordinal="16" offset="158" sl="40" sc="17" el="40" ec="18" bec="0" bev="0" fileid="20" />
                <SequencePoint vc="10010" uspid="618" ordinal="17" offset="165" sl="37" sc="36" el="37" ec="38" bec="2" bev="2" fileid="20" />
                <SequencePoint vc="10" uspid="619" ordinal="18" offset="173" sl="41" sc="13" el="41" ec="14" bec="0" bev="0" fileid="20" />
                <SequencePoint vc="11" uspid="620" ordinal="19" offset="174" sl="35" sc="31" el="35" ec="33" bec="2" bev="2" fileid="20" />
                <SequencePoint vc="1" uspid="621" ordinal="20" offset="200" sl="43" sc="13" el="43" ec="115" bec="0" bev="0" fileid="20" />
                <SequencePoint vc="1" uspid="622" ordinal="21" offset="215" sl="45" sc="13" el="45" ec="20" bec="0" bev="0" fileid="20" />
                <SequencePoint vc="1" uspid="623" ordinal="22" offset="216" sl="47" sc="13" el="47" ec="56" bec="0" bev="0" fileid="20" />
                <SequencePoint vc="1" uspid="624" ordinal="23" offset="236" sl="48" sc="9" el="48" ec="10" bec="0" bev="0" fileid="20" />
              </SequencePoints>
              <BranchPoints>
                <BranchPoint vc="1" uspid="625" ordinal="0" offset="24" sl="23" path="0" offsetend="26" fileid="20" />
                <BranchPoint vc="0" uspid="626" ordinal="1" offset="24" sl="23" path="1" offsetend="49" fileid="20" />
                <BranchPoint vc="10" uspid="627" ordinal="2" offset="171" sl="37" path="0" offsetend="173" fileid="20" />
                <BranchPoint vc="10000" uspid="628" ordinal="3" offset="171" sl="37" path="1" offsetend="134" fileid="20" />
                <BranchPoint vc="1" uspid="629" ordinal="4" offset="181" sl="35" path="0" offsetend="183" fileid="20" />
                <BranchPoint vc="10" uspid="630" ordinal="5" offset="181" sl="35" path="1" offsetend="114" fileid="20" />
              </BranchPoints>
              <MethodPoint xsi:type="SequencePoint" vc="1" uspid="601" ordinal="0" offset="0" sl="18" sc="9" el="18" ec="10" bec="0" bev="0" fileid="20" />
            </Method>
            <Method visited="true" cyclomaticComplexity="4" nPathComplexity="8" sequenceCoverage="100" branchCoverage="85.71" crapScore="4" isConstructor="false" isStatic="false" isGetter="false" isSetter="false">
              <Summary numSequencePoints="24" visitedSequencePoints="24" numBranchPoints="7" visitedBranchPoints="6" sequenceCoverage="100" branchCoverage="85.71" maxCyclomaticComplexity="4" minCyclomaticComplexity="4" maxCrapScore="4" minCrapScore="4" visitedClasses="0" numClasses="0" visitedMethods="1" numMethods="1" />
              <MetadataToken>100663366</MetadataToken>
              <Name>System.Void OpenCollections.Tests.MultiConcurrentConsumerTests::AllItemsPresentAsync()</Name>
              <FileRef uid="20" />
              <SequencePoints>
                <SequencePoint vc="1" uspid="631" ordinal="0" offset="0" sl="52" sc="9" el="52" ec="10" bec="0" bev="0" fileid="20" />
                <SequencePoint vc="1" uspid="632" ordinal="1" offset="1" sl="53" sc="13" el="53" ec="46" bec="0" bev="0" fileid="20" />
                <SequencePoint vc="1" uspid="633" ordinal="2" offset="11" sl="55" sc="13" el="55" ec="51" bec="0" bev="0" fileid="20" />
                <SequencePoint vc="1" uspid="634" ordinal="3" offset="18" sl="57" sc="13" el="57" ec="46" bec="2" bev="1" fileid="20" />
                <SequencePoint vc="1" uspid="635" ordinal="4" offset="50" sl="59" sc="13" el="64" ec="15" bec="0" bev="0" fileid="20" />
                <SequencePoint vc="1" uspid="636" ordinal="5" offset="89" sl="66" sc="13" el="66" ec="51" bec="0" bev="0" fileid="20" />
                <SequencePoint vc="1" uspid="637" ordinal="6" offset="110" sl="68" sc="13" el="68" ec="57" bec="0" bev="0" fileid="20" />
                <SequencePoint vc="1" uspid="638" ordinal="7" offset="117" sl="69" sc="13" el="69" ec="20" bec="0" bev="0" fileid="20" />
                <SequencePoint vc="1" uspid="639" ordinal="8" offset="118" sl="69" sc="34" el="69" ec="42" bec="0" bev="0" fileid="20" />
                <SequencePoint vc="7" uspid="640" ordinal="9" offset="128" sl="69" sc="22" el="69" ec="30" bec="0" bev="0" fileid="20" />
                <SequencePoint vc="7" uspid="641" ordinal="10" offset="137" sl="70" sc="13" el="70" ec="14" bec="0" bev="0" fileid="20" />
                <SequencePoint vc="7" uspid="642" ordinal="11" offset="138" sl="71" sc="17" el="71" ec="24" bec="0" bev="0" fileid="20" />
                <SequencePoint vc="7" uspid="643" ordinal="12" offset="139" sl="71" sc="39" el="71" ec="43" bec="0" bev="0" fileid="20" />
                <SequencePoint vc="7000" uspid="644" ordinal="13" offset="148" sl="71" sc="26" el="71" ec="35" bec="0" bev="0" fileid="20" />
                <SequencePoint vc="7000" uspid="645" ordinal="14" offset="155" sl="72" sc="17" el="72" ec="18" bec="0" bev="0" fileid="20" />
                <SequencePoint vc="7000" uspid="646" ordinal="15" offset="156" sl="73" sc="21" el="73" ec="52" bec="0" bev="0" fileid="20" />
                <SequencePoint vc="7000" uspid="647" ordinal="16" offset="172" sl="74" sc="17" el="74" ec="18" bec="0" bev="0" fileid="20" />
                <SequencePoint vc="7007" uspid="648" ordinal="17" offset="179" sl="71" sc="36" el="71" ec="38" bec="2" bev="2" fileid="20" />
                <SequencePoint vc="7" uspid="649" ordinal="18" offset="187" sl="75" sc="13" el="75" ec="14" bec="0" bev="0" fileid="20" />
                <SequencePoint vc="8" uspid="650" ordinal="19" offset="188" sl="69" sc="31" el="69" ec="33" bec="2" bev="2" fileid="20" />
                <SequencePoint vc="1" uspid="651" ordinal="20" offset="214" sl="77" sc="13" el="77" ec="115" bec="0" bev="0" fileid="20" />
                <SequencePoint vc="1" uspid="652" ordinal="21" offset="229" sl="79" sc="13" el="79" ec="20" bec="0" bev="0" fileid="20" />
                <SequencePoint vc="1" uspid="653" ordinal="22" offset="230" sl="81" sc="13" el="81" ec="56" bec="0" bev="0" fileid="20" />
                <SequencePoint vc="1" uspid="654" ordinal="23" offset="250" sl="82" sc="9" el="82" ec="10" bec="0" bev="0" fileid="20" />
              </SequencePoints>
              <BranchPoints>
                <BranchPoint vc="1" uspid="655" ordinal="0" offset="24" sl="57" path="0" offsetend="26" fileid="20" />
                <BranchPoint vc="0" uspid="656" ordinal="1" offset="24" sl="57" path="1" offsetend="49" fileid="20" />
                <BranchPoint vc="7" uspid="657" ordinal="2" offset="185" sl="71" path="0" offsetend="187" fileid="20" />
                <BranchPoint vc="7000" uspid="658" ordinal="3" offset="185" sl="71" path="1" offsetend="148" fileid="20" />
                <BranchPoint vc="1" uspid="659" ordinal="4" offset="195" sl="69" path="0" offsetend="197" fileid="20" />
                <BranchPoint vc="7" uspid="660" ordinal="5" offset="195" sl="69" path="1" offsetend="128" fileid="20" />
              </BranchPoints>
              <MethodPoint xsi:type="SequencePoint" vc="1" uspid="631" ordinal="0" offset="0" sl="52" sc="9" el="52" ec="10" bec="0" bev="0" fileid="20" />
            </Method>
            <Method visited="true" cyclomaticComplexity="1" nPathComplexity="0" sequenceCoverage="100" branchCoverage="100" crapScore="1" isConstructor="false" isStatic="false" isGetter="false" isSetter="false">
              <Summary numSequencePoints="9" visitedSequencePoints="9" numBranchPoints="1" visitedBranchPoints="1" sequenceCoverage="100" branchCoverage="100" maxCyclomaticComplexity="1" minCyclomaticComplexity="1" maxCrapScore="1" minCrapScore="1" visitedClasses="0" numClasses="0" visitedMethods="1" numMethods="1" />
              <MetadataToken>100663367</MetadataToken>
              <Name>System.Void OpenCollections.Tests.MultiConcurrentConsumerTests::CancelThrowsWhenAttemptingToCancelWhenCancelTokenIsManagedByOtherObject()</Name>
              <FileRef uid="20" />
              <SequencePoints>
                <SequencePoint vc="1" uspid="661" ordinal="0" offset="6" sl="87" sc="9" el="87" ec="10" bec="0" bev="0" fileid="20" />
                <SequencePoint vc="1" uspid="662" ordinal="1" offset="7" sl="88" sc="13" el="88" ec="46" bec="0" bev="0" fileid="20" />
                <SequencePoint vc="1" uspid="663" ordinal="2" offset="17" sl="90" sc="13" el="90" ec="51" bec="0" bev="0" fileid="20" />
                <SequencePoint vc="1" uspid="664" ordinal="3" offset="24" sl="92" sc="13" el="96" ec="15" bec="0" bev="0" fileid="20" />
                <SequencePoint vc="1" uspid="665" ordinal="4" offset="60" sl="98" sc="13" el="98" ec="81" bec="0" bev="0" fileid="20" />
                <SequencePoint vc="1" uspid="666" ordinal="5" offset="66" sl="100" sc="13" el="100" ec="74" bec="0" bev="0" fileid="20" />
                <SequencePoint vc="1" uspid="667" ordinal="6" offset="85" sl="102" sc="13" el="102" ec="53" bec="0" bev="0" fileid="20" />
                <SequencePoint vc="1" uspid="668" ordinal="7" offset="94" sl="104" sc="13" el="104" ec="75" bec="0" bev="0" fileid="20" />
                <SequencePoint vc="1" uspid="669" ordinal="8" offset="112" sl="105" sc="9" el="105" ec="10" bec="0" bev="0" fileid="20" />
              </SequencePoints>
              <BranchPoints />
              <MethodPoint vc="1" uspid="670" ordinal="0" offset="0" />
            </Method>
            <Method visited="true" cyclomaticComplexity="1" nPathComplexity="0" sequenceCoverage="100" branchCoverage="100" crapScore="1" isConstructor="false" isStatic="false" isGetter="false" isSetter="false">
              <Summary numSequencePoints="6" visitedSequencePoints="6" numBranchPoints="1" visitedBranchPoints="1" sequenceCoverage="100" branchCoverage="100" maxCyclomaticComplexity="1" minCyclomaticComplexity="1" maxCrapScore="1" minCrapScore="1" visitedClasses="0" numClasses="0" visitedMethods="1" numMethods="1" />
              <MetadataToken>100663368</MetadataToken>
              <Name>System.Void OpenCollections.Tests.MultiConcurrentConsumerTests::ThrowsWhenNoOperationProvided()</Name>
              <FileRef uid="20" />
              <SequencePoints>
                <SequencePoint vc="1" uspid="671" ordinal="0" offset="6" sl="109" sc="9" el="109" ec="10" bec="0" bev="0" fileid="20" />
                <SequencePoint vc="1" uspid="672" ordinal="1" offset="7" sl="110" sc="13" el="110" ec="46" bec="0" bev="0" fileid="20" />
                <SequencePoint vc="1" uspid="673" ordinal="2" offset="17" sl="112" sc="13" el="112" ec="51" bec="0" bev="0" fileid="20" />
                <SequencePoint vc="1" uspid="674" ordinal="3" offset="24" sl="114" sc="13" el="118" ec="15" bec="0" bev="0" fileid="20" />
                <SequencePoint vc="1" uspid="675" ordinal="4" offset="60" sl="120" sc="13" el="120" ec="78" bec="0" bev="0" fileid="20" />
                <SequencePoint vc="1" uspid="676" ordinal="5" offset="78" sl="121" sc="9" el="121" ec="10" bec="0" bev="0" fileid="20" />
              </SequencePoints>
              <BranchPoints />
              <MethodPoint vc="1" uspid="677" ordinal="0" offset="0" />
            </Method>
            <Method visited="true" cyclomaticComplexity="2" nPathComplexity="2" sequenceCoverage="100" branchCoverage="100" crapScore="2" isConstructor="false" isStatic="false" isGetter="false" isSetter="false">
              <Summary numSequencePoints="14" visitedSequencePoints="14" numBranchPoints="3" visitedBranchPoints="3" sequenceCoverage="100" branchCoverage="100" maxCyclomaticComplexity="2" minCyclomaticComplexity="2" maxCrapScore="2" minCrapScore="2" visitedClasses="0" numClasses="0" visitedMethods="1" numMethods="1" />
              <MetadataToken>100663369</MetadataToken>
              <Name>System.ValueTuple`2&lt;System.Collections.Generic.List`1&lt;System.Collections.Concurrent.IProducerConsumerCollection`1&lt;System.Int32&gt;&gt;,System.Collections.Generic.List`1&lt;System.Int32[]&gt;&gt; OpenCollections.Tests.MultiConcurrentConsumerTests::CreateMultipleBags(System.Int32,System.Int32)</Name>
              <FileRef uid="20" />
              <SequencePoints>
                <SequencePoint vc="4" uspid="678" ordinal="0" offset="0" sl="124" sc="9" el="124" ec="10" bec="0" bev="0" fileid="20" />
                <SequencePoint vc="4" uspid="679" ordinal="1" offset="1" sl="125" sc="13" el="125" ec="104" bec="0" bev="0" fileid="20" />
                <SequencePoint vc="4" uspid="680" ordinal="2" offset="7" sl="126" sc="13" el="126" ec="61" bec="0" bev="0" fileid="20" />
                <SequencePoint vc="4" uspid="681" ordinal="3" offset="13" sl="127" sc="13" el="127" ec="58" bec="0" bev="0" fileid="20" />
                <SequencePoint vc="4" uspid="682" ordinal="4" offset="29" sl="128" sc="18" el="128" ec="27" bec="0" bev="0" fileid="20" />
                <SequencePoint vc="35" uspid="683" ordinal="5" offset="33" sl="129" sc="13" el="129" ec="14" bec="0" bev="0" fileid="20" />
                <SequencePoint vc="35" uspid="684" ordinal="6" offset="34" sl="130" sc="17" el="130" ec="43" bec="0" bev="0" fileid="20" />
                <SequencePoint vc="35" uspid="685" ordinal="7" offset="47" sl="131" sc="17" el="131" ec="31" bec="0" bev="0" fileid="20" />
                <SequencePoint vc="35" uspid="686" ordinal="8" offset="56" sl="132" sc="17" el="132" ec="52" bec="0" bev="0" fileid="20" />
                <SequencePoint vc="35" uspid="687" ordinal="9" offset="70" sl="133" sc="13" el="133" ec="14" bec="0" bev="0" fileid="20" />
                <SequencePoint vc="35" uspid="688" ordinal="10" offset="71" sl="128" sc="44" el="128" ec="47" bec="0" bev="0" fileid="20" />
                <SequencePoint vc="39" uspid="689" ordinal="11" offset="75" sl="128" sc="29" el="128" ec="42" bec="2" bev="2" fileid="20" />
                <SequencePoint vc="4" uspid="690" ordinal="12" offset="85" sl="134" sc="13" el="134" ec="54" bec="0" bev="0" fileid="20" />
                <SequencePoint vc="4" uspid="691" ordinal="13" offset="96" sl="135" sc="9" el="135" ec="10" bec="0" bev="0" fileid="20" />
              </SequencePoints>
              <BranchPoints>
                <BranchPoint vc="4" uspid="692" ordinal="0" offset="83" sl="128" path="0" offsetend="85" fileid="20" />
                <BranchPoint vc="35" uspid="693" ordinal="1" offset="83" sl="128" path="1" offsetend="33" fileid="20" />
              </BranchPoints>
              <MethodPoint xsi:type="SequencePoint" vc="4" uspid="678" ordinal="0" offset="0" sl="124" sc="9" el="124" ec="10" bec="0" bev="0" fileid="20" />
            </Method>
            <Method visited="true" cyclomaticComplexity="2" nPathComplexity="2" sequenceCoverage="100" branchCoverage="100" crapScore="2" isConstructor="false" isStatic="false" isGetter="false" isSetter="false">
              <Summary numSequencePoints="10" visitedSequencePoints="10" numBranchPoints="3" visitedBranchPoints="3" sequenceCoverage="100" branchCoverage="100" maxCyclomaticComplexity="2" minCyclomaticComplexity="2" maxCrapScore="2" minCrapScore="2" visitedClasses="0" numClasses="0" visitedMethods="1" numMethods="1" />
              <MetadataToken>100663370</MetadataToken>
              <Name>System.Collections.Concurrent.ConcurrentQueue`1&lt;System.Int32&gt; OpenCollections.Tests.MultiConcurrentConsumerTests::CreateTestBag(System.Int32)</Name>
              <FileRef uid="20" />
              <SequencePoints>
                <SequencePoint vc="35" uspid="694" ordinal="0" offset="0" sl="138" sc="9" el="138" ec="10" bec="0" bev="0" fileid="20" />
                <SequencePoint vc="35" uspid="695" ordinal="1" offset="1" sl="139" sc="13" el="139" ec="53" bec="0" bev="0" fileid="20" />
                <SequencePoint vc="35" uspid="696" ordinal="2" offset="7" sl="140" sc="18" el="140" ec="27" bec="0" bev="0" fileid="20" />
                <SequencePoint vc="35000" uspid="697" ordinal="3" offset="11" sl="141" sc="13" el="141" ec="14" bec="0" bev="0" fileid="20" />
                <SequencePoint vc="35000" uspid="698" ordinal="4" offset="12" sl="142" sc="17" el="142" ec="73" bec="0" bev="0" fileid="20" />
                <SequencePoint vc="35000" uspid="699" ordinal="5" offset="33" sl="143" sc="13" el="143" ec="14" bec="0" bev="0" fileid="20" />
                <SequencePoint vc="35000" uspid="700" ordinal="6" offset="34" sl="140" sc="45" el="140" ec="48" bec="0" bev="0" fileid="20" />
                <SequencePoint vc="35035" uspid="701" ordinal="7" offset="38" sl="140" sc="29" el="140" ec="43" bec="2" bev="2" fileid="20" />
                <SequencePoint vc="35" uspid="702" ordinal="8" offset="46" sl="144" sc="13" el="144" ec="27" bec="0" bev="0" fileid="20" />
                <SequencePoint vc="35" uspid="703" ordinal="9" offset="50" sl="145" sc="9" el="145" ec="10" bec="0" bev="0" fileid="20" />
              </SequencePoints>
              <BranchPoints>
                <BranchPoint vc="35" uspid="704" ordinal="0" offset="44" sl="140" path="0" offsetend="46" fileid="20" />
                <BranchPoint vc="35000" uspid="705" ordinal="1" offset="44" sl="140" path="1" offsetend="11" fileid="20" />
              </BranchPoints>
              <MethodPoint xsi:type="SequencePoint" vc="35" uspid="694" ordinal="0" offset="0" sl="138" sc="9" el="138" ec="10" bec="0" bev="0" fileid="20" />
            </Method>
            <Method visited="true" cyclomaticComplexity="1" nPathComplexity="0" sequenceCoverage="100" branchCoverage="100" crapScore="1" isConstructor="true" isStatic="false" isGetter="false" isSetter="false">
              <Summary numSequencePoints="1" visitedSequencePoints="1" numBranchPoints="1" visitedBranchPoints="1" sequenceCoverage="100" branchCoverage="100" maxCyclomaticComplexity="1" minCyclomaticComplexity="1" maxCrapScore="1" minCrapScore="1" visitedClasses="0" numClasses="0" visitedMethods="1" numMethods="1" />
              <MetadataToken>100663371</MetadataToken>
              <Name>System.Void OpenCollections.Tests.MultiConcurrentConsumerTests::.ctor()</Name>
              <FileRef uid="20" />
              <SequencePoints>
                <SequencePoint vc="4" uspid="706" ordinal="0" offset="0" sl="15" sc="9" el="15" ec="41" bec="0" bev="0" fileid="20" />
              </SequencePoints>
              <BranchPoints />
              <MethodPoint xsi:type="SequencePoint" vc="4" uspid="706" ordinal="0" offset="0" sl="15" sc="9" el="15" ec="41" bec="0" bev="0" fileid="20" />
            </Method>
          </Methods>
        </Class>
        <Class>
          <Summary numSequencePoints="2" visitedSequencePoints="2" numBranchPoints="2" visitedBranchPoints="2" sequenceCoverage="100" branchCoverage="100" maxCyclomaticComplexity="1" minCyclomaticComplexity="1" maxCrapScore="2" minCrapScore="1" visitedClasses="1" numClasses="1" visitedMethods="2" numMethods="2" />
          <FullName>OpenCollections.Tests.MultiConcurrentConsumerTests/&lt;&gt;c</FullName>
          <Methods>
            <Method visited="false" cyclomaticComplexity="1" nPathComplexity="0" sequenceCoverage="0" branchCoverage="0" crapScore="2" isConstructor="true" isStatic="true" isGetter="false" isSetter="false">
              <Summary numSequencePoints="0" visitedSequencePoints="0" numBranchPoints="0" visitedBranchPoints="0" sequenceCoverage="0" branchCoverage="0" maxCyclomaticComplexity="1" minCyclomaticComplexity="1" maxCrapScore="2" minCrapScore="2" visitedClasses="0" numClasses="0" visitedMethods="0" numMethods="0" />
              <MetadataToken>100663417</MetadataToken>
              <Name>System.Void OpenCollections.Tests.MultiConcurrentConsumerTests/&lt;&gt;c::.cctor()</Name>
              <SequencePoints />
              <BranchPoints />
              <MethodPoint vc="0" uspid="707" ordinal="0" offset="0" />
            </Method>
            <Method visited="false" cyclomaticComplexity="1" nPathComplexity="0" sequenceCoverage="0" branchCoverage="0" crapScore="2" isConstructor="true" isStatic="false" isGetter="false" isSetter="false">
              <Summary numSequencePoints="0" visitedSequencePoints="0" numBranchPoints="0" visitedBranchPoints="0" sequenceCoverage="0" branchCoverage="0" maxCyclomaticComplexity="1" minCyclomaticComplexity="1" maxCrapScore="2" minCrapScore="2" visitedClasses="0" numClasses="0" visitedMethods="0" numMethods="0" />
              <MetadataToken>100663418</MetadataToken>
              <Name>System.Void OpenCollections.Tests.MultiConcurrentConsumerTests/&lt;&gt;c::.ctor()</Name>
              <SequencePoints />
              <BranchPoints />
              <MethodPoint vc="0" uspid="708" ordinal="0" offset="0" />
            </Method>
            <Method visited="true" cyclomaticComplexity="1" nPathComplexity="0" sequenceCoverage="100" branchCoverage="100" crapScore="1" isConstructor="false" isStatic="false" isGetter="false" isSetter="false">
              <Summary numSequencePoints="1" visitedSequencePoints="1" numBranchPoints="1" visitedBranchPoints="1" sequenceCoverage="100" branchCoverage="100" maxCyclomaticComplexity="1" minCyclomaticComplexity="1" maxCrapScore="1" minCrapScore="1" visitedClasses="0" numClasses="0" visitedMethods="1" numMethods="1" />
              <MetadataToken>100663419</MetadataToken>
              <Name>System.Int32 OpenCollections.Tests.MultiConcurrentConsumerTests/&lt;&gt;c::&lt;AllItemsPresent&gt;b__1_0(System.Int32)</Name>
              <FileRef uid="20" />
              <SequencePoints>
                <SequencePoint vc="20000" uspid="709" ordinal="0" offset="0" sl="23" sc="40" el="23" ec="45" bec="0" bev="0" fileid="20" />
              </SequencePoints>
              <BranchPoints />
              <MethodPoint xsi:type="SequencePoint" vc="20000" uspid="709" ordinal="0" offset="0" sl="23" sc="40" el="23" ec="45" bec="0" bev="0" fileid="20" />
            </Method>
            <Method visited="true" cyclomaticComplexity="1" nPathComplexity="0" sequenceCoverage="100" branchCoverage="100" crapScore="1" isConstructor="false" isStatic="false" isGetter="false" isSetter="false">
              <Summary numSequencePoints="1" visitedSequencePoints="1" numBranchPoints="1" visitedBranchPoints="1" sequenceCoverage="100" branchCoverage="100" maxCyclomaticComplexity="1" minCyclomaticComplexity="1" maxCrapScore="1" minCrapScore="1" visitedClasses="0" numClasses="0" visitedMethods="1" numMethods="1" />
              <MetadataToken>100663420</MetadataToken>
              <Name>System.Int32 OpenCollections.Tests.MultiConcurrentConsumerTests/&lt;&gt;c::&lt;AllItemsPresentAsync&gt;b__2_0(System.Int32)</Name>
              <FileRef uid="20" />
              <SequencePoints>
                <SequencePoint vc="14000" uspid="710" ordinal="0" offset="0" sl="57" sc="40" el="57" ec="45" bec="0" bev="0" fileid="20" />
              </SequencePoints>
              <BranchPoints />
              <MethodPoint xsi:type="SequencePoint" vc="14000" uspid="710" ordinal="0" offset="0" sl="57" sc="40" el="57" ec="45" bec="0" bev="0" fileid="20" />
            </Method>
          </Methods>
        </Class>
        <Class>
          <Summary numSequencePoints="1" visitedSequencePoints="1" numBranchPoints="1" visitedBranchPoints="1" sequenceCoverage="100" branchCoverage="100" maxCyclomaticComplexity="1" minCyclomaticComplexity="1" maxCrapScore="2" minCrapScore="1" visitedClasses="1" numClasses="1" visitedMethods="1" numMethods="1" />
          <FullName>OpenCollections.Tests.MultiConcurrentConsumerTests/&lt;&gt;c__DisplayClass3_0</FullName>
          <Methods>
            <Method visited="false" cyclomaticComplexity="1" nPathComplexity="0" sequenceCoverage="0" branchCoverage="0" crapScore="2" isConstructor="true" isStatic="false" isGetter="false" isSetter="false">
              <Summary numSequencePoints="0" visitedSequencePoints="0" numBranchPoints="0" visitedBranchPoints="0" sequenceCoverage="0" branchCoverage="0" maxCyclomaticComplexity="1" minCyclomaticComplexity="1" maxCrapScore="2" minCrapScore="2" visitedClasses="0" numClasses="0" visitedMethods="0" numMethods="0" />
              <MetadataToken>100663421</MetadataToken>
              <Name>System.Void OpenCollections.Tests.MultiConcurrentConsumerTests/&lt;&gt;c__DisplayClass3_0::.ctor()</Name>
              <SequencePoints />
              <BranchPoints />
              <MethodPoint vc="0" uspid="711" ordinal="0" offset="0" />
            </Method>
            <Method visited="true" cyclomaticComplexity="1" nPathComplexity="0" sequenceCoverage="100" branchCoverage="100" crapScore="1" isConstructor="false" isStatic="false" isGetter="false" isSetter="false">
              <Summary numSequencePoints="1" visitedSequencePoints="1" numBranchPoints="1" visitedBranchPoints="1" sequenceCoverage="100" branchCoverage="100" maxCyclomaticComplexity="1" minCyclomaticComplexity="1" maxCrapScore="1" minCrapScore="1" visitedClasses="0" numClasses="0" visitedMethods="1" numMethods="1" />
              <MetadataToken>100663422</MetadataToken>
              <Name>System.Void OpenCollections.Tests.MultiConcurrentConsumerTests/&lt;&gt;c__DisplayClass3_0::&lt;CancelThrowsWhenAttemptingToCancelWhenCancelTokenIsManagedByOtherObject&gt;b__0()</Name>
              <FileRef uid="20" />
              <SequencePoints>
                <SequencePoint vc="1" uspid="712" ordinal="0" offset="0" sl="104" sc="56" el="104" ec="73" bec="0" bev="0" fileid="20" />
              </SequencePoints>
              <BranchPoints />
              <MethodPoint xsi:type="SequencePoint" vc="1" uspid="712" ordinal="0" offset="0" sl="104" sc="56" el="104" ec="73" bec="0" bev="0" fileid="20" />
            </Method>
          </Methods>
        </Class>
        <Class>
          <Summary numSequencePoints="1" visitedSequencePoints="1" numBranchPoints="1" visitedBranchPoints="1" sequenceCoverage="100" branchCoverage="100" maxCyclomaticComplexity="1" minCyclomaticComplexity="1" maxCrapScore="2" minCrapScore="1" visitedClasses="1" numClasses="1" visitedMethods="1" numMethods="1" />
          <FullName>OpenCollections.Tests.MultiConcurrentConsumerTests/&lt;&gt;c__DisplayClass4_0</FullName>
          <Methods>
            <Method visited="false" cyclomaticComplexity="1" nPathComplexity="0" sequenceCoverage="0" branchCoverage="0" crapScore="2" isConstructor="true" isStatic="false" isGetter="false" isSetter="false">
              <Summary numSequencePoints="0" visitedSequencePoints="0" numBranchPoints="0" visitedBranchPoints="0" sequenceCoverage="0" branchCoverage="0" maxCyclomaticComplexity="1" minCyclomaticComplexity="1" maxCrapScore="2" minCrapScore="2" visitedClasses="0" numClasses="0" visitedMethods="0" numMethods="0" />
              <MetadataToken>100663423</MetadataToken>
              <Name>System.Void OpenCollections.Tests.MultiConcurrentConsumerTests/&lt;&gt;c__DisplayClass4_0::.ctor()</Name>
              <SequencePoints />
              <BranchPoints />
              <MethodPoint vc="0" uspid="713" ordinal="0" offset="0" />
            </Method>
            <Method visited="true" cyclomaticComplexity="1" nPathComplexity="0" sequenceCoverage="100" branchCoverage="100" crapScore="1" isConstructor="false" isStatic="false" isGetter="false" isSetter="false">
              <Summary numSequencePoints="1" visitedSequencePoints="1" numBranchPoints="1" visitedBranchPoints="1" sequenceCoverage="100" branchCoverage="100" maxCyclomaticComplexity="1" minCyclomaticComplexity="1" maxCrapScore="1" minCrapScore="1" visitedClasses="0" numClasses="0" visitedMethods="1" numMethods="1" />
              <MetadataToken>100663424</MetadataToken>
              <Name>System.Void OpenCollections.Tests.MultiConcurrentConsumerTests/&lt;&gt;c__DisplayClass4_0::&lt;ThrowsWhenNoOperationProvided&gt;b__0()</Name>
              <FileRef uid="20" />
              <SequencePoints>
                <SequencePoint vc="1" uspid="714" ordinal="0" offset="0" sl="120" sc="58" el="120" ec="76" bec="0" bev="0" fileid="20" />
              </SequencePoints>
              <BranchPoints />
              <MethodPoint xsi:type="SequencePoint" vc="1" uspid="714" ordinal="0" offset="0" sl="120" sc="58" el="120" ec="76" bec="0" bev="0" fileid="20" />
            </Method>
          </Methods>
        </Class>
        <Class>
          <Summary numSequencePoints="140" visitedSequencePoints="86" numBranchPoints="58" visitedBranchPoints="28" sequenceCoverage="61.43" branchCoverage="48.28" maxCyclomaticComplexity="7" minCyclomaticComplexity="1" maxCrapScore="56" minCrapScore="1" visitedClasses="1" numClasses="1" visitedMethods="8" numMethods="10" />
          <FullName>OpenCollections.Tests.PipelineTests</FullName>
          <Methods>
            <Method visited="true" cyclomaticComplexity="1" nPathComplexity="0" sequenceCoverage="100" branchCoverage="100" crapScore="1" isConstructor="false" isStatic="false" isGetter="true" isSetter="false">
              <Summary numSequencePoints="1" visitedSequencePoints="1" numBranchPoints="1" visitedBranchPoints="1" sequenceCoverage="100" branchCoverage="100" maxCyclomaticComplexity="1" minCyclomaticComplexity="1" maxCrapScore="1" minCrapScore="1" visitedClasses="0" numClasses="0" visitedMethods="1" numMethods="1" />
              <MetadataToken>100663372</MetadataToken>
              <Name>System.String OpenCollections.Tests.PipelineTests::get_Path()</Name>
              <FileRef uid="24" />
              <SequencePoints>
                <SequencePoint vc="10" uspid="715" ordinal="0" offset="0" sl="20" sc="24" el="20" ec="42" bec="0" bev="0" fileid="24" />
              </SequencePoints>
              <BranchPoints />
              <MethodPoint xsi:type="SequencePoint" vc="10" uspid="715" ordinal="0" offset="0" sl="20" sc="24" el="20" ec="42" bec="0" bev="0" fileid="24" />
            </Method>
            <Method visited="true" cyclomaticComplexity="3" nPathComplexity="4" sequenceCoverage="100" branchCoverage="60" crapScore="3" isConstructor="false" isStatic="false" isGetter="false" isSetter="false">
              <Summary numSequencePoints="13" visitedSequencePoints="13" numBranchPoints="5" visitedBranchPoints="3" sequenceCoverage="100" branchCoverage="60" maxCyclomaticComplexity="3" minCyclomaticComplexity="3" maxCrapScore="3" minCrapScore="3" visitedClasses="0" numClasses="0" visitedMethods="1" numMethods="1" />
              <MetadataToken>100663373</MetadataToken>
              <Name>System.Void OpenCollections.Tests.PipelineTests::BasicStringPipeline()</Name>
              <FileRef uid="24" />
              <SequencePoints>
                <SequencePoint vc="1" uspid="716" ordinal="0" offset="0" sl="24" sc="9" el="24" ec="10" bec="0" bev="0" fileid="24" />
                <SequencePoint vc="1" uspid="717" ordinal="1" offset="1" sl="25" sc="13" el="25" ec="49" bec="0" bev="0" fileid="24" />
                <SequencePoint vc="1" uspid="718" ordinal="2" offset="15" sl="27" sc="13" el="27" ec="53" bec="0" bev="0" fileid="24" />
                <SequencePoint vc="1" uspid="719" ordinal="3" offset="31" sl="29" sc="13" el="29" ec="70" bec="0" bev="0" fileid="24" />
                <SequencePoint vc="1" uspid="720" ordinal="4" offset="43" sl="31" sc="13" el="31" ec="74" bec="0" bev="0" fileid="24" />
                <SequencePoint vc="1" uspid="721" ordinal="5" offset="50" sl="33" sc="13" el="33" ec="54" bec="2" bev="1" fileid="24" />
                <SequencePoint vc="1" uspid="722" ordinal="6" offset="88" sl="35" sc="13" el="35" ec="32" bec="0" bev="0" fileid="24" />
                <SequencePoint vc="1" uspid="723" ordinal="7" offset="95" sl="37" sc="13" el="37" ec="32" bec="0" bev="0" fileid="24" />
                <SequencePoint vc="1" uspid="724" ordinal="8" offset="102" sl="39" sc="13" el="39" ec="65" bec="0" bev="0" fileid="24" />
                <SequencePoint vc="1" uspid="725" ordinal="9" offset="110" sl="41" sc="13" el="41" ec="61" bec="2" bev="1" fileid="24" />
                <SequencePoint vc="1" uspid="726" ordinal="10" offset="150" sl="43" sc="13" el="43" ec="100" bec="0" bev="0" fileid="24" />
                <SequencePoint vc="1" uspid="727" ordinal="11" offset="173" sl="45" sc="13" el="45" ec="40" bec="0" bev="0" fileid="24" />
                <SequencePoint vc="1" uspid="728" ordinal="12" offset="183" sl="46" sc="9" el="46" ec="10" bec="0" bev="0" fileid="24" />
              </SequencePoints>
              <BranchPoints>
                <BranchPoint vc="1" uspid="729" ordinal="0" offset="57" sl="33" path="0" offsetend="59" fileid="24" />
                <BranchPoint vc="0" uspid="730" ordinal="1" offset="57" sl="33" path="1" offsetend="82" fileid="24" />
                <BranchPoint vc="1" uspid="731" ordinal="2" offset="118" sl="41" path="0" offsetend="120" fileid="24" />
                <BranchPoint vc="0" uspid="732" ordinal="3" offset="118" sl="41" path="1" offsetend="143" fileid="24" />
              </BranchPoints>
              <MethodPoint xsi:type="SequencePoint" vc="1" uspid="716" ordinal="0" offset="0" sl="24" sc="9" el="24" ec="10" bec="0" bev="0" fileid="24" />
            </Method>
            <Method visited="true" cyclomaticComplexity="4" nPathComplexity="8" sequenceCoverage="100" branchCoverage="57.14" crapScore="4" isConstructor="false" isStatic="false" isGetter="false" isSetter="false">
              <Summary numSequencePoints="14" visitedSequencePoints="14" numBranchPoints="7" visitedBranchPoints="4" sequenceCoverage="100" branchCoverage="57.14" maxCyclomaticComplexity="4" minCyclomaticComplexity="4" maxCrapScore="4" minCrapScore="4" visitedClasses="0" numClasses="0" visitedMethods="1" numMethods="1" />
              <MetadataToken>100663374</MetadataToken>
              <Name>System.Void OpenCollections.Tests.PipelineTests::BasicStringAsyncPipeline()</Name>
              <FileRef uid="24" />
              <SequencePoints>
                <SequencePoint vc="1" uspid="733" ordinal="0" offset="0" sl="50" sc="9" el="50" ec="10" bec="0" bev="0" fileid="24" />
                <SequencePoint vc="1" uspid="734" ordinal="1" offset="1" sl="51" sc="13" el="51" ec="49" bec="0" bev="0" fileid="24" />
                <SequencePoint vc="1" uspid="735" ordinal="2" offset="15" sl="53" sc="13" el="53" ec="53" bec="0" bev="0" fileid="24" />
                <SequencePoint vc="1" uspid="736" ordinal="3" offset="31" sl="55" sc="13" el="55" ec="70" bec="0" bev="0" fileid="24" />
                <SequencePoint vc="1" uspid="737" ordinal="4" offset="43" sl="57" sc="13" el="57" ec="74" bec="0" bev="0" fileid="24" />
                <SequencePoint vc="1" uspid="738" ordinal="5" offset="50" sl="59" sc="13" el="59" ec="54" bec="2" bev="1" fileid="24" />
                <SequencePoint vc="1" uspid="739" ordinal="6" offset="88" sl="61" sc="13" el="61" ec="75" bec="0" bev="0" fileid="24" />
                <SequencePoint vc="1" uspid="740" ordinal="7" offset="96" sl="63" sc="13" el="63" ec="64" bec="2" bev="1" fileid="24" />
                <SequencePoint vc="1" uspid="741" ordinal="8" offset="135" sl="65" sc="13" el="65" ec="102" bec="0" bev="0" fileid="24" />
                <SequencePoint vc="1" uspid="742" ordinal="9" offset="175" sl="67" sc="13" el="67" ec="69" bec="0" bev="0" fileid="24" />
                <SequencePoint vc="1" uspid="743" ordinal="10" offset="184" sl="69" sc="13" el="69" ec="72" bec="2" bev="1" fileid="24" />
                <SequencePoint vc="1" uspid="744" ordinal="11" offset="223" sl="71" sc="13" el="71" ec="98" bec="0" bev="0" fileid="24" />
                <SequencePoint vc="1" uspid="745" ordinal="12" offset="247" sl="73" sc="13" el="73" ec="40" bec="0" bev="0" fileid="24" />
                <SequencePoint vc="1" uspid="746" ordinal="13" offset="257" sl="74" sc="9" el="74" ec="10" bec="0" bev="0" fileid="24" />
              </SequencePoints>
              <BranchPoints>
                <BranchPoint vc="1" uspid="747" ordinal="0" offset="57" sl="59" path="0" offsetend="59" fileid="24" />
                <BranchPoint vc="0" uspid="748" ordinal="1" offset="57" sl="59" path="1" offsetend="82" fileid="24" />
                <BranchPoint vc="1" uspid="749" ordinal="2" offset="104" sl="63" path="0" offsetend="106" fileid="24" />
                <BranchPoint vc="0" uspid="750" ordinal="3" offset="104" sl="63" path="1" offsetend="129" fileid="24" />
                <BranchPoint vc="1" uspid="751" ordinal="4" offset="191" sl="69" path="0" offsetend="193" fileid="24" />
                <BranchPoint vc="0" uspid="752" ordinal="5" offset="191" sl="69" path="1" offsetend="216" fileid="24" />
              </BranchPoints>
              <MethodPoint xsi:type="SequencePoint" vc="1" uspid="733" ordinal="0" offset="0" sl="50" sc="9" el="50" ec="10" bec="0" bev="0" fileid="24" />
            </Method>
            <Method visited="true" cyclomaticComplexity="7" nPathComplexity="64" sequenceCoverage="100" branchCoverage="53.85" crapScore="7" isConstructor="false" isStatic="false" isGetter="false" isSetter="false">
              <Summary numSequencePoints="16" visitedSequencePoints="16" numBranchPoints="13" visitedBranchPoints="7" sequenceCoverage="100" branchCoverage="53.85" maxCyclomaticComplexity="7" minCyclomaticComplexity="7" maxCrapScore="7" minCrapScore="7" visitedClasses="0" numClasses="0" visitedMethods="1" numMethods="1" />
              <MetadataToken>100663375</MetadataToken>
              <Name>System.Void OpenCollections.Tests.PipelineTests::BasicMutliConsumerPipeline()</Name>
              <FileRef uid="24" />
              <SequencePoints>
                <SequencePoint vc="1" uspid="753" ordinal="0" offset="0" sl="78" sc="9" el="78" ec="10" bec="0" bev="0" fileid="24" />
                <SequencePoint vc="1" uspid="754" ordinal="1" offset="1" sl="79" sc="13" el="79" ec="71" bec="0" bev="0" fileid="24" />
                <SequencePoint vc="1" uspid="755" ordinal="2" offset="7" sl="81" sc="13" el="81" ec="49" bec="0" bev="0" fileid="24" />
                <SequencePoint vc="1" uspid="756" ordinal="3" offset="16" sl="83" sc="13" el="83" ec="117" bec="6" bev="3" fileid="24" />
                <SequencePoint vc="1" uspid="757" ordinal="4" offset="131" sl="85" sc="13" el="85" ec="53" bec="0" bev="0" fileid="24" />
                <SequencePoint vc="1" uspid="758" ordinal="5" offset="139" sl="87" sc="13" el="87" ec="59" bec="0" bev="0" fileid="24" />
                <SequencePoint vc="1" uspid="759" ordinal="6" offset="147" sl="89" sc="13" el="89" ec="75" bec="0" bev="0" fileid="24" />
                <SequencePoint vc="1" uspid="760" ordinal="7" offset="156" sl="91" sc="13" el="91" ec="55" bec="2" bev="1" fileid="24" />
                <SequencePoint vc="1" uspid="761" ordinal="8" offset="195" sl="93" sc="13" el="93" ec="74" bec="0" bev="0" fileid="24" />
                <SequencePoint vc="1" uspid="762" ordinal="9" offset="204" sl="95" sc="13" el="95" ec="49" bec="2" bev="1" fileid="24" />
                <SequencePoint vc="1" uspid="763" ordinal="10" offset="243" sl="97" sc="13" el="97" ec="76" bec="0" bev="0" fileid="24" />
                <SequencePoint vc="1" uspid="764" ordinal="11" offset="252" sl="99" sc="13" el="99" ec="50" bec="2" bev="1" fileid="24" />
                <SequencePoint vc="1" uspid="765" ordinal="12" offset="291" sl="101" sc="13" el="101" ec="132" bec="0" bev="0" fileid="24" />
                <SequencePoint vc="1" uspid="766" ordinal="13" offset="343" sl="103" sc="13" el="103" ec="105" bec="0" bev="0" fileid="24" />
                <SequencePoint vc="1" uspid="767" ordinal="14" offset="358" sl="105" sc="13" el="105" ec="56" bec="0" bev="0" fileid="24" />
                <SequencePoint vc="1" uspid="768" ordinal="15" offset="378" sl="106" sc="9" el="106" ec="10" bec="0" bev="0" fileid="24" />
              </SequencePoints>
              <BranchPoints>
                <BranchPoint vc="1" uspid="769" ordinal="0" offset="28" sl="83" path="0" offsetend="30" fileid="24" />
                <BranchPoint vc="0" uspid="770" ordinal="1" offset="28" sl="83" path="1" offsetend="53" fileid="24" />
                <BranchPoint vc="1" uspid="771" ordinal="2" offset="64" sl="83" path="0" offsetend="66" fileid="24" />
                <BranchPoint vc="0" uspid="772" ordinal="3" offset="64" sl="83" path="1" offsetend="89" fileid="24" />
                <BranchPoint vc="1" uspid="773" ordinal="4" offset="100" sl="83" path="0" offsetend="102" fileid="24" />
                <BranchPoint vc="0" uspid="774" ordinal="5" offset="100" sl="83" path="1" offsetend="125" fileid="24" />
                <BranchPoint vc="1" uspid="775" ordinal="6" offset="164" sl="91" path="0" offsetend="166" fileid="24" />
                <BranchPoint vc="0" uspid="776" ordinal="7" offset="164" sl="91" path="1" offsetend="189" fileid="24" />
                <BranchPoint vc="1" uspid="777" ordinal="8" offset="212" sl="95" path="0" offsetend="214" fileid="24" />
                <BranchPoint vc="0" uspid="778" ordinal="9" offset="212" sl="95" path="1" offsetend="237" fileid="24" />
                <BranchPoint vc="1" uspid="779" ordinal="10" offset="260" sl="99" path="0" offsetend="262" fileid="24" />
                <BranchPoint vc="0" uspid="780" ordinal="11" offset="260" sl="99" path="1" offsetend="285" fileid="24" />
              </BranchPoints>
              <MethodPoint xsi:type="SequencePoint" vc="1" uspid="753" ordinal="0" offset="0" sl="78" sc="9" el="78" ec="10" bec="0" bev="0" fileid="24" />
            </Method>
            <Method visited="true" cyclomaticComplexity="3" nPathComplexity="4" sequenceCoverage="100" branchCoverage="60" crapScore="3" isConstructor="false" isStatic="false" isGetter="false" isSetter="false">
              <Summary numSequencePoints="12" visitedSequencePoints="12" numBranchPoints="5" visitedBranchPoints="3" sequenceCoverage="100" branchCoverage="60" maxCyclomaticComplexity="3" minCyclomaticComplexity="3" maxCrapScore="3" minCrapScore="3" visitedClasses="0" numClasses="0" visitedMethods="1" numMethods="1" />
              <MetadataToken>100663376</MetadataToken>
              <Name>System.Void OpenCollections.Tests.PipelineTests::BasicFileReadingPipeline()</Name>
              <FileRef uid="24" />
              <SequencePoints>
                <SequencePoint vc="1" uspid="781" ordinal="0" offset="0" sl="110" sc="9" el="110" ec="10" bec="0" bev="0" fileid="24" />
                <SequencePoint vc="1" uspid="782" ordinal="1" offset="1" sl="111" sc="13" el="111" ec="69" bec="0" bev="0" fileid="24" />
                <SequencePoint vc="1" uspid="783" ordinal="2" offset="7" sl="113" sc="13" el="113" ec="49" bec="0" bev="0" fileid="24" />
                <SequencePoint vc="1" uspid="784" ordinal="3" offset="16" sl="114" sc="13" el="114" ec="75" bec="2" bev="1" fileid="24" />
                <SequencePoint vc="1" uspid="785" ordinal="4" offset="59" sl="116" sc="13" el="116" ec="53" bec="0" bev="0" fileid="24" />
                <SequencePoint vc="1" uspid="786" ordinal="5" offset="67" sl="118" sc="13" el="118" ec="59" bec="0" bev="0" fileid="24" />
                <SequencePoint vc="1" uspid="787" ordinal="6" offset="75" sl="120" sc="13" el="120" ec="74" bec="0" bev="0" fileid="24" />
                <SequencePoint vc="1" uspid="788" ordinal="7" offset="84" sl="122" sc="13" el="122" ec="54" bec="2" bev="1" fileid="24" />
                <SequencePoint vc="1" uspid="789" ordinal="8" offset="123" sl="124" sc="13" el="124" ec="76" bec="0" bev="0" fileid="24" />
                <SequencePoint vc="1" uspid="790" ordinal="9" offset="155" sl="126" sc="13" el="126" ec="102" bec="0" bev="0" fileid="24" />
                <SequencePoint vc="1" uspid="791" ordinal="10" offset="170" sl="128" sc="13" el="128" ec="56" bec="0" bev="0" fileid="24" />
                <SequencePoint vc="1" uspid="792" ordinal="11" offset="190" sl="129" sc="9" el="129" ec="10" bec="0" bev="0" fileid="24" />
              </SequencePoints>
              <BranchPoints>
                <BranchPoint vc="1" uspid="793" ordinal="0" offset="28" sl="114" path="0" offsetend="30" fileid="24" />
                <BranchPoint vc="0" uspid="794" ordinal="1" offset="28" sl="114" path="1" offsetend="53" fileid="24" />
                <BranchPoint vc="1" uspid="795" ordinal="2" offset="92" sl="122" path="0" offsetend="94" fileid="24" />
                <BranchPoint vc="0" uspid="796" ordinal="3" offset="92" sl="122" path="1" offsetend="117" fileid="24" />
              </BranchPoints>
              <MethodPoint xsi:type="SequencePoint" vc="1" uspid="781" ordinal="0" offset="0" sl="110" sc="9" el="110" ec="10" bec="0" bev="0" fileid="24" />
            </Method>
            <Method visited="false" cyclomaticComplexity="5" nPathComplexity="8" sequenceCoverage="0" branchCoverage="0" crapScore="30" isConstructor="false" isStatic="false" isGetter="false" isSetter="false">
              <Summary numSequencePoints="26" visitedSequencePoints="0" numBranchPoints="7" visitedBranchPoints="0" sequenceCoverage="0" branchCoverage="0" maxCyclomaticComplexity="5" minCyclomaticComplexity="5" maxCrapScore="30" minCrapScore="30" visitedClasses="0" numClasses="0" visitedMethods="0" numMethods="1" />
              <MetadataToken>100663377</MetadataToken>
              <Name>System.ValueTuple`2&lt;System.String[],System.Collections.Generic.List`1&lt;OpenCollections.Tests.PipelineTests/TestClass&gt;&gt; OpenCollections.Tests.PipelineTests::CreateTestFlatFiles()</Name>
              <FileRef uid="24" />
              <SequencePoints>
                <SequencePoint vc="0" uspid="797" ordinal="0" offset="0" sl="132" sc="9" el="132" ec="10" bec="0" bev="0" fileid="24" />
                <SequencePoint vc="0" uspid="798" ordinal="1" offset="1" sl="133" sc="13" el="145" ec="15" bec="0" bev="0" fileid="24" />
                <SequencePoint vc="0" uspid="799" ordinal="2" offset="200" sl="147" sc="13" el="147" ec="63" bec="0" bev="0" fileid="24" />
                <SequencePoint vc="0" uspid="800" ordinal="3" offset="206" sl="150" sc="13" el="150" ec="20" bec="0" bev="0" fileid="24" />
                <SequencePoint vc="0" uspid="801" ordinal="4" offset="207" sl="150" sc="34" el="150" ec="39" bec="0" bev="0" fileid="24" />
                <SequencePoint vc="0" uspid="802" ordinal="5" offset="214" sl="150" sc="22" el="150" ec="30" bec="0" bev="0" fileid="24" />
                <SequencePoint vc="0" uspid="803" ordinal="6" offset="220" sl="151" sc="13" el="151" ec="14" bec="0" bev="0" fileid="24" />
                <SequencePoint vc="0" uspid="804" ordinal="7" offset="221" sl="152" sc="17" el="152" ec="57" bec="0" bev="0" fileid="24" />
                <SequencePoint vc="0" uspid="805" ordinal="8" offset="237" sl="153" sc="13" el="153" ec="14" bec="0" bev="0" fileid="24" />
                <SequencePoint vc="0" uspid="806" ordinal="9" offset="244" sl="150" sc="31" el="150" ec="33" bec="2" bev="0" fileid="24" />
                <SequencePoint vc="0" uspid="807" ordinal="10" offset="251" sl="155" sc="13" el="155" ec="48" bec="0" bev="0" fileid="24" />
                <SequencePoint vc="0" uspid="808" ordinal="11" offset="257" sl="157" sc="13" el="157" ec="20" bec="0" bev="0" fileid="24" />
                <SequencePoint vc="0" uspid="809" ordinal="12" offset="258" sl="157" sc="34" el="157" ec="42" bec="0" bev="0" fileid="24" />
                <SequencePoint vc="0" uspid="810" ordinal="13" offset="268" sl="157" sc="22" el="157" ec="30" bec="0" bev="0" fileid="24" />
                <SequencePoint vc="0" uspid="811" ordinal="14" offset="277" sl="158" sc="13" el="158" ec="14" bec="0" bev="0" fileid="24" />
                <SequencePoint vc="0" uspid="812" ordinal="15" offset="278" sl="159" sc="17" el="159" ec="24" bec="0" bev="0" fileid="24" />
                <SequencePoint vc="0" uspid="813" ordinal="16" offset="279" sl="159" sc="39" el="159" ec="43" bec="0" bev="0" fileid="24" />
                <SequencePoint vc="0" uspid="814" ordinal="17" offset="290" sl="159" sc="26" el="159" ec="35" bec="0" bev="0" fileid="24" />
                <SequencePoint vc="0" uspid="815" ordinal="18" offset="299" sl="160" sc="17" el="160" ec="18" bec="0" bev="0" fileid="24" />
                <SequencePoint vc="0" uspid="816" ordinal="19" offset="300" sl="161" sc="21" el="161" ec="39" bec="0" bev="0" fileid="24" />
                <SequencePoint vc="0" uspid="817" ordinal="20" offset="309" sl="162" sc="17" el="162" ec="18" bec="0" bev="0" fileid="24" />
                <SequencePoint vc="0" uspid="818" ordinal="21" offset="310" sl="159" sc="36" el="159" ec="38" bec="2" bev="0" fileid="24" />
                <SequencePoint vc="0" uspid="819" ordinal="22" offset="334" sl="163" sc="13" el="163" ec="14" bec="0" bev="0" fileid="24" />
                <SequencePoint vc="0" uspid="820" ordinal="23" offset="335" sl="157" sc="31" el="157" ec="33" bec="2" bev="0" fileid="24" />
                <SequencePoint vc="0" uspid="821" ordinal="24" offset="361" sl="164" sc="13" el="164" ec="36" bec="0" bev="0" fileid="24" />
                <SequencePoint vc="0" uspid="822" ordinal="25" offset="372" sl="165" sc="9" el="165" ec="10" bec="0" bev="0" fileid="24" />
              </SequencePoints>
              <BranchPoints>
                <BranchPoint vc="0" uspid="823" ordinal="0" offset="249" sl="150" path="0" offsetend="251" fileid="24" />
                <BranchPoint vc="0" uspid="824" ordinal="1" offset="249" sl="150" path="1" offsetend="214" fileid="24" />
                <BranchPoint vc="0" uspid="825" ordinal="2" offset="317" sl="159" path="0" offsetend="319" fileid="24" />
                <BranchPoint vc="0" uspid="826" ordinal="3" offset="317" sl="159" path="1" offsetend="290" fileid="24" />
                <BranchPoint vc="0" uspid="827" ordinal="4" offset="342" sl="157" path="0" offsetend="344" fileid="24" />
                <BranchPoint vc="0" uspid="828" ordinal="5" offset="342" sl="157" path="1" offsetend="268" fileid="24" />
              </BranchPoints>
              <MethodPoint xsi:type="SequencePoint" vc="0" uspid="797" ordinal="0" offset="0" sl="132" sc="9" el="132" ec="10" bec="0" bev="0" fileid="24" />
            </Method>
            <Method visited="true" cyclomaticComplexity="6" nPathComplexity="8" sequenceCoverage="100" branchCoverage="85.71" crapScore="6" isConstructor="false" isStatic="false" isGetter="false" isSetter="false">
              <Summary numSequencePoints="18" visitedSequencePoints="18" numBranchPoints="7" visitedBranchPoints="6" sequenceCoverage="100" branchCoverage="85.71" maxCyclomaticComplexity="6" minCyclomaticComplexity="6" maxCrapScore="6" minCrapScore="6" visitedClasses="0" numClasses="0" visitedMethods="1" numMethods="1" />
              <MetadataToken>100663378</MetadataToken>
              <Name>System.Collections.Generic.IEnumerable`1&lt;System.String&gt; OpenCollections.Tests.PipelineTests::CreateTestFile(System.String,System.Collections.Generic.IEnumerable`1&lt;System.String&gt;)</Name>
              <FileRef uid="24" />
              <SequencePoints>
                <SequencePoint vc="4" uspid="829" ordinal="0" offset="0" sl="168" sc="9" el="168" ec="10" bec="0" bev="0" fileid="24" />
                <SequencePoint vc="4" uspid="830" ordinal="1" offset="1" sl="169" sc="13" el="169" ec="58" bec="2" bev="1" fileid="24" />
                <SequencePoint vc="4" uspid="831" ordinal="2" offset="19" sl="171" sc="13" el="171" ec="35" bec="2" bev="2" fileid="24" />
                <SequencePoint vc="2" uspid="832" ordinal="3" offset="34" sl="172" sc="13" el="172" ec="14" bec="0" bev="0" fileid="24" />
                <SequencePoint vc="2" uspid="833" ordinal="4" offset="35" sl="173" sc="17" el="173" ec="35" bec="0" bev="0" fileid="24" />
                <SequencePoint vc="2" uspid="834" ordinal="5" offset="47" sl="174" sc="13" el="174" ec="14" bec="0" bev="0" fileid="24" />
                <SequencePoint vc="4" uspid="835" ordinal="6" offset="48" sl="175" sc="20" el="175" ec="54" bec="0" bev="0" fileid="24" />
                <SequencePoint vc="4" uspid="836" ordinal="7" offset="55" sl="176" sc="13" el="176" ec="14" bec="0" bev="0" fileid="24" />
                <SequencePoint vc="4" uspid="837" ordinal="8" offset="56" sl="177" sc="17" el="177" ec="24" bec="0" bev="0" fileid="24" />
                <SequencePoint vc="4" uspid="838" ordinal="9" offset="57" sl="177" sc="38" el="177" ec="46" bec="0" bev="0" fileid="24" />
                <SequencePoint vc="2000" uspid="839" ordinal="10" offset="66" sl="177" sc="26" el="177" ec="34" bec="0" bev="0" fileid="24" />
                <SequencePoint vc="2000" uspid="840" ordinal="11" offset="73" sl="178" sc="17" el="178" ec="18" bec="0" bev="0" fileid="24" />
                <SequencePoint vc="2000" uspid="841" ordinal="12" offset="74" sl="179" sc="21" el="179" ec="44" bec="0" bev="0" fileid="24" />
                <SequencePoint vc="2000" uspid="842" ordinal="13" offset="82" sl="180" sc="17" el="180" ec="18" bec="0" bev="0" fileid="24" />
                <SequencePoint vc="2004" uspid="843" ordinal="14" offset="83" sl="177" sc="35" el="177" ec="37" bec="2" bev="2" fileid="24" />
                <SequencePoint vc="4" uspid="844" ordinal="15" offset="104" sl="181" sc="13" el="181" ec="14" bec="0" bev="0" fileid="24" />
                <SequencePoint vc="4" uspid="845" ordinal="16" offset="118" sl="182" sc="13" el="182" ec="29" bec="0" bev="0" fileid="24" />
                <SequencePoint vc="4" uspid="846" ordinal="17" offset="123" sl="183" sc="9" el="183" ec="10" bec="0" bev="0" fileid="24" />
              </SequencePoints>
              <BranchPoints>
                <BranchPoint vc="4" uspid="847" ordinal="0" offset="3" sl="169" path="0" offsetend="5" fileid="24" />
                <BranchPoint vc="0" uspid="848" ordinal="1" offset="3" sl="169" path="1" offsetend="17" fileid="24" />
                <BranchPoint vc="2" uspid="849" ordinal="2" offset="32" sl="171" path="0" offsetend="34" fileid="24" />
                <BranchPoint vc="2" uspid="850" ordinal="3" offset="32" sl="171" path="1" offsetend="48" fileid="24" />
                <BranchPoint vc="4" uspid="851" ordinal="4" offset="89" sl="177" path="0" offsetend="91" fileid="24" />
                <BranchPoint vc="2000" uspid="852" ordinal="5" offset="89" sl="177" path="1" offsetend="66" fileid="24" />
              </BranchPoints>
              <MethodPoint xsi:type="SequencePoint" vc="4" uspid="829" ordinal="0" offset="0" sl="168" sc="9" el="168" ec="10" bec="0" bev="0" fileid="24" />
            </Method>
            <Method visited="false" cyclomaticComplexity="7" nPathComplexity="16" sequenceCoverage="0" branchCoverage="0" crapScore="56" isConstructor="false" isStatic="false" isGetter="false" isSetter="false">
              <Summary numSequencePoints="28" visitedSequencePoints="0" numBranchPoints="9" visitedBranchPoints="0" sequenceCoverage="0" branchCoverage="0" maxCyclomaticComplexity="7" minCyclomaticComplexity="7" maxCrapScore="56" minCrapScore="56" visitedClasses="0" numClasses="0" visitedMethods="0" numMethods="1" />
              <MetadataToken>100663379</MetadataToken>
              <Name>System.Collections.Generic.IEnumerable`1&lt;OpenCollections.Tests.PipelineTests/TestClass&gt; OpenCollections.Tests.PipelineTests::CreateTestFlatFiles(System.String,System.Collections.Generic.IEnumerable`1&lt;OpenCollections.Tests.PipelineTests/TestClass&gt;)</Name>
              <FileRef uid="24" />
              <SequencePoints>
                <SequencePoint vc="0" uspid="853" ordinal="0" offset="0" sl="186" sc="9" el="186" ec="10" bec="0" bev="0" fileid="24" />
                <SequencePoint vc="0" uspid="854" ordinal="1" offset="1" sl="187" sc="13" el="187" ec="51" bec="0" bev="0" fileid="24" />
                <SequencePoint vc="0" uspid="855" ordinal="2" offset="13" sl="189" sc="13" el="189" ec="53" bec="0" bev="0" fileid="24" />
                <SequencePoint vc="0" uspid="856" ordinal="3" offset="19" sl="191" sc="13" el="191" ec="29" bec="0" bev="0" fileid="24" />
                <SequencePoint vc="0" uspid="857" ordinal="4" offset="21" sl="193" sc="13" el="193" ec="20" bec="0" bev="0" fileid="24" />
                <SequencePoint vc="0" uspid="858" ordinal="5" offset="22" sl="193" sc="34" el="193" ec="43" bec="0" bev="0" fileid="24" />
                <SequencePoint vc="0" uspid="859" ordinal="6" offset="31" sl="193" sc="22" el="193" ec="30" bec="0" bev="0" fileid="24" />
                <SequencePoint vc="0" uspid="860" ordinal="7" offset="40" sl="194" sc="13" el="194" ec="14" bec="0" bev="0" fileid="24" />
                <SequencePoint vc="0" uspid="861" ordinal="8" offset="41" sl="195" sc="17" el="198" ec="20" bec="0" bev="0" fileid="24" />
                <SequencePoint vc="0" uspid="862" ordinal="9" offset="68" sl="199" sc="13" el="199" ec="14" bec="0" bev="0" fileid="24" />
                <SequencePoint vc="0" uspid="863" ordinal="10" offset="69" sl="193" sc="31" el="193" ec="33" bec="2" bev="0" fileid="24" />
                <SequencePoint vc="0" uspid="864" ordinal="11" offset="95" sl="201" sc="13" el="201" ec="48" bec="2" bev="0" fileid="24" />
                <SequencePoint vc="0" uspid="865" ordinal="12" offset="103" sl="203" sc="13" el="203" ec="35" bec="2" bev="0" fileid="24" />
                <SequencePoint vc="0" uspid="866" ordinal="13" offset="120" sl="204" sc="13" el="204" ec="14" bec="0" bev="0" fileid="24" />
                <SequencePoint vc="0" uspid="867" ordinal="14" offset="121" sl="205" sc="17" el="205" ec="35" bec="0" bev="0" fileid="24" />
                <SequencePoint vc="0" uspid="868" ordinal="15" offset="133" sl="206" sc="13" el="206" ec="14" bec="0" bev="0" fileid="24" />
                <SequencePoint vc="0" uspid="869" ordinal="16" offset="134" sl="207" sc="20" el="207" ec="54" bec="0" bev="0" fileid="24" />
                <SequencePoint vc="0" uspid="870" ordinal="17" offset="142" sl="208" sc="13" el="208" ec="14" bec="0" bev="0" fileid="24" />
                <SequencePoint vc="0" uspid="871" ordinal="18" offset="143" sl="209" sc="17" el="209" ec="24" bec="0" bev="0" fileid="24" />
                <SequencePoint vc="0" uspid="872" ordinal="19" offset="144" sl="209" sc="38" el="209" ec="46" bec="0" bev="0" fileid="24" />
                <SequencePoint vc="0" uspid="873" ordinal="20" offset="154" sl="209" sc="26" el="209" ec="34" bec="0" bev="0" fileid="24" />
                <SequencePoint vc="0" uspid="874" ordinal="21" offset="163" sl="210" sc="17" el="210" ec="18" bec="0" bev="0" fileid="24" />
                <SequencePoint vc="0" uspid="875" ordinal="22" offset="164" sl="211" sc="21" el="211" ec="73" bec="0" bev="0" fileid="24" />
                <SequencePoint vc="0" uspid="876" ordinal="23" offset="179" sl="212" sc="17" el="212" ec="18" bec="0" bev="0" fileid="24" />
                <SequencePoint vc="0" uspid="877" ordinal="24" offset="180" sl="209" sc="35" el="209" ec="37" bec="2" bev="0" fileid="24" />
                <SequencePoint vc="0" uspid="878" ordinal="25" offset="204" sl="213" sc="13" el="213" ec="14" bec="0" bev="0" fileid="24" />
                <SequencePoint vc="0" uspid="879" ordinal="26" offset="220" sl="214" sc="13" el="214" ec="29" bec="0" bev="0" fileid="24" />
                <SequencePoint vc="0" uspid="880" ordinal="27" offset="225" sl="215" sc="9" el="215" ec="10" bec="0" bev="0" fileid="24" />
              </SequencePoints>
              <BranchPoints>
                <BranchPoint vc="0" uspid="881" ordinal="0" offset="76" sl="193" path="0" offsetend="78" fileid="24" />
                <BranchPoint vc="0" uspid="882" ordinal="1" offset="76" sl="193" path="1" offsetend="31" fileid="24" />
                <BranchPoint vc="0" uspid="883" ordinal="2" offset="97" sl="201" path="0" offsetend="99" fileid="24" />
                <BranchPoint vc="0" uspid="884" ordinal="3" offset="97" sl="201" path="1" offsetend="101" fileid="24" />
                <BranchPoint vc="0" uspid="885" ordinal="4" offset="118" sl="203" path="0" offsetend="120" fileid="24" />
                <BranchPoint vc="0" uspid="886" ordinal="5" offset="118" sl="203" path="1" offsetend="134" fileid="24" />
                <BranchPoint vc="0" uspid="887" ordinal="6" offset="187" sl="209" path="0" offsetend="189" fileid="24" />
                <BranchPoint vc="0" uspid="888" ordinal="7" offset="187" sl="209" path="1" offsetend="154" fileid="24" />
              </BranchPoints>
              <MethodPoint xsi:type="SequencePoint" vc="0" uspid="853" ordinal="0" offset="0" sl="186" sc="9" el="186" ec="10" bec="0" bev="0" fileid="24" />
            </Method>
            <Method visited="true" cyclomaticComplexity="2" nPathComplexity="2" sequenceCoverage="100" branchCoverage="100" crapScore="2" isConstructor="false" isStatic="false" isGetter="false" isSetter="false">
              <Summary numSequencePoints="10" visitedSequencePoints="10" numBranchPoints="3" visitedBranchPoints="3" sequenceCoverage="100" branchCoverage="100" maxCyclomaticComplexity="2" minCyclomaticComplexity="2" maxCrapScore="2" minCrapScore="2" visitedClasses="0" numClasses="0" visitedMethods="1" numMethods="1" />
              <MetadataToken>100663380</MetadataToken>
              <Name>System.Collections.Generic.List`1&lt;System.String&gt; OpenCollections.Tests.PipelineTests::GetRandomNumberList(System.Int32)</Name>
              <FileRef uid="24" />
              <SequencePoints>
                <SequencePoint vc="4" uspid="889" ordinal="0" offset="0" sl="218" sc="9" el="218" ec="10" bec="0" bev="0" fileid="24" />
                <SequencePoint vc="4" uspid="890" ordinal="1" offset="1" sl="219" sc="13" el="219" ec="55" bec="0" bev="0" fileid="24" />
                <SequencePoint vc="4" uspid="891" ordinal="2" offset="7" sl="220" sc="18" el="220" ec="27" bec="0" bev="0" fileid="24" />
                <SequencePoint vc="2000" uspid="892" ordinal="3" offset="11" sl="221" sc="13" el="221" ec="14" bec="0" bev="0" fileid="24" />
                <SequencePoint vc="2000" uspid="893" ordinal="4" offset="12" sl="222" sc="17" el="222" ec="88" bec="0" bev="0" fileid="24" />
                <SequencePoint vc="2000" uspid="894" ordinal="5" offset="55" sl="223" sc="13" el="223" ec="14" bec="0" bev="0" fileid="24" />
                <SequencePoint vc="2000" uspid="895" ordinal="6" offset="56" sl="220" sc="45" el="220" ec="48" bec="0" bev="0" fileid="24" />
                <SequencePoint vc="2004" uspid="896" ordinal="7" offset="60" sl="220" sc="29" el="220" ec="43" bec="2" bev="2" fileid="24" />
                <SequencePoint vc="4" uspid="897" ordinal="8" offset="68" sl="224" sc="13" el="224" ec="28" bec="0" bev="0" fileid="24" />
                <SequencePoint vc="4" uspid="898" ordinal="9" offset="72" sl="225" sc="9" el="225" ec="10" bec="0" bev="0" fileid="24" />
              </SequencePoints>
              <BranchPoints>
                <BranchPoint vc="4" uspid="899" ordinal="0" offset="66" sl="220" path="0" offsetend="68" fileid="24" />
                <BranchPoint vc="2000" uspid="900" ordinal="1" offset="66" sl="220" path="1" offsetend="11" fileid="24" />
              </BranchPoints>
              <MethodPoint xsi:type="SequencePoint" vc="4" uspid="889" ordinal="0" offset="0" sl="218" sc="9" el="218" ec="10" bec="0" bev="0" fileid="24" />
            </Method>
            <Method visited="true" cyclomaticComplexity="1" nPathComplexity="0" sequenceCoverage="100" branchCoverage="100" crapScore="1" isConstructor="true" isStatic="false" isGetter="false" isSetter="false">
              <Summary numSequencePoints="2" visitedSequencePoints="2" numBranchPoints="1" visitedBranchPoints="1" sequenceCoverage="100" branchCoverage="100" maxCyclomaticComplexity="1" minCyclomaticComplexity="1" maxCrapScore="1" minCrapScore="1" visitedClasses="0" numClasses="0" visitedMethods="1" numMethods="1" />
              <MetadataToken>100663381</MetadataToken>
              <Name>System.Void OpenCollections.Tests.PipelineTests::.ctor()</Name>
              <FileRef uid="24" />
              <SequencePoints>
                <SequencePoint vc="4" uspid="901" ordinal="0" offset="0" sl="16" sc="9" el="16" ec="41" bec="0" bev="0" fileid="24" />
                <SequencePoint vc="4" uspid="902" ordinal="1" offset="11" sl="18" sc="9" el="18" ec="62" bec="0" bev="0" fileid="24" />
              </SequencePoints>
              <BranchPoints />
              <MethodPoint xsi:type="SequencePoint" vc="4" uspid="901" ordinal="0" offset="0" sl="16" sc="9" el="16" ec="41" bec="0" bev="0" fileid="24" />
            </Method>
          </Methods>
        </Class>
        <Class>
          <Summary numSequencePoints="20" visitedSequencePoints="0" numBranchPoints="14" visitedBranchPoints="0" sequenceCoverage="0" branchCoverage="0" maxCyclomaticComplexity="2" minCyclomaticComplexity="1" maxCrapScore="6" minCrapScore="2" visitedClasses="0" numClasses="1" visitedMethods="0" numMethods="10" />
          <FullName>OpenCollections.Tests.PipelineTests/TestClass</FullName>
          <Methods>
            <Method visited="false" cyclomaticComplexity="1" nPathComplexity="0" sequenceCoverage="0" branchCoverage="0" crapScore="2" isConstructor="false" isStatic="false" isGetter="true" isSetter="false">
              <Summary numSequencePoints="1" visitedSequencePoints="0" numBranchPoints="1" visitedBranchPoints="0" sequenceCoverage="0" branchCoverage="0" maxCyclomaticComplexity="1" minCyclomaticComplexity="1" maxCrapScore="2" minCrapScore="2" visitedClasses="0" numClasses="0" visitedMethods="0" numMethods="1" />
              <MetadataToken>100663425</MetadataToken>
              <Name>System.String OpenCollections.Tests.PipelineTests/TestClass::get_Data()</Name>
              <FileRef uid="24" />
              <SequencePoints>
                <SequencePoint vc="0" uspid="903" ordinal="0" offset="0" sl="229" sc="34" el="229" ec="38" bec="0" bev="0" fileid="24" />
              </SequencePoints>
              <BranchPoints />
              <MethodPoint xsi:type="SequencePoint" vc="0" uspid="903" ordinal="0" offset="0" sl="229" sc="34" el="229" ec="38" bec="0" bev="0" fileid="24" />
            </Method>
            <Method visited="false" cyclomaticComplexity="1" nPathComplexity="0" sequenceCoverage="0" branchCoverage="0" crapScore="2" isConstructor="false" isStatic="false" isGetter="false" isSetter="true">
              <Summary numSequencePoints="1" visitedSequencePoints="0" numBranchPoints="1" visitedBranchPoints="0" sequenceCoverage="0" branchCoverage="0" maxCyclomaticComplexity="1" minCyclomaticComplexity="1" maxCrapScore="2" minCrapScore="2" visitedClasses="0" numClasses="0" visitedMethods="0" numMethods="1" />
              <MetadataToken>100663426</MetadataToken>
              <Name>System.Void OpenCollections.Tests.PipelineTests/TestClass::set_Data(System.String)</Name>
              <FileRef uid="24" />
              <SequencePoints>
                <SequencePoint vc="0" uspid="904" ordinal="0" offset="0" sl="229" sc="39" el="229" ec="43" bec="0" bev="0" fileid="24" />
              </SequencePoints>
              <BranchPoints />
              <MethodPoint xsi:type="SequencePoint" vc="0" uspid="904" ordinal="0" offset="0" sl="229" sc="39" el="229" ec="43" bec="0" bev="0" fileid="24" />
            </Method>
            <Method visited="false" cyclomaticComplexity="1" nPathComplexity="0" sequenceCoverage="0" branchCoverage="0" crapScore="2" isConstructor="false" isStatic="false" isGetter="true" isSetter="false">
              <Summary numSequencePoints="1" visitedSequencePoints="0" numBranchPoints="1" visitedBranchPoints="0" sequenceCoverage="0" branchCoverage="0" maxCyclomaticComplexity="1" minCyclomaticComplexity="1" maxCrapScore="2" minCrapScore="2" visitedClasses="0" numClasses="0" visitedMethods="0" numMethods="1" />
              <MetadataToken>100663427</MetadataToken>
              <Name>System.Single OpenCollections.Tests.PipelineTests/TestClass::get_Value()</Name>
              <FileRef uid="24" />
              <SequencePoints>
                <SequencePoint vc="0" uspid="905" ordinal="0" offset="0" sl="230" sc="34" el="230" ec="38" bec="0" bev="0" fileid="24" />
              </SequencePoints>
              <BranchPoints />
              <MethodPoint xsi:type="SequencePoint" vc="0" uspid="905" ordinal="0" offset="0" sl="230" sc="34" el="230" ec="38" bec="0" bev="0" fileid="24" />
            </Method>
            <Method visited="false" cyclomaticComplexity="1" nPathComplexity="0" sequenceCoverage="0" branchCoverage="0" crapScore="2" isConstructor="false" isStatic="false" isGetter="false" isSetter="true">
              <Summary numSequencePoints="1" visitedSequencePoints="0" numBranchPoints="1" visitedBranchPoints="0" sequenceCoverage="0" branchCoverage="0" maxCyclomaticComplexity="1" minCyclomaticComplexity="1" maxCrapScore="2" minCrapScore="2" visitedClasses="0" numClasses="0" visitedMethods="0" numMethods="1" />
              <MetadataToken>100663428</MetadataToken>
              <Name>System.Void OpenCollections.Tests.PipelineTests/TestClass::set_Value(System.Single)</Name>
              <FileRef uid="24" />
              <SequencePoints>
                <SequencePoint vc="0" uspid="906" ordinal="0" offset="0" sl="230" sc="39" el="230" ec="43" bec="0" bev="0" fileid="24" />
              </SequencePoints>
              <BranchPoints />
              <MethodPoint xsi:type="SequencePoint" vc="0" uspid="906" ordinal="0" offset="0" sl="230" sc="39" el="230" ec="43" bec="0" bev="0" fileid="24" />
            </Method>
            <Method visited="false" cyclomaticComplexity="1" nPathComplexity="0" sequenceCoverage="0" branchCoverage="0" crapScore="2" isConstructor="false" isStatic="false" isGetter="true" isSetter="false">
              <Summary numSequencePoints="1" visitedSequencePoints="0" numBranchPoints="1" visitedBranchPoints="0" sequenceCoverage="0" branchCoverage="0" maxCyclomaticComplexity="1" minCyclomaticComplexity="1" maxCrapScore="2" minCrapScore="2" visitedClasses="0" numClasses="0" visitedMethods="0" numMethods="1" />
              <MetadataToken>100663429</MetadataToken>
              <Name>System.String[] OpenCollections.Tests.PipelineTests/TestClass::get_SubData()</Name>
              <FileRef uid="24" />
              <SequencePoints>
                <SequencePoint vc="0" uspid="907" ordinal="0" offset="0" sl="231" sc="39" el="231" ec="43" bec="0" bev="0" fileid="24" />
              </SequencePoints>
              <BranchPoints />
              <MethodPoint xsi:type="SequencePoint" vc="0" uspid="907" ordinal="0" offset="0" sl="231" sc="39" el="231" ec="43" bec="0" bev="0" fileid="24" />
            </Method>
            <Method visited="false" cyclomaticComplexity="1" nPathComplexity="0" sequenceCoverage="0" branchCoverage="0" crapScore="2" isConstructor="false" isStatic="false" isGetter="false" isSetter="true">
              <Summary numSequencePoints="1" visitedSequencePoints="0" numBranchPoints="1" visitedBranchPoints="0" sequenceCoverage="0" branchCoverage="0" maxCyclomaticComplexity="1" minCyclomaticComplexity="1" maxCrapScore="2" minCrapScore="2" visitedClasses="0" numClasses="0" visitedMethods="0" numMethods="1" />
              <MetadataToken>100663430</MetadataToken>
              <Name>System.Void OpenCollections.Tests.PipelineTests/TestClass::set_SubData(System.String[])</Name>
              <FileRef uid="24" />
              <SequencePoints>
                <SequencePoint vc="0" uspid="908" ordinal="0" offset="0" sl="231" sc="44" el="231" ec="48" bec="0" bev="0" fileid="24" />
              </SequencePoints>
              <BranchPoints />
              <MethodPoint xsi:type="SequencePoint" vc="0" uspid="908" ordinal="0" offset="0" sl="231" sc="44" el="231" ec="48" bec="0" bev="0" fileid="24" />
            </Method>
            <Method visited="false" cyclomaticComplexity="1" nPathComplexity="0" sequenceCoverage="0" branchCoverage="0" crapScore="2" isConstructor="false" isStatic="false" isGetter="true" isSetter="false">
              <Summary numSequencePoints="1" visitedSequencePoints="0" numBranchPoints="1" visitedBranchPoints="0" sequenceCoverage="0" branchCoverage="0" maxCyclomaticComplexity="1" minCyclomaticComplexity="1" maxCrapScore="2" minCrapScore="2" visitedClasses="0" numClasses="0" visitedMethods="0" numMethods="1" />
              <MetadataToken>100663431</MetadataToken>
              <Name>System.Boolean OpenCollections.Tests.PipelineTests/TestClass::get_Created()</Name>
              <FileRef uid="24" />
              <SequencePoints>
                <SequencePoint vc="0" uspid="909" ordinal="0" offset="0" sl="233" sc="35" el="233" ec="39" bec="0" bev="0" fileid="24" />
              </SequencePoints>
              <BranchPoints />
              <MethodPoint xsi:type="SequencePoint" vc="0" uspid="909" ordinal="0" offset="0" sl="233" sc="35" el="233" ec="39" bec="0" bev="0" fileid="24" />
            </Method>
            <Method visited="false" cyclomaticComplexity="2" nPathComplexity="2" sequenceCoverage="0" branchCoverage="0" crapScore="6" isConstructor="true" isStatic="false" isGetter="false" isSetter="false">
              <Summary numSequencePoints="7" visitedSequencePoints="0" numBranchPoints="3" visitedBranchPoints="0" sequenceCoverage="0" branchCoverage="0" maxCyclomaticComplexity="2" minCyclomaticComplexity="2" maxCrapScore="6" minCrapScore="6" visitedClasses="0" numClasses="0" visitedMethods="0" numMethods="1" />
              <MetadataToken>100663432</MetadataToken>
              <Name>System.Void OpenCollections.Tests.PipelineTests/TestClass::.ctor(System.String)</Name>
              <FileRef uid="24" />
              <SequencePoints>
                <SequencePoint vc="0" uspid="910" ordinal="0" offset="0" sl="235" sc="13" el="235" ec="42" bec="0" bev="0" fileid="24" />
                <SequencePoint vc="0" uspid="911" ordinal="1" offset="7" sl="236" sc="13" el="236" ec="14" bec="0" bev="0" fileid="24" />
                <SequencePoint vc="0" uspid="912" ordinal="2" offset="8" sl="237" sc="17" el="237" ec="49" bec="2" bev="0" fileid="24" />
                <SequencePoint vc="0" uspid="913" ordinal="3" offset="25" sl="238" sc="17" el="238" ec="40" bec="0" bev="0" fileid="24" />
                <SequencePoint vc="0" uspid="914" ordinal="4" offset="37" sl="239" sc="17" el="239" ec="66" bec="0" bev="0" fileid="24" />
                <SequencePoint vc="0" uspid="915" ordinal="5" offset="66" sl="240" sc="17" el="240" ec="37" bec="0" bev="0" fileid="24" />
                <SequencePoint vc="0" uspid="916" ordinal="6" offset="73" sl="241" sc="13" el="241" ec="14" bec="0" bev="0" fileid="24" />
              </SequencePoints>
              <BranchPoints>
                <BranchPoint vc="0" uspid="917" ordinal="0" offset="11" sl="237" path="0" offsetend="13" fileid="24" />
                <BranchPoint vc="0" uspid="918" ordinal="1" offset="11" sl="237" path="1" offsetend="19" fileid="24" />
              </BranchPoints>
              <MethodPoint xsi:type="SequencePoint" vc="0" uspid="910" ordinal="0" offset="0" sl="235" sc="13" el="235" ec="42" bec="0" bev="0" fileid="24" />
            </Method>
            <Method visited="false" cyclomaticComplexity="2" nPathComplexity="2" sequenceCoverage="0" branchCoverage="0" crapScore="6" isConstructor="false" isStatic="false" isGetter="false" isSetter="false">
              <Summary numSequencePoints="3" visitedSequencePoints="0" numBranchPoints="3" visitedBranchPoints="0" sequenceCoverage="0" branchCoverage="0" maxCyclomaticComplexity="2" minCyclomaticComplexity="2" maxCrapScore="6" minCrapScore="6" visitedClasses="0" numClasses="0" visitedMethods="0" numMethods="1" />
              <MetadataToken>100663433</MetadataToken>
              <Name>System.Boolean OpenCollections.Tests.PipelineTests/TestClass::Equals(OpenCollections.Tests.PipelineTests/TestClass)</Name>
              <FileRef uid="24" />
              <SequencePoints>
                <SequencePoint vc="0" uspid="919" ordinal="0" offset="0" sl="244" sc="13" el="244" ec="14" bec="0" bev="0" fileid="24" />
                <SequencePoint vc="0" uspid="920" ordinal="1" offset="1" sl="245" sc="17" el="245" ec="67" bec="2" bev="0" fileid="24" />
                <SequencePoint vc="0" uspid="921" ordinal="2" offset="40" sl="246" sc="13" el="246" ec="14" bec="0" bev="0" fileid="24" />
              </SequencePoints>
              <BranchPoints>
                <BranchPoint vc="0" uspid="922" ordinal="0" offset="18" sl="245" path="0" offsetend="20" fileid="24" />
                <BranchPoint vc="0" uspid="923" ordinal="1" offset="18" sl="245" path="1" offsetend="36" fileid="24" />
              </BranchPoints>
              <MethodPoint xsi:type="SequencePoint" vc="0" uspid="919" ordinal="0" offset="0" sl="244" sc="13" el="244" ec="14" bec="0" bev="0" fileid="24" />
            </Method>
            <Method visited="false" cyclomaticComplexity="1" nPathComplexity="0" sequenceCoverage="0" branchCoverage="0" crapScore="2" isConstructor="false" isStatic="false" isGetter="false" isSetter="false">
              <Summary numSequencePoints="3" visitedSequencePoints="0" numBranchPoints="1" visitedBranchPoints="0" sequenceCoverage="0" branchCoverage="0" maxCyclomaticComplexity="1" minCyclomaticComplexity="1" maxCrapScore="2" minCrapScore="2" visitedClasses="0" numClasses="0" visitedMethods="0" numMethods="1" />
              <MetadataToken>100663434</MetadataToken>
              <Name>System.String OpenCollections.Tests.PipelineTests/TestClass::ToString()</Name>
              <FileRef uid="24" />
              <SequencePoints>
                <SequencePoint vc="0" uspid="924" ordinal="0" offset="0" sl="249" sc="13" el="249" ec="14" bec="0" bev="0" fileid="24" />
                <SequencePoint vc="0" uspid="925" ordinal="1" offset="1" sl="250" sc="17" el="250" ec="74" bec="0" bev="0" fileid="24" />
                <SequencePoint vc="0" uspid="926" ordinal="2" offset="42" sl="251" sc="13" el="251" ec="14" bec="0" bev="0" fileid="24" />
              </SequencePoints>
              <BranchPoints />
              <MethodPoint xsi:type="SequencePoint" vc="0" uspid="924" ordinal="0" offset="0" sl="249" sc="13" el="249" ec="14" bec="0" bev="0" fileid="24" />
            </Method>
          </Methods>
        </Class>
        <Class>
          <Summary numSequencePoints="13" visitedSequencePoints="13" numBranchPoints="13" visitedBranchPoints="13" sequenceCoverage="100" branchCoverage="100" maxCyclomaticComplexity="1" minCyclomaticComplexity="1" maxCrapScore="2" minCrapScore="1" visitedClasses="1" numClasses="1" visitedMethods="13" numMethods="13" />
          <FullName>OpenCollections.Tests.PipelineTests/&lt;&gt;c</FullName>
          <Methods>
            <Method visited="false" cyclomaticComplexity="1" nPathComplexity="0" sequenceCoverage="0" branchCoverage="0" crapScore="2" isConstructor="true" isStatic="true" isGetter="false" isSetter="false">
              <Summary numSequencePoints="0" visitedSequencePoints="0" numBranchPoints="0" visitedBranchPoints="0" sequenceCoverage="0" branchCoverage="0" maxCyclomaticComplexity="1" minCyclomaticComplexity="1" maxCrapScore="2" minCrapScore="2" visitedClasses="0" numClasses="0" visitedMethods="0" numMethods="0" />
              <MetadataToken>100663435</MetadataToken>
              <Name>System.Void OpenCollections.Tests.PipelineTests/&lt;&gt;c::.cctor()</Name>
              <SequencePoints />
              <BranchPoints />
              <MethodPoint vc="0" uspid="927" ordinal="0" offset="0" />
            </Method>
            <Method visited="false" cyclomaticComplexity="1" nPathComplexity="0" sequenceCoverage="0" branchCoverage="0" crapScore="2" isConstructor="true" isStatic="false" isGetter="false" isSetter="false">
              <Summary numSequencePoints="0" visitedSequencePoints="0" numBranchPoints="0" visitedBranchPoints="0" sequenceCoverage="0" branchCoverage="0" maxCyclomaticComplexity="1" minCyclomaticComplexity="1" maxCrapScore="2" minCrapScore="2" visitedClasses="0" numClasses="0" visitedMethods="0" numMethods="0" />
              <MetadataToken>100663436</MetadataToken>
              <Name>System.Void OpenCollections.Tests.PipelineTests/&lt;&gt;c::.ctor()</Name>
              <SequencePoints />
              <BranchPoints />
              <MethodPoint vc="0" uspid="928" ordinal="0" offset="0" />
            </Method>
            <Method visited="true" cyclomaticComplexity="1" nPathComplexity="0" sequenceCoverage="100" branchCoverage="100" crapScore="1" isConstructor="false" isStatic="false" isGetter="false" isSetter="false">
              <Summary numSequencePoints="1" visitedSequencePoints="1" numBranchPoints="1" visitedBranchPoints="1" sequenceCoverage="100" branchCoverage="100" maxCyclomaticComplexity="1" minCyclomaticComplexity="1" maxCrapScore="1" minCrapScore="1" visitedClasses="0" numClasses="0" visitedMethods="1" numMethods="1" />
              <MetadataToken>100663437</MetadataToken>
              <Name>System.Int32 OpenCollections.Tests.PipelineTests/&lt;&gt;c::&lt;BasicStringPipeline&gt;b__4_0(System.String)</Name>
              <FileRef uid="24" />
              <SequencePoints>
                <SequencePoint vc="500" uspid="929" ordinal="0" offset="0" sl="33" sc="41" el="33" ec="53" bec="0" bev="0" fileid="24" />
              </SequencePoints>
              <BranchPoints />
              <MethodPoint xsi:type="SequencePoint" vc="500" uspid="929" ordinal="0" offset="0" sl="33" sc="41" el="33" ec="53" bec="0" bev="0" fileid="24" />
            </Method>
            <Method visited="true" cyclomaticComplexity="1" nPathComplexity="0" sequenceCoverage="100" branchCoverage="100" crapScore="1" isConstructor="false" isStatic="false" isGetter="false" isSetter="false">
              <Summary numSequencePoints="1" visitedSequencePoints="1" numBranchPoints="1" visitedBranchPoints="1" sequenceCoverage="100" branchCoverage="100" maxCyclomaticComplexity="1" minCyclomaticComplexity="1" maxCrapScore="1" minCrapScore="1" visitedClasses="0" numClasses="0" visitedMethods="1" numMethods="1" />
              <MetadataToken>100663438</MetadataToken>
              <Name>System.String OpenCollections.Tests.PipelineTests/&lt;&gt;c::&lt;BasicStringPipeline&gt;b__4_1(System.Int32)</Name>
              <FileRef uid="24" />
              <SequencePoints>
                <SequencePoint vc="1000" uspid="930" ordinal="0" offset="0" sl="41" sc="47" el="41" ec="59" bec="0" bev="0" fileid="24" />
              </SequencePoints>
              <BranchPoints />
              <MethodPoint xsi:type="SequencePoint" vc="1000" uspid="930" ordinal="0" offset="0" sl="41" sc="47" el="41" ec="59" bec="0" bev="0" fileid="24" />
            </Method>
            <Method visited="true" cyclomaticComplexity="1" nPathComplexity="0" sequenceCoverage="100" branchCoverage="100" crapScore="1" isConstructor="false" isStatic="false" isGetter="false" isSetter="false">
              <Summary numSequencePoints="1" visitedSequencePoints="1" numBranchPoints="1" visitedBranchPoints="1" sequenceCoverage="100" branchCoverage="100" maxCyclomaticComplexity="1" minCyclomaticComplexity="1" maxCrapScore="1" minCrapScore="1" visitedClasses="0" numClasses="0" visitedMethods="1" numMethods="1" />
              <MetadataToken>100663439</MetadataToken>
              <Name>System.Int32 OpenCollections.Tests.PipelineTests/&lt;&gt;c::&lt;BasicStringAsyncPipeline&gt;b__5_0(System.String)</Name>
              <FileRef uid="24" />
              <SequencePoints>
                <SequencePoint vc="500" uspid="931" ordinal="0" offset="0" sl="59" sc="41" el="59" ec="53" bec="0" bev="0" fileid="24" />
              </SequencePoints>
              <BranchPoints />
              <MethodPoint xsi:type="SequencePoint" vc="500" uspid="931" ordinal="0" offset="0" sl="59" sc="41" el="59" ec="53" bec="0" bev="0" fileid="24" />
            </Method>
            <Method visited="true" cyclomaticComplexity="1" nPathComplexity="0" sequenceCoverage="100" branchCoverage="100" crapScore="1" isConstructor="false" isStatic="false" isGetter="false" isSetter="false">
              <Summary numSequencePoints="1" visitedSequencePoints="1" numBranchPoints="1" visitedBranchPoints="1" sequenceCoverage="100" branchCoverage="100" maxCyclomaticComplexity="1" minCyclomaticComplexity="1" maxCrapScore="1" minCrapScore="1" visitedClasses="0" numClasses="0" visitedMethods="1" numMethods="1" />
              <MetadataToken>100663440</MetadataToken>
              <Name>System.String OpenCollections.Tests.PipelineTests/&lt;&gt;c::&lt;BasicStringAsyncPipeline&gt;b__5_1(System.Int32)</Name>
              <FileRef uid="24" />
              <SequencePoints>
                <SequencePoint vc="500" uspid="932" ordinal="0" offset="0" sl="63" sc="42" el="63" ec="63" bec="0" bev="0" fileid="24" />
              </SequencePoints>
              <BranchPoints />
              <MethodPoint xsi:type="SequencePoint" vc="500" uspid="932" ordinal="0" offset="0" sl="63" sc="42" el="63" ec="63" bec="0" bev="0" fileid="24" />
            </Method>
            <Method visited="true" cyclomaticComplexity="1" nPathComplexity="0" sequenceCoverage="100" branchCoverage="100" crapScore="1" isConstructor="false" isStatic="false" isGetter="false" isSetter="false">
              <Summary numSequencePoints="1" visitedSequencePoints="1" numBranchPoints="1" visitedBranchPoints="1" sequenceCoverage="100" branchCoverage="100" maxCyclomaticComplexity="1" minCyclomaticComplexity="1" maxCrapScore="1" minCrapScore="1" visitedClasses="0" numClasses="0" visitedMethods="1" numMethods="1" />
              <MetadataToken>100663441</MetadataToken>
              <Name>System.String OpenCollections.Tests.PipelineTests/&lt;&gt;c::&lt;BasicStringAsyncPipeline&gt;b__5_2(System.String)</Name>
              <FileRef uid="24" />
              <SequencePoints>
                <SequencePoint vc="251500" uspid="933" ordinal="0" offset="0" sl="69" sc="49" el="69" ec="70" bec="0" bev="0" fileid="24" />
              </SequencePoints>
              <BranchPoints />
              <MethodPoint xsi:type="SequencePoint" vc="251500" uspid="933" ordinal="0" offset="0" sl="69" sc="49" el="69" ec="70" bec="0" bev="0" fileid="24" />
            </Method>
            <Method visited="true" cyclomaticComplexity="1" nPathComplexity="0" sequenceCoverage="100" branchCoverage="100" crapScore="1" isConstructor="false" isStatic="false" isGetter="false" isSetter="false">
              <Summary numSequencePoints="1" visitedSequencePoints="1" numBranchPoints="1" visitedBranchPoints="1" sequenceCoverage="100" branchCoverage="100" maxCyclomaticComplexity="1" minCyclomaticComplexity="1" maxCrapScore="1" minCrapScore="1" visitedClasses="0" numClasses="0" visitedMethods="1" numMethods="1" />
              <MetadataToken>100663442</MetadataToken>
              <Name>System.Int32 OpenCollections.Tests.PipelineTests/&lt;&gt;c::&lt;BasicMutliConsumerPipeline&gt;b__6_0(System.String)</Name>
              <FileRef uid="24" />
              <SequencePoints>
                <SequencePoint vc="251500" uspid="934" ordinal="0" offset="0" sl="83" sc="61" el="83" ec="73" bec="0" bev="0" fileid="24" />
              </SequencePoints>
              <BranchPoints />
              <MethodPoint xsi:type="SequencePoint" vc="251500" uspid="934" ordinal="0" offset="0" sl="83" sc="61" el="83" ec="73" bec="0" bev="0" fileid="24" />
            </Method>
            <Method visited="true" cyclomaticComplexity="1" nPathComplexity="0" sequenceCoverage="100" branchCoverage="100" crapScore="1" isConstructor="false" isStatic="false" isGetter="false" isSetter="false">
              <Summary numSequencePoints="1" visitedSequencePoints="1" numBranchPoints="1" visitedBranchPoints="1" sequenceCoverage="100" branchCoverage="100" maxCyclomaticComplexity="1" minCyclomaticComplexity="1" maxCrapScore="1" minCrapScore="1" visitedClasses="0" numClasses="0" visitedMethods="1" numMethods="1" />
              <MetadataToken>100663443</MetadataToken>
              <Name>System.Int32 OpenCollections.Tests.PipelineTests/&lt;&gt;c::&lt;BasicMutliConsumerPipeline&gt;b__6_1(System.Int32)</Name>
              <FileRef uid="24" />
              <SequencePoints>
                <SequencePoint vc="251500" uspid="935" ordinal="0" offset="0" sl="83" sc="89" el="83" ec="94" bec="0" bev="0" fileid="24" />
              </SequencePoints>
              <BranchPoints />
              <MethodPoint xsi:type="SequencePoint" vc="251500" uspid="935" ordinal="0" offset="0" sl="83" sc="89" el="83" ec="94" bec="0" bev="0" fileid="24" />
            </Method>
            <Method visited="true" cyclomaticComplexity="1" nPathComplexity="0" sequenceCoverage="100" branchCoverage="100" crapScore="1" isConstructor="false" isStatic="false" isGetter="false" isSetter="false">
              <Summary numSequencePoints="1" visitedSequencePoints="1" numBranchPoints="1" visitedBranchPoints="1" sequenceCoverage="100" branchCoverage="100" maxCyclomaticComplexity="1" minCyclomaticComplexity="1" maxCrapScore="1" minCrapScore="1" visitedClasses="0" numClasses="0" visitedMethods="1" numMethods="1" />
              <MetadataToken>100663444</MetadataToken>
              <Name>System.Int32 OpenCollections.Tests.PipelineTests/&lt;&gt;c::&lt;BasicMutliConsumerPipeline&gt;b__6_2(System.Int32)</Name>
              <FileRef uid="24" />
              <SequencePoints>
                <SequencePoint vc="251500" uspid="936" ordinal="0" offset="0" sl="83" sc="110" el="83" ec="115" bec="0" bev="0" fileid="24" />
              </SequencePoints>
              <BranchPoints />
              <MethodPoint xsi:type="SequencePoint" vc="251500" uspid="936" ordinal="0" offset="0" sl="83" sc="110" el="83" ec="115" bec="0" bev="0" fileid="24" />
            </Method>
            <Method visited="true" cyclomaticComplexity="1" nPathComplexity="0" sequenceCoverage="100" branchCoverage="100" crapScore="1" isConstructor="false" isStatic="false" isGetter="false" isSetter="false">
              <Summary numSequencePoints="1" visitedSequencePoints="1" numBranchPoints="1" visitedBranchPoints="1" sequenceCoverage="100" branchCoverage="100" maxCyclomaticComplexity="1" minCyclomaticComplexity="1" maxCrapScore="1" minCrapScore="1" visitedClasses="0" numClasses="0" visitedMethods="1" numMethods="1" />
              <MetadataToken>100663445</MetadataToken>
              <Name>System.Int32 OpenCollections.Tests.PipelineTests/&lt;&gt;c::&lt;BasicMutliConsumerPipeline&gt;b__6_3(System.String)</Name>
              <FileRef uid="24" />
              <SequencePoints>
                <SequencePoint vc="500" uspid="937" ordinal="0" offset="0" sl="91" sc="42" el="91" ec="54" bec="0" bev="0" fileid="24" />
              </SequencePoints>
              <BranchPoints />
              <MethodPoint xsi:type="SequencePoint" vc="500" uspid="937" ordinal="0" offset="0" sl="91" sc="42" el="91" ec="54" bec="0" bev="0" fileid="24" />
            </Method>
            <Method visited="true" cyclomaticComplexity="1" nPathComplexity="0" sequenceCoverage="100" branchCoverage="100" crapScore="1" isConstructor="false" isStatic="false" isGetter="false" isSetter="false">
              <Summary numSequencePoints="1" visitedSequencePoints="1" numBranchPoints="1" visitedBranchPoints="1" sequenceCoverage="100" branchCoverage="100" maxCyclomaticComplexity="1" minCyclomaticComplexity="1" maxCrapScore="1" minCrapScore="1" visitedClasses="0" numClasses="0" visitedMethods="1" numMethods="1" />
              <MetadataToken>100663446</MetadataToken>
              <Name>System.Int32 OpenCollections.Tests.PipelineTests/&lt;&gt;c::&lt;BasicMutliConsumerPipeline&gt;b__6_4(System.Int32)</Name>
              <FileRef uid="24" />
              <SequencePoints>
                <SequencePoint vc="500" uspid="938" ordinal="0" offset="0" sl="95" sc="43" el="95" ec="48" bec="0" bev="0" fileid="24" />
              </SequencePoints>
              <BranchPoints />
              <MethodPoint xsi:type="SequencePoint" vc="500" uspid="938" ordinal="0" offset="0" sl="95" sc="43" el="95" ec="48" bec="0" bev="0" fileid="24" />
            </Method>
            <Method visited="true" cyclomaticComplexity="1" nPathComplexity="0" sequenceCoverage="100" branchCoverage="100" crapScore="1" isConstructor="false" isStatic="false" isGetter="false" isSetter="false">
              <Summary numSequencePoints="1" visitedSequencePoints="1" numBranchPoints="1" visitedBranchPoints="1" sequenceCoverage="100" branchCoverage="100" maxCyclomaticComplexity="1" minCyclomaticComplexity="1" maxCrapScore="1" minCrapScore="1" visitedClasses="0" numClasses="0" visitedMethods="1" numMethods="1" />
              <MetadataToken>100663447</MetadataToken>
              <Name>System.Int32 OpenCollections.Tests.PipelineTests/&lt;&gt;c::&lt;BasicMutliConsumerPipeline&gt;b__6_5(System.Int32)</Name>
              <FileRef uid="24" />
              <SequencePoints>
                <SequencePoint vc="500" uspid="939" ordinal="0" offset="0" sl="99" sc="44" el="99" ec="49" bec="0" bev="0" fileid="24" />
              </SequencePoints>
              <BranchPoints />
              <MethodPoint xsi:type="SequencePoint" vc="500" uspid="939" ordinal="0" offset="0" sl="99" sc="44" el="99" ec="49" bec="0" bev="0" fileid="24" />
            </Method>
            <Method visited="true" cyclomaticComplexity="1" nPathComplexity="0" sequenceCoverage="100" branchCoverage="100" crapScore="1" isConstructor="false" isStatic="false" isGetter="false" isSetter="false">
              <Summary numSequencePoints="1" visitedSequencePoints="1" numBranchPoints="1" visitedBranchPoints="1" sequenceCoverage="100" branchCoverage="100" maxCyclomaticComplexity="1" minCyclomaticComplexity="1" maxCrapScore="1" minCrapScore="1" visitedClasses="0" numClasses="0" visitedMethods="1" numMethods="1" />
              <MetadataToken>100663448</MetadataToken>
              <Name>System.Int32 OpenCollections.Tests.PipelineTests/&lt;&gt;c::&lt;BasicFileReadingPipeline&gt;b__7_0(System.String)</Name>
              <FileRef uid="24" />
              <SequencePoints>
                <SequencePoint vc="251500" uspid="940" ordinal="0" offset="0" sl="114" sc="61" el="114" ec="73" bec="0" bev="0" fileid="24" />
              </SequencePoints>
              <BranchPoints />
              <MethodPoint xsi:type="SequencePoint" vc="251500" uspid="940" ordinal="0" offset="0" sl="114" sc="61" el="114" ec="73" bec="0" bev="0" fileid="24" />
            </Method>
            <Method visited="true" cyclomaticComplexity="1" nPathComplexity="0" sequenceCoverage="100" branchCoverage="100" crapScore="1" isConstructor="false" isStatic="false" isGetter="false" isSetter="false">
              <Summary numSequencePoints="1" visitedSequencePoints="1" numBranchPoints="1" visitedBranchPoints="1" sequenceCoverage="100" branchCoverage="100" maxCyclomaticComplexity="1" minCyclomaticComplexity="1" maxCrapScore="1" minCrapScore="1" visitedClasses="0" numClasses="0" visitedMethods="1" numMethods="1" />
              <MetadataToken>100663449</MetadataToken>
              <Name>System.Int32 OpenCollections.Tests.PipelineTests/&lt;&gt;c::&lt;BasicFileReadingPipeline&gt;b__7_1(System.String)</Name>
              <FileRef uid="24" />
              <SequencePoints>
                <SequencePoint vc="500" uspid="941" ordinal="0" offset="0" sl="122" sc="41" el="122" ec="53" bec="0" bev="0" fileid="24" />
              </SequencePoints>
              <BranchPoints />
              <MethodPoint xsi:type="SequencePoint" vc="500" uspid="941" ordinal="0" offset="0" sl="122" sc="41" el="122" ec="53" bec="0" bev="0" fileid="24" />
            </Method>
          </Methods>
        </Class>
      </Classes>
    </Module>
    <Module skippedDueTo="Filter" hash="70-22-21-D3-33-43-68-3A-F4-65-F5-09-91-41-78-3E-89-E1-21-66">
      <ModulePath>C:\$Programming\C# Projects\OpenCollections\packages\xunit.runner.console.2.4.1\tools\net471\xunit.runner.utility.net452.dll</ModulePath>
      <ModuleTime>2018-10-29T08:17:04Z</ModuleTime>
      <ModuleName>xunit.runner.utility.net452</ModuleName>
      <Classes />
    </Module>
    <Module skippedDueTo="Filter" hash="C8-F9-F4-C9-4C-CD-C7-CE-2C-FD-53-BB-6A-9B-BE-4F-D2-FF-07-AF">
      <ModulePath>C:\$Programming\C# Projects\OpenCollections\OpenCollections.Test\bin\Debug\xunit.abstractions.dll</ModulePath>
      <ModuleTime>2018-08-25T23:54:14Z</ModuleTime>
      <ModuleName>xunit.abstractions</ModuleName>
      <Classes />
    </Module>
    <Module skippedDueTo="Filter" hash="1D-38-FA-64-8C-19-3B-5A-2F-20-D8-11-BB-40-9E-11-85-D9-1B-CD">
      <ModulePath>C:\$Programming\C# Projects\OpenCollections\OpenCollections.Test\bin\Debug\xunit.execution.desktop.dll</ModulePath>
      <ModuleTime>2018-10-29T08:17:00Z</ModuleTime>
      <ModuleName>xunit.execution.desktop</ModuleName>
      <Classes />
    </Module>
    <Module skippedDueTo="Filter" hash="A9-B8-38-52-F8-47-F1-F7-B1-42-BD-5D-0D-13-50-FA-8A-F5-08-DC">
      <ModulePath>C:\Windows\Microsoft.Net\assembly\GAC_MSIL\System.Reflection\v4.0_4.0.0.0__b03f5f7f11d50a3a\System.Reflection.dll</ModulePath>
      <ModuleTime>2019-12-07T09:10:36.0237545Z</ModuleTime>
      <ModuleName>System.Reflection</ModuleName>
      <Classes />
    </Module>
    <Module skippedDueTo="Filter" hash="69-5D-5D-9B-F7-23-8F-39-AB-08-BC-FE-2D-BB-F7-A6-09-5F-62-AF">
      <ModulePath>C:\Windows\Microsoft.Net\assembly\GAC_MSIL\System.Runtime\v4.0_4.0.0.0__b03f5f7f11d50a3a\System.Runtime.dll</ModulePath>
      <ModuleTime>2019-12-07T09:10:34.4923358Z</ModuleTime>
      <ModuleName>System.Runtime</ModuleName>
      <Classes />
    </Module>
    <Module skippedDueTo="Filter" hash="BC-8F-72-01-C7-65-2C-A9-C2-07-20-60-02-A7-E6-1D-8F-BC-49-D8">
      <ModulePath>C:\Windows\Microsoft.Net\assembly\GAC_MSIL\System\v4.0_4.0.0.0__b77a5c561934e089\System.dll</ModulePath>
      <ModuleTime>2019-12-07T09:10:36.0705812Z</ModuleTime>
      <ModuleName>System</ModuleName>
      <Classes />
    </Module>
    <Module skippedDueTo="Filter" hash="79-E9-77-F0-08-D2-82-51-77-30-65-08-45-E3-D4-2B-70-CA-4C-65">
      <ModulePath>C:\$Programming\C# Projects\OpenCollections\OpenCollections.Test\bin\Debug\xunit.runner.utility.net452.dll</ModulePath>
      <ModuleTime>2018-10-29T08:17:10Z</ModuleTime>
      <ModuleName>xunit.runner.utility.net452</ModuleName>
      <Classes />
    </Module>
    <Module skippedDueTo="Filter" hash="C8-F3-38-D6-B9-2E-84-01-FA-BE-3C-09-B1-75-54-32-D4-03-5A-5D">
      <ModulePath>C:\$Programming\C# Projects\OpenCollections\packages\xunit.runner.console.2.4.1\tools\net471\xunit.console.exe</ModulePath>
      <ModuleTime>2018-10-29T08:17:04Z</ModuleTime>
      <ModuleName>xunit.console</ModuleName>
      <Classes />
    </Module>
    <Module skippedDueTo="Filter" hash="EC-C0-2D-AD-FC-F0-70-BA-BC-F3-D2-B5-83-9B-3E-CD-9E-91-10-AA">
      <ModulePath>C:\$Programming\C# Projects\OpenCollections\OpenCollections.Test\bin\Debug\xunit.core.dll</ModulePath>
      <ModuleTime>2018-10-29T08:16:58Z</ModuleTime>
      <ModuleName>xunit.core</ModuleName>
      <Classes />
    </Module>
    <Module skippedDueTo="Filter" hash="03-8C-28-FF-B1-AD-98-09-DB-C2-77-9C-30-0B-76-C3-52-AE-19-2E">
      <ModulePath>C:\Windows\Microsoft.Net\assembly\GAC_MSIL\System.Core\v4.0_4.0.0.0__b77a5c561934e089\System.Core.dll</ModulePath>
      <ModuleTime>2020-05-11T05:37:33.4310463Z</ModuleTime>
      <ModuleName>System.Core</ModuleName>
      <Classes />
    </Module>
    <Module skippedDueTo="Filter" hash="72-01-26-F0-DD-DC-BB-57-6E-36-5A-54-E1-F4-B8-CA-68-01-1D-73">
      <ModulePath>C:\Windows\Microsoft.Net\assembly\GAC_MSIL\System.Collections\v4.0_4.0.0.0__b03f5f7f11d50a3a\System.Collections.dll</ModulePath>
      <ModuleTime>2019-12-07T09:10:34.5705678Z</ModuleTime>
      <ModuleName>System.Collections</ModuleName>
      <Classes />
    </Module>
    <Module skippedDueTo="Filter" hash="52-71-A6-6B-DF-88-C9-A4-68-E9-19-B1-05-28-34-DD-EC-DF-A7-B5">
      <ModulePath>C:\Windows\Microsoft.Net\assembly\GAC_MSIL\System.Threading.Tasks\v4.0_4.0.0.0__b03f5f7f11d50a3a\System.Threading.Tasks.dll</ModulePath>
      <ModuleTime>2019-12-07T09:10:34.5705678Z</ModuleTime>
      <ModuleName>System.Threading.Tasks</ModuleName>
      <Classes />
    </Module>
    <Module skippedDueTo="Filter" hash="1D-38-FA-64-8C-19-3B-5A-2F-20-D8-11-BB-40-9E-11-85-D9-1B-CD">
      <ModulePath>C:\$Programming\C# Projects\OpenCollections\OpenCollections.Test\bin\Debug\xunit.execution.desktop.dll</ModulePath>
      <ModuleTime>2018-10-29T08:17:00Z</ModuleTime>
      <ModuleName>xunit.execution.desktop</ModuleName>
      <Classes />
    </Module>
    <Module skippedDueTo="Filter" hash="EC-C0-2D-AD-FC-F0-70-BA-BC-F3-D2-B5-83-9B-3E-CD-9E-91-10-AA">
      <ModulePath>C:\$Programming\C# Projects\OpenCollections\OpenCollections.Test\bin\Debug\xunit.core.dll</ModulePath>
      <ModuleTime>2018-10-29T08:16:58Z</ModuleTime>
      <ModuleName>xunit.core</ModuleName>
      <Classes />
    </Module>
    <Module skippedDueTo="Filter" hash="69-5D-5D-9B-F7-23-8F-39-AB-08-BC-FE-2D-BB-F7-A6-09-5F-62-AF">
      <ModulePath>C:\Windows\Microsoft.Net\assembly\GAC_MSIL\System.Runtime\v4.0_4.0.0.0__b03f5f7f11d50a3a\System.Runtime.dll</ModulePath>
      <ModuleTime>2019-12-07T09:10:34.4923358Z</ModuleTime>
      <ModuleName>System.Runtime</ModuleName>
      <Classes />
    </Module>
    <Module skippedDueTo="Filter" hash="52-71-A6-6B-DF-88-C9-A4-68-E9-19-B1-05-28-34-DD-EC-DF-A7-B5">
      <ModulePath>C:\Windows\Microsoft.Net\assembly\GAC_MSIL\System.Threading.Tasks\v4.0_4.0.0.0__b03f5f7f11d50a3a\System.Threading.Tasks.dll</ModulePath>
      <ModuleTime>2019-12-07T09:10:34.5705678Z</ModuleTime>
      <ModuleName>System.Threading.Tasks</ModuleName>
      <Classes />
    </Module>
    <Module hash="31-A4-DA-58-7E-0B-A4-7C-6A-7D-4E-51-14-A8-EE-B6-45-2D-F7-96">
      <Summary numSequencePoints="569" visitedSequencePoints="438" numBranchPoints="301" visitedBranchPoints="206" sequenceCoverage="76.98" branchCoverage="68.44" maxCyclomaticComplexity="12" minCyclomaticComplexity="1" maxCrapScore="20" minCrapScore="1" visitedClasses="23" numClasses="36" visitedMethods="105" numMethods="145" />
      <ModulePath>C:\$Programming\C# Projects\OpenCollections\OpenCollections.Test\bin\Debug\OpenCollections.dll</ModulePath>
      <ModuleTime>2021-02-18T16:41:30.6686193Z</ModuleTime>
      <ModuleName>OpenCollections</ModuleName>
      <Files>
        <File uid="53" fullPath="C:\$Programming\C# Projects\OpenCollections\Consumers\ConcurrentWriter.cs" />
        <File uid="67" fullPath="C:\$Programming\C# Projects\OpenCollections\Consumers\MultiConcurrentConsumer.cs" />
        <File uid="72" fullPath="C:\$Programming\C# Projects\OpenCollections\Consumers\ConcurrentConsumer.cs" />
        <File uid="76" fullPath="C:\$Programming\C# Projects\OpenCollections\Enumerables\EnumerableMultiReader.cs" />
        <File uid="78" fullPath="C:\$Programming\C# Projects\OpenCollections\Enumerables\EnumerableStreamReader.cs" />
        <File uid="80" fullPath="C:\$Programming\C# Projects\OpenCollections\Helpers\Extensions.cs" />
        <File uid="81" fullPath="C:\$Programming\C# Projects\OpenCollections\Factory.cs" />
        <File uid="83" fullPath="C:\$Programming\C# Projects\OpenCollections\Producers\ConcurrentProducer.cs" />
        <File uid="88" fullPath="C:\$Programming\C# Projects\OpenCollections\Helpers\Consumer.cs" />
      </Files>
      <Classes>
        <Class>
          <Summary numSequencePoints="0" visitedSequencePoints="0" numBranchPoints="0" visitedBranchPoints="0" sequenceCoverage="0" branchCoverage="0" maxCyclomaticComplexity="0" minCyclomaticComplexity="0" maxCrapScore="0" minCrapScore="0" visitedClasses="0" numClasses="0" visitedMethods="0" numMethods="0" />
          <FullName>&lt;Module&gt;</FullName>
          <Methods />
        </Class>
        <Class>
          <Summary numSequencePoints="90" visitedSequencePoints="78" numBranchPoints="53" visitedBranchPoints="38" sequenceCoverage="86.67" branchCoverage="71.70" maxCyclomaticComplexity="12" minCyclomaticComplexity="1" maxCrapScore="12" minCrapScore="1" visitedClasses="1" numClasses="1" visitedMethods="13" numMethods="19" />
          <FullName>OpenCollections.ConcurrentWriter`1</FullName>
          <Methods>
            <Method visited="true" cyclomaticComplexity="1" nPathComplexity="0" sequenceCoverage="100" branchCoverage="100" crapScore="1" isConstructor="false" isStatic="false" isGetter="true" isSetter="false">
              <Summary numSequencePoints="1" visitedSequencePoints="1" numBranchPoints="1" visitedBranchPoints="1" sequenceCoverage="100" branchCoverage="100" maxCyclomaticComplexity="1" minCyclomaticComplexity="1" maxCrapScore="1" minCrapScore="1" visitedClasses="0" numClasses="0" visitedMethods="1" numMethods="1" />
              <MetadataToken>100663297</MetadataToken>
              <Name>System.String OpenCollections.ConcurrentWriter`1::get_Path()</Name>
              <FileRef uid="53" />
              <SequencePoints>
                <SequencePoint vc="9" uspid="942" ordinal="0" offset="0" sl="14" sc="30" el="14" ec="34" bec="0" bev="0" fileid="53" />
              </SequencePoints>
              <BranchPoints />
              <MethodPoint xsi:type="SequencePoint" vc="9" uspid="942" ordinal="0" offset="0" sl="14" sc="30" el="14" ec="34" bec="0" bev="0" fileid="53" />
            </Method>
            <Method visited="true" cyclomaticComplexity="1" nPathComplexity="0" sequenceCoverage="100" branchCoverage="100" crapScore="1" isConstructor="false" isStatic="false" isGetter="true" isSetter="false">
              <Summary numSequencePoints="1" visitedSequencePoints="1" numBranchPoints="1" visitedBranchPoints="1" sequenceCoverage="100" branchCoverage="100" maxCyclomaticComplexity="1" minCyclomaticComplexity="1" maxCrapScore="1" minCrapScore="1" visitedClasses="0" numClasses="0" visitedMethods="1" numMethods="1" />
              <MetadataToken>100663305</MetadataToken>
              <Name>System.Collections.Concurrent.IProducerConsumerCollection`1&lt;T&gt; OpenCollections.ConcurrentWriter`1::get_Collection()</Name>
              <FileRef uid="53" />
              <SequencePoints>
                <SequencePoint vc="2025" uspid="943" ordinal="0" offset="0" sl="31" sc="60" el="31" ec="64" bec="0" bev="0" fileid="53" />
              </SequencePoints>
              <BranchPoints />
              <MethodPoint xsi:type="SequencePoint" vc="2025" uspid="943" ordinal="0" offset="0" sl="31" sc="60" el="31" ec="64" bec="0" bev="0" fileid="53" />
            </Method>
            <Method visited="true" cyclomaticComplexity="1" nPathComplexity="0" sequenceCoverage="100" branchCoverage="100" crapScore="1" isConstructor="false" isStatic="false" isGetter="false" isSetter="true">
              <Summary numSequencePoints="1" visitedSequencePoints="1" numBranchPoints="1" visitedBranchPoints="1" sequenceCoverage="100" branchCoverage="100" maxCyclomaticComplexity="1" minCyclomaticComplexity="1" maxCrapScore="1" minCrapScore="1" visitedClasses="0" numClasses="0" visitedMethods="1" numMethods="1" />
              <MetadataToken>100663306</MetadataToken>
              <Name>System.Void OpenCollections.ConcurrentWriter`1::set_Collection(System.Collections.Concurrent.IProducerConsumerCollection`1&lt;T&gt;)</Name>
              <FileRef uid="53" />
              <SequencePoints>
                <SequencePoint vc="4" uspid="944" ordinal="0" offset="0" sl="31" sc="65" el="31" ec="69" bec="0" bev="0" fileid="53" />
              </SequencePoints>
              <BranchPoints />
              <MethodPoint xsi:type="SequencePoint" vc="4" uspid="944" ordinal="0" offset="0" sl="31" sc="65" el="31" ec="69" bec="0" bev="0" fileid="53" />
            </Method>
            <Method visited="true" cyclomaticComplexity="1" nPathComplexity="0" sequenceCoverage="100" branchCoverage="100" crapScore="1" isConstructor="true" isStatic="false" isGetter="false" isSetter="false">
              <Summary numSequencePoints="5" visitedSequencePoints="5" numBranchPoints="1" visitedBranchPoints="1" sequenceCoverage="100" branchCoverage="100" maxCyclomaticComplexity="1" minCyclomaticComplexity="1" maxCrapScore="1" minCrapScore="1" visitedClasses="0" numClasses="0" visitedMethods="1" numMethods="1" />
              <MetadataToken>100663298</MetadataToken>
              <Name>System.Void OpenCollections.ConcurrentWriter`1::.ctor(System.String)</Name>
              <FileRef uid="53" />
              <SequencePoints>
                <SequencePoint vc="5" uspid="945" ordinal="0" offset="0" sl="31" sc="74" el="31" ec="98" bec="0" bev="0" fileid="53" />
                <SequencePoint vc="5" uspid="946" ordinal="1" offset="11" sl="16" sc="9" el="16" ec="45" bec="0" bev="0" fileid="53" />
                <SequencePoint vc="5" uspid="947" ordinal="2" offset="18" sl="17" sc="9" el="17" ec="10" bec="0" bev="0" fileid="53" />
                <SequencePoint vc="5" uspid="948" ordinal="3" offset="19" sl="18" sc="13" el="18" ec="25" bec="0" bev="0" fileid="53" />
                <SequencePoint vc="5" uspid="949" ordinal="4" offset="26" sl="19" sc="9" el="19" ec="10" bec="0" bev="0" fileid="53" />
              </SequencePoints>
              <BranchPoints />
              <MethodPoint xsi:type="SequencePoint" vc="5" uspid="945" ordinal="0" offset="0" sl="31" sc="74" el="31" ec="98" bec="0" bev="0" fileid="53" />
            </Method>
            <Method visited="false" cyclomaticComplexity="2" nPathComplexity="0" sequenceCoverage="0" branchCoverage="0" crapScore="6" isConstructor="false" isStatic="false" isGetter="false" isSetter="false">
              <Summary numSequencePoints="0" visitedSequencePoints="0" numBranchPoints="0" visitedBranchPoints="0" sequenceCoverage="0" branchCoverage="0" maxCyclomaticComplexity="2" minCyclomaticComplexity="2" maxCrapScore="6" minCrapScore="6" visitedClasses="0" numClasses="0" visitedMethods="0" numMethods="0" />
              <MetadataToken>100663299</MetadataToken>
              <Name>System.Void OpenCollections.ConcurrentWriter`1::add_Finished(System.Action)</Name>
              <SequencePoints />
              <BranchPoints />
              <MethodPoint vc="0" uspid="950" ordinal="0" offset="0" />
            </Method>
            <Method visited="false" cyclomaticComplexity="2" nPathComplexity="0" sequenceCoverage="0" branchCoverage="0" crapScore="6" isConstructor="false" isStatic="false" isGetter="false" isSetter="false">
              <Summary numSequencePoints="0" visitedSequencePoints="0" numBranchPoints="0" visitedBranchPoints="0" sequenceCoverage="0" branchCoverage="0" maxCyclomaticComplexity="2" minCyclomaticComplexity="2" maxCrapScore="6" minCrapScore="6" visitedClasses="0" numClasses="0" visitedMethods="0" numMethods="0" />
              <MetadataToken>100663300</MetadataToken>
              <Name>System.Void OpenCollections.ConcurrentWriter`1::remove_Finished(System.Action)</Name>
              <SequencePoints />
              <BranchPoints />
              <MethodPoint vc="0" uspid="951" ordinal="0" offset="0" />
            </Method>
            <Method visited="false" cyclomaticComplexity="2" nPathComplexity="0" sequenceCoverage="0" branchCoverage="0" crapScore="6" isConstructor="false" isStatic="false" isGetter="false" isSetter="false">
              <Summary numSequencePoints="0" visitedSequencePoints="0" numBranchPoints="0" visitedBranchPoints="0" sequenceCoverage="0" branchCoverage="0" maxCyclomaticComplexity="2" minCyclomaticComplexity="2" maxCrapScore="6" minCrapScore="6" visitedClasses="0" numClasses="0" visitedMethods="0" numMethods="0" />
              <MetadataToken>100663301</MetadataToken>
              <Name>System.Void OpenCollections.ConcurrentWriter`1::add_CollectionChanged(System.Action)</Name>
              <SequencePoints />
              <BranchPoints />
              <MethodPoint vc="0" uspid="952" ordinal="0" offset="0" />
            </Method>
            <Method visited="false" cyclomaticComplexity="2" nPathComplexity="0" sequenceCoverage="0" branchCoverage="0" crapScore="6" isConstructor="false" isStatic="false" isGetter="false" isSetter="false">
              <Summary numSequencePoints="0" visitedSequencePoints="0" numBranchPoints="0" visitedBranchPoints="0" sequenceCoverage="0" branchCoverage="0" maxCyclomaticComplexity="2" minCyclomaticComplexity="2" maxCrapScore="6" minCrapScore="6" visitedClasses="0" numClasses="0" visitedMethods="0" numMethods="0" />
              <MetadataToken>100663302</MetadataToken>
              <Name>System.Void OpenCollections.ConcurrentWriter`1::remove_CollectionChanged(System.Action)</Name>
              <SequencePoints />
              <BranchPoints />
              <MethodPoint vc="0" uspid="953" ordinal="0" offset="0" />
            </Method>
            <Method visited="false" cyclomaticComplexity="2" nPathComplexity="0" sequenceCoverage="0" branchCoverage="0" crapScore="6" isConstructor="false" isStatic="false" isGetter="false" isSetter="false">
              <Summary numSequencePoints="0" visitedSequencePoints="0" numBranchPoints="0" visitedBranchPoints="0" sequenceCoverage="0" branchCoverage="0" maxCyclomaticComplexity="2" minCyclomaticComplexity="2" maxCrapScore="6" minCrapScore="6" visitedClasses="0" numClasses="0" visitedMethods="0" numMethods="0" />
              <MetadataToken>100663303</MetadataToken>
              <Name>System.Void OpenCollections.ConcurrentWriter`1::add_Started(System.Action)</Name>
              <SequencePoints />
              <BranchPoints />
              <MethodPoint vc="0" uspid="954" ordinal="0" offset="0" />
            </Method>
            <Method visited="false" cyclomaticComplexity="2" nPathComplexity="0" sequenceCoverage="0" branchCoverage="0" crapScore="6" isConstructor="false" isStatic="false" isGetter="false" isSetter="false">
              <Summary numSequencePoints="0" visitedSequencePoints="0" numBranchPoints="0" visitedBranchPoints="0" sequenceCoverage="0" branchCoverage="0" maxCyclomaticComplexity="2" minCyclomaticComplexity="2" maxCrapScore="6" minCrapScore="6" visitedClasses="0" numClasses="0" visitedMethods="0" numMethods="0" />
              <MetadataToken>100663304</MetadataToken>
              <Name>System.Void OpenCollections.ConcurrentWriter`1::remove_Started(System.Action)</Name>
              <SequencePoints />
              <BranchPoints />
              <MethodPoint vc="0" uspid="955" ordinal="0" offset="0" />
            </Method>
            <Method visited="false" cyclomaticComplexity="1" nPathComplexity="0" sequenceCoverage="0" branchCoverage="0" crapScore="2" isConstructor="false" isStatic="false" isGetter="false" isSetter="false">
              <Summary numSequencePoints="1" visitedSequencePoints="0" numBranchPoints="1" visitedBranchPoints="0" sequenceCoverage="0" branchCoverage="0" maxCyclomaticComplexity="1" minCyclomaticComplexity="1" maxCrapScore="2" minCrapScore="2" visitedClasses="0" numClasses="0" visitedMethods="0" numMethods="1" />
              <MetadataToken>100663307</MetadataToken>
              <Name>System.Void OpenCollections.ConcurrentWriter`1::Invoke()</Name>
              <FileRef uid="53" />
              <SequencePoints>
                <SequencePoint vc="0" uspid="956" ordinal="0" offset="0" sl="32" sc="33" el="32" ec="45" bec="0" bev="0" fileid="53" />
              </SequencePoints>
              <BranchPoints />
              <MethodPoint xsi:type="SequencePoint" vc="0" uspid="956" ordinal="0" offset="0" sl="32" sc="33" el="32" ec="45" bec="0" bev="0" fileid="53" />
            </Method>
            <Method visited="false" cyclomaticComplexity="1" nPathComplexity="0" sequenceCoverage="0" branchCoverage="0" crapScore="2" isConstructor="false" isStatic="false" isGetter="false" isSetter="false">
              <Summary numSequencePoints="0" visitedSequencePoints="0" numBranchPoints="0" visitedBranchPoints="0" sequenceCoverage="0" branchCoverage="0" maxCyclomaticComplexity="1" minCyclomaticComplexity="1" maxCrapScore="2" minCrapScore="2" visitedClasses="0" numClasses="0" visitedMethods="0" numMethods="0" />
              <MetadataToken>100663308</MetadataToken>
              <Name>System.Threading.Tasks.Task OpenCollections.ConcurrentWriter`1::InvokeAsync()</Name>
              <SequencePoints />
              <BranchPoints />
              <MethodPoint vc="0" uspid="957" ordinal="0" offset="0" />
            </Method>
            <Method visited="false" cyclomaticComplexity="1" nPathComplexity="0" sequenceCoverage="0" branchCoverage="0" crapScore="2" isConstructor="false" isStatic="false" isGetter="false" isSetter="false">
              <Summary numSequencePoints="0" visitedSequencePoints="0" numBranchPoints="0" visitedBranchPoints="0" sequenceCoverage="0" branchCoverage="0" maxCyclomaticComplexity="1" minCyclomaticComplexity="1" maxCrapScore="2" minCrapScore="2" visitedClasses="0" numClasses="0" visitedMethods="0" numMethods="0" />
              <MetadataToken>100663309</MetadataToken>
              <Name>System.Threading.Tasks.Task OpenCollections.ConcurrentWriter`1::WriteLinesAsync()</Name>
              <SequencePoints />
              <BranchPoints />
              <MethodPoint vc="0" uspid="958" ordinal="0" offset="0" />
            </Method>
            <Method visited="false" cyclomaticComplexity="1" nPathComplexity="0" sequenceCoverage="0" branchCoverage="0" crapScore="2" isConstructor="false" isStatic="false" isGetter="false" isSetter="false">
              <Summary numSequencePoints="0" visitedSequencePoints="0" numBranchPoints="0" visitedBranchPoints="0" sequenceCoverage="0" branchCoverage="0" maxCyclomaticComplexity="1" minCyclomaticComplexity="1" maxCrapScore="2" minCrapScore="2" visitedClasses="0" numClasses="0" visitedMethods="0" numMethods="0" />
              <MetadataToken>100663310</MetadataToken>
              <Name>System.Threading.Tasks.Task OpenCollections.ConcurrentWriter`1::WriteLinesAsync(System.Boolean)</Name>
              <SequencePoints />
              <BranchPoints />
              <MethodPoint vc="0" uspid="959" ordinal="0" offset="0" />
            </Method>
            <Method visited="false" cyclomaticComplexity="1" nPathComplexity="0" sequenceCoverage="0" branchCoverage="0" crapScore="2" isConstructor="false" isStatic="false" isGetter="false" isSetter="false">
              <Summary numSequencePoints="0" visitedSequencePoints="0" numBranchPoints="0" visitedBranchPoints="0" sequenceCoverage="0" branchCoverage="0" maxCyclomaticComplexity="1" minCyclomaticComplexity="1" maxCrapScore="2" minCrapScore="2" visitedClasses="0" numClasses="0" visitedMethods="0" numMethods="0" />
              <MetadataToken>100663311</MetadataToken>
              <Name>System.Threading.Tasks.Task OpenCollections.ConcurrentWriter`1::WriteLinesAsync(System.Threading.CancellationToken)</Name>
              <SequencePoints />
              <BranchPoints />
              <MethodPoint vc="0" uspid="960" ordinal="0" offset="0" />
            </Method>
            <Method visited="false" cyclomaticComplexity="1" nPathComplexity="0" sequenceCoverage="0" branchCoverage="0" crapScore="2" isConstructor="false" isStatic="false" isGetter="false" isSetter="false">
              <Summary numSequencePoints="0" visitedSequencePoints="0" numBranchPoints="0" visitedBranchPoints="0" sequenceCoverage="0" branchCoverage="0" maxCyclomaticComplexity="1" minCyclomaticComplexity="1" maxCrapScore="2" minCrapScore="2" visitedClasses="0" numClasses="0" visitedMethods="0" numMethods="0" />
              <MetadataToken>100663312</MetadataToken>
              <Name>System.Threading.Tasks.Task OpenCollections.ConcurrentWriter`1::WriteLinesAsync(System.Boolean,System.Threading.CancellationToken)</Name>
              <SequencePoints />
              <BranchPoints />
              <MethodPoint vc="0" uspid="961" ordinal="0" offset="0" />
            </Method>
            <Method visited="false" cyclomaticComplexity="1" nPathComplexity="0" sequenceCoverage="0" branchCoverage="0" crapScore="2" isConstructor="false" isStatic="false" isGetter="false" isSetter="false">
              <Summary numSequencePoints="0" visitedSequencePoints="0" numBranchPoints="0" visitedBranchPoints="0" sequenceCoverage="0" branchCoverage="0" maxCyclomaticComplexity="1" minCyclomaticComplexity="1" maxCrapScore="2" minCrapScore="2" visitedClasses="0" numClasses="0" visitedMethods="0" numMethods="0" />
              <MetadataToken>100663313</MetadataToken>
              <Name>System.Threading.Tasks.Task OpenCollections.ConcurrentWriter`1::WriteAsync()</Name>
              <SequencePoints />
              <BranchPoints />
              <MethodPoint vc="0" uspid="962" ordinal="0" offset="0" />
            </Method>
            <Method visited="false" cyclomaticComplexity="1" nPathComplexity="0" sequenceCoverage="0" branchCoverage="0" crapScore="2" isConstructor="false" isStatic="false" isGetter="false" isSetter="false">
              <Summary numSequencePoints="0" visitedSequencePoints="0" numBranchPoints="0" visitedBranchPoints="0" sequenceCoverage="0" branchCoverage="0" maxCyclomaticComplexity="1" minCyclomaticComplexity="1" maxCrapScore="2" minCrapScore="2" visitedClasses="0" numClasses="0" visitedMethods="0" numMethods="0" />
              <MetadataToken>100663314</MetadataToken>
              <Name>System.Threading.Tasks.Task OpenCollections.ConcurrentWriter`1::WriteAsync(System.Boolean)</Name>
              <SequencePoints />
              <BranchPoints />
              <MethodPoint vc="0" uspid="963" ordinal="0" offset="0" />
            </Method>
            <Method visited="false" cyclomaticComplexity="1" nPathComplexity="0" sequenceCoverage="0" branchCoverage="0" crapScore="2" isConstructor="false" isStatic="false" isGetter="false" isSetter="false">
              <Summary numSequencePoints="0" visitedSequencePoints="0" numBranchPoints="0" visitedBranchPoints="0" sequenceCoverage="0" branchCoverage="0" maxCyclomaticComplexity="1" minCyclomaticComplexity="1" maxCrapScore="2" minCrapScore="2" visitedClasses="0" numClasses="0" visitedMethods="0" numMethods="0" />
              <MetadataToken>100663315</MetadataToken>
              <Name>System.Threading.Tasks.Task OpenCollections.ConcurrentWriter`1::WriteAsync(System.Threading.CancellationToken)</Name>
              <SequencePoints />
              <BranchPoints />
              <MethodPoint vc="0" uspid="964" ordinal="0" offset="0" />
            </Method>
            <Method visited="false" cyclomaticComplexity="1" nPathComplexity="0" sequenceCoverage="0" branchCoverage="0" crapScore="2" isConstructor="false" isStatic="false" isGetter="false" isSetter="false">
              <Summary numSequencePoints="0" visitedSequencePoints="0" numBranchPoints="0" visitedBranchPoints="0" sequenceCoverage="0" branchCoverage="0" maxCyclomaticComplexity="1" minCyclomaticComplexity="1" maxCrapScore="2" minCrapScore="2" visitedClasses="0" numClasses="0" visitedMethods="0" numMethods="0" />
              <MetadataToken>100663316</MetadataToken>
              <Name>System.Threading.Tasks.Task OpenCollections.ConcurrentWriter`1::WriteAsync(System.Boolean,System.Threading.CancellationToken)</Name>
              <SequencePoints />
              <BranchPoints />
              <MethodPoint vc="0" uspid="965" ordinal="0" offset="0" />
            </Method>
            <Method visited="false" cyclomaticComplexity="1" nPathComplexity="0" sequenceCoverage="0" branchCoverage="0" crapScore="2" isConstructor="false" isStatic="false" isGetter="false" isSetter="false">
              <Summary numSequencePoints="3" visitedSequencePoints="0" numBranchPoints="1" visitedBranchPoints="0" sequenceCoverage="0" branchCoverage="0" maxCyclomaticComplexity="1" minCyclomaticComplexity="1" maxCrapScore="2" minCrapScore="2" visitedClasses="0" numClasses="0" visitedMethods="0" numMethods="1" />
              <MetadataToken>100663317</MetadataToken>
              <Name>System.Void OpenCollections.ConcurrentWriter`1::WriteLines()</Name>
              <FileRef uid="53" />
              <SequencePoints>
                <SequencePoint vc="0" uspid="966" ordinal="0" offset="0" sl="93" sc="9" el="93" ec="10" bec="0" bev="0" fileid="53" />
                <SequencePoint vc="0" uspid="967" ordinal="1" offset="1" sl="94" sc="13" el="94" ec="36" bec="0" bev="0" fileid="53" />
                <SequencePoint vc="0" uspid="968" ordinal="2" offset="10" sl="95" sc="9" el="95" ec="10" bec="0" bev="0" fileid="53" />
              </SequencePoints>
              <BranchPoints />
              <MethodPoint xsi:type="SequencePoint" vc="0" uspid="966" ordinal="0" offset="0" sl="93" sc="9" el="93" ec="10" bec="0" bev="0" fileid="53" />
            </Method>
            <Method visited="true" cyclomaticComplexity="1" nPathComplexity="0" sequenceCoverage="100" branchCoverage="100" crapScore="1" isConstructor="false" isStatic="false" isGetter="false" isSetter="false">
              <Summary numSequencePoints="3" visitedSequencePoints="3" numBranchPoints="1" visitedBranchPoints="1" sequenceCoverage="100" branchCoverage="100" maxCyclomaticComplexity="1" minCyclomaticComplexity="1" maxCrapScore="1" minCrapScore="1" visitedClasses="0" numClasses="0" visitedMethods="1" numMethods="1" />
              <MetadataToken>100663318</MetadataToken>
              <Name>System.Void OpenCollections.ConcurrentWriter`1::WriteLines(System.Boolean)</Name>
              <FileRef uid="53" />
              <SequencePoints>
                <SequencePoint vc="3" uspid="969" ordinal="0" offset="0" sl="98" sc="9" el="98" ec="10" bec="0" bev="0" fileid="53" />
                <SequencePoint vc="3" uspid="970" ordinal="1" offset="1" sl="99" sc="13" el="99" ec="42" bec="0" bev="0" fileid="53" />
                <SequencePoint vc="2" uspid="971" ordinal="2" offset="10" sl="100" sc="9" el="100" ec="10" bec="0" bev="0" fileid="53" />
              </SequencePoints>
              <BranchPoints />
              <MethodPoint xsi:type="SequencePoint" vc="3" uspid="969" ordinal="0" offset="0" sl="98" sc="9" el="98" ec="10" bec="0" bev="0" fileid="53" />
            </Method>
            <Method visited="true" cyclomaticComplexity="1" nPathComplexity="0" sequenceCoverage="100" branchCoverage="100" crapScore="1" isConstructor="false" isStatic="false" isGetter="false" isSetter="false">
              <Summary numSequencePoints="3" visitedSequencePoints="3" numBranchPoints="1" visitedBranchPoints="1" sequenceCoverage="100" branchCoverage="100" maxCyclomaticComplexity="1" minCyclomaticComplexity="1" maxCrapScore="1" minCrapScore="1" visitedClasses="0" numClasses="0" visitedMethods="1" numMethods="1" />
              <MetadataToken>100663319</MetadataToken>
              <Name>System.Void OpenCollections.ConcurrentWriter`1::Write()</Name>
              <FileRef uid="53" />
              <SequencePoints>
                <SequencePoint vc="1" uspid="972" ordinal="0" offset="0" sl="103" sc="9" el="103" ec="10" bec="0" bev="0" fileid="53" />
                <SequencePoint vc="1" uspid="973" ordinal="1" offset="1" sl="104" sc="13" el="104" ec="53" bec="0" bev="0" fileid="53" />
                <SequencePoint vc="1" uspid="974" ordinal="2" offset="10" sl="105" sc="9" el="105" ec="10" bec="0" bev="0" fileid="53" />
              </SequencePoints>
              <BranchPoints />
              <MethodPoint xsi:type="SequencePoint" vc="1" uspid="972" ordinal="0" offset="0" sl="103" sc="9" el="103" ec="10" bec="0" bev="0" fileid="53" />
            </Method>
            <Method visited="false" cyclomaticComplexity="1" nPathComplexity="0" sequenceCoverage="0" branchCoverage="0" crapScore="2" isConstructor="false" isStatic="false" isGetter="false" isSetter="false">
              <Summary numSequencePoints="3" visitedSequencePoints="0" numBranchPoints="1" visitedBranchPoints="0" sequenceCoverage="0" branchCoverage="0" maxCyclomaticComplexity="1" minCyclomaticComplexity="1" maxCrapScore="2" minCrapScore="2" visitedClasses="0" numClasses="0" visitedMethods="0" numMethods="1" />
              <MetadataToken>100663320</MetadataToken>
              <Name>System.Void OpenCollections.ConcurrentWriter`1::Write(System.Boolean)</Name>
              <FileRef uid="53" />
              <SequencePoints>
                <SequencePoint vc="0" uspid="975" ordinal="0" offset="0" sl="108" sc="9" el="108" ec="10" bec="0" bev="0" fileid="53" />
                <SequencePoint vc="0" uspid="976" ordinal="1" offset="1" sl="109" sc="13" el="109" ec="61" bec="0" bev="0" fileid="53" />
                <SequencePoint vc="0" uspid="977" ordinal="2" offset="10" sl="110" sc="9" el="110" ec="10" bec="0" bev="0" fileid="53" />
              </SequencePoints>
              <BranchPoints />
              <MethodPoint xsi:type="SequencePoint" vc="0" uspid="975" ordinal="0" offset="0" sl="108" sc="9" el="108" ec="10" bec="0" bev="0" fileid="53" />
            </Method>
            <Method visited="true" cyclomaticComplexity="12" nPathComplexity="1024" sequenceCoverage="100" branchCoverage="71.43" crapScore="12" isConstructor="false" isStatic="false" isGetter="false" isSetter="false">
              <Summary numSequencePoints="32" visitedSequencePoints="32" numBranchPoints="21" visitedBranchPoints="15" sequenceCoverage="100" branchCoverage="71.43" maxCyclomaticComplexity="12" minCyclomaticComplexity="12" maxCrapScore="12" minCrapScore="12" visitedClasses="0" numClasses="0" visitedMethods="1" numMethods="1" />
              <MetadataToken>100663321</MetadataToken>
              <Name>System.Void OpenCollections.ConcurrentWriter`1::ConsumeLinesAndWrite(System.Boolean,System.Boolean)</Name>
              <FileRef uid="53" />
              <SequencePoints>
                <SequencePoint vc="4" uspid="978" ordinal="0" offset="0" sl="113" sc="9" el="113" ec="10" bec="0" bev="0" fileid="53" />
                <SequencePoint vc="4" uspid="979" ordinal="1" offset="1" sl="114" sc="13" el="114" ec="33" bec="2" bev="2" fileid="53" />
                <SequencePoint vc="3" uspid="980" ordinal="2" offset="9" sl="115" sc="13" el="115" ec="14" bec="0" bev="0" fileid="53" />
                <SequencePoint vc="3" uspid="981" ordinal="3" offset="10" sl="116" sc="17" el="116" ec="33" bec="0" bev="0" fileid="53" />
                <SequencePoint vc="3" uspid="982" ordinal="4" offset="17" sl="117" sc="13" el="117" ec="14" bec="0" bev="0" fileid="53" />
                <SequencePoint vc="4" uspid="983" ordinal="5" offset="18" sl="119" sc="13" el="119" ec="51" bec="0" bev="0" fileid="53" />
                <SequencePoint vc="3" uspid="984" ordinal="6" offset="39" sl="120" sc="13" el="120" ec="14" bec="0" bev="0" fileid="53" />
                <SequencePoint vc="3" uspid="985" ordinal="7" offset="40" sl="121" sc="17" el="121" ec="35" bec="2" bev="1" fileid="53" />
                <SequencePoint vc="3" uspid="986" ordinal="8" offset="58" sl="124" sc="17" el="124" ec="32" bec="2" bev="2" fileid="53" />
                <SequencePoint vc="2" uspid="987" ordinal="9" offset="63" sl="125" sc="17" el="125" ec="18" bec="0" bev="0" fileid="53" />
                <SequencePoint vc="1000" uspid="988" ordinal="10" offset="66" sl="127" sc="21" el="127" ec="22" bec="0" bev="0" fileid="53" />
                <SequencePoint vc="1000" uspid="989" ordinal="11" offset="67" sl="130" sc="25" el="130" ec="58" bec="2" bev="1" fileid="53" />
                <SequencePoint vc="1000" uspid="990" ordinal="12" offset="86" sl="131" sc="25" el="131" ec="26" bec="0" bev="0" fileid="53" />
                <SequencePoint vc="1000" uspid="991" ordinal="13" offset="87" sl="132" sc="29" el="132" ec="57" bec="2" bev="1" fileid="53" />
                <SequencePoint vc="1000" uspid="992" ordinal="14" offset="105" sl="134" sc="29" el="134" ec="52" bec="0" bev="0" fileid="53" />
                <SequencePoint vc="1000" uspid="993" ordinal="15" offset="124" sl="135" sc="25" el="135" ec="26" bec="0" bev="0" fileid="53" />
                <SequencePoint vc="1000" uspid="994" ordinal="16" offset="125" sl="136" sc="21" el="136" ec="22" bec="0" bev="0" fileid="53" />
                <SequencePoint vc="1002" uspid="995" ordinal="17" offset="126" sl="126" sc="21" el="126" ec="51" bec="2" bev="2" fileid="53" />
                <SequencePoint vc="2" uspid="996" ordinal="18" offset="146" sl="137" sc="17" el="137" ec="18" bec="0" bev="0" fileid="53" />
                <SequencePoint vc="1" uspid="997" ordinal="19" offset="149" sl="139" sc="17" el="139" ec="18" bec="0" bev="0" fileid="53" />
                <SequencePoint vc="10" uspid="998" ordinal="20" offset="152" sl="141" sc="21" el="141" ec="22" bec="0" bev="0" fileid="53" />
                <SequencePoint vc="10" uspid="999" ordinal="21" offset="153" sl="144" sc="25" el="144" ec="58" bec="2" bev="1" fileid="53" />
                <SequencePoint vc="10" uspid="1000" ordinal="22" offset="172" sl="145" sc="25" el="145" ec="26" bec="0" bev="0" fileid="53" />
                <SequencePoint vc="10" uspid="1001" ordinal="23" offset="173" sl="146" sc="29" el="146" ec="57" bec="2" bev="1" fileid="53" />
                <SequencePoint vc="10" uspid="1002" ordinal="24" offset="191" sl="148" sc="29" el="148" ec="48" bec="0" bev="0" fileid="53" />
                <SequencePoint vc="10" uspid="1003" ordinal="25" offset="210" sl="149" sc="25" el="149" ec="26" bec="0" bev="0" fileid="53" />
                <SequencePoint vc="10" uspid="1004" ordinal="26" offset="211" sl="150" sc="21" el="150" ec="22" bec="0" bev="0" fileid="53" />
                <SequencePoint vc="11" uspid="1005" ordinal="27" offset="212" sl="140" sc="21" el="140" ec="51" bec="2" bev="2" fileid="53" />
                <SequencePoint vc="1" uspid="1006" ordinal="28" offset="232" sl="151" sc="17" el="151" ec="18" bec="0" bev="0" fileid="53" />
                <SequencePoint vc="3" uspid="1007" ordinal="29" offset="233" sl="152" sc="13" el="152" ec="14" bec="0" bev="0" fileid="53" />
                <SequencePoint vc="3" uspid="1008" ordinal="30" offset="247" sl="154" sc="13" el="154" ec="32" bec="2" bev="1" fileid="53" />
                <SequencePoint vc="3" uspid="1009" ordinal="31" offset="265" sl="155" sc="9" el="155" ec="10" bec="0" bev="0" fileid="53" />
              </SequencePoints>
              <BranchPoints>
                <BranchPoint vc="3" uspid="1010" ordinal="0" offset="7" sl="114" path="0" offsetend="9" fileid="53" />
                <BranchPoint vc="1" uspid="1011" ordinal="1" offset="7" sl="114" path="1" offsetend="18" fileid="53" />
                <BranchPoint vc="3" uspid="1012" ordinal="2" offset="47" sl="121" path="0" offsetend="49" fileid="53" />
                <BranchPoint vc="0" uspid="1013" ordinal="3" offset="47" sl="121" path="1" offsetend="52" fileid="53" />
                <BranchPoint vc="2" uspid="1014" ordinal="4" offset="61" sl="124" path="0" offsetend="63" fileid="53" />
                <BranchPoint vc="1" uspid="1015" ordinal="5" offset="61" sl="124" path="1" offsetend="149" fileid="53" />
                <BranchPoint vc="1000" uspid="1016" ordinal="6" offset="84" sl="130" path="0" offsetend="86" fileid="53" />
                <BranchPoint vc="0" uspid="1017" ordinal="7" offset="84" sl="130" path="1" offsetend="125" fileid="53" />
                <BranchPoint vc="1000" uspid="1018" ordinal="8" offset="94" sl="132" path="0" offsetend="96" fileid="53" />
                <BranchPoint vc="0" uspid="1019" ordinal="9" offset="94" sl="132" path="1" offsetend="99" fileid="53" />
                <BranchPoint vc="2" uspid="1020" ordinal="10" offset="144" sl="126" path="0" offsetend="146" fileid="53" />
                <BranchPoint vc="1000" uspid="1021" ordinal="11" offset="144" sl="126" path="1" offsetend="66" fileid="53" />
                <BranchPoint vc="10" uspid="1022" ordinal="12" offset="170" sl="144" path="0" offsetend="172" fileid="53" />
                <BranchPoint vc="0" uspid="1023" ordinal="13" offset="170" sl="144" path="1" offsetend="211" fileid="53" />
                <BranchPoint vc="10" uspid="1024" ordinal="14" offset="180" sl="146" path="0" offsetend="182" fileid="53" />
                <BranchPoint vc="0" uspid="1025" ordinal="15" offset="180" sl="146" path="1" offsetend="185" fileid="53" />
                <BranchPoint vc="1" uspid="1026" ordinal="16" offset="230" sl="140" path="0" offsetend="232" fileid="53" />
                <BranchPoint vc="10" uspid="1027" ordinal="17" offset="230" sl="140" path="1" offsetend="152" fileid="53" />
                <BranchPoint vc="3" uspid="1028" ordinal="18" offset="254" sl="154" path="0" offsetend="256" fileid="53" />
                <BranchPoint vc="0" uspid="1029" ordinal="19" offset="254" sl="154" path="1" offsetend="259" fileid="53" />
              </BranchPoints>
              <MethodPoint xsi:type="SequencePoint" vc="4" uspid="978" ordinal="0" offset="0" sl="113" sc="9" el="113" ec="10" bec="0" bev="0" fileid="53" />
            </Method>
            <Method visited="true" cyclomaticComplexity="2" nPathComplexity="2" sequenceCoverage="100" branchCoverage="100" crapScore="2" isConstructor="false" isStatic="false" isGetter="false" isSetter="false">
              <Summary numSequencePoints="6" visitedSequencePoints="6" numBranchPoints="3" visitedBranchPoints="3" sequenceCoverage="100" branchCoverage="100" maxCyclomaticComplexity="2" minCyclomaticComplexity="2" maxCrapScore="2" minCrapScore="2" visitedClasses="0" numClasses="0" visitedMethods="1" numMethods="1" />
              <MetadataToken>100663322</MetadataToken>
              <Name>System.Void OpenCollections.ConcurrentWriter`1::CreateNewFile()</Name>
              <FileRef uid="53" />
              <SequencePoints>
                <SequencePoint vc="3" uspid="1030" ordinal="0" offset="0" sl="158" sc="9" el="158" ec="10" bec="0" bev="0" fileid="53" />
                <SequencePoint vc="3" uspid="1031" ordinal="1" offset="1" sl="159" sc="13" el="159" ec="35" bec="2" bev="2" fileid="53" />
                <SequencePoint vc="2" uspid="1032" ordinal="2" offset="16" sl="160" sc="13" el="160" ec="14" bec="0" bev="0" fileid="53" />
                <SequencePoint vc="2" uspid="1033" ordinal="3" offset="17" sl="161" sc="17" el="161" ec="35" bec="0" bev="0" fileid="53" />
                <SequencePoint vc="2" uspid="1034" ordinal="4" offset="29" sl="162" sc="13" el="162" ec="14" bec="0" bev="0" fileid="53" />
                <SequencePoint vc="3" uspid="1035" ordinal="5" offset="30" sl="163" sc="9" el="163" ec="10" bec="0" bev="0" fileid="53" />
              </SequencePoints>
              <BranchPoints>
                <BranchPoint vc="2" uspid="1036" ordinal="0" offset="14" sl="159" path="0" offsetend="16" fileid="53" />
                <BranchPoint vc="1" uspid="1037" ordinal="1" offset="14" sl="159" path="1" offsetend="30" fileid="53" />
              </BranchPoints>
              <MethodPoint xsi:type="SequencePoint" vc="3" uspid="1030" ordinal="0" offset="0" sl="158" sc="9" el="158" ec="10" bec="0" bev="0" fileid="53" />
            </Method>
            <Method visited="true" cyclomaticComplexity="2" nPathComplexity="2" sequenceCoverage="100" branchCoverage="100" crapScore="2" isConstructor="false" isStatic="false" isGetter="false" isSetter="false">
              <Summary numSequencePoints="11" visitedSequencePoints="11" numBranchPoints="3" visitedBranchPoints="3" sequenceCoverage="100" branchCoverage="100" maxCyclomaticComplexity="2" minCyclomaticComplexity="2" maxCrapScore="2" minCrapScore="2" visitedClasses="0" numClasses="0" visitedMethods="1" numMethods="1" />
              <MetadataToken>100663323</MetadataToken>
              <Name>System.Threading.CancellationToken OpenCollections.ConcurrentWriter`1::SetManagedToken(System.Threading.CancellationToken)</Name>
              <FileRef uid="53" />
              <SequencePoints>
                <SequencePoint vc="2" uspid="1038" ordinal="0" offset="0" sl="166" sc="9" el="166" ec="10" bec="0" bev="0" fileid="53" />
                <SequencePoint vc="2" uspid="1039" ordinal="1" offset="1" sl="167" sc="13" el="167" ec="34" bec="2" bev="2" fileid="53" />
                <SequencePoint vc="1" uspid="1040" ordinal="2" offset="20" sl="168" sc="13" el="168" ec="14" bec="0" bev="0" fileid="53" />
                <SequencePoint vc="1" uspid="1041" ordinal="3" offset="21" sl="169" sc="17" el="169" ec="38" bec="0" bev="0" fileid="53" />
                <SequencePoint vc="1" uspid="1042" ordinal="4" offset="28" sl="170" sc="13" el="170" ec="14" bec="0" bev="0" fileid="53" />
                <SequencePoint vc="1" uspid="1043" ordinal="5" offset="31" sl="172" sc="13" el="172" ec="14" bec="0" bev="0" fileid="53" />
                <SequencePoint vc="1" uspid="1044" ordinal="6" offset="32" sl="173" sc="17" el="173" ec="61" bec="0" bev="0" fileid="53" />
                <SequencePoint vc="1" uspid="1045" ordinal="7" offset="43" sl="174" sc="17" el="174" ec="43" bec="0" bev="0" fileid="53" />
                <SequencePoint vc="1" uspid="1046" ordinal="8" offset="56" sl="175" sc="13" el="175" ec="14" bec="0" bev="0" fileid="53" />
                <SequencePoint vc="2" uspid="1047" ordinal="9" offset="57" sl="176" sc="13" el="176" ec="26" bec="0" bev="0" fileid="53" />
                <SequencePoint vc="2" uspid="1048" ordinal="10" offset="61" sl="177" sc="9" el="177" ec="10" bec="0" bev="0" fileid="53" />
              </SequencePoints>
              <BranchPoints>
                <BranchPoint vc="1" uspid="1049" ordinal="0" offset="18" sl="167" path="0" offsetend="20" fileid="53" />
                <BranchPoint vc="1" uspid="1050" ordinal="1" offset="18" sl="167" path="1" offsetend="31" fileid="53" />
              </BranchPoints>
              <MethodPoint xsi:type="SequencePoint" vc="2" uspid="1038" ordinal="0" offset="0" sl="166" sc="9" el="166" ec="10" bec="0" bev="0" fileid="53" />
            </Method>
            <Method visited="true" cyclomaticComplexity="3" nPathComplexity="4" sequenceCoverage="66.67" branchCoverage="40" crapScore="3.33" isConstructor="false" isStatic="false" isGetter="false" isSetter="false">
              <Summary numSequencePoints="6" visitedSequencePoints="4" numBranchPoints="5" visitedBranchPoints="2" sequenceCoverage="66.67" branchCoverage="40" maxCyclomaticComplexity="3" minCyclomaticComplexity="3" maxCrapScore="3.33" minCrapScore="3.33" visitedClasses="0" numClasses="0" visitedMethods="1" numMethods="1" />
              <MetadataToken>100663324</MetadataToken>
              <Name>System.Void OpenCollections.ConcurrentWriter`1::Cancel()</Name>
              <FileRef uid="53" />
              <SequencePoints>
                <SequencePoint vc="1" uspid="1051" ordinal="0" offset="0" sl="180" sc="9" el="180" ec="10" bec="0" bev="0" fileid="53" />
                <SequencePoint vc="1" uspid="1052" ordinal="1" offset="1" sl="181" sc="13" el="181" ec="41" bec="2" bev="1" fileid="53" />
                <SequencePoint vc="1" uspid="1053" ordinal="2" offset="25" sl="182" sc="13" el="182" ec="14" bec="0" bev="0" fileid="53" />
                <SequencePoint vc="1" uspid="1054" ordinal="3" offset="26" sl="183" sc="17" el="183" ec="87" bec="0" bev="0" fileid="53" />
                <SequencePoint vc="0" uspid="1055" ordinal="4" offset="37" sl="185" sc="13" el="185" ec="35" bec="2" bev="0" fileid="53" />
                <SequencePoint vc="0" uspid="1056" ordinal="5" offset="55" sl="186" sc="9" el="186" ec="10" bec="0" bev="0" fileid="53" />
              </SequencePoints>
              <BranchPoints>
                <BranchPoint vc="1" uspid="1057" ordinal="0" offset="23" sl="181" path="0" offsetend="25" fileid="53" />
                <BranchPoint vc="0" uspid="1058" ordinal="1" offset="23" sl="181" path="1" offsetend="37" fileid="53" />
                <BranchPoint vc="0" uspid="1059" ordinal="2" offset="44" sl="185" path="0" offsetend="46" fileid="53" />
                <BranchPoint vc="0" uspid="1060" ordinal="3" offset="44" sl="185" path="1" offsetend="49" fileid="53" />
              </BranchPoints>
              <MethodPoint xsi:type="SequencePoint" vc="1" uspid="1051" ordinal="0" offset="0" sl="180" sc="9" el="180" ec="10" bec="0" bev="0" fileid="53" />
            </Method>
            <Method visited="true" cyclomaticComplexity="4" nPathComplexity="8" sequenceCoverage="100" branchCoverage="100" crapScore="4" isConstructor="false" isStatic="false" isGetter="false" isSetter="false">
              <Summary numSequencePoints="5" visitedSequencePoints="5" numBranchPoints="7" visitedBranchPoints="7" sequenceCoverage="100" branchCoverage="100" maxCyclomaticComplexity="4" minCyclomaticComplexity="4" maxCrapScore="4" minCrapScore="4" visitedClasses="0" numClasses="0" visitedMethods="1" numMethods="1" />
              <MetadataToken>100663325</MetadataToken>
              <Name>System.Void OpenCollections.ConcurrentWriter`1::Dispose()</Name>
              <FileRef uid="53" />
              <SequencePoints>
                <SequencePoint vc="5" uspid="1061" ordinal="0" offset="0" sl="189" sc="9" el="189" ec="10" bec="0" bev="0" fileid="53" />
                <SequencePoint vc="5" uspid="1062" ordinal="1" offset="1" sl="190" sc="13" el="190" ec="35" bec="2" bev="2" fileid="53" />
                <SequencePoint vc="5" uspid="1063" ordinal="2" offset="19" sl="191" sc="13" el="191" ec="46" bec="2" bev="2" fileid="53" />
                <SequencePoint vc="5" uspid="1064" ordinal="3" offset="37" sl="192" sc="13" el="192" ec="51" bec="2" bev="2" fileid="53" />
                <SequencePoint vc="5" uspid="1065" ordinal="4" offset="55" sl="193" sc="9" el="193" ec="10" bec="0" bev="0" fileid="53" />
              </SequencePoints>
              <BranchPoints>
                <BranchPoint vc="4" uspid="1066" ordinal="0" offset="8" sl="190" path="0" offsetend="10" fileid="53" />
                <BranchPoint vc="1" uspid="1067" ordinal="1" offset="8" sl="190" path="1" offsetend="13" fileid="53" />
                <BranchPoint vc="2" uspid="1068" ordinal="2" offset="26" sl="191" path="0" offsetend="28" fileid="53" />
                <BranchPoint vc="3" uspid="1069" ordinal="3" offset="26" sl="191" path="1" offsetend="31" fileid="53" />
                <BranchPoint vc="4" uspid="1070" ordinal="4" offset="44" sl="192" path="0" offsetend="46" fileid="53" />
                <BranchPoint vc="1" uspid="1071" ordinal="5" offset="44" sl="192" path="1" offsetend="49" fileid="53" />
              </BranchPoints>
              <MethodPoint xsi:type="SequencePoint" vc="5" uspid="1061" ordinal="0" offset="0" sl="189" sc="9" el="189" ec="10" bec="0" bev="0" fileid="53" />
            </Method>
            <Method visited="true" cyclomaticComplexity="1" nPathComplexity="0" sequenceCoverage="100" branchCoverage="100" crapScore="1" isConstructor="false" isStatic="false" isGetter="false" isSetter="false">
              <Summary numSequencePoints="5" visitedSequencePoints="5" numBranchPoints="1" visitedBranchPoints="1" sequenceCoverage="100" branchCoverage="100" maxCyclomaticComplexity="1" minCyclomaticComplexity="1" maxCrapScore="1" minCrapScore="1" visitedClasses="0" numClasses="0" visitedMethods="1" numMethods="1" />
              <MetadataToken>100663326</MetadataToken>
              <Name>System.Void OpenCollections.ConcurrentWriter`1::Finalize()</Name>
              <FileRef uid="53" />
              <SequencePoints>
                <SequencePoint vc="5" uspid="1072" ordinal="0" offset="0" sl="196" sc="9" el="196" ec="10" bec="0" bev="0" fileid="53" />
                <SequencePoint vc="5" uspid="1073" ordinal="1" offset="1" sl="196" sc="9" el="196" ec="10" bec="0" bev="0" fileid="53" />
                <SequencePoint vc="5" uspid="1074" ordinal="2" offset="2" sl="197" sc="13" el="197" ec="23" bec="0" bev="0" fileid="53" />
                <SequencePoint vc="5" uspid="1075" ordinal="3" offset="11" sl="198" sc="9" el="198" ec="10" bec="0" bev="0" fileid="53" />
                <SequencePoint vc="5" uspid="1076" ordinal="4" offset="19" sl="198" sc="9" el="198" ec="10" bec="0" bev="0" fileid="53" />
              </SequencePoints>
              <BranchPoints />
              <MethodPoint xsi:type="SequencePoint" vc="5" uspid="1072" ordinal="0" offset="0" sl="196" sc="9" el="196" ec="10" bec="0" bev="0" fileid="53" />
            </Method>
            <Method visited="false" cyclomaticComplexity="1" nPathComplexity="0" sequenceCoverage="0" branchCoverage="0" crapScore="2" isConstructor="false" isStatic="false" isGetter="false" isSetter="false">
              <Summary numSequencePoints="1" visitedSequencePoints="0" numBranchPoints="1" visitedBranchPoints="0" sequenceCoverage="0" branchCoverage="0" maxCyclomaticComplexity="1" minCyclomaticComplexity="1" maxCrapScore="2" minCrapScore="2" visitedClasses="0" numClasses="0" visitedMethods="0" numMethods="1" />
              <MetadataToken>100663327</MetadataToken>
              <Name>System.Void OpenCollections.ConcurrentWriter`1::&lt;WriteLinesAsync&gt;b__22_0()</Name>
              <FileRef uid="53" />
              <SequencePoints>
                <SequencePoint vc="0" uspid="1077" ordinal="0" offset="0" sl="40" sc="34" el="40" ec="46" bec="0" bev="0" fileid="53" />
              </SequencePoints>
              <BranchPoints />
              <MethodPoint xsi:type="SequencePoint" vc="0" uspid="1077" ordinal="0" offset="0" sl="40" sc="34" el="40" ec="46" bec="0" bev="0" fileid="53" />
            </Method>
            <Method visited="false" cyclomaticComplexity="1" nPathComplexity="0" sequenceCoverage="0" branchCoverage="0" crapScore="2" isConstructor="false" isStatic="false" isGetter="false" isSetter="false">
              <Summary numSequencePoints="1" visitedSequencePoints="0" numBranchPoints="1" visitedBranchPoints="0" sequenceCoverage="0" branchCoverage="0" maxCyclomaticComplexity="1" minCyclomaticComplexity="1" maxCrapScore="2" minCrapScore="2" visitedClasses="0" numClasses="0" visitedMethods="0" numMethods="1" />
              <MetadataToken>100663328</MetadataToken>
              <Name>System.Void OpenCollections.ConcurrentWriter`1::&lt;WriteLinesAsync&gt;b__24_0()</Name>
              <FileRef uid="53" />
              <SequencePoints>
                <SequencePoint vc="0" uspid="1078" ordinal="0" offset="0" sl="54" sc="34" el="54" ec="46" bec="0" bev="0" fileid="53" />
              </SequencePoints>
              <BranchPoints />
              <MethodPoint xsi:type="SequencePoint" vc="0" uspid="1078" ordinal="0" offset="0" sl="54" sc="34" el="54" ec="46" bec="0" bev="0" fileid="53" />
            </Method>
            <Method visited="false" cyclomaticComplexity="1" nPathComplexity="0" sequenceCoverage="0" branchCoverage="0" crapScore="2" isConstructor="false" isStatic="false" isGetter="false" isSetter="false">
              <Summary numSequencePoints="1" visitedSequencePoints="0" numBranchPoints="1" visitedBranchPoints="0" sequenceCoverage="0" branchCoverage="0" maxCyclomaticComplexity="1" minCyclomaticComplexity="1" maxCrapScore="2" minCrapScore="2" visitedClasses="0" numClasses="0" visitedMethods="0" numMethods="1" />
              <MetadataToken>100663329</MetadataToken>
              <Name>System.Void OpenCollections.ConcurrentWriter`1::&lt;WriteAsync&gt;b__26_0()</Name>
              <FileRef uid="53" />
              <SequencePoints>
                <SequencePoint vc="0" uspid="1079" ordinal="0" offset="0" sl="68" sc="34" el="68" ec="41" bec="0" bev="0" fileid="53" />
              </SequencePoints>
              <BranchPoints />
              <MethodPoint xsi:type="SequencePoint" vc="0" uspid="1079" ordinal="0" offset="0" sl="68" sc="34" el="68" ec="41" bec="0" bev="0" fileid="53" />
            </Method>
            <Method visited="true" cyclomaticComplexity="1" nPathComplexity="0" sequenceCoverage="100" branchCoverage="100" crapScore="1" isConstructor="false" isStatic="false" isGetter="false" isSetter="false">
              <Summary numSequencePoints="1" visitedSequencePoints="1" numBranchPoints="1" visitedBranchPoints="1" sequenceCoverage="100" branchCoverage="100" maxCyclomaticComplexity="1" minCyclomaticComplexity="1" maxCrapScore="1" minCrapScore="1" visitedClasses="0" numClasses="0" visitedMethods="1" numMethods="1" />
              <MetadataToken>100663330</MetadataToken>
              <Name>System.Void OpenCollections.ConcurrentWriter`1::&lt;WriteAsync&gt;b__28_0()</Name>
              <FileRef uid="53" />
              <SequencePoints>
                <SequencePoint vc="1" uspid="1080" ordinal="0" offset="0" sl="82" sc="34" el="82" ec="41" bec="0" bev="0" fileid="53" />
              </SequencePoints>
              <BranchPoints />
              <MethodPoint xsi:type="SequencePoint" vc="1" uspid="1080" ordinal="0" offset="0" sl="82" sc="34" el="82" ec="41" bec="0" bev="0" fileid="53" />
            </Method>
          </Methods>
        </Class>
        <Class>
          <Summary numSequencePoints="1" visitedSequencePoints="0" numBranchPoints="3" visitedBranchPoints="0" sequenceCoverage="0" branchCoverage="0" maxCyclomaticComplexity="3" minCyclomaticComplexity="1" maxCrapScore="12" minCrapScore="2" visitedClasses="0" numClasses="1" visitedMethods="0" numMethods="1" />
          <FullName>OpenCollections.ConcurrentWriter`1/&lt;InvokeAsync&gt;d__21</FullName>
          <Methods>
            <Method visited="false" cyclomaticComplexity="1" nPathComplexity="0" sequenceCoverage="0" branchCoverage="0" crapScore="2" isConstructor="true" isStatic="false" isGetter="false" isSetter="false">
              <Summary numSequencePoints="0" visitedSequencePoints="0" numBranchPoints="0" visitedBranchPoints="0" sequenceCoverage="0" branchCoverage="0" maxCyclomaticComplexity="1" minCyclomaticComplexity="1" maxCrapScore="2" minCrapScore="2" visitedClasses="0" numClasses="0" visitedMethods="0" numMethods="0" />
              <MetadataToken>100663497</MetadataToken>
              <Name>System.Void OpenCollections.ConcurrentWriter`1/&lt;InvokeAsync&gt;d__21::.ctor()</Name>
              <SequencePoints />
              <BranchPoints />
              <MethodPoint vc="0" uspid="1081" ordinal="0" offset="0" />
            </Method>
            <Method visited="false" cyclomaticComplexity="3" nPathComplexity="2" sequenceCoverage="0" branchCoverage="0" crapScore="12" isConstructor="false" isStatic="false" isGetter="false" isSetter="false">
              <Summary numSequencePoints="1" visitedSequencePoints="0" numBranchPoints="3" visitedBranchPoints="0" sequenceCoverage="0" branchCoverage="0" maxCyclomaticComplexity="3" minCyclomaticComplexity="3" maxCrapScore="12" minCrapScore="12" visitedClasses="0" numClasses="0" visitedMethods="0" numMethods="1" />
              <MetadataToken>100663498</MetadataToken>
              <Name>System.Void OpenCollections.ConcurrentWriter`1/&lt;InvokeAsync&gt;d__21::MoveNext()</Name>
              <FileRef uid="53" />
              <SequencePoints>
                <SequencePoint vc="0" uspid="1082" ordinal="0" offset="14" sl="34" sc="44" el="34" ec="89" bec="2" bev="0" fileid="53" />
              </SequencePoints>
              <BranchPoints>
                <BranchPoint vc="0" uspid="1083" ordinal="0" offset="47" sl="34" path="0" offsetend="49" fileid="53" />
                <BranchPoint vc="0" uspid="1084" ordinal="1" offset="47" sl="34" path="1" offsetend="113" fileid="53" />
              </BranchPoints>
              <MethodPoint vc="0" uspid="1085" ordinal="0" offset="0" />
            </Method>
            <Method visited="false" cyclomaticComplexity="1" nPathComplexity="0" sequenceCoverage="0" branchCoverage="0" crapScore="2" isConstructor="false" isStatic="false" isGetter="false" isSetter="false">
              <Summary numSequencePoints="0" visitedSequencePoints="0" numBranchPoints="0" visitedBranchPoints="0" sequenceCoverage="0" branchCoverage="0" maxCyclomaticComplexity="1" minCyclomaticComplexity="1" maxCrapScore="2" minCrapScore="2" visitedClasses="0" numClasses="0" visitedMethods="0" numMethods="0" />
              <MetadataToken>100663499</MetadataToken>
              <Name>System.Void OpenCollections.ConcurrentWriter`1/&lt;InvokeAsync&gt;d__21::SetStateMachine(System.Runtime.CompilerServices.IAsyncStateMachine)</Name>
              <SequencePoints />
              <BranchPoints />
              <MethodPoint vc="0" uspid="1086" ordinal="0" offset="0" />
            </Method>
          </Methods>
        </Class>
        <Class>
          <Summary numSequencePoints="4" visitedSequencePoints="0" numBranchPoints="3" visitedBranchPoints="0" sequenceCoverage="0" branchCoverage="0" maxCyclomaticComplexity="3" minCyclomaticComplexity="1" maxCrapScore="12" minCrapScore="2" visitedClasses="0" numClasses="1" visitedMethods="0" numMethods="1" />
          <FullName>OpenCollections.ConcurrentWriter`1/&lt;WriteLinesAsync&gt;d__22</FullName>
          <Methods>
            <Method visited="false" cyclomaticComplexity="1" nPathComplexity="0" sequenceCoverage="0" branchCoverage="0" crapScore="2" isConstructor="true" isStatic="false" isGetter="false" isSetter="false">
              <Summary numSequencePoints="0" visitedSequencePoints="0" numBranchPoints="0" visitedBranchPoints="0" sequenceCoverage="0" branchCoverage="0" maxCyclomaticComplexity="1" minCyclomaticComplexity="1" maxCrapScore="2" minCrapScore="2" visitedClasses="0" numClasses="0" visitedMethods="0" numMethods="0" />
              <MetadataToken>100663500</MetadataToken>
              <Name>System.Void OpenCollections.ConcurrentWriter`1/&lt;WriteLinesAsync&gt;d__22::.ctor()</Name>
              <SequencePoints />
              <BranchPoints />
              <MethodPoint vc="0" uspid="1087" ordinal="0" offset="0" />
            </Method>
            <Method visited="false" cyclomaticComplexity="3" nPathComplexity="2" sequenceCoverage="0" branchCoverage="0" crapScore="12" isConstructor="false" isStatic="false" isGetter="false" isSetter="false">
              <Summary numSequencePoints="4" visitedSequencePoints="0" numBranchPoints="3" visitedBranchPoints="0" sequenceCoverage="0" branchCoverage="0" maxCyclomaticComplexity="3" minCyclomaticComplexity="3" maxCrapScore="12" minCrapScore="12" visitedClasses="0" numClasses="0" visitedMethods="0" numMethods="1" />
              <MetadataToken>100663501</MetadataToken>
              <Name>System.Void OpenCollections.ConcurrentWriter`1/&lt;WriteLinesAsync&gt;d__22::MoveNext()</Name>
              <FileRef uid="53" />
              <SequencePoints>
                <SequencePoint vc="0" uspid="1088" ordinal="0" offset="14" sl="37" sc="9" el="37" ec="10" bec="0" bev="0" fileid="53" />
                <SequencePoint vc="0" uspid="1089" ordinal="1" offset="15" sl="38" sc="13" el="38" ec="31" bec="0" bev="0" fileid="53" />
                <SequencePoint vc="0" uspid="1090" ordinal="2" offset="36" sl="40" sc="13" el="40" ec="89" bec="2" bev="0" fileid="53" />
                <SequencePoint vc="0" uspid="1091" ordinal="3" offset="199" sl="41" sc="9" el="41" ec="10" bec="0" bev="0" fileid="53" />
              </SequencePoints>
              <BranchPoints>
                <BranchPoint vc="0" uspid="1092" ordinal="0" offset="96" sl="40" path="0" offsetend="98" fileid="53" />
                <BranchPoint vc="0" uspid="1093" ordinal="1" offset="96" sl="40" path="1" offsetend="163" fileid="53" />
              </BranchPoints>
              <MethodPoint vc="0" uspid="1094" ordinal="0" offset="0" />
            </Method>
            <Method visited="false" cyclomaticComplexity="1" nPathComplexity="0" sequenceCoverage="0" branchCoverage="0" crapScore="2" isConstructor="false" isStatic="false" isGetter="false" isSetter="false">
              <Summary numSequencePoints="0" visitedSequencePoints="0" numBranchPoints="0" visitedBranchPoints="0" sequenceCoverage="0" branchCoverage="0" maxCyclomaticComplexity="1" minCyclomaticComplexity="1" maxCrapScore="2" minCrapScore="2" visitedClasses="0" numClasses="0" visitedMethods="0" numMethods="0" />
              <MetadataToken>100663502</MetadataToken>
              <Name>System.Void OpenCollections.ConcurrentWriter`1/&lt;WriteLinesAsync&gt;d__22::SetStateMachine(System.Runtime.CompilerServices.IAsyncStateMachine)</Name>
              <SequencePoints />
              <BranchPoints />
              <MethodPoint vc="0" uspid="1095" ordinal="0" offset="0" />
            </Method>
          </Methods>
        </Class>
        <Class>
          <Summary numSequencePoints="1" visitedSequencePoints="1" numBranchPoints="1" visitedBranchPoints="1" sequenceCoverage="100" branchCoverage="100" maxCyclomaticComplexity="1" minCyclomaticComplexity="1" maxCrapScore="2" minCrapScore="1" visitedClasses="1" numClasses="1" visitedMethods="1" numMethods="1" />
          <FullName>OpenCollections.ConcurrentWriter`1/&lt;&gt;c__DisplayClass23_0</FullName>
          <Methods>
            <Method visited="false" cyclomaticComplexity="1" nPathComplexity="0" sequenceCoverage="0" branchCoverage="0" crapScore="2" isConstructor="true" isStatic="false" isGetter="false" isSetter="false">
              <Summary numSequencePoints="0" visitedSequencePoints="0" numBranchPoints="0" visitedBranchPoints="0" sequenceCoverage="0" branchCoverage="0" maxCyclomaticComplexity="1" minCyclomaticComplexity="1" maxCrapScore="2" minCrapScore="2" visitedClasses="0" numClasses="0" visitedMethods="0" numMethods="0" />
              <MetadataToken>100663503</MetadataToken>
              <Name>System.Void OpenCollections.ConcurrentWriter`1/&lt;&gt;c__DisplayClass23_0::.ctor()</Name>
              <SequencePoints />
              <BranchPoints />
              <MethodPoint vc="0" uspid="1096" ordinal="0" offset="0" />
            </Method>
            <Method visited="true" cyclomaticComplexity="1" nPathComplexity="0" sequenceCoverage="100" branchCoverage="100" crapScore="1" isConstructor="false" isStatic="false" isGetter="false" isSetter="false">
              <Summary numSequencePoints="1" visitedSequencePoints="1" numBranchPoints="1" visitedBranchPoints="1" sequenceCoverage="100" branchCoverage="100" maxCyclomaticComplexity="1" minCyclomaticComplexity="1" maxCrapScore="1" minCrapScore="1" visitedClasses="0" numClasses="0" visitedMethods="1" numMethods="1" />
              <MetadataToken>100663504</MetadataToken>
              <Name>System.Void OpenCollections.ConcurrentWriter`1/&lt;&gt;c__DisplayClass23_0::&lt;WriteLinesAsync&gt;b__0()</Name>
              <FileRef uid="53" />
              <SequencePoints>
                <SequencePoint vc="1" uspid="1097" ordinal="0" offset="0" sl="47" sc="34" el="47" ec="52" bec="0" bev="0" fileid="53" />
              </SequencePoints>
              <BranchPoints />
              <MethodPoint xsi:type="SequencePoint" vc="1" uspid="1097" ordinal="0" offset="0" sl="47" sc="34" el="47" ec="52" bec="0" bev="0" fileid="53" />
            </Method>
          </Methods>
        </Class>
        <Class>
          <Summary numSequencePoints="4" visitedSequencePoints="4" numBranchPoints="3" visitedBranchPoints="2" sequenceCoverage="100" branchCoverage="66.67" maxCyclomaticComplexity="3" minCyclomaticComplexity="1" maxCrapScore="3" minCrapScore="2" visitedClasses="1" numClasses="1" visitedMethods="1" numMethods="1" />
          <FullName>OpenCollections.ConcurrentWriter`1/&lt;WriteLinesAsync&gt;d__23</FullName>
          <Methods>
            <Method visited="false" cyclomaticComplexity="1" nPathComplexity="0" sequenceCoverage="0" branchCoverage="0" crapScore="2" isConstructor="true" isStatic="false" isGetter="false" isSetter="false">
              <Summary numSequencePoints="0" visitedSequencePoints="0" numBranchPoints="0" visitedBranchPoints="0" sequenceCoverage="0" branchCoverage="0" maxCyclomaticComplexity="1" minCyclomaticComplexity="1" maxCrapScore="2" minCrapScore="2" visitedClasses="0" numClasses="0" visitedMethods="0" numMethods="0" />
              <MetadataToken>100663505</MetadataToken>
              <Name>System.Void OpenCollections.ConcurrentWriter`1/&lt;WriteLinesAsync&gt;d__23::.ctor()</Name>
              <SequencePoints />
              <BranchPoints />
              <MethodPoint vc="0" uspid="1098" ordinal="0" offset="0" />
            </Method>
            <Method visited="true" cyclomaticComplexity="3" nPathComplexity="2" sequenceCoverage="100" branchCoverage="66.67" crapScore="3" isConstructor="false" isStatic="false" isGetter="false" isSetter="false">
              <Summary numSequencePoints="4" visitedSequencePoints="4" numBranchPoints="3" visitedBranchPoints="2" sequenceCoverage="100" branchCoverage="66.67" maxCyclomaticComplexity="3" minCyclomaticComplexity="3" maxCrapScore="3" minCrapScore="3" visitedClasses="0" numClasses="0" visitedMethods="1" numMethods="1" />
              <MetadataToken>100663506</MetadataToken>
              <Name>System.Void OpenCollections.ConcurrentWriter`1/&lt;WriteLinesAsync&gt;d__23::MoveNext()</Name>
              <FileRef uid="53" />
              <SequencePoints>
                <SequencePoint vc="1" uspid="1099" ordinal="0" offset="62" sl="44" sc="9" el="44" ec="10" bec="0" bev="0" fileid="53" />
                <SequencePoint vc="1" uspid="1100" ordinal="1" offset="63" sl="45" sc="13" el="45" ec="31" bec="0" bev="0" fileid="53" />
                <SequencePoint vc="1" uspid="1101" ordinal="2" offset="84" sl="47" sc="13" el="47" ec="95" bec="2" bev="1" fileid="53" />
                <SequencePoint vc="1" uspid="1102" ordinal="3" offset="254" sl="48" sc="9" el="48" ec="10" bec="0" bev="0" fileid="53" />
              </SequencePoints>
              <BranchPoints>
                <BranchPoint vc="1" uspid="1103" ordinal="0" offset="144" sl="47" path="0" offsetend="146" fileid="53" />
                <BranchPoint vc="0" uspid="1104" ordinal="1" offset="144" sl="47" path="1" offsetend="211" fileid="53" />
              </BranchPoints>
              <MethodPoint vc="2" uspid="1105" ordinal="0" offset="0" />
            </Method>
            <Method visited="false" cyclomaticComplexity="1" nPathComplexity="0" sequenceCoverage="0" branchCoverage="0" crapScore="2" isConstructor="false" isStatic="false" isGetter="false" isSetter="false">
              <Summary numSequencePoints="0" visitedSequencePoints="0" numBranchPoints="0" visitedBranchPoints="0" sequenceCoverage="0" branchCoverage="0" maxCyclomaticComplexity="1" minCyclomaticComplexity="1" maxCrapScore="2" minCrapScore="2" visitedClasses="0" numClasses="0" visitedMethods="0" numMethods="0" />
              <MetadataToken>100663507</MetadataToken>
              <Name>System.Void OpenCollections.ConcurrentWriter`1/&lt;WriteLinesAsync&gt;d__23::SetStateMachine(System.Runtime.CompilerServices.IAsyncStateMachine)</Name>
              <SequencePoints />
              <BranchPoints />
              <MethodPoint vc="0" uspid="1106" ordinal="0" offset="0" />
            </Method>
          </Methods>
        </Class>
        <Class>
          <Summary numSequencePoints="4" visitedSequencePoints="0" numBranchPoints="3" visitedBranchPoints="0" sequenceCoverage="0" branchCoverage="0" maxCyclomaticComplexity="3" minCyclomaticComplexity="1" maxCrapScore="12" minCrapScore="2" visitedClasses="0" numClasses="1" visitedMethods="0" numMethods="1" />
          <FullName>OpenCollections.ConcurrentWriter`1/&lt;WriteLinesAsync&gt;d__24</FullName>
          <Methods>
            <Method visited="false" cyclomaticComplexity="1" nPathComplexity="0" sequenceCoverage="0" branchCoverage="0" crapScore="2" isConstructor="true" isStatic="false" isGetter="false" isSetter="false">
              <Summary numSequencePoints="0" visitedSequencePoints="0" numBranchPoints="0" visitedBranchPoints="0" sequenceCoverage="0" branchCoverage="0" maxCyclomaticComplexity="1" minCyclomaticComplexity="1" maxCrapScore="2" minCrapScore="2" visitedClasses="0" numClasses="0" visitedMethods="0" numMethods="0" />
              <MetadataToken>100663508</MetadataToken>
              <Name>System.Void OpenCollections.ConcurrentWriter`1/&lt;WriteLinesAsync&gt;d__24::.ctor()</Name>
              <SequencePoints />
              <BranchPoints />
              <MethodPoint vc="0" uspid="1107" ordinal="0" offset="0" />
            </Method>
            <Method visited="false" cyclomaticComplexity="3" nPathComplexity="2" sequenceCoverage="0" branchCoverage="0" crapScore="12" isConstructor="false" isStatic="false" isGetter="false" isSetter="false">
              <Summary numSequencePoints="4" visitedSequencePoints="0" numBranchPoints="3" visitedBranchPoints="0" sequenceCoverage="0" branchCoverage="0" maxCyclomaticComplexity="3" minCyclomaticComplexity="3" maxCrapScore="12" minCrapScore="12" visitedClasses="0" numClasses="0" visitedMethods="0" numMethods="1" />
              <MetadataToken>100663509</MetadataToken>
              <Name>System.Void OpenCollections.ConcurrentWriter`1/&lt;WriteLinesAsync&gt;d__24::MoveNext()</Name>
              <FileRef uid="53" />
              <SequencePoints>
                <SequencePoint vc="0" uspid="1108" ordinal="0" offset="14" sl="51" sc="9" el="51" ec="10" bec="0" bev="0" fileid="53" />
                <SequencePoint vc="0" uspid="1109" ordinal="1" offset="15" sl="52" sc="13" el="52" ec="44" bec="0" bev="0" fileid="53" />
                <SequencePoint vc="0" uspid="1110" ordinal="2" offset="38" sl="54" sc="13" el="54" ec="77" bec="2" bev="0" fileid="53" />
                <SequencePoint vc="0" uspid="1111" ordinal="3" offset="190" sl="55" sc="9" el="55" ec="10" bec="0" bev="0" fileid="53" />
              </SequencePoints>
              <BranchPoints>
                <BranchPoint vc="0" uspid="1112" ordinal="0" offset="88" sl="54" path="0" offsetend="90" fileid="53" />
                <BranchPoint vc="0" uspid="1113" ordinal="1" offset="88" sl="54" path="1" offsetend="154" fileid="53" />
              </BranchPoints>
              <MethodPoint vc="0" uspid="1114" ordinal="0" offset="0" />
            </Method>
            <Method visited="false" cyclomaticComplexity="1" nPathComplexity="0" sequenceCoverage="0" branchCoverage="0" crapScore="2" isConstructor="false" isStatic="false" isGetter="false" isSetter="false">
              <Summary numSequencePoints="0" visitedSequencePoints="0" numBranchPoints="0" visitedBranchPoints="0" sequenceCoverage="0" branchCoverage="0" maxCyclomaticComplexity="1" minCyclomaticComplexity="1" maxCrapScore="2" minCrapScore="2" visitedClasses="0" numClasses="0" visitedMethods="0" numMethods="0" />
              <MetadataToken>100663510</MetadataToken>
              <Name>System.Void OpenCollections.ConcurrentWriter`1/&lt;WriteLinesAsync&gt;d__24::SetStateMachine(System.Runtime.CompilerServices.IAsyncStateMachine)</Name>
              <SequencePoints />
              <BranchPoints />
              <MethodPoint vc="0" uspid="1115" ordinal="0" offset="0" />
            </Method>
          </Methods>
        </Class>
        <Class>
          <Summary numSequencePoints="1" visitedSequencePoints="0" numBranchPoints="1" visitedBranchPoints="0" sequenceCoverage="0" branchCoverage="0" maxCyclomaticComplexity="1" minCyclomaticComplexity="1" maxCrapScore="2" minCrapScore="2" visitedClasses="0" numClasses="1" visitedMethods="0" numMethods="1" />
          <FullName>OpenCollections.ConcurrentWriter`1/&lt;&gt;c__DisplayClass25_0</FullName>
          <Methods>
            <Method visited="false" cyclomaticComplexity="1" nPathComplexity="0" sequenceCoverage="0" branchCoverage="0" crapScore="2" isConstructor="true" isStatic="false" isGetter="false" isSetter="false">
              <Summary numSequencePoints="0" visitedSequencePoints="0" numBranchPoints="0" visitedBranchPoints="0" sequenceCoverage="0" branchCoverage="0" maxCyclomaticComplexity="1" minCyclomaticComplexity="1" maxCrapScore="2" minCrapScore="2" visitedClasses="0" numClasses="0" visitedMethods="0" numMethods="0" />
              <MetadataToken>100663511</MetadataToken>
              <Name>System.Void OpenCollections.ConcurrentWriter`1/&lt;&gt;c__DisplayClass25_0::.ctor()</Name>
              <SequencePoints />
              <BranchPoints />
              <MethodPoint vc="0" uspid="1116" ordinal="0" offset="0" />
            </Method>
            <Method visited="false" cyclomaticComplexity="1" nPathComplexity="0" sequenceCoverage="0" branchCoverage="0" crapScore="2" isConstructor="false" isStatic="false" isGetter="false" isSetter="false">
              <Summary numSequencePoints="1" visitedSequencePoints="0" numBranchPoints="1" visitedBranchPoints="0" sequenceCoverage="0" branchCoverage="0" maxCyclomaticComplexity="1" minCyclomaticComplexity="1" maxCrapScore="2" minCrapScore="2" visitedClasses="0" numClasses="0" visitedMethods="0" numMethods="1" />
              <MetadataToken>100663512</MetadataToken>
              <Name>System.Void OpenCollections.ConcurrentWriter`1/&lt;&gt;c__DisplayClass25_0::&lt;WriteLinesAsync&gt;b__0()</Name>
              <FileRef uid="53" />
              <SequencePoints>
                <SequencePoint vc="0" uspid="1117" ordinal="0" offset="0" sl="61" sc="34" el="61" ec="52" bec="0" bev="0" fileid="53" />
              </SequencePoints>
              <BranchPoints />
              <MethodPoint xsi:type="SequencePoint" vc="0" uspid="1117" ordinal="0" offset="0" sl="61" sc="34" el="61" ec="52" bec="0" bev="0" fileid="53" />
            </Method>
          </Methods>
        </Class>
        <Class>
          <Summary numSequencePoints="4" visitedSequencePoints="0" numBranchPoints="3" visitedBranchPoints="0" sequenceCoverage="0" branchCoverage="0" maxCyclomaticComplexity="3" minCyclomaticComplexity="1" maxCrapScore="12" minCrapScore="2" visitedClasses="0" numClasses="1" visitedMethods="0" numMethods="1" />
          <FullName>OpenCollections.ConcurrentWriter`1/&lt;WriteLinesAsync&gt;d__25</FullName>
          <Methods>
            <Method visited="false" cyclomaticComplexity="1" nPathComplexity="0" sequenceCoverage="0" branchCoverage="0" crapScore="2" isConstructor="true" isStatic="false" isGetter="false" isSetter="false">
              <Summary numSequencePoints="0" visitedSequencePoints="0" numBranchPoints="0" visitedBranchPoints="0" sequenceCoverage="0" branchCoverage="0" maxCyclomaticComplexity="1" minCyclomaticComplexity="1" maxCrapScore="2" minCrapScore="2" visitedClasses="0" numClasses="0" visitedMethods="0" numMethods="0" />
              <MetadataToken>100663513</MetadataToken>
              <Name>System.Void OpenCollections.ConcurrentWriter`1/&lt;WriteLinesAsync&gt;d__25::.ctor()</Name>
              <SequencePoints />
              <BranchPoints />
              <MethodPoint vc="0" uspid="1118" ordinal="0" offset="0" />
            </Method>
            <Method visited="false" cyclomaticComplexity="3" nPathComplexity="2" sequenceCoverage="0" branchCoverage="0" crapScore="12" isConstructor="false" isStatic="false" isGetter="false" isSetter="false">
              <Summary numSequencePoints="4" visitedSequencePoints="0" numBranchPoints="3" visitedBranchPoints="0" sequenceCoverage="0" branchCoverage="0" maxCyclomaticComplexity="3" minCyclomaticComplexity="3" maxCrapScore="12" minCrapScore="12" visitedClasses="0" numClasses="0" visitedMethods="0" numMethods="1" />
              <MetadataToken>100663514</MetadataToken>
              <Name>System.Void OpenCollections.ConcurrentWriter`1/&lt;WriteLinesAsync&gt;d__25::MoveNext()</Name>
              <FileRef uid="53" />
              <SequencePoints>
                <SequencePoint vc="0" uspid="1119" ordinal="0" offset="62" sl="58" sc="9" el="58" ec="10" bec="0" bev="0" fileid="53" />
                <SequencePoint vc="0" uspid="1120" ordinal="1" offset="63" sl="59" sc="13" el="59" ec="44" bec="0" bev="0" fileid="53" />
                <SequencePoint vc="0" uspid="1121" ordinal="2" offset="86" sl="61" sc="13" el="61" ec="83" bec="2" bev="0" fileid="53" />
                <SequencePoint vc="0" uspid="1122" ordinal="3" offset="245" sl="62" sc="9" el="62" ec="10" bec="0" bev="0" fileid="53" />
              </SequencePoints>
              <BranchPoints>
                <BranchPoint vc="0" uspid="1123" ordinal="0" offset="136" sl="61" path="0" offsetend="138" fileid="53" />
                <BranchPoint vc="0" uspid="1124" ordinal="1" offset="136" sl="61" path="1" offsetend="202" fileid="53" />
              </BranchPoints>
              <MethodPoint vc="0" uspid="1125" ordinal="0" offset="0" />
            </Method>
            <Method visited="false" cyclomaticComplexity="1" nPathComplexity="0" sequenceCoverage="0" branchCoverage="0" crapScore="2" isConstructor="false" isStatic="false" isGetter="false" isSetter="false">
              <Summary numSequencePoints="0" visitedSequencePoints="0" numBranchPoints="0" visitedBranchPoints="0" sequenceCoverage="0" branchCoverage="0" maxCyclomaticComplexity="1" minCyclomaticComplexity="1" maxCrapScore="2" minCrapScore="2" visitedClasses="0" numClasses="0" visitedMethods="0" numMethods="0" />
              <MetadataToken>100663515</MetadataToken>
              <Name>System.Void OpenCollections.ConcurrentWriter`1/&lt;WriteLinesAsync&gt;d__25::SetStateMachine(System.Runtime.CompilerServices.IAsyncStateMachine)</Name>
              <SequencePoints />
              <BranchPoints />
              <MethodPoint vc="0" uspid="1126" ordinal="0" offset="0" />
            </Method>
          </Methods>
        </Class>
        <Class>
          <Summary numSequencePoints="4" visitedSequencePoints="0" numBranchPoints="3" visitedBranchPoints="0" sequenceCoverage="0" branchCoverage="0" maxCyclomaticComplexity="3" minCyclomaticComplexity="1" maxCrapScore="12" minCrapScore="2" visitedClasses="0" numClasses="1" visitedMethods="0" numMethods="1" />
          <FullName>OpenCollections.ConcurrentWriter`1/&lt;WriteAsync&gt;d__26</FullName>
          <Methods>
            <Method visited="false" cyclomaticComplexity="1" nPathComplexity="0" sequenceCoverage="0" branchCoverage="0" crapScore="2" isConstructor="true" isStatic="false" isGetter="false" isSetter="false">
              <Summary numSequencePoints="0" visitedSequencePoints="0" numBranchPoints="0" visitedBranchPoints="0" sequenceCoverage="0" branchCoverage="0" maxCyclomaticComplexity="1" minCyclomaticComplexity="1" maxCrapScore="2" minCrapScore="2" visitedClasses="0" numClasses="0" visitedMethods="0" numMethods="0" />
              <MetadataToken>100663516</MetadataToken>
              <Name>System.Void OpenCollections.ConcurrentWriter`1/&lt;WriteAsync&gt;d__26::.ctor()</Name>
              <SequencePoints />
              <BranchPoints />
              <MethodPoint vc="0" uspid="1127" ordinal="0" offset="0" />
            </Method>
            <Method visited="false" cyclomaticComplexity="3" nPathComplexity="2" sequenceCoverage="0" branchCoverage="0" crapScore="12" isConstructor="false" isStatic="false" isGetter="false" isSetter="false">
              <Summary numSequencePoints="4" visitedSequencePoints="0" numBranchPoints="3" visitedBranchPoints="0" sequenceCoverage="0" branchCoverage="0" maxCyclomaticComplexity="3" minCyclomaticComplexity="3" maxCrapScore="12" minCrapScore="12" visitedClasses="0" numClasses="0" visitedMethods="0" numMethods="1" />
              <MetadataToken>100663517</MetadataToken>
              <Name>System.Void OpenCollections.ConcurrentWriter`1/&lt;WriteAsync&gt;d__26::MoveNext()</Name>
              <FileRef uid="53" />
              <SequencePoints>
                <SequencePoint vc="0" uspid="1128" ordinal="0" offset="14" sl="65" sc="9" el="65" ec="10" bec="0" bev="0" fileid="53" />
                <SequencePoint vc="0" uspid="1129" ordinal="1" offset="15" sl="66" sc="13" el="66" ec="31" bec="0" bev="0" fileid="53" />
                <SequencePoint vc="0" uspid="1130" ordinal="2" offset="36" sl="68" sc="13" el="68" ec="84" bec="2" bev="0" fileid="53" />
                <SequencePoint vc="0" uspid="1131" ordinal="3" offset="199" sl="69" sc="9" el="69" ec="10" bec="0" bev="0" fileid="53" />
              </SequencePoints>
              <BranchPoints>
                <BranchPoint vc="0" uspid="1132" ordinal="0" offset="96" sl="68" path="0" offsetend="98" fileid="53" />
                <BranchPoint vc="0" uspid="1133" ordinal="1" offset="96" sl="68" path="1" offsetend="163" fileid="53" />
              </BranchPoints>
              <MethodPoint vc="0" uspid="1134" ordinal="0" offset="0" />
            </Method>
            <Method visited="false" cyclomaticComplexity="1" nPathComplexity="0" sequenceCoverage="0" branchCoverage="0" crapScore="2" isConstructor="false" isStatic="false" isGetter="false" isSetter="false">
              <Summary numSequencePoints="0" visitedSequencePoints="0" numBranchPoints="0" visitedBranchPoints="0" sequenceCoverage="0" branchCoverage="0" maxCyclomaticComplexity="1" minCyclomaticComplexity="1" maxCrapScore="2" minCrapScore="2" visitedClasses="0" numClasses="0" visitedMethods="0" numMethods="0" />
              <MetadataToken>100663518</MetadataToken>
              <Name>System.Void OpenCollections.ConcurrentWriter`1/&lt;WriteAsync&gt;d__26::SetStateMachine(System.Runtime.CompilerServices.IAsyncStateMachine)</Name>
              <SequencePoints />
              <BranchPoints />
              <MethodPoint vc="0" uspid="1135" ordinal="0" offset="0" />
            </Method>
          </Methods>
        </Class>
        <Class>
          <Summary numSequencePoints="1" visitedSequencePoints="0" numBranchPoints="1" visitedBranchPoints="0" sequenceCoverage="0" branchCoverage="0" maxCyclomaticComplexity="1" minCyclomaticComplexity="1" maxCrapScore="2" minCrapScore="2" visitedClasses="0" numClasses="1" visitedMethods="0" numMethods="1" />
          <FullName>OpenCollections.ConcurrentWriter`1/&lt;&gt;c__DisplayClass27_0</FullName>
          <Methods>
            <Method visited="false" cyclomaticComplexity="1" nPathComplexity="0" sequenceCoverage="0" branchCoverage="0" crapScore="2" isConstructor="true" isStatic="false" isGetter="false" isSetter="false">
              <Summary numSequencePoints="0" visitedSequencePoints="0" numBranchPoints="0" visitedBranchPoints="0" sequenceCoverage="0" branchCoverage="0" maxCyclomaticComplexity="1" minCyclomaticComplexity="1" maxCrapScore="2" minCrapScore="2" visitedClasses="0" numClasses="0" visitedMethods="0" numMethods="0" />
              <MetadataToken>100663519</MetadataToken>
              <Name>System.Void OpenCollections.ConcurrentWriter`1/&lt;&gt;c__DisplayClass27_0::.ctor()</Name>
              <SequencePoints />
              <BranchPoints />
              <MethodPoint vc="0" uspid="1136" ordinal="0" offset="0" />
            </Method>
            <Method visited="false" cyclomaticComplexity="1" nPathComplexity="0" sequenceCoverage="0" branchCoverage="0" crapScore="2" isConstructor="false" isStatic="false" isGetter="false" isSetter="false">
              <Summary numSequencePoints="1" visitedSequencePoints="0" numBranchPoints="1" visitedBranchPoints="0" sequenceCoverage="0" branchCoverage="0" maxCyclomaticComplexity="1" minCyclomaticComplexity="1" maxCrapScore="2" minCrapScore="2" visitedClasses="0" numClasses="0" visitedMethods="0" numMethods="1" />
              <MetadataToken>100663520</MetadataToken>
              <Name>System.Void OpenCollections.ConcurrentWriter`1/&lt;&gt;c__DisplayClass27_0::&lt;WriteAsync&gt;b__0()</Name>
              <FileRef uid="53" />
              <SequencePoints>
                <SequencePoint vc="0" uspid="1137" ordinal="0" offset="0" sl="75" sc="34" el="75" ec="47" bec="0" bev="0" fileid="53" />
              </SequencePoints>
              <BranchPoints />
              <MethodPoint xsi:type="SequencePoint" vc="0" uspid="1137" ordinal="0" offset="0" sl="75" sc="34" el="75" ec="47" bec="0" bev="0" fileid="53" />
            </Method>
          </Methods>
        </Class>
        <Class>
          <Summary numSequencePoints="4" visitedSequencePoints="0" numBranchPoints="3" visitedBranchPoints="0" sequenceCoverage="0" branchCoverage="0" maxCyclomaticComplexity="3" minCyclomaticComplexity="1" maxCrapScore="12" minCrapScore="2" visitedClasses="0" numClasses="1" visitedMethods="0" numMethods="1" />
          <FullName>OpenCollections.ConcurrentWriter`1/&lt;WriteAsync&gt;d__27</FullName>
          <Methods>
            <Method visited="false" cyclomaticComplexity="1" nPathComplexity="0" sequenceCoverage="0" branchCoverage="0" crapScore="2" isConstructor="true" isStatic="false" isGetter="false" isSetter="false">
              <Summary numSequencePoints="0" visitedSequencePoints="0" numBranchPoints="0" visitedBranchPoints="0" sequenceCoverage="0" branchCoverage="0" maxCyclomaticComplexity="1" minCyclomaticComplexity="1" maxCrapScore="2" minCrapScore="2" visitedClasses="0" numClasses="0" visitedMethods="0" numMethods="0" />
              <MetadataToken>100663521</MetadataToken>
              <Name>System.Void OpenCollections.ConcurrentWriter`1/&lt;WriteAsync&gt;d__27::.ctor()</Name>
              <SequencePoints />
              <BranchPoints />
              <MethodPoint vc="0" uspid="1138" ordinal="0" offset="0" />
            </Method>
            <Method visited="false" cyclomaticComplexity="3" nPathComplexity="2" sequenceCoverage="0" branchCoverage="0" crapScore="12" isConstructor="false" isStatic="false" isGetter="false" isSetter="false">
              <Summary numSequencePoints="4" visitedSequencePoints="0" numBranchPoints="3" visitedBranchPoints="0" sequenceCoverage="0" branchCoverage="0" maxCyclomaticComplexity="3" minCyclomaticComplexity="3" maxCrapScore="12" minCrapScore="12" visitedClasses="0" numClasses="0" visitedMethods="0" numMethods="1" />
              <MetadataToken>100663522</MetadataToken>
              <Name>System.Void OpenCollections.ConcurrentWriter`1/&lt;WriteAsync&gt;d__27::MoveNext()</Name>
              <FileRef uid="53" />
              <SequencePoints>
                <SequencePoint vc="0" uspid="1139" ordinal="0" offset="62" sl="72" sc="9" el="72" ec="10" bec="0" bev="0" fileid="53" />
                <SequencePoint vc="0" uspid="1140" ordinal="1" offset="63" sl="73" sc="13" el="73" ec="31" bec="0" bev="0" fileid="53" />
                <SequencePoint vc="0" uspid="1141" ordinal="2" offset="84" sl="75" sc="13" el="75" ec="90" bec="2" bev="0" fileid="53" />
                <SequencePoint vc="0" uspid="1142" ordinal="3" offset="254" sl="76" sc="9" el="76" ec="10" bec="0" bev="0" fileid="53" />
              </SequencePoints>
              <BranchPoints>
                <BranchPoint vc="0" uspid="1143" ordinal="0" offset="144" sl="75" path="0" offsetend="146" fileid="53" />
                <BranchPoint vc="0" uspid="1144" ordinal="1" offset="144" sl="75" path="1" offsetend="211" fileid="53" />
              </BranchPoints>
              <MethodPoint vc="0" uspid="1145" ordinal="0" offset="0" />
            </Method>
            <Method visited="false" cyclomaticComplexity="1" nPathComplexity="0" sequenceCoverage="0" branchCoverage="0" crapScore="2" isConstructor="false" isStatic="false" isGetter="false" isSetter="false">
              <Summary numSequencePoints="0" visitedSequencePoints="0" numBranchPoints="0" visitedBranchPoints="0" sequenceCoverage="0" branchCoverage="0" maxCyclomaticComplexity="1" minCyclomaticComplexity="1" maxCrapScore="2" minCrapScore="2" visitedClasses="0" numClasses="0" visitedMethods="0" numMethods="0" />
              <MetadataToken>100663523</MetadataToken>
              <Name>System.Void OpenCollections.ConcurrentWriter`1/&lt;WriteAsync&gt;d__27::SetStateMachine(System.Runtime.CompilerServices.IAsyncStateMachine)</Name>
              <SequencePoints />
              <BranchPoints />
              <MethodPoint vc="0" uspid="1146" ordinal="0" offset="0" />
            </Method>
          </Methods>
        </Class>
        <Class>
          <Summary numSequencePoints="4" visitedSequencePoints="4" numBranchPoints="3" visitedBranchPoints="2" sequenceCoverage="100" branchCoverage="66.67" maxCyclomaticComplexity="3" minCyclomaticComplexity="1" maxCrapScore="3" minCrapScore="2" visitedClasses="1" numClasses="1" visitedMethods="1" numMethods="1" />
          <FullName>OpenCollections.ConcurrentWriter`1/&lt;WriteAsync&gt;d__28</FullName>
          <Methods>
            <Method visited="false" cyclomaticComplexity="1" nPathComplexity="0" sequenceCoverage="0" branchCoverage="0" crapScore="2" isConstructor="true" isStatic="false" isGetter="false" isSetter="false">
              <Summary numSequencePoints="0" visitedSequencePoints="0" numBranchPoints="0" visitedBranchPoints="0" sequenceCoverage="0" branchCoverage="0" maxCyclomaticComplexity="1" minCyclomaticComplexity="1" maxCrapScore="2" minCrapScore="2" visitedClasses="0" numClasses="0" visitedMethods="0" numMethods="0" />
              <MetadataToken>100663524</MetadataToken>
              <Name>System.Void OpenCollections.ConcurrentWriter`1/&lt;WriteAsync&gt;d__28::.ctor()</Name>
              <SequencePoints />
              <BranchPoints />
              <MethodPoint vc="0" uspid="1147" ordinal="0" offset="0" />
            </Method>
            <Method visited="true" cyclomaticComplexity="3" nPathComplexity="2" sequenceCoverage="100" branchCoverage="66.67" crapScore="3" isConstructor="false" isStatic="false" isGetter="false" isSetter="false">
              <Summary numSequencePoints="4" visitedSequencePoints="4" numBranchPoints="3" visitedBranchPoints="2" sequenceCoverage="100" branchCoverage="66.67" maxCyclomaticComplexity="3" minCyclomaticComplexity="3" maxCrapScore="3" minCrapScore="3" visitedClasses="0" numClasses="0" visitedMethods="1" numMethods="1" />
              <MetadataToken>100663525</MetadataToken>
              <Name>System.Void OpenCollections.ConcurrentWriter`1/&lt;WriteAsync&gt;d__28::MoveNext()</Name>
              <FileRef uid="53" />
              <SequencePoints>
                <SequencePoint vc="1" uspid="1148" ordinal="0" offset="14" sl="79" sc="9" el="79" ec="10" bec="0" bev="0" fileid="53" />
                <SequencePoint vc="1" uspid="1149" ordinal="1" offset="15" sl="80" sc="13" el="80" ec="44" bec="0" bev="0" fileid="53" />
                <SequencePoint vc="1" uspid="1150" ordinal="2" offset="38" sl="82" sc="13" el="82" ec="72" bec="2" bev="1" fileid="53" />
                <SequencePoint vc="1" uspid="1151" ordinal="3" offset="190" sl="83" sc="9" el="83" ec="10" bec="0" bev="0" fileid="53" />
              </SequencePoints>
              <BranchPoints>
                <BranchPoint vc="1" uspid="1152" ordinal="0" offset="88" sl="82" path="0" offsetend="90" fileid="53" />
                <BranchPoint vc="0" uspid="1153" ordinal="1" offset="88" sl="82" path="1" offsetend="154" fileid="53" />
              </BranchPoints>
              <MethodPoint vc="2" uspid="1154" ordinal="0" offset="0" />
            </Method>
            <Method visited="false" cyclomaticComplexity="1" nPathComplexity="0" sequenceCoverage="0" branchCoverage="0" crapScore="2" isConstructor="false" isStatic="false" isGetter="false" isSetter="false">
              <Summary numSequencePoints="0" visitedSequencePoints="0" numBranchPoints="0" visitedBranchPoints="0" sequenceCoverage="0" branchCoverage="0" maxCyclomaticComplexity="1" minCyclomaticComplexity="1" maxCrapScore="2" minCrapScore="2" visitedClasses="0" numClasses="0" visitedMethods="0" numMethods="0" />
              <MetadataToken>100663526</MetadataToken>
              <Name>System.Void OpenCollections.ConcurrentWriter`1/&lt;WriteAsync&gt;d__28::SetStateMachine(System.Runtime.CompilerServices.IAsyncStateMachine)</Name>
              <SequencePoints />
              <BranchPoints />
              <MethodPoint vc="0" uspid="1155" ordinal="0" offset="0" />
            </Method>
          </Methods>
        </Class>
        <Class>
          <Summary numSequencePoints="1" visitedSequencePoints="0" numBranchPoints="1" visitedBranchPoints="0" sequenceCoverage="0" branchCoverage="0" maxCyclomaticComplexity="1" minCyclomaticComplexity="1" maxCrapScore="2" minCrapScore="2" visitedClasses="0" numClasses="1" visitedMethods="0" numMethods="1" />
          <FullName>OpenCollections.ConcurrentWriter`1/&lt;&gt;c__DisplayClass29_0</FullName>
          <Methods>
            <Method visited="false" cyclomaticComplexity="1" nPathComplexity="0" sequenceCoverage="0" branchCoverage="0" crapScore="2" isConstructor="true" isStatic="false" isGetter="false" isSetter="false">
              <Summary numSequencePoints="0" visitedSequencePoints="0" numBranchPoints="0" visitedBranchPoints="0" sequenceCoverage="0" branchCoverage="0" maxCyclomaticComplexity="1" minCyclomaticComplexity="1" maxCrapScore="2" minCrapScore="2" visitedClasses="0" numClasses="0" visitedMethods="0" numMethods="0" />
              <MetadataToken>100663527</MetadataToken>
              <Name>System.Void OpenCollections.ConcurrentWriter`1/&lt;&gt;c__DisplayClass29_0::.ctor()</Name>
              <SequencePoints />
              <BranchPoints />
              <MethodPoint vc="0" uspid="1156" ordinal="0" offset="0" />
            </Method>
            <Method visited="false" cyclomaticComplexity="1" nPathComplexity="0" sequenceCoverage="0" branchCoverage="0" crapScore="2" isConstructor="false" isStatic="false" isGetter="false" isSetter="false">
              <Summary numSequencePoints="1" visitedSequencePoints="0" numBranchPoints="1" visitedBranchPoints="0" sequenceCoverage="0" branchCoverage="0" maxCyclomaticComplexity="1" minCyclomaticComplexity="1" maxCrapScore="2" minCrapScore="2" visitedClasses="0" numClasses="0" visitedMethods="0" numMethods="1" />
              <MetadataToken>100663528</MetadataToken>
              <Name>System.Void OpenCollections.ConcurrentWriter`1/&lt;&gt;c__DisplayClass29_0::&lt;WriteAsync&gt;b__0()</Name>
              <FileRef uid="53" />
              <SequencePoints>
                <SequencePoint vc="0" uspid="1157" ordinal="0" offset="0" sl="89" sc="34" el="89" ec="47" bec="0" bev="0" fileid="53" />
              </SequencePoints>
              <BranchPoints />
              <MethodPoint xsi:type="SequencePoint" vc="0" uspid="1157" ordinal="0" offset="0" sl="89" sc="34" el="89" ec="47" bec="0" bev="0" fileid="53" />
            </Method>
          </Methods>
        </Class>
        <Class>
          <Summary numSequencePoints="4" visitedSequencePoints="0" numBranchPoints="3" visitedBranchPoints="0" sequenceCoverage="0" branchCoverage="0" maxCyclomaticComplexity="3" minCyclomaticComplexity="1" maxCrapScore="12" minCrapScore="2" visitedClasses="0" numClasses="1" visitedMethods="0" numMethods="1" />
          <FullName>OpenCollections.ConcurrentWriter`1/&lt;WriteAsync&gt;d__29</FullName>
          <Methods>
            <Method visited="false" cyclomaticComplexity="1" nPathComplexity="0" sequenceCoverage="0" branchCoverage="0" crapScore="2" isConstructor="true" isStatic="false" isGetter="false" isSetter="false">
              <Summary numSequencePoints="0" visitedSequencePoints="0" numBranchPoints="0" visitedBranchPoints="0" sequenceCoverage="0" branchCoverage="0" maxCyclomaticComplexity="1" minCyclomaticComplexity="1" maxCrapScore="2" minCrapScore="2" visitedClasses="0" numClasses="0" visitedMethods="0" numMethods="0" />
              <MetadataToken>100663529</MetadataToken>
              <Name>System.Void OpenCollections.ConcurrentWriter`1/&lt;WriteAsync&gt;d__29::.ctor()</Name>
              <SequencePoints />
              <BranchPoints />
              <MethodPoint vc="0" uspid="1158" ordinal="0" offset="0" />
            </Method>
            <Method visited="false" cyclomaticComplexity="3" nPathComplexity="2" sequenceCoverage="0" branchCoverage="0" crapScore="12" isConstructor="false" isStatic="false" isGetter="false" isSetter="false">
              <Summary numSequencePoints="4" visitedSequencePoints="0" numBranchPoints="3" visitedBranchPoints="0" sequenceCoverage="0" branchCoverage="0" maxCyclomaticComplexity="3" minCyclomaticComplexity="3" maxCrapScore="12" minCrapScore="12" visitedClasses="0" numClasses="0" visitedMethods="0" numMethods="1" />
              <MetadataToken>100663530</MetadataToken>
              <Name>System.Void OpenCollections.ConcurrentWriter`1/&lt;WriteAsync&gt;d__29::MoveNext()</Name>
              <FileRef uid="53" />
              <SequencePoints>
                <SequencePoint vc="0" uspid="1159" ordinal="0" offset="62" sl="86" sc="9" el="86" ec="10" bec="0" bev="0" fileid="53" />
                <SequencePoint vc="0" uspid="1160" ordinal="1" offset="63" sl="87" sc="13" el="87" ec="44" bec="0" bev="0" fileid="53" />
                <SequencePoint vc="0" uspid="1161" ordinal="2" offset="86" sl="89" sc="13" el="89" ec="78" bec="2" bev="0" fileid="53" />
                <SequencePoint vc="0" uspid="1162" ordinal="3" offset="245" sl="90" sc="9" el="90" ec="10" bec="0" bev="0" fileid="53" />
              </SequencePoints>
              <BranchPoints>
                <BranchPoint vc="0" uspid="1163" ordinal="0" offset="136" sl="89" path="0" offsetend="138" fileid="53" />
                <BranchPoint vc="0" uspid="1164" ordinal="1" offset="136" sl="89" path="1" offsetend="202" fileid="53" />
              </BranchPoints>
              <MethodPoint vc="0" uspid="1165" ordinal="0" offset="0" />
            </Method>
            <Method visited="false" cyclomaticComplexity="1" nPathComplexity="0" sequenceCoverage="0" branchCoverage="0" crapScore="2" isConstructor="false" isStatic="false" isGetter="false" isSetter="false">
              <Summary numSequencePoints="0" visitedSequencePoints="0" numBranchPoints="0" visitedBranchPoints="0" sequenceCoverage="0" branchCoverage="0" maxCyclomaticComplexity="1" minCyclomaticComplexity="1" maxCrapScore="2" minCrapScore="2" visitedClasses="0" numClasses="0" visitedMethods="0" numMethods="0" />
              <MetadataToken>100663531</MetadataToken>
              <Name>System.Void OpenCollections.ConcurrentWriter`1/&lt;WriteAsync&gt;d__29::SetStateMachine(System.Runtime.CompilerServices.IAsyncStateMachine)</Name>
              <SequencePoints />
              <BranchPoints />
              <MethodPoint vc="0" uspid="1166" ordinal="0" offset="0" />
            </Method>
          </Methods>
        </Class>
        <Class>
          <Summary numSequencePoints="83" visitedSequencePoints="48" numBranchPoints="40" visitedBranchPoints="26" sequenceCoverage="57.83" branchCoverage="65" maxCyclomaticComplexity="6" minCyclomaticComplexity="1" maxCrapScore="20" minCrapScore="1" visitedClasses="1" numClasses="1" visitedMethods="16" numMethods="20" />
          <FullName>OpenCollections.MultiConcurrentConsumer`2</FullName>
          <Methods>
            <Method visited="true" cyclomaticComplexity="1" nPathComplexity="0" sequenceCoverage="100" branchCoverage="100" crapScore="1" isConstructor="false" isStatic="false" isGetter="true" isSetter="false">
              <Summary numSequencePoints="1" visitedSequencePoints="1" numBranchPoints="1" visitedBranchPoints="1" sequenceCoverage="100" branchCoverage="100" maxCyclomaticComplexity="1" minCyclomaticComplexity="1" maxCrapScore="1" minCrapScore="1" visitedClasses="0" numClasses="0" visitedMethods="1" numMethods="1" />
              <MetadataToken>100663347</MetadataToken>
              <Name>System.Boolean OpenCollections.MultiConcurrentConsumer`2::get_Consuming()</Name>
              <FileRef uid="67" />
              <SequencePoints>
                <SequencePoint vc="4" uspid="1167" ordinal="0" offset="0" sl="22" sc="33" el="22" ec="37" bec="0" bev="0" fileid="67" />
              </SequencePoints>
              <BranchPoints />
              <MethodPoint xsi:type="SequencePoint" vc="4" uspid="1167" ordinal="0" offset="0" sl="22" sc="33" el="22" ec="37" bec="0" bev="0" fileid="67" />
            </Method>
            <Method visited="true" cyclomaticComplexity="1" nPathComplexity="0" sequenceCoverage="100" branchCoverage="100" crapScore="1" isConstructor="false" isStatic="false" isGetter="false" isSetter="true">
              <Summary numSequencePoints="1" visitedSequencePoints="1" numBranchPoints="1" visitedBranchPoints="1" sequenceCoverage="100" branchCoverage="100" maxCyclomaticComplexity="1" minCyclomaticComplexity="1" maxCrapScore="1" minCrapScore="1" visitedClasses="0" numClasses="0" visitedMethods="1" numMethods="1" />
              <MetadataToken>100663348</MetadataToken>
              <Name>System.Void OpenCollections.MultiConcurrentConsumer`2::set_Consuming(System.Boolean)</Name>
              <FileRef uid="67" />
              <SequencePoints>
                <SequencePoint vc="6" uspid="1168" ordinal="0" offset="0" sl="22" sc="38" el="22" ec="50" bec="0" bev="0" fileid="67" />
              </SequencePoints>
              <BranchPoints />
              <MethodPoint xsi:type="SequencePoint" vc="6" uspid="1168" ordinal="0" offset="0" sl="22" sc="38" el="22" ec="50" bec="0" bev="0" fileid="67" />
            </Method>
            <Method visited="true" cyclomaticComplexity="1" nPathComplexity="0" sequenceCoverage="100" branchCoverage="100" crapScore="1" isConstructor="false" isStatic="false" isGetter="true" isSetter="false">
              <Summary numSequencePoints="1" visitedSequencePoints="1" numBranchPoints="1" visitedBranchPoints="1" sequenceCoverage="100" branchCoverage="100" maxCyclomaticComplexity="1" minCyclomaticComplexity="1" maxCrapScore="1" minCrapScore="1" visitedClasses="0" numClasses="0" visitedMethods="1" numMethods="1" />
              <MetadataToken>100663355</MetadataToken>
              <Name>System.Collections.Generic.IList`1&lt;System.Collections.Concurrent.IProducerConsumerCollection`1&lt;T&gt;&gt; OpenCollections.MultiConcurrentConsumer`2::get_Collections()</Name>
              <FileRef uid="67" />
              <SequencePoints>
                <SequencePoint vc="10" uspid="1169" ordinal="0" offset="0" sl="31" sc="68" el="31" ec="72" bec="0" bev="0" fileid="67" />
              </SequencePoints>
              <BranchPoints />
              <MethodPoint xsi:type="SequencePoint" vc="10" uspid="1169" ordinal="0" offset="0" sl="31" sc="68" el="31" ec="72" bec="0" bev="0" fileid="67" />
            </Method>
            <Method visited="true" cyclomaticComplexity="1" nPathComplexity="0" sequenceCoverage="100" branchCoverage="100" crapScore="1" isConstructor="false" isStatic="false" isGetter="false" isSetter="true">
              <Summary numSequencePoints="1" visitedSequencePoints="1" numBranchPoints="1" visitedBranchPoints="1" sequenceCoverage="100" branchCoverage="100" maxCyclomaticComplexity="1" minCyclomaticComplexity="1" maxCrapScore="1" minCrapScore="1" visitedClasses="0" numClasses="0" visitedMethods="1" numMethods="1" />
              <MetadataToken>100663356</MetadataToken>
              <Name>System.Void OpenCollections.MultiConcurrentConsumer`2::set_Collections(System.Collections.Generic.IList`1&lt;System.Collections.Concurrent.IProducerConsumerCollection`1&lt;T&gt;&gt;)</Name>
              <FileRef uid="67" />
              <SequencePoints>
                <SequencePoint vc="5" uspid="1170" ordinal="0" offset="0" sl="31" sc="73" el="31" ec="77" bec="0" bev="0" fileid="67" />
              </SequencePoints>
              <BranchPoints />
              <MethodPoint xsi:type="SequencePoint" vc="5" uspid="1170" ordinal="0" offset="0" sl="31" sc="73" el="31" ec="77" bec="0" bev="0" fileid="67" />
            </Method>
            <Method visited="true" cyclomaticComplexity="1" nPathComplexity="0" sequenceCoverage="100" branchCoverage="100" crapScore="1" isConstructor="false" isStatic="false" isGetter="true" isSetter="false">
              <Summary numSequencePoints="1" visitedSequencePoints="1" numBranchPoints="1" visitedBranchPoints="1" sequenceCoverage="100" branchCoverage="100" maxCyclomaticComplexity="1" minCyclomaticComplexity="1" maxCrapScore="1" minCrapScore="1" visitedClasses="0" numClasses="0" visitedMethods="1" numMethods="1" />
              <MetadataToken>100663357</MetadataToken>
              <Name>System.Collections.Concurrent.IProducerConsumerCollection`1&lt;TResult&gt; OpenCollections.MultiConcurrentConsumer`2::get_ResultCollection()</Name>
              <FileRef uid="67" />
              <SequencePoints>
                <SequencePoint vc="21" uspid="1171" ordinal="0" offset="0" sl="36" sc="72" el="36" ec="76" bec="0" bev="0" fileid="67" />
              </SequencePoints>
              <BranchPoints />
              <MethodPoint xsi:type="SequencePoint" vc="21" uspid="1171" ordinal="0" offset="0" sl="36" sc="72" el="36" ec="76" bec="0" bev="0" fileid="67" />
            </Method>
            <Method visited="true" cyclomaticComplexity="1" nPathComplexity="0" sequenceCoverage="100" branchCoverage="100" crapScore="1" isConstructor="false" isStatic="false" isGetter="false" isSetter="true">
              <Summary numSequencePoints="1" visitedSequencePoints="1" numBranchPoints="1" visitedBranchPoints="1" sequenceCoverage="100" branchCoverage="100" maxCyclomaticComplexity="1" minCyclomaticComplexity="1" maxCrapScore="1" minCrapScore="1" visitedClasses="0" numClasses="0" visitedMethods="1" numMethods="1" />
              <MetadataToken>100663358</MetadataToken>
              <Name>System.Void OpenCollections.MultiConcurrentConsumer`2::set_ResultCollection(System.Collections.Concurrent.IProducerConsumerCollection`1&lt;TResult&gt;)</Name>
              <FileRef uid="67" />
              <SequencePoints>
                <SequencePoint vc="4" uspid="1172" ordinal="0" offset="0" sl="36" sc="77" el="36" ec="81" bec="0" bev="0" fileid="67" />
              </SequencePoints>
              <BranchPoints />
              <MethodPoint xsi:type="SequencePoint" vc="4" uspid="1172" ordinal="0" offset="0" sl="36" sc="77" el="36" ec="81" bec="0" bev="0" fileid="67" />
            </Method>
            <Method visited="true" cyclomaticComplexity="1" nPathComplexity="0" sequenceCoverage="100" branchCoverage="100" crapScore="1" isConstructor="false" isStatic="false" isGetter="true" isSetter="false">
              <Summary numSequencePoints="1" visitedSequencePoints="1" numBranchPoints="1" visitedBranchPoints="1" sequenceCoverage="100" branchCoverage="100" maxCyclomaticComplexity="1" minCyclomaticComplexity="1" maxCrapScore="1" minCrapScore="1" visitedClasses="0" numClasses="0" visitedMethods="1" numMethods="1" />
              <MetadataToken>100663359</MetadataToken>
              <Name>System.Func`2&lt;T,TResult&gt; OpenCollections.MultiConcurrentConsumer`2::get_Operation()</Name>
              <FileRef uid="67" />
              <SequencePoints>
                <SequencePoint vc="19" uspid="1173" ordinal="0" offset="0" sl="38" sc="45" el="38" ec="49" bec="0" bev="0" fileid="67" />
              </SequencePoints>
              <BranchPoints />
              <MethodPoint xsi:type="SequencePoint" vc="19" uspid="1173" ordinal="0" offset="0" sl="38" sc="45" el="38" ec="49" bec="0" bev="0" fileid="67" />
            </Method>
            <Method visited="true" cyclomaticComplexity="1" nPathComplexity="0" sequenceCoverage="100" branchCoverage="100" crapScore="1" isConstructor="false" isStatic="false" isGetter="false" isSetter="true">
              <Summary numSequencePoints="1" visitedSequencePoints="1" numBranchPoints="1" visitedBranchPoints="1" sequenceCoverage="100" branchCoverage="100" maxCyclomaticComplexity="1" minCyclomaticComplexity="1" maxCrapScore="1" minCrapScore="1" visitedClasses="0" numClasses="0" visitedMethods="1" numMethods="1" />
              <MetadataToken>100663360</MetadataToken>
              <Name>System.Void OpenCollections.MultiConcurrentConsumer`2::set_Operation(System.Func`2&lt;T,TResult&gt;)</Name>
              <FileRef uid="67" />
              <SequencePoints>
                <SequencePoint vc="2" uspid="1174" ordinal="0" offset="0" sl="38" sc="50" el="38" ec="54" bec="0" bev="0" fileid="67" />
              </SequencePoints>
              <BranchPoints />
              <MethodPoint xsi:type="SequencePoint" vc="2" uspid="1174" ordinal="0" offset="0" sl="38" sc="50" el="38" ec="54" bec="0" bev="0" fileid="67" />
            </Method>
            <Method visited="true" cyclomaticComplexity="1" nPathComplexity="0" sequenceCoverage="100" branchCoverage="100" crapScore="1" isConstructor="false" isStatic="false" isGetter="true" isSetter="false">
              <Summary numSequencePoints="1" visitedSequencePoints="1" numBranchPoints="1" visitedBranchPoints="1" sequenceCoverage="100" branchCoverage="100" maxCyclomaticComplexity="1" minCyclomaticComplexity="1" maxCrapScore="1" minCrapScore="1" visitedClasses="0" numClasses="0" visitedMethods="1" numMethods="1" />
              <MetadataToken>100663361</MetadataToken>
              <Name>System.Threading.CancellationTokenSource OpenCollections.MultiConcurrentConsumer`2::get_TokenSource()</Name>
              <FileRef uid="67" />
              <SequencePoints>
                <SequencePoint vc="2" uspid="1175" ordinal="0" offset="0" sl="45" sc="55" el="45" ec="59" bec="0" bev="0" fileid="67" />
              </SequencePoints>
              <BranchPoints />
              <MethodPoint xsi:type="SequencePoint" vc="2" uspid="1175" ordinal="0" offset="0" sl="45" sc="55" el="45" ec="59" bec="0" bev="0" fileid="67" />
            </Method>
            <Method visited="true" cyclomaticComplexity="1" nPathComplexity="0" sequenceCoverage="100" branchCoverage="100" crapScore="1" isConstructor="false" isStatic="false" isGetter="false" isSetter="true">
              <Summary numSequencePoints="1" visitedSequencePoints="1" numBranchPoints="1" visitedBranchPoints="1" sequenceCoverage="100" branchCoverage="100" maxCyclomaticComplexity="1" minCyclomaticComplexity="1" maxCrapScore="1" minCrapScore="1" visitedClasses="0" numClasses="0" visitedMethods="1" numMethods="1" />
              <MetadataToken>100663362</MetadataToken>
              <Name>System.Void OpenCollections.MultiConcurrentConsumer`2::set_TokenSource(System.Threading.CancellationTokenSource)</Name>
              <FileRef uid="67" />
              <SequencePoints>
                <SequencePoint vc="1" uspid="1176" ordinal="0" offset="0" sl="45" sc="60" el="45" ec="64" bec="0" bev="0" fileid="67" />
              </SequencePoints>
              <BranchPoints />
              <MethodPoint xsi:type="SequencePoint" vc="1" uspid="1176" ordinal="0" offset="0" sl="45" sc="60" el="45" ec="64" bec="0" bev="0" fileid="67" />
            </Method>
            <Method visited="true" cyclomaticComplexity="1" nPathComplexity="0" sequenceCoverage="100" branchCoverage="100" crapScore="1" isConstructor="false" isStatic="false" isGetter="true" isSetter="false">
              <Summary numSequencePoints="1" visitedSequencePoints="1" numBranchPoints="1" visitedBranchPoints="1" sequenceCoverage="100" branchCoverage="100" maxCyclomaticComplexity="1" minCyclomaticComplexity="1" maxCrapScore="1" minCrapScore="1" visitedClasses="0" numClasses="0" visitedMethods="1" numMethods="1" />
              <MetadataToken>100663363</MetadataToken>
              <Name>System.Threading.CancellationToken OpenCollections.MultiConcurrentConsumer`2::get_ManagedToken()</Name>
              <FileRef uid="67" />
              <SequencePoints>
                <SequencePoint vc="1" uspid="1177" ordinal="0" offset="0" sl="47" sc="50" el="47" ec="54" bec="0" bev="0" fileid="67" />
              </SequencePoints>
              <BranchPoints />
              <MethodPoint xsi:type="SequencePoint" vc="1" uspid="1177" ordinal="0" offset="0" sl="47" sc="50" el="47" ec="54" bec="0" bev="0" fileid="67" />
            </Method>
            <Method visited="true" cyclomaticComplexity="1" nPathComplexity="0" sequenceCoverage="100" branchCoverage="100" crapScore="1" isConstructor="false" isStatic="false" isGetter="false" isSetter="true">
              <Summary numSequencePoints="1" visitedSequencePoints="1" numBranchPoints="1" visitedBranchPoints="1" sequenceCoverage="100" branchCoverage="100" maxCyclomaticComplexity="1" minCyclomaticComplexity="1" maxCrapScore="1" minCrapScore="1" visitedClasses="0" numClasses="0" visitedMethods="1" numMethods="1" />
              <MetadataToken>100663364</MetadataToken>
              <Name>System.Void OpenCollections.MultiConcurrentConsumer`2::set_ManagedToken(System.Threading.CancellationToken)</Name>
              <FileRef uid="67" />
              <SequencePoints>
                <SequencePoint vc="1" uspid="1178" ordinal="0" offset="0" sl="47" sc="55" el="47" ec="59" bec="0" bev="0" fileid="67" />
              </SequencePoints>
              <BranchPoints />
              <MethodPoint xsi:type="SequencePoint" vc="1" uspid="1178" ordinal="0" offset="0" sl="47" sc="55" el="47" ec="59" bec="0" bev="0" fileid="67" />
            </Method>
            <Method visited="false" cyclomaticComplexity="2" nPathComplexity="0" sequenceCoverage="0" branchCoverage="0" crapScore="6" isConstructor="false" isStatic="false" isGetter="false" isSetter="false">
              <Summary numSequencePoints="0" visitedSequencePoints="0" numBranchPoints="0" visitedBranchPoints="0" sequenceCoverage="0" branchCoverage="0" maxCyclomaticComplexity="2" minCyclomaticComplexity="2" maxCrapScore="6" minCrapScore="6" visitedClasses="0" numClasses="0" visitedMethods="0" numMethods="0" />
              <MetadataToken>100663349</MetadataToken>
              <Name>System.Void OpenCollections.MultiConcurrentConsumer`2::add_Finished(System.Action)</Name>
              <SequencePoints />
              <BranchPoints />
              <MethodPoint vc="0" uspid="1179" ordinal="0" offset="0" />
            </Method>
            <Method visited="false" cyclomaticComplexity="2" nPathComplexity="0" sequenceCoverage="0" branchCoverage="0" crapScore="6" isConstructor="false" isStatic="false" isGetter="false" isSetter="false">
              <Summary numSequencePoints="0" visitedSequencePoints="0" numBranchPoints="0" visitedBranchPoints="0" sequenceCoverage="0" branchCoverage="0" maxCyclomaticComplexity="2" minCyclomaticComplexity="2" maxCrapScore="6" minCrapScore="6" visitedClasses="0" numClasses="0" visitedMethods="0" numMethods="0" />
              <MetadataToken>100663350</MetadataToken>
              <Name>System.Void OpenCollections.MultiConcurrentConsumer`2::remove_Finished(System.Action)</Name>
              <SequencePoints />
              <BranchPoints />
              <MethodPoint vc="0" uspid="1180" ordinal="0" offset="0" />
            </Method>
            <Method visited="false" cyclomaticComplexity="2" nPathComplexity="0" sequenceCoverage="0" branchCoverage="0" crapScore="6" isConstructor="false" isStatic="false" isGetter="false" isSetter="false">
              <Summary numSequencePoints="0" visitedSequencePoints="0" numBranchPoints="0" visitedBranchPoints="0" sequenceCoverage="0" branchCoverage="0" maxCyclomaticComplexity="2" minCyclomaticComplexity="2" maxCrapScore="6" minCrapScore="6" visitedClasses="0" numClasses="0" visitedMethods="0" numMethods="0" />
              <MetadataToken>100663351</MetadataToken>
              <Name>System.Void OpenCollections.MultiConcurrentConsumer`2::add_CollectionChanged(System.Action)</Name>
              <SequencePoints />
              <BranchPoints />
              <MethodPoint vc="0" uspid="1181" ordinal="0" offset="0" />
            </Method>
            <Method visited="false" cyclomaticComplexity="2" nPathComplexity="0" sequenceCoverage="0" branchCoverage="0" crapScore="6" isConstructor="false" isStatic="false" isGetter="false" isSetter="false">
              <Summary numSequencePoints="0" visitedSequencePoints="0" numBranchPoints="0" visitedBranchPoints="0" sequenceCoverage="0" branchCoverage="0" maxCyclomaticComplexity="2" minCyclomaticComplexity="2" maxCrapScore="6" minCrapScore="6" visitedClasses="0" numClasses="0" visitedMethods="0" numMethods="0" />
              <MetadataToken>100663352</MetadataToken>
              <Name>System.Void OpenCollections.MultiConcurrentConsumer`2::remove_CollectionChanged(System.Action)</Name>
              <SequencePoints />
              <BranchPoints />
              <MethodPoint vc="0" uspid="1182" ordinal="0" offset="0" />
            </Method>
            <Method visited="false" cyclomaticComplexity="2" nPathComplexity="0" sequenceCoverage="0" branchCoverage="0" crapScore="6" isConstructor="false" isStatic="false" isGetter="false" isSetter="false">
              <Summary numSequencePoints="0" visitedSequencePoints="0" numBranchPoints="0" visitedBranchPoints="0" sequenceCoverage="0" branchCoverage="0" maxCyclomaticComplexity="2" minCyclomaticComplexity="2" maxCrapScore="6" minCrapScore="6" visitedClasses="0" numClasses="0" visitedMethods="0" numMethods="0" />
              <MetadataToken>100663353</MetadataToken>
              <Name>System.Void OpenCollections.MultiConcurrentConsumer`2::add_Started(System.Action)</Name>
              <SequencePoints />
              <BranchPoints />
              <MethodPoint vc="0" uspid="1183" ordinal="0" offset="0" />
            </Method>
            <Method visited="false" cyclomaticComplexity="2" nPathComplexity="0" sequenceCoverage="0" branchCoverage="0" crapScore="6" isConstructor="false" isStatic="false" isGetter="false" isSetter="false">
              <Summary numSequencePoints="0" visitedSequencePoints="0" numBranchPoints="0" visitedBranchPoints="0" sequenceCoverage="0" branchCoverage="0" maxCyclomaticComplexity="2" minCyclomaticComplexity="2" maxCrapScore="6" minCrapScore="6" visitedClasses="0" numClasses="0" visitedMethods="0" numMethods="0" />
              <MetadataToken>100663354</MetadataToken>
              <Name>System.Void OpenCollections.MultiConcurrentConsumer`2::remove_Started(System.Action)</Name>
              <SequencePoints />
              <BranchPoints />
              <MethodPoint vc="0" uspid="1184" ordinal="0" offset="0" />
            </Method>
            <Method visited="true" cyclomaticComplexity="2" nPathComplexity="2" sequenceCoverage="100" branchCoverage="100" crapScore="2" isConstructor="true" isStatic="false" isGetter="false" isSetter="false">
              <Summary numSequencePoints="7" visitedSequencePoints="7" numBranchPoints="3" visitedBranchPoints="3" sequenceCoverage="100" branchCoverage="100" maxCyclomaticComplexity="2" minCyclomaticComplexity="2" maxCrapScore="2" minCrapScore="2" visitedClasses="0" numClasses="0" visitedMethods="1" numMethods="1" />
              <MetadataToken>100663365</MetadataToken>
              <Name>System.Void OpenCollections.MultiConcurrentConsumer`2::.ctor()</Name>
              <FileRef uid="67" />
              <SequencePoints>
                <SequencePoint vc="7" uspid="1185" ordinal="0" offset="0" sl="31" sc="82" el="31" ec="124" bec="0" bev="0" fileid="67" />
                <SequencePoint vc="7" uspid="1186" ordinal="1" offset="11" sl="36" sc="86" el="36" ec="114" bec="0" bev="0" fileid="67" />
                <SequencePoint vc="7" uspid="1187" ordinal="2" offset="22" sl="38" sc="59" el="38" ec="226" bec="2" bev="2" fileid="67" />
                <SequencePoint vc="7" uspid="1188" ordinal="3" offset="59" sl="43" sc="9" el="43" ec="61" bec="0" bev="0" fileid="67" />
                <SequencePoint vc="7" uspid="1189" ordinal="4" offset="70" sl="49" sc="9" el="49" ec="41" bec="0" bev="0" fileid="67" />
                <SequencePoint vc="7" uspid="1190" ordinal="5" offset="77" sl="50" sc="9" el="50" ec="10" bec="0" bev="0" fileid="67" />
                <SequencePoint vc="7" uspid="1191" ordinal="6" offset="78" sl="51" sc="9" el="51" ec="10" bec="0" bev="0" fileid="67" />
              </SequencePoints>
              <BranchPoints>
                <BranchPoint vc="2" uspid="1192" ordinal="0" offset="29" sl="38" path="0" offsetend="31" fileid="67" />
                <BranchPoint vc="5" uspid="1193" ordinal="1" offset="29" sl="38" path="1" offsetend="54" fileid="67" />
              </BranchPoints>
              <MethodPoint xsi:type="SequencePoint" vc="7" uspid="1185" ordinal="0" offset="0" sl="31" sc="82" el="31" ec="124" bec="0" bev="0" fileid="67" />
            </Method>
            <Method visited="false" cyclomaticComplexity="1" nPathComplexity="0" sequenceCoverage="0" branchCoverage="0" crapScore="2" isConstructor="false" isStatic="false" isGetter="false" isSetter="false">
              <Summary numSequencePoints="1" visitedSequencePoints="0" numBranchPoints="1" visitedBranchPoints="0" sequenceCoverage="0" branchCoverage="0" maxCyclomaticComplexity="1" minCyclomaticComplexity="1" maxCrapScore="2" minCrapScore="2" visitedClasses="0" numClasses="0" visitedMethods="0" numMethods="1" />
              <MetadataToken>100663366</MetadataToken>
              <Name>System.Void OpenCollections.MultiConcurrentConsumer`2::Invoke()</Name>
              <FileRef uid="67" />
              <SequencePoints>
                <SequencePoint vc="0" uspid="1194" ordinal="0" offset="0" sl="54" sc="33" el="54" ec="42" bec="0" bev="0" fileid="67" />
              </SequencePoints>
              <BranchPoints />
              <MethodPoint xsi:type="SequencePoint" vc="0" uspid="1194" ordinal="0" offset="0" sl="54" sc="33" el="54" ec="42" bec="0" bev="0" fileid="67" />
            </Method>
            <Method visited="false" cyclomaticComplexity="1" nPathComplexity="0" sequenceCoverage="0" branchCoverage="0" crapScore="2" isConstructor="false" isStatic="false" isGetter="false" isSetter="false">
              <Summary numSequencePoints="0" visitedSequencePoints="0" numBranchPoints="0" visitedBranchPoints="0" sequenceCoverage="0" branchCoverage="0" maxCyclomaticComplexity="1" minCyclomaticComplexity="1" maxCrapScore="2" minCrapScore="2" visitedClasses="0" numClasses="0" visitedMethods="0" numMethods="0" />
              <MetadataToken>100663367</MetadataToken>
              <Name>System.Threading.Tasks.Task OpenCollections.MultiConcurrentConsumer`2::InvokeAsync()</Name>
              <SequencePoints />
              <BranchPoints />
              <MethodPoint vc="0" uspid="1195" ordinal="0" offset="0" />
            </Method>
            <Method visited="false" cyclomaticComplexity="4" nPathComplexity="4" sequenceCoverage="0" branchCoverage="0" crapScore="20" isConstructor="true" isStatic="false" isGetter="false" isSetter="false">
              <Summary numSequencePoints="19" visitedSequencePoints="0" numBranchPoints="5" visitedBranchPoints="0" sequenceCoverage="0" branchCoverage="0" maxCyclomaticComplexity="4" minCyclomaticComplexity="4" maxCrapScore="20" minCrapScore="20" visitedClasses="0" numClasses="0" visitedMethods="0" numMethods="1" />
              <MetadataToken>100663368</MetadataToken>
              <Name>System.Void OpenCollections.MultiConcurrentConsumer`2::.ctor(System.Collections.Generic.IEnumerable`1&lt;OpenCollections.IConcurrentOutput`1&lt;T&gt;&gt;)</Name>
              <FileRef uid="67" />
              <SequencePoints>
                <SequencePoint vc="0" uspid="1196" ordinal="0" offset="0" sl="31" sc="82" el="31" ec="124" bec="0" bev="0" fileid="67" />
                <SequencePoint vc="0" uspid="1197" ordinal="1" offset="11" sl="36" sc="86" el="36" ec="114" bec="0" bev="0" fileid="67" />
                <SequencePoint vc="0" uspid="1198" ordinal="2" offset="22" sl="38" sc="59" el="38" ec="226" bec="2" bev="0" fileid="67" />
                <SequencePoint vc="0" uspid="1199" ordinal="3" offset="59" sl="43" sc="9" el="43" ec="61" bec="0" bev="0" fileid="67" />
                <SequencePoint vc="0" uspid="1200" ordinal="4" offset="70" sl="62" sc="9" el="62" ec="93" bec="0" bev="0" fileid="67" />
                <SequencePoint vc="0" uspid="1201" ordinal="5" offset="77" sl="63" sc="9" el="63" ec="10" bec="0" bev="0" fileid="67" />
                <SequencePoint vc="0" uspid="1202" ordinal="6" offset="78" sl="64" sc="13" el="64" ec="107" bec="0" bev="0" fileid="67" />
                <SequencePoint vc="0" uspid="1203" ordinal="7" offset="84" sl="66" sc="13" el="66" ec="20" bec="0" bev="0" fileid="67" />
                <SequencePoint vc="0" uspid="1204" ordinal="8" offset="85" sl="66" sc="34" el="66" ec="52" bec="0" bev="0" fileid="67" />
                <SequencePoint vc="0" uspid="1205" ordinal="9" offset="94" sl="66" sc="22" el="66" ec="30" bec="0" bev="0" fileid="67" />
                <SequencePoint vc="0" uspid="1206" ordinal="10" offset="101" sl="67" sc="13" el="67" ec="14" bec="0" bev="0" fileid="67" />
                <SequencePoint vc="0" uspid="1207" ordinal="11" offset="102" sl="68" sc="17" el="68" ec="56" bec="0" bev="0" fileid="67" />
                <SequencePoint vc="0" uspid="1208" ordinal="12" offset="115" sl="69" sc="17" el="69" ec="46" bec="0" bev="0" fileid="67" />
                <SequencePoint vc="0" uspid="1209" ordinal="13" offset="135" sl="70" sc="17" el="70" ec="56" bec="0" bev="0" fileid="67" />
                <SequencePoint vc="0" uspid="1210" ordinal="14" offset="155" sl="71" sc="17" el="71" ec="47" bec="0" bev="0" fileid="67" />
                <SequencePoint vc="0" uspid="1211" ordinal="15" offset="175" sl="72" sc="13" el="72" ec="14" bec="0" bev="0" fileid="67" />
                <SequencePoint vc="0" uspid="1212" ordinal="16" offset="176" sl="66" sc="31" el="66" ec="33" bec="2" bev="0" fileid="67" />
                <SequencePoint vc="0" uspid="1213" ordinal="17" offset="197" sl="74" sc="13" el="74" ec="39" bec="0" bev="0" fileid="67" />
                <SequencePoint vc="0" uspid="1214" ordinal="18" offset="205" sl="75" sc="9" el="75" ec="10" bec="0" bev="0" fileid="67" />
              </SequencePoints>
              <BranchPoints>
                <BranchPoint vc="0" uspid="1215" ordinal="0" offset="29" sl="38" path="0" offsetend="31" fileid="67" />
                <BranchPoint vc="0" uspid="1216" ordinal="1" offset="29" sl="38" path="1" offsetend="54" fileid="67" />
                <BranchPoint vc="0" uspid="1217" ordinal="2" offset="182" sl="66" path="0" offsetend="184" fileid="67" />
                <BranchPoint vc="0" uspid="1218" ordinal="3" offset="182" sl="66" path="1" offsetend="94" fileid="67" />
              </BranchPoints>
              <MethodPoint xsi:type="SequencePoint" vc="0" uspid="1196" ordinal="0" offset="0" sl="31" sc="82" el="31" ec="124" bec="0" bev="0" fileid="67" />
            </Method>
            <Method visited="false" cyclomaticComplexity="2" nPathComplexity="2" sequenceCoverage="0" branchCoverage="0" crapScore="6" isConstructor="true" isStatic="false" isGetter="false" isSetter="false">
              <Summary numSequencePoints="8" visitedSequencePoints="0" numBranchPoints="3" visitedBranchPoints="0" sequenceCoverage="0" branchCoverage="0" maxCyclomaticComplexity="2" minCyclomaticComplexity="2" maxCrapScore="6" minCrapScore="6" visitedClasses="0" numClasses="0" visitedMethods="0" numMethods="1" />
              <MetadataToken>100663369</MetadataToken>
              <Name>System.Void OpenCollections.MultiConcurrentConsumer`2::.ctor(System.Collections.Concurrent.IProducerConsumerCollection`1&lt;TResult&gt;)</Name>
              <FileRef uid="67" />
              <SequencePoints>
                <SequencePoint vc="0" uspid="1219" ordinal="0" offset="0" sl="31" sc="82" el="31" ec="124" bec="0" bev="0" fileid="67" />
                <SequencePoint vc="0" uspid="1220" ordinal="1" offset="11" sl="36" sc="86" el="36" ec="114" bec="0" bev="0" fileid="67" />
                <SequencePoint vc="0" uspid="1221" ordinal="2" offset="22" sl="38" sc="59" el="38" ec="226" bec="2" bev="0" fileid="67" />
                <SequencePoint vc="0" uspid="1222" ordinal="3" offset="59" sl="43" sc="9" el="43" ec="61" bec="0" bev="0" fileid="67" />
                <SequencePoint vc="0" uspid="1223" ordinal="4" offset="70" sl="77" sc="9" el="77" ec="94" bec="0" bev="0" fileid="67" />
                <SequencePoint vc="0" uspid="1224" ordinal="5" offset="77" sl="78" sc="9" el="78" ec="10" bec="0" bev="0" fileid="67" />
                <SequencePoint vc="0" uspid="1225" ordinal="6" offset="78" sl="79" sc="13" el="79" ec="49" bec="0" bev="0" fileid="67" />
                <SequencePoint vc="0" uspid="1226" ordinal="7" offset="86" sl="80" sc="9" el="80" ec="10" bec="0" bev="0" fileid="67" />
              </SequencePoints>
              <BranchPoints>
                <BranchPoint vc="0" uspid="1227" ordinal="0" offset="29" sl="38" path="0" offsetend="31" fileid="67" />
                <BranchPoint vc="0" uspid="1228" ordinal="1" offset="29" sl="38" path="1" offsetend="54" fileid="67" />
              </BranchPoints>
              <MethodPoint xsi:type="SequencePoint" vc="0" uspid="1219" ordinal="0" offset="0" sl="31" sc="82" el="31" ec="124" bec="0" bev="0" fileid="67" />
            </Method>
            <Method visited="true" cyclomaticComplexity="2" nPathComplexity="2" sequenceCoverage="66.67" branchCoverage="66.67" crapScore="2.15" isConstructor="false" isStatic="false" isGetter="false" isSetter="false">
              <Summary numSequencePoints="6" visitedSequencePoints="4" numBranchPoints="3" visitedBranchPoints="2" sequenceCoverage="66.67" branchCoverage="66.67" maxCyclomaticComplexity="2" minCyclomaticComplexity="2" maxCrapScore="2.15" minCrapScore="2.15" visitedClasses="0" numClasses="0" visitedMethods="1" numMethods="1" />
              <MetadataToken>100663370</MetadataToken>
              <Name>System.Void OpenCollections.MultiConcurrentConsumer`2::Cancel()</Name>
              <FileRef uid="67" />
              <SequencePoints>
                <SequencePoint vc="1" uspid="1229" ordinal="0" offset="0" sl="83" sc="9" el="83" ec="10" bec="0" bev="0" fileid="67" />
                <SequencePoint vc="1" uspid="1230" ordinal="1" offset="1" sl="84" sc="13" el="84" ec="41" bec="2" bev="1" fileid="67" />
                <SequencePoint vc="1" uspid="1231" ordinal="2" offset="25" sl="85" sc="13" el="85" ec="14" bec="0" bev="0" fileid="67" />
                <SequencePoint vc="1" uspid="1232" ordinal="3" offset="26" sl="86" sc="17" el="86" ec="87" bec="0" bev="0" fileid="67" />
                <SequencePoint vc="0" uspid="1233" ordinal="4" offset="37" sl="88" sc="13" el="88" ec="34" bec="0" bev="0" fileid="67" />
                <SequencePoint vc="0" uspid="1234" ordinal="5" offset="49" sl="89" sc="9" el="89" ec="10" bec="0" bev="0" fileid="67" />
              </SequencePoints>
              <BranchPoints>
                <BranchPoint vc="1" uspid="1235" ordinal="0" offset="23" sl="84" path="0" offsetend="25" fileid="67" />
                <BranchPoint vc="0" uspid="1236" ordinal="1" offset="23" sl="84" path="1" offsetend="37" fileid="67" />
              </BranchPoints>
              <MethodPoint xsi:type="SequencePoint" vc="1" uspid="1229" ordinal="0" offset="0" sl="83" sc="9" el="83" ec="10" bec="0" bev="0" fileid="67" />
            </Method>
            <Method visited="true" cyclomaticComplexity="6" nPathComplexity="16" sequenceCoverage="87.5" branchCoverage="66.67" crapScore="6.07" isConstructor="false" isStatic="false" isGetter="false" isSetter="false">
              <Summary numSequencePoints="16" visitedSequencePoints="14" numBranchPoints="9" visitedBranchPoints="6" sequenceCoverage="87.5" branchCoverage="66.67" maxCyclomaticComplexity="6" minCyclomaticComplexity="6" maxCrapScore="6.07" minCrapScore="6.07" visitedClasses="0" numClasses="0" visitedMethods="1" numMethods="1" />
              <MetadataToken>100663371</MetadataToken>
              <Name>System.Void OpenCollections.MultiConcurrentConsumer`2::Consume()</Name>
              <FileRef uid="67" />
              <SequencePoints>
                <SequencePoint vc="4" uspid="1237" ordinal="0" offset="0" sl="92" sc="9" el="92" ec="10" bec="0" bev="0" fileid="67" />
                <SequencePoint vc="4" uspid="1238" ordinal="1" offset="1" sl="93" sc="13" el="93" ec="27" bec="2" bev="1" fileid="67" />
                <SequencePoint vc="0" uspid="1239" ordinal="2" offset="11" sl="94" sc="13" el="94" ec="14" bec="0" bev="0" fileid="67" />
                <SequencePoint vc="0" uspid="1240" ordinal="3" offset="12" sl="95" sc="17" el="95" ec="24" bec="0" bev="0" fileid="67" />
                <SequencePoint vc="4" uspid="1241" ordinal="4" offset="17" sl="98" sc="13" el="98" ec="30" bec="0" bev="0" fileid="67" />
                <SequencePoint vc="4" uspid="1242" ordinal="5" offset="25" sl="100" sc="13" el="100" ec="31" bec="2" bev="1" fileid="67" />
                <SequencePoint vc="4" uspid="1243" ordinal="6" offset="43" sl="102" sc="13" el="102" ec="20" bec="0" bev="0" fileid="67" />
                <SequencePoint vc="4" uspid="1244" ordinal="7" offset="44" sl="102" sc="40" el="102" ec="51" bec="0" bev="0" fileid="67" />
                <SequencePoint vc="19" uspid="1245" ordinal="8" offset="58" sl="102" sc="22" el="102" ec="36" bec="0" bev="0" fileid="67" />
                <SequencePoint vc="19" uspid="1246" ordinal="9" offset="65" sl="103" sc="13" el="103" ec="14" bec="0" bev="0" fileid="67" />
                <SequencePoint vc="19" uspid="1247" ordinal="10" offset="66" sl="104" sc="17" el="104" ec="115" bec="0" bev="0" fileid="67" />
                <SequencePoint vc="17" uspid="1248" ordinal="11" offset="100" sl="105" sc="13" el="105" ec="14" bec="0" bev="0" fileid="67" />
                <SequencePoint vc="21" uspid="1249" ordinal="12" offset="101" sl="102" sc="37" el="102" ec="39" bec="2" bev="2" fileid="67" />
                <SequencePoint vc="2" uspid="1250" ordinal="13" offset="122" sl="107" sc="13" el="107" ec="31" bec="0" bev="0" fileid="67" />
                <SequencePoint vc="2" uspid="1251" ordinal="14" offset="130" sl="109" sc="13" el="109" ec="32" bec="2" bev="1" fileid="67" />
                <SequencePoint vc="2" uspid="1252" ordinal="15" offset="148" sl="110" sc="9" el="110" ec="10" bec="0" bev="0" fileid="67" />
              </SequencePoints>
              <BranchPoints>
                <BranchPoint vc="0" uspid="1253" ordinal="0" offset="9" sl="93" path="0" offsetend="11" fileid="67" />
                <BranchPoint vc="4" uspid="1254" ordinal="1" offset="9" sl="93" path="1" offsetend="17" fileid="67" />
                <BranchPoint vc="4" uspid="1255" ordinal="2" offset="32" sl="100" path="0" offsetend="34" fileid="67" />
                <BranchPoint vc="0" uspid="1256" ordinal="3" offset="32" sl="100" path="1" offsetend="37" fileid="67" />
                <BranchPoint vc="2" uspid="1257" ordinal="4" offset="107" sl="102" path="0" offsetend="109" fileid="67" />
                <BranchPoint vc="19" uspid="1258" ordinal="5" offset="107" sl="102" path="1" offsetend="58" fileid="67" />
                <BranchPoint vc="2" uspid="1259" ordinal="6" offset="137" sl="109" path="0" offsetend="139" fileid="67" />
                <BranchPoint vc="0" uspid="1260" ordinal="7" offset="137" sl="109" path="1" offsetend="142" fileid="67" />
              </BranchPoints>
              <MethodPoint xsi:type="SequencePoint" vc="4" uspid="1237" ordinal="0" offset="0" sl="92" sc="9" el="92" ec="10" bec="0" bev="0" fileid="67" />
            </Method>
            <Method visited="false" cyclomaticComplexity="1" nPathComplexity="0" sequenceCoverage="0" branchCoverage="0" crapScore="2" isConstructor="false" isStatic="false" isGetter="false" isSetter="false">
              <Summary numSequencePoints="0" visitedSequencePoints="0" numBranchPoints="0" visitedBranchPoints="0" sequenceCoverage="0" branchCoverage="0" maxCyclomaticComplexity="1" minCyclomaticComplexity="1" maxCrapScore="2" minCrapScore="2" visitedClasses="0" numClasses="0" visitedMethods="0" numMethods="0" />
              <MetadataToken>100663372</MetadataToken>
              <Name>System.Threading.Tasks.Task OpenCollections.MultiConcurrentConsumer`2::ConsumeAsync()</Name>
              <SequencePoints />
              <BranchPoints />
              <MethodPoint vc="0" uspid="1261" ordinal="0" offset="0" />
            </Method>
            <Method visited="false" cyclomaticComplexity="1" nPathComplexity="0" sequenceCoverage="0" branchCoverage="0" crapScore="2" isConstructor="false" isStatic="false" isGetter="false" isSetter="false">
              <Summary numSequencePoints="0" visitedSequencePoints="0" numBranchPoints="0" visitedBranchPoints="0" sequenceCoverage="0" branchCoverage="0" maxCyclomaticComplexity="1" minCyclomaticComplexity="1" maxCrapScore="2" minCrapScore="2" visitedClasses="0" numClasses="0" visitedMethods="0" numMethods="0" />
              <MetadataToken>100663373</MetadataToken>
              <Name>System.Threading.Tasks.Task OpenCollections.MultiConcurrentConsumer`2::ConsumeAsync(System.Threading.CancellationToken)</Name>
              <SequencePoints />
              <BranchPoints />
              <MethodPoint vc="0" uspid="1262" ordinal="0" offset="0" />
            </Method>
            <Method visited="true" cyclomaticComplexity="2" nPathComplexity="2" sequenceCoverage="100" branchCoverage="100" crapScore="2" isConstructor="false" isStatic="false" isGetter="false" isSetter="false">
              <Summary numSequencePoints="11" visitedSequencePoints="11" numBranchPoints="3" visitedBranchPoints="3" sequenceCoverage="100" branchCoverage="100" maxCyclomaticComplexity="2" minCyclomaticComplexity="2" maxCrapScore="2" minCrapScore="2" visitedClasses="0" numClasses="0" visitedMethods="1" numMethods="1" />
              <MetadataToken>100663374</MetadataToken>
              <Name>System.Threading.CancellationToken OpenCollections.MultiConcurrentConsumer`2::SetManagedToken(System.Threading.CancellationToken)</Name>
              <FileRef uid="67" />
              <SequencePoints>
                <SequencePoint vc="2" uspid="1263" ordinal="0" offset="0" sl="127" sc="9" el="127" ec="10" bec="0" bev="0" fileid="67" />
                <SequencePoint vc="2" uspid="1264" ordinal="1" offset="1" sl="128" sc="13" el="128" ec="34" bec="2" bev="2" fileid="67" />
                <SequencePoint vc="1" uspid="1265" ordinal="2" offset="20" sl="129" sc="13" el="129" ec="14" bec="0" bev="0" fileid="67" />
                <SequencePoint vc="1" uspid="1266" ordinal="3" offset="21" sl="130" sc="17" el="130" ec="38" bec="0" bev="0" fileid="67" />
                <SequencePoint vc="1" uspid="1267" ordinal="4" offset="29" sl="131" sc="13" el="131" ec="14" bec="0" bev="0" fileid="67" />
                <SequencePoint vc="1" uspid="1268" ordinal="5" offset="32" sl="133" sc="13" el="133" ec="14" bec="0" bev="0" fileid="67" />
                <SequencePoint vc="1" uspid="1269" ordinal="6" offset="33" sl="134" sc="17" el="134" ec="61" bec="0" bev="0" fileid="67" />
                <SequencePoint vc="1" uspid="1270" ordinal="7" offset="45" sl="135" sc="17" el="135" ec="43" bec="0" bev="0" fileid="67" />
                <SequencePoint vc="1" uspid="1271" ordinal="8" offset="58" sl="136" sc="13" el="136" ec="14" bec="0" bev="0" fileid="67" />
                <SequencePoint vc="2" uspid="1272" ordinal="9" offset="59" sl="137" sc="13" el="137" ec="26" bec="0" bev="0" fileid="67" />
                <SequencePoint vc="2" uspid="1273" ordinal="10" offset="63" sl="138" sc="9" el="138" ec="10" bec="0" bev="0" fileid="67" />
              </SequencePoints>
              <BranchPoints>
                <BranchPoint vc="1" uspid="1274" ordinal="0" offset="18" sl="128" path="0" offsetend="20" fileid="67" />
                <BranchPoint vc="1" uspid="1275" ordinal="1" offset="18" sl="128" path="1" offsetend="32" fileid="67" />
              </BranchPoints>
              <MethodPoint xsi:type="SequencePoint" vc="2" uspid="1263" ordinal="0" offset="0" sl="127" sc="9" el="127" ec="10" bec="0" bev="0" fileid="67" />
            </Method>
            <Method visited="false" cyclomaticComplexity="1" nPathComplexity="0" sequenceCoverage="0" branchCoverage="0" crapScore="2" isConstructor="false" isStatic="false" isGetter="false" isSetter="false">
              <Summary numSequencePoints="3" visitedSequencePoints="0" numBranchPoints="1" visitedBranchPoints="0" sequenceCoverage="0" branchCoverage="0" maxCyclomaticComplexity="1" minCyclomaticComplexity="1" maxCrapScore="2" minCrapScore="2" visitedClasses="0" numClasses="0" visitedMethods="0" numMethods="1" />
              <MetadataToken>100663375</MetadataToken>
              <Name>System.Void OpenCollections.MultiConcurrentConsumer`2::Dispose()</Name>
              <FileRef uid="67" />
              <SequencePoints>
                <SequencePoint vc="0" uspid="1276" ordinal="0" offset="0" sl="141" sc="9" el="141" ec="10" bec="0" bev="0" fileid="67" />
                <SequencePoint vc="0" uspid="1277" ordinal="1" offset="1" sl="142" sc="13" el="142" ec="50" bec="0" bev="0" fileid="67" />
                <SequencePoint vc="0" uspid="1278" ordinal="2" offset="13" sl="143" sc="9" el="143" ec="10" bec="0" bev="0" fileid="67" />
              </SequencePoints>
              <BranchPoints />
              <MethodPoint xsi:type="SequencePoint" vc="0" uspid="1276" ordinal="0" offset="0" sl="141" sc="9" el="141" ec="10" bec="0" bev="0" fileid="67" />
            </Method>
          </Methods>
        </Class>
        <Class>
          <Summary numSequencePoints="1" visitedSequencePoints="1" numBranchPoints="1" visitedBranchPoints="1" sequenceCoverage="100" branchCoverage="100" maxCyclomaticComplexity="1" minCyclomaticComplexity="1" maxCrapScore="2" minCrapScore="1" visitedClasses="1" numClasses="1" visitedMethods="1" numMethods="3" />
          <FullName>OpenCollections.MultiConcurrentConsumer`2/&lt;&gt;c</FullName>
          <Methods>
            <Method visited="false" cyclomaticComplexity="1" nPathComplexity="0" sequenceCoverage="0" branchCoverage="0" crapScore="2" isConstructor="true" isStatic="true" isGetter="false" isSetter="false">
              <Summary numSequencePoints="0" visitedSequencePoints="0" numBranchPoints="0" visitedBranchPoints="0" sequenceCoverage="0" branchCoverage="0" maxCyclomaticComplexity="1" minCyclomaticComplexity="1" maxCrapScore="2" minCrapScore="2" visitedClasses="0" numClasses="0" visitedMethods="0" numMethods="0" />
              <MetadataToken>100663532</MetadataToken>
              <Name>System.Void OpenCollections.MultiConcurrentConsumer`2/&lt;&gt;c::.cctor()</Name>
              <SequencePoints />
              <BranchPoints />
              <MethodPoint vc="0" uspid="1279" ordinal="0" offset="0" />
            </Method>
            <Method visited="false" cyclomaticComplexity="1" nPathComplexity="0" sequenceCoverage="0" branchCoverage="0" crapScore="2" isConstructor="true" isStatic="false" isGetter="false" isSetter="false">
              <Summary numSequencePoints="0" visitedSequencePoints="0" numBranchPoints="0" visitedBranchPoints="0" sequenceCoverage="0" branchCoverage="0" maxCyclomaticComplexity="1" minCyclomaticComplexity="1" maxCrapScore="2" minCrapScore="2" visitedClasses="0" numClasses="0" visitedMethods="0" numMethods="0" />
              <MetadataToken>100663533</MetadataToken>
              <Name>System.Void OpenCollections.MultiConcurrentConsumer`2/&lt;&gt;c::.ctor()</Name>
              <SequencePoints />
              <BranchPoints />
              <MethodPoint vc="0" uspid="1280" ordinal="0" offset="0" />
            </Method>
            <Method visited="true" cyclomaticComplexity="1" nPathComplexity="0" sequenceCoverage="100" branchCoverage="100" crapScore="1" isConstructor="false" isStatic="false" isGetter="false" isSetter="false">
              <Summary numSequencePoints="1" visitedSequencePoints="1" numBranchPoints="1" visitedBranchPoints="1" sequenceCoverage="100" branchCoverage="100" maxCyclomaticComplexity="1" minCyclomaticComplexity="1" maxCrapScore="1" minCrapScore="1" visitedClasses="0" numClasses="0" visitedMethods="1" numMethods="1" />
              <MetadataToken>100663534</MetadataToken>
              <Name>TResult OpenCollections.MultiConcurrentConsumer`2/&lt;&gt;c::&lt;.ctor&gt;b__34_0(T)</Name>
              <FileRef uid="67" />
              <SequencePoints>
                <SequencePoint vc="2" uspid="1281" ordinal="0" offset="0" sl="38" sc="72" el="38" ec="226" bec="0" bev="0" fileid="67" />
              </SequencePoints>
              <BranchPoints />
              <MethodPoint xsi:type="SequencePoint" vc="2" uspid="1281" ordinal="0" offset="0" sl="38" sc="72" el="38" ec="226" bec="0" bev="0" fileid="67" />
            </Method>
            <Method visited="false" cyclomaticComplexity="1" nPathComplexity="0" sequenceCoverage="0" branchCoverage="0" crapScore="2" isConstructor="false" isStatic="false" isGetter="false" isSetter="false">
              <Summary numSequencePoints="0" visitedSequencePoints="0" numBranchPoints="0" visitedBranchPoints="0" sequenceCoverage="0" branchCoverage="0" maxCyclomaticComplexity="1" minCyclomaticComplexity="1" maxCrapScore="2" minCrapScore="2" visitedClasses="0" numClasses="0" visitedMethods="0" numMethods="1" />
              <MetadataToken>100663535</MetadataToken>
              <Name>TResult OpenCollections.MultiConcurrentConsumer`2/&lt;&gt;c::&lt;.ctor&gt;b__37_0(T)</Name>
              <FileRef uid="67" />
              <SequencePoints />
              <BranchPoints />
              <MethodPoint xsi:type="SequencePoint" vc="0" uspid="1282" ordinal="0" offset="0" sl="38" sc="72" el="38" ec="226" bec="0" bev="0" fileid="67" />
            </Method>
            <Method visited="false" cyclomaticComplexity="1" nPathComplexity="0" sequenceCoverage="0" branchCoverage="0" crapScore="2" isConstructor="false" isStatic="false" isGetter="false" isSetter="false">
              <Summary numSequencePoints="0" visitedSequencePoints="0" numBranchPoints="0" visitedBranchPoints="0" sequenceCoverage="0" branchCoverage="0" maxCyclomaticComplexity="1" minCyclomaticComplexity="1" maxCrapScore="2" minCrapScore="2" visitedClasses="0" numClasses="0" visitedMethods="0" numMethods="1" />
              <MetadataToken>100663536</MetadataToken>
              <Name>TResult OpenCollections.MultiConcurrentConsumer`2/&lt;&gt;c::&lt;.ctor&gt;b__38_0(T)</Name>
              <FileRef uid="67" />
              <SequencePoints />
              <BranchPoints />
              <MethodPoint xsi:type="SequencePoint" vc="0" uspid="1283" ordinal="0" offset="0" sl="38" sc="72" el="38" ec="226" bec="0" bev="0" fileid="67" />
            </Method>
          </Methods>
        </Class>
        <Class>
          <Summary numSequencePoints="1" visitedSequencePoints="0" numBranchPoints="3" visitedBranchPoints="0" sequenceCoverage="0" branchCoverage="0" maxCyclomaticComplexity="3" minCyclomaticComplexity="1" maxCrapScore="12" minCrapScore="2" visitedClasses="0" numClasses="1" visitedMethods="0" numMethods="1" />
          <FullName>OpenCollections.MultiConcurrentConsumer`2/&lt;InvokeAsync&gt;d__36</FullName>
          <Methods>
            <Method visited="false" cyclomaticComplexity="1" nPathComplexity="0" sequenceCoverage="0" branchCoverage="0" crapScore="2" isConstructor="true" isStatic="false" isGetter="false" isSetter="false">
              <Summary numSequencePoints="0" visitedSequencePoints="0" numBranchPoints="0" visitedBranchPoints="0" sequenceCoverage="0" branchCoverage="0" maxCyclomaticComplexity="1" minCyclomaticComplexity="1" maxCrapScore="2" minCrapScore="2" visitedClasses="0" numClasses="0" visitedMethods="0" numMethods="0" />
              <MetadataToken>100663537</MetadataToken>
              <Name>System.Void OpenCollections.MultiConcurrentConsumer`2/&lt;InvokeAsync&gt;d__36::.ctor()</Name>
              <SequencePoints />
              <BranchPoints />
              <MethodPoint vc="0" uspid="1284" ordinal="0" offset="0" />
            </Method>
            <Method visited="false" cyclomaticComplexity="3" nPathComplexity="2" sequenceCoverage="0" branchCoverage="0" crapScore="12" isConstructor="false" isStatic="false" isGetter="false" isSetter="false">
              <Summary numSequencePoints="1" visitedSequencePoints="0" numBranchPoints="3" visitedBranchPoints="0" sequenceCoverage="0" branchCoverage="0" maxCyclomaticComplexity="3" minCyclomaticComplexity="3" maxCrapScore="12" minCrapScore="12" visitedClasses="0" numClasses="0" visitedMethods="0" numMethods="1" />
              <MetadataToken>100663538</MetadataToken>
              <Name>System.Void OpenCollections.MultiConcurrentConsumer`2/&lt;InvokeAsync&gt;d__36::MoveNext()</Name>
              <FileRef uid="67" />
              <SequencePoints>
                <SequencePoint vc="0" uspid="1285" ordinal="0" offset="14" sl="56" sc="44" el="56" ec="86" bec="2" bev="0" fileid="67" />
              </SequencePoints>
              <BranchPoints>
                <BranchPoint vc="0" uspid="1286" ordinal="0" offset="47" sl="56" path="0" offsetend="49" fileid="67" />
                <BranchPoint vc="0" uspid="1287" ordinal="1" offset="47" sl="56" path="1" offsetend="113" fileid="67" />
              </BranchPoints>
              <MethodPoint vc="0" uspid="1288" ordinal="0" offset="0" />
            </Method>
            <Method visited="false" cyclomaticComplexity="1" nPathComplexity="0" sequenceCoverage="0" branchCoverage="0" crapScore="2" isConstructor="false" isStatic="false" isGetter="false" isSetter="false">
              <Summary numSequencePoints="0" visitedSequencePoints="0" numBranchPoints="0" visitedBranchPoints="0" sequenceCoverage="0" branchCoverage="0" maxCyclomaticComplexity="1" minCyclomaticComplexity="1" maxCrapScore="2" minCrapScore="2" visitedClasses="0" numClasses="0" visitedMethods="0" numMethods="0" />
              <MetadataToken>100663539</MetadataToken>
              <Name>System.Void OpenCollections.MultiConcurrentConsumer`2/&lt;InvokeAsync&gt;d__36::SetStateMachine(System.Runtime.CompilerServices.IAsyncStateMachine)</Name>
              <SequencePoints />
              <BranchPoints />
              <MethodPoint vc="0" uspid="1289" ordinal="0" offset="0" />
            </Method>
          </Methods>
        </Class>
        <Class>
          <Summary numSequencePoints="4" visitedSequencePoints="4" numBranchPoints="3" visitedBranchPoints="2" sequenceCoverage="100" branchCoverage="66.67" maxCyclomaticComplexity="3" minCyclomaticComplexity="1" maxCrapScore="3" minCrapScore="2" visitedClasses="1" numClasses="1" visitedMethods="1" numMethods="1" />
          <FullName>OpenCollections.MultiConcurrentConsumer`2/&lt;ConsumeAsync&gt;d__41</FullName>
          <Methods>
            <Method visited="false" cyclomaticComplexity="1" nPathComplexity="0" sequenceCoverage="0" branchCoverage="0" crapScore="2" isConstructor="true" isStatic="false" isGetter="false" isSetter="false">
              <Summary numSequencePoints="0" visitedSequencePoints="0" numBranchPoints="0" visitedBranchPoints="0" sequenceCoverage="0" branchCoverage="0" maxCyclomaticComplexity="1" minCyclomaticComplexity="1" maxCrapScore="2" minCrapScore="2" visitedClasses="0" numClasses="0" visitedMethods="0" numMethods="0" />
              <MetadataToken>100663540</MetadataToken>
              <Name>System.Void OpenCollections.MultiConcurrentConsumer`2/&lt;ConsumeAsync&gt;d__41::.ctor()</Name>
              <SequencePoints />
              <BranchPoints />
              <MethodPoint vc="0" uspid="1290" ordinal="0" offset="0" />
            </Method>
            <Method visited="true" cyclomaticComplexity="3" nPathComplexity="2" sequenceCoverage="100" branchCoverage="66.67" crapScore="3" isConstructor="false" isStatic="false" isGetter="false" isSetter="false">
              <Summary numSequencePoints="4" visitedSequencePoints="4" numBranchPoints="3" visitedBranchPoints="2" sequenceCoverage="100" branchCoverage="66.67" maxCyclomaticComplexity="3" minCyclomaticComplexity="3" maxCrapScore="3" minCrapScore="3" visitedClasses="0" numClasses="0" visitedMethods="1" numMethods="1" />
              <MetadataToken>100663541</MetadataToken>
              <Name>System.Void OpenCollections.MultiConcurrentConsumer`2/&lt;ConsumeAsync&gt;d__41::MoveNext()</Name>
              <FileRef uid="67" />
              <SequencePoints>
                <SequencePoint vc="1" uspid="1291" ordinal="0" offset="14" sl="113" sc="9" el="113" ec="10" bec="0" bev="0" fileid="67" />
                <SequencePoint vc="1" uspid="1292" ordinal="1" offset="15" sl="114" sc="13" el="114" ec="31" bec="0" bev="0" fileid="67" />
                <SequencePoint vc="1" uspid="1293" ordinal="2" offset="36" sl="116" sc="13" el="116" ec="78" bec="2" bev="1" fileid="67" />
                <SequencePoint vc="1" uspid="1294" ordinal="3" offset="200" sl="117" sc="9" el="117" ec="10" bec="0" bev="0" fileid="67" />
              </SequencePoints>
              <BranchPoints>
                <BranchPoint vc="1" uspid="1295" ordinal="0" offset="97" sl="116" path="0" offsetend="99" fileid="67" />
                <BranchPoint vc="0" uspid="1296" ordinal="1" offset="97" sl="116" path="1" offsetend="164" fileid="67" />
              </BranchPoints>
              <MethodPoint vc="2" uspid="1297" ordinal="0" offset="0" />
            </Method>
            <Method visited="false" cyclomaticComplexity="1" nPathComplexity="0" sequenceCoverage="0" branchCoverage="0" crapScore="2" isConstructor="false" isStatic="false" isGetter="false" isSetter="false">
              <Summary numSequencePoints="0" visitedSequencePoints="0" numBranchPoints="0" visitedBranchPoints="0" sequenceCoverage="0" branchCoverage="0" maxCyclomaticComplexity="1" minCyclomaticComplexity="1" maxCrapScore="2" minCrapScore="2" visitedClasses="0" numClasses="0" visitedMethods="0" numMethods="0" />
              <MetadataToken>100663542</MetadataToken>
              <Name>System.Void OpenCollections.MultiConcurrentConsumer`2/&lt;ConsumeAsync&gt;d__41::SetStateMachine(System.Runtime.CompilerServices.IAsyncStateMachine)</Name>
              <SequencePoints />
              <BranchPoints />
              <MethodPoint vc="0" uspid="1298" ordinal="0" offset="0" />
            </Method>
          </Methods>
        </Class>
        <Class>
          <Summary numSequencePoints="4" visitedSequencePoints="3" numBranchPoints="3" visitedBranchPoints="2" sequenceCoverage="75" branchCoverage="66.67" maxCyclomaticComplexity="3" minCyclomaticComplexity="1" maxCrapScore="3.14" minCrapScore="2" visitedClasses="1" numClasses="1" visitedMethods="1" numMethods="1" />
          <FullName>OpenCollections.MultiConcurrentConsumer`2/&lt;ConsumeAsync&gt;d__42</FullName>
          <Methods>
            <Method visited="false" cyclomaticComplexity="1" nPathComplexity="0" sequenceCoverage="0" branchCoverage="0" crapScore="2" isConstructor="true" isStatic="false" isGetter="false" isSetter="false">
              <Summary numSequencePoints="0" visitedSequencePoints="0" numBranchPoints="0" visitedBranchPoints="0" sequenceCoverage="0" branchCoverage="0" maxCyclomaticComplexity="1" minCyclomaticComplexity="1" maxCrapScore="2" minCrapScore="2" visitedClasses="0" numClasses="0" visitedMethods="0" numMethods="0" />
              <MetadataToken>100663543</MetadataToken>
              <Name>System.Void OpenCollections.MultiConcurrentConsumer`2/&lt;ConsumeAsync&gt;d__42::.ctor()</Name>
              <SequencePoints />
              <BranchPoints />
              <MethodPoint vc="0" uspid="1299" ordinal="0" offset="0" />
            </Method>
            <Method visited="true" cyclomaticComplexity="3" nPathComplexity="2" sequenceCoverage="75" branchCoverage="66.67" crapScore="3.14" isConstructor="false" isStatic="false" isGetter="false" isSetter="false">
              <Summary numSequencePoints="4" visitedSequencePoints="3" numBranchPoints="3" visitedBranchPoints="2" sequenceCoverage="75" branchCoverage="66.67" maxCyclomaticComplexity="3" minCyclomaticComplexity="3" maxCrapScore="3.14" minCrapScore="3.14" visitedClasses="0" numClasses="0" visitedMethods="1" numMethods="1" />
              <MetadataToken>100663544</MetadataToken>
              <Name>System.Void OpenCollections.MultiConcurrentConsumer`2/&lt;ConsumeAsync&gt;d__42::MoveNext()</Name>
              <FileRef uid="67" />
              <SequencePoints>
                <SequencePoint vc="1" uspid="1300" ordinal="0" offset="14" sl="120" sc="9" el="120" ec="10" bec="0" bev="0" fileid="67" />
                <SequencePoint vc="1" uspid="1301" ordinal="1" offset="15" sl="121" sc="13" el="121" ec="44" bec="0" bev="0" fileid="67" />
                <SequencePoint vc="1" uspid="1302" ordinal="2" offset="38" sl="123" sc="13" el="123" ec="66" bec="2" bev="1" fileid="67" />
                <SequencePoint vc="0" uspid="1303" ordinal="3" offset="191" sl="124" sc="9" el="124" ec="10" bec="0" bev="0" fileid="67" />
              </SequencePoints>
              <BranchPoints>
                <BranchPoint vc="1" uspid="1304" ordinal="0" offset="89" sl="123" path="0" offsetend="91" fileid="67" />
                <BranchPoint vc="0" uspid="1305" ordinal="1" offset="89" sl="123" path="1" offsetend="155" fileid="67" />
              </BranchPoints>
              <MethodPoint vc="2" uspid="1306" ordinal="0" offset="0" />
            </Method>
            <Method visited="false" cyclomaticComplexity="1" nPathComplexity="0" sequenceCoverage="0" branchCoverage="0" crapScore="2" isConstructor="false" isStatic="false" isGetter="false" isSetter="false">
              <Summary numSequencePoints="0" visitedSequencePoints="0" numBranchPoints="0" visitedBranchPoints="0" sequenceCoverage="0" branchCoverage="0" maxCyclomaticComplexity="1" minCyclomaticComplexity="1" maxCrapScore="2" minCrapScore="2" visitedClasses="0" numClasses="0" visitedMethods="0" numMethods="0" />
              <MetadataToken>100663545</MetadataToken>
              <Name>System.Void OpenCollections.MultiConcurrentConsumer`2/&lt;ConsumeAsync&gt;d__42::SetStateMachine(System.Runtime.CompilerServices.IAsyncStateMachine)</Name>
              <SequencePoints />
              <BranchPoints />
              <MethodPoint vc="0" uspid="1307" ordinal="0" offset="0" />
            </Method>
          </Methods>
        </Class>
        <Class>
          <Summary numSequencePoints="50" visitedSequencePoints="45" numBranchPoints="28" visitedBranchPoints="26" sequenceCoverage="90" branchCoverage="92.86" maxCyclomaticComplexity="5" minCyclomaticComplexity="1" maxCrapScore="6" minCrapScore="1" visitedClasses="1" numClasses="1" visitedMethods="14" numMethods="16" />
          <FullName>OpenCollections.ConcurrentConsumer`2</FullName>
          <Methods>
            <Method visited="false" cyclomaticComplexity="1" nPathComplexity="0" sequenceCoverage="0" branchCoverage="0" crapScore="2" isConstructor="false" isStatic="false" isGetter="true" isSetter="false">
              <Summary numSequencePoints="1" visitedSequencePoints="0" numBranchPoints="1" visitedBranchPoints="0" sequenceCoverage="0" branchCoverage="0" maxCyclomaticComplexity="1" minCyclomaticComplexity="1" maxCrapScore="2" minCrapScore="2" visitedClasses="0" numClasses="0" visitedMethods="0" numMethods="1" />
              <MetadataToken>100663376</MetadataToken>
              <Name>System.Boolean OpenCollections.ConcurrentConsumer`2::get_Consuming()</Name>
              <FileRef uid="72" />
              <SequencePoints>
                <SequencePoint vc="0" uspid="1308" ordinal="0" offset="0" sl="16" sc="33" el="16" ec="37" bec="0" bev="0" fileid="72" />
              </SequencePoints>
              <BranchPoints />
              <MethodPoint xsi:type="SequencePoint" vc="0" uspid="1308" ordinal="0" offset="0" sl="16" sc="33" el="16" ec="37" bec="0" bev="0" fileid="72" />
            </Method>
            <Method visited="true" cyclomaticComplexity="1" nPathComplexity="0" sequenceCoverage="100" branchCoverage="100" crapScore="1" isConstructor="false" isStatic="false" isGetter="false" isSetter="true">
              <Summary numSequencePoints="1" visitedSequencePoints="1" numBranchPoints="1" visitedBranchPoints="1" sequenceCoverage="100" branchCoverage="100" maxCyclomaticComplexity="1" minCyclomaticComplexity="1" maxCrapScore="1" minCrapScore="1" visitedClasses="0" numClasses="0" visitedMethods="1" numMethods="1" />
              <MetadataToken>100663377</MetadataToken>
              <Name>System.Void OpenCollections.ConcurrentConsumer`2::set_Consuming(System.Boolean)</Name>
              <FileRef uid="72" />
              <SequencePoints>
                <SequencePoint vc="19100" uspid="1309" ordinal="0" offset="0" sl="16" sc="38" el="16" ec="50" bec="0" bev="0" fileid="72" />
              </SequencePoints>
              <BranchPoints />
              <MethodPoint xsi:type="SequencePoint" vc="19100" uspid="1309" ordinal="0" offset="0" sl="16" sc="38" el="16" ec="50" bec="0" bev="0" fileid="72" />
            </Method>
            <Method visited="true" cyclomaticComplexity="1" nPathComplexity="0" sequenceCoverage="100" branchCoverage="100" crapScore="1" isConstructor="false" isStatic="false" isGetter="true" isSetter="false">
              <Summary numSequencePoints="1" visitedSequencePoints="1" numBranchPoints="1" visitedBranchPoints="1" sequenceCoverage="100" branchCoverage="100" maxCyclomaticComplexity="1" minCyclomaticComplexity="1" maxCrapScore="1" minCrapScore="1" visitedClasses="0" numClasses="0" visitedMethods="1" numMethods="1" />
              <MetadataToken>100663378</MetadataToken>
              <Name>System.Collections.Concurrent.IProducerConsumerCollection`1&lt;T&gt; OpenCollections.ConcurrentConsumer`2::get_Collection()</Name>
              <FileRef uid="72" />
              <SequencePoints>
                <SequencePoint vc="19105" uspid="1310" ordinal="0" offset="0" sl="21" sc="60" el="21" ec="64" bec="0" bev="0" fileid="72" />
              </SequencePoints>
              <BranchPoints />
              <MethodPoint xsi:type="SequencePoint" vc="19105" uspid="1310" ordinal="0" offset="0" sl="21" sc="60" el="21" ec="64" bec="0" bev="0" fileid="72" />
            </Method>
            <Method visited="true" cyclomaticComplexity="1" nPathComplexity="0" sequenceCoverage="100" branchCoverage="100" crapScore="1" isConstructor="false" isStatic="false" isGetter="false" isSetter="true">
              <Summary numSequencePoints="1" visitedSequencePoints="1" numBranchPoints="1" visitedBranchPoints="1" sequenceCoverage="100" branchCoverage="100" maxCyclomaticComplexity="1" minCyclomaticComplexity="1" maxCrapScore="1" minCrapScore="1" visitedClasses="0" numClasses="0" visitedMethods="1" numMethods="1" />
              <MetadataToken>100663379</MetadataToken>
              <Name>System.Void OpenCollections.ConcurrentConsumer`2::set_Collection(System.Collections.Concurrent.IProducerConsumerCollection`1&lt;T&gt;)</Name>
              <FileRef uid="72" />
              <SequencePoints>
                <SequencePoint vc="17" uspid="1311" ordinal="0" offset="0" sl="21" sc="65" el="21" ec="69" bec="0" bev="0" fileid="72" />
              </SequencePoints>
              <BranchPoints />
              <MethodPoint xsi:type="SequencePoint" vc="17" uspid="1311" ordinal="0" offset="0" sl="21" sc="65" el="21" ec="69" bec="0" bev="0" fileid="72" />
            </Method>
            <Method visited="true" cyclomaticComplexity="1" nPathComplexity="0" sequenceCoverage="100" branchCoverage="100" crapScore="1" isConstructor="false" isStatic="false" isGetter="true" isSetter="false">
              <Summary numSequencePoints="1" visitedSequencePoints="1" numBranchPoints="1" visitedBranchPoints="1" sequenceCoverage="100" branchCoverage="100" maxCyclomaticComplexity="1" minCyclomaticComplexity="1" maxCrapScore="1" minCrapScore="1" visitedClasses="0" numClasses="0" visitedMethods="1" numMethods="1" />
              <MetadataToken>100663380</MetadataToken>
              <Name>System.Collections.Concurrent.IProducerConsumerCollection`1&lt;TResult&gt; OpenCollections.ConcurrentConsumer`2::get_ResultCollection()</Name>
              <FileRef uid="72" />
              <SequencePoints>
                <SequencePoint vc="9562" uspid="1312" ordinal="0" offset="0" sl="26" sc="72" el="26" ec="76" bec="0" bev="0" fileid="72" />
              </SequencePoints>
              <BranchPoints />
              <MethodPoint xsi:type="SequencePoint" vc="9562" uspid="1312" ordinal="0" offset="0" sl="26" sc="72" el="26" ec="76" bec="0" bev="0" fileid="72" />
            </Method>
            <Method visited="true" cyclomaticComplexity="1" nPathComplexity="0" sequenceCoverage="100" branchCoverage="100" crapScore="1" isConstructor="false" isStatic="false" isGetter="false" isSetter="true">
              <Summary numSequencePoints="1" visitedSequencePoints="1" numBranchPoints="1" visitedBranchPoints="1" sequenceCoverage="100" branchCoverage="100" maxCyclomaticComplexity="1" minCyclomaticComplexity="1" maxCrapScore="1" minCrapScore="1" visitedClasses="0" numClasses="0" visitedMethods="1" numMethods="1" />
              <MetadataToken>100663381</MetadataToken>
              <Name>System.Void OpenCollections.ConcurrentConsumer`2::set_ResultCollection(System.Collections.Concurrent.IProducerConsumerCollection`1&lt;TResult&gt;)</Name>
              <FileRef uid="72" />
              <SequencePoints>
                <SequencePoint vc="7" uspid="1313" ordinal="0" offset="0" sl="26" sc="77" el="26" ec="81" bec="0" bev="0" fileid="72" />
              </SequencePoints>
              <BranchPoints />
              <MethodPoint xsi:type="SequencePoint" vc="7" uspid="1313" ordinal="0" offset="0" sl="26" sc="77" el="26" ec="81" bec="0" bev="0" fileid="72" />
            </Method>
            <Method visited="true" cyclomaticComplexity="1" nPathComplexity="0" sequenceCoverage="100" branchCoverage="100" crapScore="1" isConstructor="false" isStatic="false" isGetter="true" isSetter="false">
              <Summary numSequencePoints="1" visitedSequencePoints="1" numBranchPoints="1" visitedBranchPoints="1" sequenceCoverage="100" branchCoverage="100" maxCyclomaticComplexity="1" minCyclomaticComplexity="1" maxCrapScore="1" minCrapScore="1" visitedClasses="0" numClasses="0" visitedMethods="1" numMethods="1" />
              <MetadataToken>100663382</MetadataToken>
              <Name>System.Func`2&lt;T,TResult&gt; OpenCollections.ConcurrentConsumer`2::get_Operation()</Name>
              <FileRef uid="72" />
              <SequencePoints>
                <SequencePoint vc="19103" uspid="1314" ordinal="0" offset="0" sl="28" sc="45" el="28" ec="49" bec="0" bev="0" fileid="72" />
              </SequencePoints>
              <BranchPoints />
              <MethodPoint xsi:type="SequencePoint" vc="19103" uspid="1314" ordinal="0" offset="0" sl="28" sc="45" el="28" ec="49" bec="0" bev="0" fileid="72" />
            </Method>
            <Method visited="true" cyclomaticComplexity="1" nPathComplexity="0" sequenceCoverage="100" branchCoverage="100" crapScore="1" isConstructor="false" isStatic="false" isGetter="false" isSetter="true">
              <Summary numSequencePoints="1" visitedSequencePoints="1" numBranchPoints="1" visitedBranchPoints="1" sequenceCoverage="100" branchCoverage="100" maxCyclomaticComplexity="1" minCyclomaticComplexity="1" maxCrapScore="1" minCrapScore="1" visitedClasses="0" numClasses="0" visitedMethods="1" numMethods="1" />
              <MetadataToken>100663383</MetadataToken>
              <Name>System.Void OpenCollections.ConcurrentConsumer`2::set_Operation(System.Func`2&lt;T,TResult&gt;)</Name>
              <FileRef uid="72" />
              <SequencePoints>
                <SequencePoint vc="13" uspid="1315" ordinal="0" offset="0" sl="28" sc="50" el="28" ec="54" bec="0" bev="0" fileid="72" />
              </SequencePoints>
              <BranchPoints />
              <MethodPoint xsi:type="SequencePoint" vc="13" uspid="1315" ordinal="0" offset="0" sl="28" sc="50" el="28" ec="54" bec="0" bev="0" fileid="72" />
            </Method>
            <Method visited="false" cyclomaticComplexity="2" nPathComplexity="0" sequenceCoverage="0" branchCoverage="0" crapScore="6" isConstructor="false" isStatic="false" isGetter="false" isSetter="false">
              <Summary numSequencePoints="0" visitedSequencePoints="0" numBranchPoints="0" visitedBranchPoints="0" sequenceCoverage="0" branchCoverage="0" maxCyclomaticComplexity="2" minCyclomaticComplexity="2" maxCrapScore="6" minCrapScore="6" visitedClasses="0" numClasses="0" visitedMethods="0" numMethods="0" />
              <MetadataToken>100663384</MetadataToken>
              <Name>System.Void OpenCollections.ConcurrentConsumer`2::add_Finished(System.Action)</Name>
              <SequencePoints />
              <BranchPoints />
              <MethodPoint vc="0" uspid="1316" ordinal="0" offset="0" />
            </Method>
            <Method visited="false" cyclomaticComplexity="2" nPathComplexity="0" sequenceCoverage="0" branchCoverage="0" crapScore="6" isConstructor="false" isStatic="false" isGetter="false" isSetter="false">
              <Summary numSequencePoints="0" visitedSequencePoints="0" numBranchPoints="0" visitedBranchPoints="0" sequenceCoverage="0" branchCoverage="0" maxCyclomaticComplexity="2" minCyclomaticComplexity="2" maxCrapScore="6" minCrapScore="6" visitedClasses="0" numClasses="0" visitedMethods="0" numMethods="0" />
              <MetadataToken>100663385</MetadataToken>
              <Name>System.Void OpenCollections.ConcurrentConsumer`2::remove_Finished(System.Action)</Name>
              <SequencePoints />
              <BranchPoints />
              <MethodPoint vc="0" uspid="1317" ordinal="0" offset="0" />
            </Method>
            <Method visited="false" cyclomaticComplexity="2" nPathComplexity="0" sequenceCoverage="0" branchCoverage="0" crapScore="6" isConstructor="false" isStatic="false" isGetter="false" isSetter="false">
              <Summary numSequencePoints="0" visitedSequencePoints="0" numBranchPoints="0" visitedBranchPoints="0" sequenceCoverage="0" branchCoverage="0" maxCyclomaticComplexity="2" minCyclomaticComplexity="2" maxCrapScore="6" minCrapScore="6" visitedClasses="0" numClasses="0" visitedMethods="0" numMethods="0" />
              <MetadataToken>100663386</MetadataToken>
              <Name>System.Void OpenCollections.ConcurrentConsumer`2::add_CollectionChanged(System.Action)</Name>
              <SequencePoints />
              <BranchPoints />
              <MethodPoint vc="0" uspid="1318" ordinal="0" offset="0" />
            </Method>
            <Method visited="false" cyclomaticComplexity="2" nPathComplexity="0" sequenceCoverage="0" branchCoverage="0" crapScore="6" isConstructor="false" isStatic="false" isGetter="false" isSetter="false">
              <Summary numSequencePoints="0" visitedSequencePoints="0" numBranchPoints="0" visitedBranchPoints="0" sequenceCoverage="0" branchCoverage="0" maxCyclomaticComplexity="2" minCyclomaticComplexity="2" maxCrapScore="6" minCrapScore="6" visitedClasses="0" numClasses="0" visitedMethods="0" numMethods="0" />
              <MetadataToken>100663387</MetadataToken>
              <Name>System.Void OpenCollections.ConcurrentConsumer`2::remove_CollectionChanged(System.Action)</Name>
              <SequencePoints />
              <BranchPoints />
              <MethodPoint vc="0" uspid="1319" ordinal="0" offset="0" />
            </Method>
            <Method visited="false" cyclomaticComplexity="2" nPathComplexity="0" sequenceCoverage="0" branchCoverage="0" crapScore="6" isConstructor="false" isStatic="false" isGetter="false" isSetter="false">
              <Summary numSequencePoints="0" visitedSequencePoints="0" numBranchPoints="0" visitedBranchPoints="0" sequenceCoverage="0" branchCoverage="0" maxCyclomaticComplexity="2" minCyclomaticComplexity="2" maxCrapScore="6" minCrapScore="6" visitedClasses="0" numClasses="0" visitedMethods="0" numMethods="0" />
              <MetadataToken>100663388</MetadataToken>
              <Name>System.Void OpenCollections.ConcurrentConsumer`2::add_Started(System.Action)</Name>
              <SequencePoints />
              <BranchPoints />
              <MethodPoint vc="0" uspid="1320" ordinal="0" offset="0" />
            </Method>
            <Method visited="false" cyclomaticComplexity="2" nPathComplexity="0" sequenceCoverage="0" branchCoverage="0" crapScore="6" isConstructor="false" isStatic="false" isGetter="false" isSetter="false">
              <Summary numSequencePoints="0" visitedSequencePoints="0" numBranchPoints="0" visitedBranchPoints="0" sequenceCoverage="0" branchCoverage="0" maxCyclomaticComplexity="2" minCyclomaticComplexity="2" maxCrapScore="6" minCrapScore="6" visitedClasses="0" numClasses="0" visitedMethods="0" numMethods="0" />
              <MetadataToken>100663389</MetadataToken>
              <Name>System.Void OpenCollections.ConcurrentConsumer`2::remove_Started(System.Action)</Name>
              <SequencePoints />
              <BranchPoints />
              <MethodPoint vc="0" uspid="1321" ordinal="0" offset="0" />
            </Method>
            <Method visited="true" cyclomaticComplexity="1" nPathComplexity="0" sequenceCoverage="100" branchCoverage="100" crapScore="1" isConstructor="false" isStatic="false" isGetter="false" isSetter="false">
              <Summary numSequencePoints="1" visitedSequencePoints="1" numBranchPoints="1" visitedBranchPoints="1" sequenceCoverage="100" branchCoverage="100" maxCyclomaticComplexity="1" minCyclomaticComplexity="1" maxCrapScore="1" minCrapScore="1" visitedClasses="0" numClasses="0" visitedMethods="1" numMethods="1" />
              <MetadataToken>100663390</MetadataToken>
              <Name>System.Void OpenCollections.ConcurrentConsumer`2::Invoke()</Name>
              <FileRef uid="72" />
              <SequencePoints>
                <SequencePoint vc="9538" uspid="1322" ordinal="0" offset="0" sl="51" sc="33" el="51" ec="42" bec="0" bev="0" fileid="72" />
              </SequencePoints>
              <BranchPoints />
              <MethodPoint xsi:type="SequencePoint" vc="9538" uspid="1322" ordinal="0" offset="0" sl="51" sc="33" el="51" ec="42" bec="0" bev="0" fileid="72" />
            </Method>
            <Method visited="false" cyclomaticComplexity="1" nPathComplexity="0" sequenceCoverage="0" branchCoverage="0" crapScore="2" isConstructor="false" isStatic="false" isGetter="false" isSetter="false">
              <Summary numSequencePoints="0" visitedSequencePoints="0" numBranchPoints="0" visitedBranchPoints="0" sequenceCoverage="0" branchCoverage="0" maxCyclomaticComplexity="1" minCyclomaticComplexity="1" maxCrapScore="2" minCrapScore="2" visitedClasses="0" numClasses="0" visitedMethods="0" numMethods="0" />
              <MetadataToken>100663391</MetadataToken>
              <Name>System.Threading.Tasks.Task OpenCollections.ConcurrentConsumer`2::InvokeAsync()</Name>
              <SequencePoints />
              <BranchPoints />
              <MethodPoint vc="0" uspid="1323" ordinal="0" offset="0" />
            </Method>
            <Method visited="true" cyclomaticComplexity="5" nPathComplexity="16" sequenceCoverage="100" branchCoverage="100" crapScore="5" isConstructor="false" isStatic="false" isGetter="false" isSetter="false">
              <Summary numSequencePoints="13" visitedSequencePoints="13" numBranchPoints="9" visitedBranchPoints="9" sequenceCoverage="100" branchCoverage="100" maxCyclomaticComplexity="5" minCyclomaticComplexity="5" maxCrapScore="5" minCrapScore="5" visitedClasses="0" numClasses="0" visitedMethods="1" numMethods="1" />
              <MetadataToken>100663392</MetadataToken>
              <Name>System.Void OpenCollections.ConcurrentConsumer`2::Consume()</Name>
              <FileRef uid="72" />
              <SequencePoints>
                <SequencePoint vc="9554" uspid="1324" ordinal="0" offset="0" sl="56" sc="9" el="56" ec="10" bec="0" bev="0" fileid="72" />
                <SequencePoint vc="9554" uspid="1325" ordinal="1" offset="1" sl="57" sc="13" el="57" ec="36" bec="2" bev="2" fileid="72" />
                <SequencePoint vc="1" uspid="1326" ordinal="2" offset="14" sl="58" sc="13" el="58" ec="14" bec="0" bev="0" fileid="72" />
                <SequencePoint vc="1" uspid="1327" ordinal="3" offset="15" sl="59" sc="17" el="59" ec="178" bec="0" bev="0" fileid="72" />
                <SequencePoint vc="9553" uspid="1328" ordinal="4" offset="26" sl="62" sc="13" el="62" ec="35" bec="2" bev="2" fileid="72" />
                <SequencePoint vc="3" uspid="1329" ordinal="5" offset="39" sl="63" sc="13" el="63" ec="14" bec="0" bev="0" fileid="72" />
                <SequencePoint vc="3" uspid="1330" ordinal="6" offset="40" sl="64" sc="17" el="64" ec="167" bec="0" bev="0" fileid="72" />
                <SequencePoint vc="9550" uspid="1331" ordinal="7" offset="104" sl="67" sc="13" el="67" ec="30" bec="0" bev="0" fileid="72" />
                <SequencePoint vc="9550" uspid="1332" ordinal="8" offset="112" sl="69" sc="13" el="69" ec="31" bec="2" bev="2" fileid="72" />
                <SequencePoint vc="9550" uspid="1333" ordinal="9" offset="130" sl="71" sc="13" el="71" ec="111" bec="0" bev="0" fileid="72" />
                <SequencePoint vc="9550" uspid="1334" ordinal="10" offset="169" sl="73" sc="13" el="73" ec="31" bec="0" bev="0" fileid="72" />
                <SequencePoint vc="9550" uspid="1335" ordinal="11" offset="177" sl="75" sc="13" el="75" ec="32" bec="2" bev="2" fileid="72" />
                <SequencePoint vc="9550" uspid="1336" ordinal="12" offset="195" sl="76" sc="9" el="76" ec="10" bec="0" bev="0" fileid="72" />
              </SequencePoints>
              <BranchPoints>
                <BranchPoint vc="1" uspid="1337" ordinal="0" offset="12" sl="57" path="0" offsetend="14" fileid="72" />
                <BranchPoint vc="9553" uspid="1338" ordinal="1" offset="12" sl="57" path="1" offsetend="26" fileid="72" />
                <BranchPoint vc="3" uspid="1339" ordinal="2" offset="37" sl="62" path="0" offsetend="39" fileid="72" />
                <BranchPoint vc="9550" uspid="1340" ordinal="3" offset="37" sl="62" path="1" offsetend="104" fileid="72" />
                <BranchPoint vc="7037" uspid="1341" ordinal="4" offset="119" sl="69" path="0" offsetend="121" fileid="72" />
                <BranchPoint vc="2513" uspid="1342" ordinal="5" offset="119" sl="69" path="1" offsetend="124" fileid="72" />
                <BranchPoint vc="7037" uspid="1343" ordinal="6" offset="184" sl="75" path="0" offsetend="186" fileid="72" />
                <BranchPoint vc="2513" uspid="1344" ordinal="7" offset="184" sl="75" path="1" offsetend="189" fileid="72" />
              </BranchPoints>
              <MethodPoint xsi:type="SequencePoint" vc="9554" uspid="1324" ordinal="0" offset="0" sl="56" sc="9" el="56" ec="10" bec="0" bev="0" fileid="72" />
            </Method>
            <Method visited="false" cyclomaticComplexity="1" nPathComplexity="0" sequenceCoverage="0" branchCoverage="0" crapScore="2" isConstructor="false" isStatic="false" isGetter="false" isSetter="false">
              <Summary numSequencePoints="0" visitedSequencePoints="0" numBranchPoints="0" visitedBranchPoints="0" sequenceCoverage="0" branchCoverage="0" maxCyclomaticComplexity="1" minCyclomaticComplexity="1" maxCrapScore="2" minCrapScore="2" visitedClasses="0" numClasses="0" visitedMethods="0" numMethods="0" />
              <MetadataToken>100663393</MetadataToken>
              <Name>System.Threading.Tasks.Task OpenCollections.ConcurrentConsumer`2::ConsumeAsync()</Name>
              <SequencePoints />
              <BranchPoints />
              <MethodPoint vc="0" uspid="1345" ordinal="0" offset="0" />
            </Method>
            <Method visited="false" cyclomaticComplexity="1" nPathComplexity="0" sequenceCoverage="0" branchCoverage="0" crapScore="2" isConstructor="false" isStatic="false" isGetter="false" isSetter="false">
              <Summary numSequencePoints="0" visitedSequencePoints="0" numBranchPoints="0" visitedBranchPoints="0" sequenceCoverage="0" branchCoverage="0" maxCyclomaticComplexity="1" minCyclomaticComplexity="1" maxCrapScore="2" minCrapScore="2" visitedClasses="0" numClasses="0" visitedMethods="0" numMethods="0" />
              <MetadataToken>100663394</MetadataToken>
              <Name>System.Threading.Tasks.Task OpenCollections.ConcurrentConsumer`2::ConsumeAsync(System.Threading.CancellationToken)</Name>
              <SequencePoints />
              <BranchPoints />
              <MethodPoint vc="0" uspid="1346" ordinal="0" offset="0" />
            </Method>
            <Method visited="true" cyclomaticComplexity="2" nPathComplexity="2" sequenceCoverage="100" branchCoverage="100" crapScore="2" isConstructor="false" isStatic="false" isGetter="false" isSetter="false">
              <Summary numSequencePoints="11" visitedSequencePoints="11" numBranchPoints="3" visitedBranchPoints="3" sequenceCoverage="100" branchCoverage="100" maxCyclomaticComplexity="2" minCyclomaticComplexity="2" maxCrapScore="2" minCrapScore="2" visitedClasses="0" numClasses="0" visitedMethods="1" numMethods="1" />
              <MetadataToken>100663395</MetadataToken>
              <Name>System.Threading.CancellationToken OpenCollections.ConcurrentConsumer`2::SetManagedToken(System.Threading.CancellationToken)</Name>
              <FileRef uid="72" />
              <SequencePoints>
                <SequencePoint vc="10" uspid="1347" ordinal="0" offset="0" sl="99" sc="9" el="99" ec="10" bec="0" bev="0" fileid="72" />
                <SequencePoint vc="10" uspid="1348" ordinal="1" offset="1" sl="100" sc="13" el="100" ec="34" bec="2" bev="2" fileid="72" />
                <SequencePoint vc="1" uspid="1349" ordinal="2" offset="20" sl="101" sc="13" el="101" ec="14" bec="0" bev="0" fileid="72" />
                <SequencePoint vc="1" uspid="1350" ordinal="3" offset="21" sl="102" sc="17" el="102" ec="38" bec="0" bev="0" fileid="72" />
                <SequencePoint vc="1" uspid="1351" ordinal="4" offset="28" sl="103" sc="13" el="103" ec="14" bec="0" bev="0" fileid="72" />
                <SequencePoint vc="9" uspid="1352" ordinal="5" offset="31" sl="105" sc="13" el="105" ec="14" bec="0" bev="0" fileid="72" />
                <SequencePoint vc="9" uspid="1353" ordinal="6" offset="32" sl="106" sc="17" el="106" ec="61" bec="0" bev="0" fileid="72" />
                <SequencePoint vc="9" uspid="1354" ordinal="7" offset="43" sl="107" sc="17" el="107" ec="43" bec="0" bev="0" fileid="72" />
                <SequencePoint vc="9" uspid="1355" ordinal="8" offset="56" sl="108" sc="13" el="108" ec="14" bec="0" bev="0" fileid="72" />
                <SequencePoint vc="10" uspid="1356" ordinal="9" offset="57" sl="109" sc="13" el="109" ec="26" bec="0" bev="0" fileid="72" />
                <SequencePoint vc="10" uspid="1357" ordinal="10" offset="61" sl="110" sc="9" el="110" ec="10" bec="0" bev="0" fileid="72" />
              </SequencePoints>
              <BranchPoints>
                <BranchPoint vc="1" uspid="1358" ordinal="0" offset="18" sl="100" path="0" offsetend="20" fileid="72" />
                <BranchPoint vc="9" uspid="1359" ordinal="1" offset="18" sl="100" path="1" offsetend="31" fileid="72" />
              </BranchPoints>
              <MethodPoint xsi:type="SequencePoint" vc="10" uspid="1347" ordinal="0" offset="0" sl="99" sc="9" el="99" ec="10" bec="0" bev="0" fileid="72" />
            </Method>
            <Method visited="true" cyclomaticComplexity="2" nPathComplexity="2" sequenceCoverage="100" branchCoverage="100" crapScore="2" isConstructor="false" isStatic="false" isGetter="false" isSetter="false">
              <Summary numSequencePoints="6" visitedSequencePoints="6" numBranchPoints="3" visitedBranchPoints="3" sequenceCoverage="100" branchCoverage="100" maxCyclomaticComplexity="2" minCyclomaticComplexity="2" maxCrapScore="2" minCrapScore="2" visitedClasses="0" numClasses="0" visitedMethods="1" numMethods="1" />
              <MetadataToken>100663396</MetadataToken>
              <Name>System.Void OpenCollections.ConcurrentConsumer`2::Cancel()</Name>
              <FileRef uid="72" />
              <SequencePoints>
                <SequencePoint vc="2" uspid="1360" ordinal="0" offset="0" sl="113" sc="9" el="113" ec="10" bec="0" bev="0" fileid="72" />
                <SequencePoint vc="2" uspid="1361" ordinal="1" offset="1" sl="114" sc="13" el="114" ec="41" bec="2" bev="2" fileid="72" />
                <SequencePoint vc="1" uspid="1362" ordinal="2" offset="25" sl="115" sc="13" el="115" ec="14" bec="0" bev="0" fileid="72" />
                <SequencePoint vc="1" uspid="1363" ordinal="3" offset="26" sl="116" sc="17" el="116" ec="87" bec="0" bev="0" fileid="72" />
                <SequencePoint vc="1" uspid="1364" ordinal="4" offset="37" sl="118" sc="13" el="118" ec="34" bec="0" bev="0" fileid="72" />
                <SequencePoint vc="1" uspid="1365" ordinal="5" offset="49" sl="119" sc="9" el="119" ec="10" bec="0" bev="0" fileid="72" />
              </SequencePoints>
              <BranchPoints>
                <BranchPoint vc="1" uspid="1366" ordinal="0" offset="23" sl="114" path="0" offsetend="25" fileid="72" />
                <BranchPoint vc="1" uspid="1367" ordinal="1" offset="23" sl="114" path="1" offsetend="37" fileid="72" />
              </BranchPoints>
              <MethodPoint xsi:type="SequencePoint" vc="2" uspid="1360" ordinal="0" offset="0" sl="113" sc="9" el="113" ec="10" bec="0" bev="0" fileid="72" />
            </Method>
            <Method visited="false" cyclomaticComplexity="1" nPathComplexity="0" sequenceCoverage="0" branchCoverage="0" crapScore="2" isConstructor="false" isStatic="false" isGetter="false" isSetter="false">
              <Summary numSequencePoints="3" visitedSequencePoints="0" numBranchPoints="1" visitedBranchPoints="0" sequenceCoverage="0" branchCoverage="0" maxCyclomaticComplexity="1" minCyclomaticComplexity="1" maxCrapScore="2" minCrapScore="2" visitedClasses="0" numClasses="0" visitedMethods="0" numMethods="1" />
              <MetadataToken>100663397</MetadataToken>
              <Name>System.Void OpenCollections.ConcurrentConsumer`2::Dispose()</Name>
              <FileRef uid="72" />
              <SequencePoints>
                <SequencePoint vc="0" uspid="1368" ordinal="0" offset="0" sl="122" sc="9" el="122" ec="10" bec="0" bev="0" fileid="72" />
                <SequencePoint vc="0" uspid="1369" ordinal="1" offset="1" sl="123" sc="13" el="123" ec="50" bec="0" bev="0" fileid="72" />
                <SequencePoint vc="0" uspid="1370" ordinal="2" offset="13" sl="124" sc="9" el="124" ec="10" bec="0" bev="0" fileid="72" />
              </SequencePoints>
              <BranchPoints />
              <MethodPoint xsi:type="SequencePoint" vc="0" uspid="1368" ordinal="0" offset="0" sl="122" sc="9" el="122" ec="10" bec="0" bev="0" fileid="72" />
            </Method>
            <Method visited="true" cyclomaticComplexity="1" nPathComplexity="0" sequenceCoverage="100" branchCoverage="100" crapScore="1" isConstructor="true" isStatic="false" isGetter="false" isSetter="false">
              <Summary numSequencePoints="2" visitedSequencePoints="2" numBranchPoints="1" visitedBranchPoints="1" sequenceCoverage="100" branchCoverage="100" maxCyclomaticComplexity="1" minCyclomaticComplexity="1" maxCrapScore="1" minCrapScore="1" visitedClasses="0" numClasses="0" visitedMethods="1" numMethods="1" />
              <MetadataToken>100663398</MetadataToken>
              <Name>System.Void OpenCollections.ConcurrentConsumer`2::.ctor()</Name>
              <FileRef uid="72" />
              <SequencePoints>
                <SequencePoint vc="20" uspid="1371" ordinal="0" offset="0" sl="26" sc="86" el="26" ec="116" bec="0" bev="0" fileid="72" />
                <SequencePoint vc="20" uspid="1372" ordinal="1" offset="11" sl="30" sc="9" el="30" ec="61" bec="0" bev="0" fileid="72" />
              </SequencePoints>
              <BranchPoints />
              <MethodPoint xsi:type="SequencePoint" vc="20" uspid="1371" ordinal="0" offset="0" sl="26" sc="86" el="26" ec="116" bec="0" bev="0" fileid="72" />
            </Method>
            <Method visited="true" cyclomaticComplexity="1" nPathComplexity="0" sequenceCoverage="100" branchCoverage="100" crapScore="1" isConstructor="false" isStatic="false" isGetter="false" isSetter="false">
              <Summary numSequencePoints="3" visitedSequencePoints="3" numBranchPoints="1" visitedBranchPoints="1" sequenceCoverage="100" branchCoverage="100" maxCyclomaticComplexity="1" minCyclomaticComplexity="1" maxCrapScore="1" minCrapScore="1" visitedClasses="0" numClasses="0" visitedMethods="1" numMethods="1" />
              <MetadataToken>100663399</MetadataToken>
              <Name>System.Void OpenCollections.ConcurrentConsumer`2::&lt;ConsumeAsync&gt;b__31_0()</Name>
              <FileRef uid="72" />
              <SequencePoints>
                <SequencePoint vc="9" uspid="1373" ordinal="0" offset="0" sl="83" sc="13" el="83" ec="14" bec="0" bev="0" fileid="72" />
                <SequencePoint vc="9" uspid="1374" ordinal="1" offset="1" sl="84" sc="17" el="84" ec="27" bec="0" bev="0" fileid="72" />
                <SequencePoint vc="8" uspid="1375" ordinal="2" offset="8" sl="85" sc="13" el="85" ec="14" bec="0" bev="0" fileid="72" />
              </SequencePoints>
              <BranchPoints />
              <MethodPoint xsi:type="SequencePoint" vc="9" uspid="1373" ordinal="0" offset="0" sl="83" sc="13" el="83" ec="14" bec="0" bev="0" fileid="72" />
            </Method>
            <Method visited="true" cyclomaticComplexity="1" nPathComplexity="0" sequenceCoverage="66.67" branchCoverage="100" crapScore="1.04" isConstructor="false" isStatic="false" isGetter="false" isSetter="false">
              <Summary numSequencePoints="3" visitedSequencePoints="2" numBranchPoints="1" visitedBranchPoints="1" sequenceCoverage="66.67" branchCoverage="100" maxCyclomaticComplexity="1" minCyclomaticComplexity="1" maxCrapScore="1.04" minCrapScore="1.04" visitedClasses="0" numClasses="0" visitedMethods="1" numMethods="1" />
              <MetadataToken>100663400</MetadataToken>
              <Name>System.Void OpenCollections.ConcurrentConsumer`2::&lt;ConsumeAsync&gt;b__32_0()</Name>
              <FileRef uid="72" />
              <SequencePoints>
                <SequencePoint vc="1" uspid="1376" ordinal="0" offset="0" sl="93" sc="13" el="93" ec="14" bec="0" bev="0" fileid="72" />
                <SequencePoint vc="1" uspid="1377" ordinal="1" offset="1" sl="94" sc="17" el="94" ec="27" bec="0" bev="0" fileid="72" />
                <SequencePoint vc="0" uspid="1378" ordinal="2" offset="8" sl="95" sc="13" el="95" ec="14" bec="0" bev="0" fileid="72" />
              </SequencePoints>
              <BranchPoints />
              <MethodPoint xsi:type="SequencePoint" vc="1" uspid="1376" ordinal="0" offset="0" sl="93" sc="13" el="93" ec="14" bec="0" bev="0" fileid="72" />
            </Method>
          </Methods>
        </Class>
        <Class>
          <Summary numSequencePoints="1" visitedSequencePoints="0" numBranchPoints="3" visitedBranchPoints="0" sequenceCoverage="0" branchCoverage="0" maxCyclomaticComplexity="3" minCyclomaticComplexity="1" maxCrapScore="12" minCrapScore="2" visitedClasses="0" numClasses="1" visitedMethods="0" numMethods="1" />
          <FullName>OpenCollections.ConcurrentConsumer`2/&lt;InvokeAsync&gt;d__29</FullName>
          <Methods>
            <Method visited="false" cyclomaticComplexity="1" nPathComplexity="0" sequenceCoverage="0" branchCoverage="0" crapScore="2" isConstructor="true" isStatic="false" isGetter="false" isSetter="false">
              <Summary numSequencePoints="0" visitedSequencePoints="0" numBranchPoints="0" visitedBranchPoints="0" sequenceCoverage="0" branchCoverage="0" maxCyclomaticComplexity="1" minCyclomaticComplexity="1" maxCrapScore="2" minCrapScore="2" visitedClasses="0" numClasses="0" visitedMethods="0" numMethods="0" />
              <MetadataToken>100663546</MetadataToken>
              <Name>System.Void OpenCollections.ConcurrentConsumer`2/&lt;InvokeAsync&gt;d__29::.ctor()</Name>
              <SequencePoints />
              <BranchPoints />
              <MethodPoint vc="0" uspid="1379" ordinal="0" offset="0" />
            </Method>
            <Method visited="false" cyclomaticComplexity="3" nPathComplexity="2" sequenceCoverage="0" branchCoverage="0" crapScore="12" isConstructor="false" isStatic="false" isGetter="false" isSetter="false">
              <Summary numSequencePoints="1" visitedSequencePoints="0" numBranchPoints="3" visitedBranchPoints="0" sequenceCoverage="0" branchCoverage="0" maxCyclomaticComplexity="3" minCyclomaticComplexity="3" maxCrapScore="12" minCrapScore="12" visitedClasses="0" numClasses="0" visitedMethods="0" numMethods="1" />
              <MetadataToken>100663547</MetadataToken>
              <Name>System.Void OpenCollections.ConcurrentConsumer`2/&lt;InvokeAsync&gt;d__29::MoveNext()</Name>
              <FileRef uid="72" />
              <SequencePoints>
                <SequencePoint vc="0" uspid="1380" ordinal="0" offset="14" sl="53" sc="44" el="53" ec="86" bec="2" bev="0" fileid="72" />
              </SequencePoints>
              <BranchPoints>
                <BranchPoint vc="0" uspid="1381" ordinal="0" offset="47" sl="53" path="0" offsetend="49" fileid="72" />
                <BranchPoint vc="0" uspid="1382" ordinal="1" offset="47" sl="53" path="1" offsetend="113" fileid="72" />
              </BranchPoints>
              <MethodPoint vc="0" uspid="1383" ordinal="0" offset="0" />
            </Method>
            <Method visited="false" cyclomaticComplexity="1" nPathComplexity="0" sequenceCoverage="0" branchCoverage="0" crapScore="2" isConstructor="false" isStatic="false" isGetter="false" isSetter="false">
              <Summary numSequencePoints="0" visitedSequencePoints="0" numBranchPoints="0" visitedBranchPoints="0" sequenceCoverage="0" branchCoverage="0" maxCyclomaticComplexity="1" minCyclomaticComplexity="1" maxCrapScore="2" minCrapScore="2" visitedClasses="0" numClasses="0" visitedMethods="0" numMethods="0" />
              <MetadataToken>100663548</MetadataToken>
              <Name>System.Void OpenCollections.ConcurrentConsumer`2/&lt;InvokeAsync&gt;d__29::SetStateMachine(System.Runtime.CompilerServices.IAsyncStateMachine)</Name>
              <SequencePoints />
              <BranchPoints />
              <MethodPoint vc="0" uspid="1384" ordinal="0" offset="0" />
            </Method>
          </Methods>
        </Class>
        <Class>
          <Summary numSequencePoints="4" visitedSequencePoints="4" numBranchPoints="3" visitedBranchPoints="2" sequenceCoverage="100" branchCoverage="66.67" maxCyclomaticComplexity="3" minCyclomaticComplexity="1" maxCrapScore="3" minCrapScore="2" visitedClasses="1" numClasses="1" visitedMethods="1" numMethods="1" />
          <FullName>OpenCollections.ConcurrentConsumer`2/&lt;ConsumeAsync&gt;d__31</FullName>
          <Methods>
            <Method visited="false" cyclomaticComplexity="1" nPathComplexity="0" sequenceCoverage="0" branchCoverage="0" crapScore="2" isConstructor="true" isStatic="false" isGetter="false" isSetter="false">
              <Summary numSequencePoints="0" visitedSequencePoints="0" numBranchPoints="0" visitedBranchPoints="0" sequenceCoverage="0" branchCoverage="0" maxCyclomaticComplexity="1" minCyclomaticComplexity="1" maxCrapScore="2" minCrapScore="2" visitedClasses="0" numClasses="0" visitedMethods="0" numMethods="0" />
              <MetadataToken>100663549</MetadataToken>
              <Name>System.Void OpenCollections.ConcurrentConsumer`2/&lt;ConsumeAsync&gt;d__31::.ctor()</Name>
              <SequencePoints />
              <BranchPoints />
              <MethodPoint vc="0" uspid="1385" ordinal="0" offset="0" />
            </Method>
            <Method visited="true" cyclomaticComplexity="3" nPathComplexity="2" sequenceCoverage="100" branchCoverage="66.67" crapScore="3" isConstructor="false" isStatic="false" isGetter="false" isSetter="false">
              <Summary numSequencePoints="4" visitedSequencePoints="4" numBranchPoints="3" visitedBranchPoints="2" sequenceCoverage="100" branchCoverage="66.67" maxCyclomaticComplexity="3" minCyclomaticComplexity="3" maxCrapScore="3" minCrapScore="3" visitedClasses="0" numClasses="0" visitedMethods="1" numMethods="1" />
              <MetadataToken>100663550</MetadataToken>
              <Name>System.Void OpenCollections.ConcurrentConsumer`2/&lt;ConsumeAsync&gt;d__31::MoveNext()</Name>
              <FileRef uid="72" />
              <SequencePoints>
                <SequencePoint vc="9" uspid="1386" ordinal="0" offset="14" sl="79" sc="9" el="79" ec="10" bec="0" bev="0" fileid="72" />
                <SequencePoint vc="9" uspid="1387" ordinal="1" offset="15" sl="80" sc="13" el="80" ec="31" bec="0" bev="0" fileid="72" />
                <SequencePoint vc="9" uspid="1388" ordinal="2" offset="36" sl="82" sc="13" el="85" ec="57" bec="2" bev="1" fileid="72" />
                <SequencePoint vc="8" uspid="1389" ordinal="3" offset="199" sl="86" sc="9" el="86" ec="10" bec="0" bev="0" fileid="72" />
              </SequencePoints>
              <BranchPoints>
                <BranchPoint vc="9" uspid="1390" ordinal="0" offset="96" sl="82" path="0" offsetend="98" fileid="72" />
                <BranchPoint vc="0" uspid="1391" ordinal="1" offset="96" sl="82" path="1" offsetend="163" fileid="72" />
              </BranchPoints>
              <MethodPoint vc="18" uspid="1392" ordinal="0" offset="0" />
            </Method>
            <Method visited="false" cyclomaticComplexity="1" nPathComplexity="0" sequenceCoverage="0" branchCoverage="0" crapScore="2" isConstructor="false" isStatic="false" isGetter="false" isSetter="false">
              <Summary numSequencePoints="0" visitedSequencePoints="0" numBranchPoints="0" visitedBranchPoints="0" sequenceCoverage="0" branchCoverage="0" maxCyclomaticComplexity="1" minCyclomaticComplexity="1" maxCrapScore="2" minCrapScore="2" visitedClasses="0" numClasses="0" visitedMethods="0" numMethods="0" />
              <MetadataToken>100663551</MetadataToken>
              <Name>System.Void OpenCollections.ConcurrentConsumer`2/&lt;ConsumeAsync&gt;d__31::SetStateMachine(System.Runtime.CompilerServices.IAsyncStateMachine)</Name>
              <SequencePoints />
              <BranchPoints />
              <MethodPoint vc="0" uspid="1393" ordinal="0" offset="0" />
            </Method>
          </Methods>
        </Class>
        <Class>
          <Summary numSequencePoints="3" visitedSequencePoints="3" numBranchPoints="3" visitedBranchPoints="2" sequenceCoverage="100" branchCoverage="66.67" maxCyclomaticComplexity="3" minCyclomaticComplexity="1" maxCrapScore="3" minCrapScore="2" visitedClasses="1" numClasses="1" visitedMethods="1" numMethods="1" />
          <FullName>OpenCollections.ConcurrentConsumer`2/&lt;ConsumeAsync&gt;d__32</FullName>
          <Methods>
            <Method visited="false" cyclomaticComplexity="1" nPathComplexity="0" sequenceCoverage="0" branchCoverage="0" crapScore="2" isConstructor="true" isStatic="false" isGetter="false" isSetter="false">
              <Summary numSequencePoints="0" visitedSequencePoints="0" numBranchPoints="0" visitedBranchPoints="0" sequenceCoverage="0" branchCoverage="0" maxCyclomaticComplexity="1" minCyclomaticComplexity="1" maxCrapScore="2" minCrapScore="2" visitedClasses="0" numClasses="0" visitedMethods="0" numMethods="0" />
              <MetadataToken>100663552</MetadataToken>
              <Name>System.Void OpenCollections.ConcurrentConsumer`2/&lt;ConsumeAsync&gt;d__32::.ctor()</Name>
              <SequencePoints />
              <BranchPoints />
              <MethodPoint vc="0" uspid="1394" ordinal="0" offset="0" />
            </Method>
            <Method visited="true" cyclomaticComplexity="3" nPathComplexity="2" sequenceCoverage="100" branchCoverage="66.67" crapScore="3" isConstructor="false" isStatic="false" isGetter="false" isSetter="false">
              <Summary numSequencePoints="3" visitedSequencePoints="3" numBranchPoints="3" visitedBranchPoints="2" sequenceCoverage="100" branchCoverage="66.67" maxCyclomaticComplexity="3" minCyclomaticComplexity="3" maxCrapScore="3" minCrapScore="3" visitedClasses="0" numClasses="0" visitedMethods="1" numMethods="1" />
              <MetadataToken>100663553</MetadataToken>
              <Name>System.Void OpenCollections.ConcurrentConsumer`2/&lt;ConsumeAsync&gt;d__32::MoveNext()</Name>
              <FileRef uid="72" />
              <SequencePoints>
                <SequencePoint vc="1" uspid="1395" ordinal="0" offset="14" sl="89" sc="9" el="89" ec="10" bec="0" bev="0" fileid="72" />
                <SequencePoint vc="1" uspid="1396" ordinal="1" offset="15" sl="90" sc="13" el="90" ec="44" bec="0" bev="0" fileid="72" />
                <SequencePoint vc="1" uspid="1397" ordinal="2" offset="38" sl="92" sc="13" el="95" ec="45" bec="2" bev="1" fileid="72" />
              </SequencePoints>
              <BranchPoints>
                <BranchPoint vc="1" uspid="1399" ordinal="0" offset="88" sl="92" path="0" offsetend="90" fileid="72" />
                <BranchPoint vc="0" uspid="1400" ordinal="1" offset="88" sl="92" path="1" offsetend="154" fileid="72" />
              </BranchPoints>
              <MethodPoint vc="2" uspid="1401" ordinal="0" offset="0" />
            </Method>
            <Method visited="false" cyclomaticComplexity="1" nPathComplexity="0" sequenceCoverage="0" branchCoverage="0" crapScore="2" isConstructor="false" isStatic="false" isGetter="false" isSetter="false">
              <Summary numSequencePoints="0" visitedSequencePoints="0" numBranchPoints="0" visitedBranchPoints="0" sequenceCoverage="0" branchCoverage="0" maxCyclomaticComplexity="1" minCyclomaticComplexity="1" maxCrapScore="2" minCrapScore="2" visitedClasses="0" numClasses="0" visitedMethods="0" numMethods="0" />
              <MetadataToken>100663554</MetadataToken>
              <Name>System.Void OpenCollections.ConcurrentConsumer`2/&lt;ConsumeAsync&gt;d__32::SetStateMachine(System.Runtime.CompilerServices.IAsyncStateMachine)</Name>
              <SequencePoints />
              <BranchPoints />
              <MethodPoint vc="0" uspid="1402" ordinal="0" offset="0" />
            </Method>
          </Methods>
        </Class>
        <Class>
          <Summary numSequencePoints="19" visitedSequencePoints="14" numBranchPoints="12" visitedBranchPoints="8" sequenceCoverage="73.68" branchCoverage="66.67" maxCyclomaticComplexity="2" minCyclomaticComplexity="1" maxCrapScore="2" minCrapScore="1" visitedClasses="1" numClasses="1" visitedMethods="7" numMethods="10" />
          <FullName>OpenCollections.EnumerableMultiReader</FullName>
          <Methods>
            <Method visited="true" cyclomaticComplexity="1" nPathComplexity="0" sequenceCoverage="100" branchCoverage="100" crapScore="1" isConstructor="false" isStatic="false" isGetter="true" isSetter="false">
              <Summary numSequencePoints="1" visitedSequencePoints="1" numBranchPoints="1" visitedBranchPoints="1" sequenceCoverage="100" branchCoverage="100" maxCyclomaticComplexity="1" minCyclomaticComplexity="1" maxCrapScore="1" minCrapScore="1" visitedClasses="0" numClasses="0" visitedMethods="1" numMethods="1" />
              <MetadataToken>100663401</MetadataToken>
              <Name>System.Int32 OpenCollections.EnumerableMultiReader::get_CurrentPath()</Name>
              <FileRef uid="76" />
              <SequencePoints>
                <SequencePoint vc="3" uspid="1403" ordinal="0" offset="0" sl="19" sc="34" el="19" ec="38" bec="0" bev="0" fileid="76" />
              </SequencePoints>
              <BranchPoints />
              <MethodPoint xsi:type="SequencePoint" vc="3" uspid="1403" ordinal="0" offset="0" sl="19" sc="34" el="19" ec="38" bec="0" bev="0" fileid="76" />
            </Method>
            <Method visited="true" cyclomaticComplexity="1" nPathComplexity="0" sequenceCoverage="100" branchCoverage="100" crapScore="1" isConstructor="false" isStatic="false" isGetter="false" isSetter="true">
              <Summary numSequencePoints="1" visitedSequencePoints="1" numBranchPoints="1" visitedBranchPoints="1" sequenceCoverage="100" branchCoverage="100" maxCyclomaticComplexity="1" minCyclomaticComplexity="1" maxCrapScore="1" minCrapScore="1" visitedClasses="0" numClasses="0" visitedMethods="1" numMethods="1" />
              <MetadataToken>100663402</MetadataToken>
              <Name>System.Void OpenCollections.EnumerableMultiReader::set_CurrentPath(System.Int32)</Name>
              <FileRef uid="76" />
              <SequencePoints>
                <SequencePoint vc="4" uspid="1404" ordinal="0" offset="0" sl="19" sc="39" el="19" ec="51" bec="0" bev="0" fileid="76" />
              </SequencePoints>
              <BranchPoints />
              <MethodPoint xsi:type="SequencePoint" vc="4" uspid="1404" ordinal="0" offset="0" sl="19" sc="39" el="19" ec="51" bec="0" bev="0" fileid="76" />
            </Method>
            <Method visited="false" cyclomaticComplexity="1" nPathComplexity="0" sequenceCoverage="0" branchCoverage="0" crapScore="2" isConstructor="false" isStatic="false" isGetter="true" isSetter="false">
              <Summary numSequencePoints="1" visitedSequencePoints="0" numBranchPoints="1" visitedBranchPoints="0" sequenceCoverage="0" branchCoverage="0" maxCyclomaticComplexity="1" minCyclomaticComplexity="1" maxCrapScore="2" minCrapScore="2" visitedClasses="0" numClasses="0" visitedMethods="0" numMethods="1" />
              <MetadataToken>100663403</MetadataToken>
              <Name>System.Boolean OpenCollections.EnumerableMultiReader::get_Reading()</Name>
              <FileRef uid="76" />
              <SequencePoints>
                <SequencePoint vc="0" uspid="1405" ordinal="0" offset="0" sl="24" sc="31" el="24" ec="35" bec="0" bev="0" fileid="76" />
              </SequencePoints>
              <BranchPoints />
              <MethodPoint xsi:type="SequencePoint" vc="0" uspid="1405" ordinal="0" offset="0" sl="24" sc="31" el="24" ec="35" bec="0" bev="0" fileid="76" />
            </Method>
            <Method visited="true" cyclomaticComplexity="1" nPathComplexity="0" sequenceCoverage="100" branchCoverage="100" crapScore="1" isConstructor="false" isStatic="false" isGetter="false" isSetter="true">
              <Summary numSequencePoints="1" visitedSequencePoints="1" numBranchPoints="1" visitedBranchPoints="1" sequenceCoverage="100" branchCoverage="100" maxCyclomaticComplexity="1" minCyclomaticComplexity="1" maxCrapScore="1" minCrapScore="1" visitedClasses="0" numClasses="0" visitedMethods="1" numMethods="1" />
              <MetadataToken>100663404</MetadataToken>
              <Name>System.Void OpenCollections.EnumerableMultiReader::set_Reading(System.Boolean)</Name>
              <FileRef uid="76" />
              <SequencePoints>
                <SequencePoint vc="6" uspid="1406" ordinal="0" offset="0" sl="24" sc="36" el="24" ec="48" bec="0" bev="0" fileid="76" />
              </SequencePoints>
              <BranchPoints />
              <MethodPoint xsi:type="SequencePoint" vc="6" uspid="1406" ordinal="0" offset="0" sl="24" sc="36" el="24" ec="48" bec="0" bev="0" fileid="76" />
            </Method>
            <Method visited="true" cyclomaticComplexity="1" nPathComplexity="0" sequenceCoverage="100" branchCoverage="100" crapScore="1" isConstructor="false" isStatic="false" isGetter="true" isSetter="false">
              <Summary numSequencePoints="1" visitedSequencePoints="1" numBranchPoints="1" visitedBranchPoints="1" sequenceCoverage="100" branchCoverage="100" maxCyclomaticComplexity="1" minCyclomaticComplexity="1" maxCrapScore="1" minCrapScore="1" visitedClasses="0" numClasses="0" visitedMethods="1" numMethods="1" />
              <MetadataToken>100663405</MetadataToken>
              <Name>System.String[] OpenCollections.EnumerableMultiReader::get_Paths()</Name>
              <FileRef uid="76" />
              <SequencePoints>
                <SequencePoint vc="1" uspid="1407" ordinal="0" offset="0" sl="29" sc="33" el="29" ec="37" bec="0" bev="0" fileid="76" />
              </SequencePoints>
              <BranchPoints />
              <MethodPoint xsi:type="SequencePoint" vc="1" uspid="1407" ordinal="0" offset="0" sl="29" sc="33" el="29" ec="37" bec="0" bev="0" fileid="76" />
            </Method>
            <Method visited="true" cyclomaticComplexity="1" nPathComplexity="0" sequenceCoverage="100" branchCoverage="100" crapScore="1" isConstructor="true" isStatic="false" isGetter="false" isSetter="false">
              <Summary numSequencePoints="4" visitedSequencePoints="4" numBranchPoints="1" visitedBranchPoints="1" sequenceCoverage="100" branchCoverage="100" maxCyclomaticComplexity="1" minCyclomaticComplexity="1" maxCrapScore="1" minCrapScore="1" visitedClasses="0" numClasses="0" visitedMethods="1" numMethods="1" />
              <MetadataToken>100663406</MetadataToken>
              <Name>System.Void OpenCollections.EnumerableMultiReader::.ctor(System.String[])</Name>
              <FileRef uid="76" />
              <SequencePoints>
                <SequencePoint vc="1" uspid="1408" ordinal="0" offset="0" sl="37" sc="9" el="37" ec="60" bec="0" bev="0" fileid="76" />
                <SequencePoint vc="1" uspid="1409" ordinal="1" offset="7" sl="38" sc="9" el="38" ec="10" bec="0" bev="0" fileid="76" />
                <SequencePoint vc="1" uspid="1410" ordinal="2" offset="8" sl="39" sc="13" el="39" ec="27" bec="0" bev="0" fileid="76" />
                <SequencePoint vc="1" uspid="1411" ordinal="3" offset="15" sl="40" sc="9" el="40" ec="10" bec="0" bev="0" fileid="76" />
              </SequencePoints>
              <BranchPoints />
              <MethodPoint xsi:type="SequencePoint" vc="1" uspid="1408" ordinal="0" offset="0" sl="37" sc="9" el="37" ec="60" bec="0" bev="0" fileid="76" />
            </Method>
            <Method visited="false" cyclomaticComplexity="1" nPathComplexity="0" sequenceCoverage="0" branchCoverage="0" crapScore="2" isConstructor="false" isStatic="false" isGetter="false" isSetter="false">
              <Summary numSequencePoints="0" visitedSequencePoints="0" numBranchPoints="0" visitedBranchPoints="0" sequenceCoverage="0" branchCoverage="0" maxCyclomaticComplexity="1" minCyclomaticComplexity="1" maxCrapScore="2" minCrapScore="2" visitedClasses="0" numClasses="0" visitedMethods="0" numMethods="0" />
              <MetadataToken>100663407</MetadataToken>
              <Name>System.Collections.Generic.IEnumerable`1&lt;System.String&gt; OpenCollections.EnumerableMultiReader::ReadLine()</Name>
              <SequencePoints />
              <BranchPoints />
              <MethodPoint vc="0" uspid="1412" ordinal="0" offset="0" />
            </Method>
            <Method visited="true" cyclomaticComplexity="1" nPathComplexity="0" sequenceCoverage="100" branchCoverage="100" crapScore="1" isConstructor="false" isStatic="false" isGetter="false" isSetter="false">
              <Summary numSequencePoints="1" visitedSequencePoints="1" numBranchPoints="1" visitedBranchPoints="1" sequenceCoverage="100" branchCoverage="100" maxCyclomaticComplexity="1" minCyclomaticComplexity="1" maxCrapScore="1" minCrapScore="1" visitedClasses="0" numClasses="0" visitedMethods="1" numMethods="1" />
              <MetadataToken>100663408</MetadataToken>
              <Name>System.Collections.Generic.IEnumerator`1&lt;System.String&gt; OpenCollections.EnumerableMultiReader::GetEnumerator()</Name>
              <FileRef uid="76" />
              <SequencePoints>
                <SequencePoint vc="1" uspid="1413" ordinal="0" offset="0" sl="61" sc="55" el="61" ec="81" bec="0" bev="0" fileid="76" />
              </SequencePoints>
              <BranchPoints />
              <MethodPoint xsi:type="SequencePoint" vc="1" uspid="1413" ordinal="0" offset="0" sl="61" sc="55" el="61" ec="81" bec="0" bev="0" fileid="76" />
            </Method>
            <Method visited="false" cyclomaticComplexity="1" nPathComplexity="0" sequenceCoverage="0" branchCoverage="0" crapScore="2" isConstructor="false" isStatic="false" isGetter="false" isSetter="false">
              <Summary numSequencePoints="1" visitedSequencePoints="0" numBranchPoints="1" visitedBranchPoints="0" sequenceCoverage="0" branchCoverage="0" maxCyclomaticComplexity="1" minCyclomaticComplexity="1" maxCrapScore="2" minCrapScore="2" visitedClasses="0" numClasses="0" visitedMethods="0" numMethods="1" />
              <MetadataToken>100663409</MetadataToken>
              <Name>System.Collections.IEnumerator OpenCollections.EnumerableMultiReader::System.Collections.IEnumerable.GetEnumerator()</Name>
              <FileRef uid="76" />
              <SequencePoints>
                <SequencePoint vc="0" uspid="1414" ordinal="0" offset="0" sl="63" sc="52" el="63" ec="78" bec="0" bev="0" fileid="76" />
              </SequencePoints>
              <BranchPoints />
              <MethodPoint xsi:type="SequencePoint" vc="0" uspid="1414" ordinal="0" offset="0" sl="63" sc="52" el="63" ec="78" bec="0" bev="0" fileid="76" />
            </Method>
            <Method visited="false" cyclomaticComplexity="1" nPathComplexity="0" sequenceCoverage="0" branchCoverage="0" crapScore="2" isConstructor="false" isStatic="false" isGetter="false" isSetter="false">
              <Summary numSequencePoints="3" visitedSequencePoints="0" numBranchPoints="1" visitedBranchPoints="0" sequenceCoverage="0" branchCoverage="0" maxCyclomaticComplexity="1" minCyclomaticComplexity="1" maxCrapScore="2" minCrapScore="2" visitedClasses="0" numClasses="0" visitedMethods="0" numMethods="1" />
              <MetadataToken>100663410</MetadataToken>
              <Name>System.Void OpenCollections.EnumerableMultiReader::Dispose()</Name>
              <FileRef uid="76" />
              <SequencePoints>
                <SequencePoint vc="0" uspid="1415" ordinal="0" offset="0" sl="66" sc="9" el="66" ec="10" bec="0" bev="0" fileid="76" />
                <SequencePoint vc="0" uspid="1416" ordinal="1" offset="1" sl="67" sc="13" el="67" ec="45" bec="0" bev="0" fileid="76" />
                <SequencePoint vc="0" uspid="1417" ordinal="2" offset="13" sl="68" sc="9" el="68" ec="10" bec="0" bev="0" fileid="76" />
              </SequencePoints>
              <BranchPoints />
              <MethodPoint xsi:type="SequencePoint" vc="0" uspid="1415" ordinal="0" offset="0" sl="66" sc="9" el="66" ec="10" bec="0" bev="0" fileid="76" />
            </Method>
            <Method visited="true" cyclomaticComplexity="2" nPathComplexity="2" sequenceCoverage="100" branchCoverage="66.67" crapScore="2" isConstructor="false" isStatic="false" isGetter="false" isSetter="false">
              <Summary numSequencePoints="5" visitedSequencePoints="5" numBranchPoints="3" visitedBranchPoints="2" sequenceCoverage="100" branchCoverage="66.67" maxCyclomaticComplexity="2" minCyclomaticComplexity="2" maxCrapScore="2" minCrapScore="2" visitedClasses="0" numClasses="0" visitedMethods="1" numMethods="1" />
              <MetadataToken>100663411</MetadataToken>
              <Name>System.Void OpenCollections.EnumerableMultiReader::Finalize()</Name>
              <FileRef uid="76" />
              <SequencePoints>
                <SequencePoint vc="1" uspid="1418" ordinal="0" offset="0" sl="71" sc="9" el="71" ec="10" bec="0" bev="0" fileid="76" />
                <SequencePoint vc="1" uspid="1419" ordinal="1" offset="1" sl="71" sc="9" el="71" ec="10" bec="0" bev="0" fileid="76" />
                <SequencePoint vc="1" uspid="1420" ordinal="2" offset="2" sl="72" sc="13" el="72" ec="31" bec="2" bev="1" fileid="76" />
                <SequencePoint vc="1" uspid="1421" ordinal="3" offset="22" sl="73" sc="9" el="73" ec="10" bec="0" bev="0" fileid="76" />
                <SequencePoint vc="1" uspid="1422" ordinal="4" offset="30" sl="73" sc="9" el="73" ec="10" bec="0" bev="0" fileid="76" />
              </SequencePoints>
              <BranchPoints>
                <BranchPoint vc="0" uspid="1423" ordinal="0" offset="9" sl="72" path="0" offsetend="11" fileid="76" />
                <BranchPoint vc="1" uspid="1424" ordinal="1" offset="9" sl="72" path="1" offsetend="14" fileid="76" />
              </BranchPoints>
              <MethodPoint xsi:type="SequencePoint" vc="1" uspid="1418" ordinal="0" offset="0" sl="71" sc="9" el="71" ec="10" bec="0" bev="0" fileid="76" />
            </Method>
          </Methods>
        </Class>
        <Class>
          <Summary numSequencePoints="19" visitedSequencePoints="19" numBranchPoints="5" visitedBranchPoints="5" sequenceCoverage="100" branchCoverage="100" maxCyclomaticComplexity="5" minCyclomaticComplexity="1" maxCrapScore="12" minCrapScore="2" visitedClasses="1" numClasses="1" visitedMethods="1" numMethods="1" />
          <FullName>OpenCollections.EnumerableMultiReader/&lt;ReadLine&gt;d__13</FullName>
          <Methods>
            <Method visited="false" cyclomaticComplexity="1" nPathComplexity="0" sequenceCoverage="0" branchCoverage="0" crapScore="2" isConstructor="false" isStatic="false" isGetter="true" isSetter="false">
              <Summary numSequencePoints="0" visitedSequencePoints="0" numBranchPoints="0" visitedBranchPoints="0" sequenceCoverage="0" branchCoverage="0" maxCyclomaticComplexity="1" minCyclomaticComplexity="1" maxCrapScore="2" minCrapScore="2" visitedClasses="0" numClasses="0" visitedMethods="0" numMethods="0" />
              <MetadataToken>100663559</MetadataToken>
              <Name>System.String OpenCollections.EnumerableMultiReader/&lt;ReadLine&gt;d__13::System.Collections.Generic.IEnumerator&lt;System.String&gt;.get_Current()</Name>
              <SequencePoints />
              <BranchPoints />
              <MethodPoint vc="0" uspid="1425" ordinal="0" offset="0" />
            </Method>
            <Method visited="false" cyclomaticComplexity="1" nPathComplexity="0" sequenceCoverage="0" branchCoverage="0" crapScore="2" isConstructor="false" isStatic="false" isGetter="true" isSetter="false">
              <Summary numSequencePoints="0" visitedSequencePoints="0" numBranchPoints="0" visitedBranchPoints="0" sequenceCoverage="0" branchCoverage="0" maxCyclomaticComplexity="1" minCyclomaticComplexity="1" maxCrapScore="2" minCrapScore="2" visitedClasses="0" numClasses="0" visitedMethods="0" numMethods="0" />
              <MetadataToken>100663561</MetadataToken>
              <Name>System.Object OpenCollections.EnumerableMultiReader/&lt;ReadLine&gt;d__13::System.Collections.IEnumerator.get_Current()</Name>
              <SequencePoints />
              <BranchPoints />
              <MethodPoint vc="0" uspid="1426" ordinal="0" offset="0" />
            </Method>
            <Method visited="false" cyclomaticComplexity="1" nPathComplexity="0" sequenceCoverage="0" branchCoverage="0" crapScore="2" isConstructor="true" isStatic="false" isGetter="false" isSetter="false">
              <Summary numSequencePoints="0" visitedSequencePoints="0" numBranchPoints="0" visitedBranchPoints="0" sequenceCoverage="0" branchCoverage="0" maxCyclomaticComplexity="1" minCyclomaticComplexity="1" maxCrapScore="2" minCrapScore="2" visitedClasses="0" numClasses="0" visitedMethods="0" numMethods="0" />
              <MetadataToken>100663555</MetadataToken>
              <Name>System.Void OpenCollections.EnumerableMultiReader/&lt;ReadLine&gt;d__13::.ctor(System.Int32)</Name>
              <SequencePoints />
              <BranchPoints />
              <MethodPoint vc="0" uspid="1427" ordinal="0" offset="0" />
            </Method>
            <Method visited="false" cyclomaticComplexity="3" nPathComplexity="0" sequenceCoverage="0" branchCoverage="0" crapScore="12" isConstructor="false" isStatic="false" isGetter="false" isSetter="false">
              <Summary numSequencePoints="0" visitedSequencePoints="0" numBranchPoints="0" visitedBranchPoints="0" sequenceCoverage="0" branchCoverage="0" maxCyclomaticComplexity="3" minCyclomaticComplexity="3" maxCrapScore="12" minCrapScore="12" visitedClasses="0" numClasses="0" visitedMethods="0" numMethods="0" />
              <MetadataToken>100663556</MetadataToken>
              <Name>System.Void OpenCollections.EnumerableMultiReader/&lt;ReadLine&gt;d__13::System.IDisposable.Dispose()</Name>
              <SequencePoints />
              <BranchPoints />
              <MethodPoint vc="0" uspid="1428" ordinal="0" offset="0" />
            </Method>
            <Method visited="true" cyclomaticComplexity="5" nPathComplexity="4" sequenceCoverage="100" branchCoverage="100" crapScore="5" isConstructor="false" isStatic="false" isGetter="false" isSetter="false">
              <Summary numSequencePoints="19" visitedSequencePoints="19" numBranchPoints="5" visitedBranchPoints="5" sequenceCoverage="100" branchCoverage="100" maxCyclomaticComplexity="5" minCyclomaticComplexity="5" maxCrapScore="5" minCrapScore="5" visitedClasses="0" numClasses="0" visitedMethods="1" numMethods="1" />
              <MetadataToken>100663557</MetadataToken>
              <Name>System.Boolean OpenCollections.EnumerableMultiReader/&lt;ReadLine&gt;d__13::MoveNext()</Name>
              <FileRef uid="76" />
              <SequencePoints>
                <SequencePoint vc="1" uspid="1429" ordinal="0" offset="39" sl="43" sc="9" el="43" ec="10" bec="0" bev="0" fileid="76" />
                <SequencePoint vc="1" uspid="1430" ordinal="1" offset="40" sl="44" sc="13" el="44" ec="29" bec="0" bev="0" fileid="76" />
                <SequencePoint vc="1" uspid="1431" ordinal="2" offset="53" sl="45" sc="13" el="45" ec="20" bec="0" bev="0" fileid="76" />
                <SequencePoint vc="1" uspid="1432" ordinal="3" offset="54" sl="45" sc="34" el="45" ec="39" bec="0" bev="0" fileid="76" />
                <SequencePoint vc="3" uspid="1433" ordinal="4" offset="83" sl="45" sc="22" el="45" ec="30" bec="0" bev="0" fileid="76" />
                <SequencePoint vc="3" uspid="1434" ordinal="5" offset="102" sl="46" sc="13" el="46" ec="14" bec="0" bev="0" fileid="76" />
                <SequencePoint vc="3" uspid="1435" ordinal="6" offset="103" sl="47" sc="17" el="47" ec="53" bec="0" bev="0" fileid="76" />
                <SequencePoint vc="3" uspid="1436" ordinal="7" offset="142" sl="48" sc="17" el="48" ec="18" bec="0" bev="0" fileid="76" />
                <SequencePoint vc="3" uspid="1437" ordinal="8" offset="143" sl="49" sc="21" el="49" ec="35" bec="0" bev="0" fileid="76" />
                <SequencePoint vc="3" uspid="1438" ordinal="9" offset="170" sl="50" sc="21" el="50" ec="36" bec="0" bev="0" fileid="76" />
                <SequencePoint vc="6" uspid="1439" ordinal="10" offset="185" sl="53" sc="21" el="53" ec="22" bec="0" bev="0" fileid="76" />
                <SequencePoint vc="6" uspid="1440" ordinal="11" offset="186" sl="54" sc="25" el="54" ec="43" bec="0" bev="0" fileid="76" />
                <SequencePoint vc="6" uspid="1441" ordinal="12" offset="220" sl="55" sc="21" el="55" ec="22" bec="0" bev="0" fileid="76" />
                <SequencePoint vc="9" uspid="1442" ordinal="13" offset="221" sl="52" sc="21" el="52" ec="63" bec="2" bev="2" fileid="76" />
                <SequencePoint vc="3" uspid="1443" ordinal="14" offset="257" sl="56" sc="17" el="56" ec="18" bec="0" bev="0" fileid="76" />
                <SequencePoint vc="3" uspid="1444" ordinal="15" offset="279" sl="57" sc="17" el="57" ec="33" bec="0" bev="0" fileid="76" />
                <SequencePoint vc="3" uspid="1445" ordinal="16" offset="292" sl="58" sc="13" el="58" ec="14" bec="0" bev="0" fileid="76" />
                <SequencePoint vc="4" uspid="1446" ordinal="17" offset="314" sl="45" sc="31" el="45" ec="33" bec="2" bev="2" fileid="76" />
                <SequencePoint vc="1" uspid="1447" ordinal="18" offset="340" sl="59" sc="9" el="59" ec="10" bec="0" bev="0" fileid="76" />
              </SequencePoints>
              <BranchPoints>
                <BranchPoint vc="3" uspid="1450" ordinal="2" offset="255" sl="52" path="0" offsetend="257" fileid="76" />
                <BranchPoint vc="6" uspid="1451" ordinal="3" offset="255" sl="52" path="1" offsetend="185" fileid="76" />
                <BranchPoint vc="1" uspid="1452" ordinal="4" offset="328" sl="45" path="0" offsetend="333" fileid="76" />
                <BranchPoint vc="3" uspid="1453" ordinal="5" offset="328" sl="45" path="1" offsetend="83" fileid="76" />
              </BranchPoints>
              <MethodPoint vc="7" uspid="1454" ordinal="0" offset="0" />
            </Method>
            <Method visited="false" cyclomaticComplexity="2" nPathComplexity="0" sequenceCoverage="0" branchCoverage="0" crapScore="6" isConstructor="false" isStatic="false" isGetter="false" isSetter="false">
              <Summary numSequencePoints="0" visitedSequencePoints="0" numBranchPoints="0" visitedBranchPoints="0" sequenceCoverage="0" branchCoverage="0" maxCyclomaticComplexity="2" minCyclomaticComplexity="2" maxCrapScore="6" minCrapScore="6" visitedClasses="0" numClasses="0" visitedMethods="0" numMethods="0" />
              <MetadataToken>100663558</MetadataToken>
              <Name>System.Void OpenCollections.EnumerableMultiReader/&lt;ReadLine&gt;d__13::&lt;&gt;m__Finally1()</Name>
              <SequencePoints />
              <BranchPoints />
              <MethodPoint vc="0" uspid="1455" ordinal="0" offset="0" />
            </Method>
            <Method visited="false" cyclomaticComplexity="1" nPathComplexity="0" sequenceCoverage="0" branchCoverage="0" crapScore="2" isConstructor="false" isStatic="false" isGetter="false" isSetter="false">
              <Summary numSequencePoints="0" visitedSequencePoints="0" numBranchPoints="0" visitedBranchPoints="0" sequenceCoverage="0" branchCoverage="0" maxCyclomaticComplexity="1" minCyclomaticComplexity="1" maxCrapScore="2" minCrapScore="2" visitedClasses="0" numClasses="0" visitedMethods="0" numMethods="0" />
              <MetadataToken>100663560</MetadataToken>
              <Name>System.Void OpenCollections.EnumerableMultiReader/&lt;ReadLine&gt;d__13::System.Collections.IEnumerator.Reset()</Name>
              <SequencePoints />
              <BranchPoints />
              <MethodPoint vc="0" uspid="1456" ordinal="0" offset="0" />
            </Method>
            <Method visited="false" cyclomaticComplexity="3" nPathComplexity="0" sequenceCoverage="0" branchCoverage="0" crapScore="12" isConstructor="false" isStatic="false" isGetter="false" isSetter="false">
              <Summary numSequencePoints="0" visitedSequencePoints="0" numBranchPoints="0" visitedBranchPoints="0" sequenceCoverage="0" branchCoverage="0" maxCyclomaticComplexity="3" minCyclomaticComplexity="3" maxCrapScore="12" minCrapScore="12" visitedClasses="0" numClasses="0" visitedMethods="0" numMethods="0" />
              <MetadataToken>100663562</MetadataToken>
              <Name>System.Collections.Generic.IEnumerator`1&lt;System.String&gt; OpenCollections.EnumerableMultiReader/&lt;ReadLine&gt;d__13::System.Collections.Generic.IEnumerable&lt;System.String&gt;.GetEnumerator()</Name>
              <SequencePoints />
              <BranchPoints />
              <MethodPoint vc="0" uspid="1457" ordinal="0" offset="0" />
            </Method>
            <Method visited="false" cyclomaticComplexity="1" nPathComplexity="0" sequenceCoverage="0" branchCoverage="0" crapScore="2" isConstructor="false" isStatic="false" isGetter="false" isSetter="false">
              <Summary numSequencePoints="0" visitedSequencePoints="0" numBranchPoints="0" visitedBranchPoints="0" sequenceCoverage="0" branchCoverage="0" maxCyclomaticComplexity="1" minCyclomaticComplexity="1" maxCrapScore="2" minCrapScore="2" visitedClasses="0" numClasses="0" visitedMethods="0" numMethods="0" />
              <MetadataToken>100663563</MetadataToken>
              <Name>System.Collections.IEnumerator OpenCollections.EnumerableMultiReader/&lt;ReadLine&gt;d__13::System.Collections.IEnumerable.GetEnumerator()</Name>
              <SequencePoints />
              <BranchPoints />
              <MethodPoint vc="0" uspid="1458" ordinal="0" offset="0" />
            </Method>
          </Methods>
        </Class>
        <Class>
          <Summary numSequencePoints="15" visitedSequencePoints="11" numBranchPoints="8" visitedBranchPoints="6" sequenceCoverage="73.33" branchCoverage="75" maxCyclomaticComplexity="2" minCyclomaticComplexity="1" maxCrapScore="2" minCrapScore="1" visitedClasses="1" numClasses="1" visitedMethods="4" numMethods="6" />
          <FullName>OpenCollections.EnumerableStreamReader</FullName>
          <Methods>
            <Method visited="true" cyclomaticComplexity="1" nPathComplexity="0" sequenceCoverage="100" branchCoverage="100" crapScore="1" isConstructor="false" isStatic="false" isGetter="true" isSetter="false">
              <Summary numSequencePoints="1" visitedSequencePoints="1" numBranchPoints="1" visitedBranchPoints="1" sequenceCoverage="100" branchCoverage="100" maxCyclomaticComplexity="1" minCyclomaticComplexity="1" maxCrapScore="1" minCrapScore="1" visitedClasses="0" numClasses="0" visitedMethods="1" numMethods="1" />
              <MetadataToken>100663412</MetadataToken>
              <Name>System.String OpenCollections.EnumerableStreamReader::get_Path()</Name>
              <FileRef uid="78" />
              <SequencePoints>
                <SequencePoint vc="14" uspid="1459" ordinal="0" offset="0" sl="16" sc="30" el="16" ec="34" bec="0" bev="0" fileid="78" />
              </SequencePoints>
              <BranchPoints />
              <MethodPoint xsi:type="SequencePoint" vc="14" uspid="1459" ordinal="0" offset="0" sl="16" sc="30" el="16" ec="34" bec="0" bev="0" fileid="78" />
            </Method>
            <Method visited="true" cyclomaticComplexity="1" nPathComplexity="0" sequenceCoverage="100" branchCoverage="100" crapScore="1" isConstructor="true" isStatic="false" isGetter="false" isSetter="false">
              <Summary numSequencePoints="4" visitedSequencePoints="4" numBranchPoints="1" visitedBranchPoints="1" sequenceCoverage="100" branchCoverage="100" maxCyclomaticComplexity="1" minCyclomaticComplexity="1" maxCrapScore="1" minCrapScore="1" visitedClasses="0" numClasses="0" visitedMethods="1" numMethods="1" />
              <MetadataToken>100663413</MetadataToken>
              <Name>System.Void OpenCollections.EnumerableStreamReader::.ctor(System.String&amp;)</Name>
              <FileRef uid="78" />
              <SequencePoints>
                <SequencePoint vc="14" uspid="1460" ordinal="0" offset="0" sl="24" sc="9" el="24" ec="54" bec="0" bev="0" fileid="78" />
                <SequencePoint vc="14" uspid="1461" ordinal="1" offset="7" sl="25" sc="9" el="25" ec="10" bec="0" bev="0" fileid="78" />
                <SequencePoint vc="14" uspid="1462" ordinal="2" offset="8" sl="26" sc="13" el="26" ec="25" bec="0" bev="0" fileid="78" />
                <SequencePoint vc="14" uspid="1463" ordinal="3" offset="16" sl="27" sc="9" el="27" ec="10" bec="0" bev="0" fileid="78" />
              </SequencePoints>
              <BranchPoints />
              <MethodPoint xsi:type="SequencePoint" vc="14" uspid="1460" ordinal="0" offset="0" sl="24" sc="9" el="24" ec="54" bec="0" bev="0" fileid="78" />
            </Method>
            <Method visited="false" cyclomaticComplexity="1" nPathComplexity="0" sequenceCoverage="0" branchCoverage="0" crapScore="2" isConstructor="false" isStatic="false" isGetter="false" isSetter="false">
              <Summary numSequencePoints="0" visitedSequencePoints="0" numBranchPoints="0" visitedBranchPoints="0" sequenceCoverage="0" branchCoverage="0" maxCyclomaticComplexity="1" minCyclomaticComplexity="1" maxCrapScore="2" minCrapScore="2" visitedClasses="0" numClasses="0" visitedMethods="0" numMethods="0" />
              <MetadataToken>100663414</MetadataToken>
              <Name>System.Collections.Generic.IEnumerable`1&lt;System.String&gt; OpenCollections.EnumerableStreamReader::ReadLine()</Name>
              <SequencePoints />
              <BranchPoints />
              <MethodPoint vc="0" uspid="1464" ordinal="0" offset="0" />
            </Method>
            <Method visited="true" cyclomaticComplexity="1" nPathComplexity="0" sequenceCoverage="100" branchCoverage="100" crapScore="1" isConstructor="false" isStatic="false" isGetter="false" isSetter="false">
              <Summary numSequencePoints="1" visitedSequencePoints="1" numBranchPoints="1" visitedBranchPoints="1" sequenceCoverage="100" branchCoverage="100" maxCyclomaticComplexity="1" minCyclomaticComplexity="1" maxCrapScore="1" minCrapScore="1" visitedClasses="0" numClasses="0" visitedMethods="1" numMethods="1" />
              <MetadataToken>100663415</MetadataToken>
              <Name>System.Collections.Generic.IEnumerator`1&lt;System.String&gt; OpenCollections.EnumerableStreamReader::GetEnumerator()</Name>
              <FileRef uid="78" />
              <SequencePoints>
                <SequencePoint vc="8" uspid="1465" ordinal="0" offset="0" sl="51" sc="55" el="51" ec="81" bec="0" bev="0" fileid="78" />
              </SequencePoints>
              <BranchPoints />
              <MethodPoint xsi:type="SequencePoint" vc="8" uspid="1465" ordinal="0" offset="0" sl="51" sc="55" el="51" ec="81" bec="0" bev="0" fileid="78" />
            </Method>
            <Method visited="false" cyclomaticComplexity="1" nPathComplexity="0" sequenceCoverage="0" branchCoverage="0" crapScore="2" isConstructor="false" isStatic="false" isGetter="false" isSetter="false">
              <Summary numSequencePoints="1" visitedSequencePoints="0" numBranchPoints="1" visitedBranchPoints="0" sequenceCoverage="0" branchCoverage="0" maxCyclomaticComplexity="1" minCyclomaticComplexity="1" maxCrapScore="2" minCrapScore="2" visitedClasses="0" numClasses="0" visitedMethods="0" numMethods="1" />
              <MetadataToken>100663416</MetadataToken>
              <Name>System.Collections.IEnumerator OpenCollections.EnumerableStreamReader::System.Collections.IEnumerable.GetEnumerator()</Name>
              <FileRef uid="78" />
              <SequencePoints>
                <SequencePoint vc="0" uspid="1466" ordinal="0" offset="0" sl="53" sc="52" el="53" ec="78" bec="0" bev="0" fileid="78" />
              </SequencePoints>
              <BranchPoints />
              <MethodPoint xsi:type="SequencePoint" vc="0" uspid="1466" ordinal="0" offset="0" sl="53" sc="52" el="53" ec="78" bec="0" bev="0" fileid="78" />
            </Method>
            <Method visited="false" cyclomaticComplexity="1" nPathComplexity="0" sequenceCoverage="0" branchCoverage="0" crapScore="2" isConstructor="false" isStatic="false" isGetter="false" isSetter="false">
              <Summary numSequencePoints="3" visitedSequencePoints="0" numBranchPoints="1" visitedBranchPoints="0" sequenceCoverage="0" branchCoverage="0" maxCyclomaticComplexity="1" minCyclomaticComplexity="1" maxCrapScore="2" minCrapScore="2" visitedClasses="0" numClasses="0" visitedMethods="0" numMethods="1" />
              <MetadataToken>100663417</MetadataToken>
              <Name>System.Void OpenCollections.EnumerableStreamReader::Dispose()</Name>
              <FileRef uid="78" />
              <SequencePoints>
                <SequencePoint vc="0" uspid="1467" ordinal="0" offset="0" sl="56" sc="9" el="56" ec="10" bec="0" bev="0" fileid="78" />
                <SequencePoint vc="0" uspid="1468" ordinal="1" offset="1" sl="57" sc="13" el="57" ec="45" bec="0" bev="0" fileid="78" />
                <SequencePoint vc="0" uspid="1469" ordinal="2" offset="13" sl="58" sc="9" el="58" ec="10" bec="0" bev="0" fileid="78" />
              </SequencePoints>
              <BranchPoints />
              <MethodPoint xsi:type="SequencePoint" vc="0" uspid="1467" ordinal="0" offset="0" sl="56" sc="9" el="56" ec="10" bec="0" bev="0" fileid="78" />
            </Method>
            <Method visited="true" cyclomaticComplexity="2" nPathComplexity="2" sequenceCoverage="100" branchCoverage="100" crapScore="2" isConstructor="false" isStatic="false" isGetter="false" isSetter="false">
              <Summary numSequencePoints="5" visitedSequencePoints="5" numBranchPoints="3" visitedBranchPoints="3" sequenceCoverage="100" branchCoverage="100" maxCyclomaticComplexity="2" minCyclomaticComplexity="2" maxCrapScore="2" minCrapScore="2" visitedClasses="0" numClasses="0" visitedMethods="1" numMethods="1" />
              <MetadataToken>100663418</MetadataToken>
              <Name>System.Void OpenCollections.EnumerableStreamReader::Finalize()</Name>
              <FileRef uid="78" />
              <SequencePoints>
                <SequencePoint vc="14" uspid="1470" ordinal="0" offset="0" sl="61" sc="9" el="61" ec="10" bec="0" bev="0" fileid="78" />
                <SequencePoint vc="14" uspid="1471" ordinal="1" offset="1" sl="61" sc="9" el="61" ec="10" bec="0" bev="0" fileid="78" />
                <SequencePoint vc="14" uspid="1472" ordinal="2" offset="2" sl="62" sc="13" el="62" ec="31" bec="2" bev="2" fileid="78" />
                <SequencePoint vc="14" uspid="1473" ordinal="3" offset="22" sl="63" sc="9" el="63" ec="10" bec="0" bev="0" fileid="78" />
                <SequencePoint vc="14" uspid="1474" ordinal="4" offset="30" sl="63" sc="9" el="63" ec="10" bec="0" bev="0" fileid="78" />
              </SequencePoints>
              <BranchPoints>
                <BranchPoint vc="2" uspid="1475" ordinal="0" offset="9" sl="62" path="0" offsetend="11" fileid="78" />
                <BranchPoint vc="12" uspid="1476" ordinal="1" offset="9" sl="62" path="1" offsetend="14" fileid="78" />
              </BranchPoints>
              <MethodPoint xsi:type="SequencePoint" vc="14" uspid="1470" ordinal="0" offset="0" sl="61" sc="9" el="61" ec="10" bec="0" bev="0" fileid="78" />
            </Method>
          </Methods>
        </Class>
        <Class>
          <Summary numSequencePoints="9" visitedSequencePoints="9" numBranchPoints="3" visitedBranchPoints="3" sequenceCoverage="100" branchCoverage="100" maxCyclomaticComplexity="4" minCyclomaticComplexity="1" maxCrapScore="12" minCrapScore="2" visitedClasses="1" numClasses="1" visitedMethods="1" numMethods="1" />
          <FullName>OpenCollections.EnumerableStreamReader/&lt;ReadLine&gt;d__5</FullName>
          <Methods>
            <Method visited="false" cyclomaticComplexity="1" nPathComplexity="0" sequenceCoverage="0" branchCoverage="0" crapScore="2" isConstructor="false" isStatic="false" isGetter="true" isSetter="false">
              <Summary numSequencePoints="0" visitedSequencePoints="0" numBranchPoints="0" visitedBranchPoints="0" sequenceCoverage="0" branchCoverage="0" maxCyclomaticComplexity="1" minCyclomaticComplexity="1" maxCrapScore="2" minCrapScore="2" visitedClasses="0" numClasses="0" visitedMethods="0" numMethods="0" />
              <MetadataToken>100663568</MetadataToken>
              <Name>System.String OpenCollections.EnumerableStreamReader/&lt;ReadLine&gt;d__5::System.Collections.Generic.IEnumerator&lt;System.String&gt;.get_Current()</Name>
              <SequencePoints />
              <BranchPoints />
              <MethodPoint vc="0" uspid="1477" ordinal="0" offset="0" />
            </Method>
            <Method visited="false" cyclomaticComplexity="1" nPathComplexity="0" sequenceCoverage="0" branchCoverage="0" crapScore="2" isConstructor="false" isStatic="false" isGetter="true" isSetter="false">
              <Summary numSequencePoints="0" visitedSequencePoints="0" numBranchPoints="0" visitedBranchPoints="0" sequenceCoverage="0" branchCoverage="0" maxCyclomaticComplexity="1" minCyclomaticComplexity="1" maxCrapScore="2" minCrapScore="2" visitedClasses="0" numClasses="0" visitedMethods="0" numMethods="0" />
              <MetadataToken>100663570</MetadataToken>
              <Name>System.Object OpenCollections.EnumerableStreamReader/&lt;ReadLine&gt;d__5::System.Collections.IEnumerator.get_Current()</Name>
              <SequencePoints />
              <BranchPoints />
              <MethodPoint vc="0" uspid="1478" ordinal="0" offset="0" />
            </Method>
            <Method visited="false" cyclomaticComplexity="1" nPathComplexity="0" sequenceCoverage="0" branchCoverage="0" crapScore="2" isConstructor="true" isStatic="false" isGetter="false" isSetter="false">
              <Summary numSequencePoints="0" visitedSequencePoints="0" numBranchPoints="0" visitedBranchPoints="0" sequenceCoverage="0" branchCoverage="0" maxCyclomaticComplexity="1" minCyclomaticComplexity="1" maxCrapScore="2" minCrapScore="2" visitedClasses="0" numClasses="0" visitedMethods="0" numMethods="0" />
              <MetadataToken>100663564</MetadataToken>
              <Name>System.Void OpenCollections.EnumerableStreamReader/&lt;ReadLine&gt;d__5::.ctor(System.Int32)</Name>
              <SequencePoints />
              <BranchPoints />
              <MethodPoint vc="0" uspid="1479" ordinal="0" offset="0" />
            </Method>
            <Method visited="false" cyclomaticComplexity="3" nPathComplexity="0" sequenceCoverage="0" branchCoverage="0" crapScore="12" isConstructor="false" isStatic="false" isGetter="false" isSetter="false">
              <Summary numSequencePoints="0" visitedSequencePoints="0" numBranchPoints="0" visitedBranchPoints="0" sequenceCoverage="0" branchCoverage="0" maxCyclomaticComplexity="3" minCyclomaticComplexity="3" maxCrapScore="12" minCrapScore="12" visitedClasses="0" numClasses="0" visitedMethods="0" numMethods="0" />
              <MetadataToken>100663565</MetadataToken>
              <Name>System.Void OpenCollections.EnumerableStreamReader/&lt;ReadLine&gt;d__5::System.IDisposable.Dispose()</Name>
              <SequencePoints />
              <BranchPoints />
              <MethodPoint vc="0" uspid="1480" ordinal="0" offset="0" />
            </Method>
            <Method visited="true" cyclomaticComplexity="4" nPathComplexity="2" sequenceCoverage="100" branchCoverage="100" crapScore="4" isConstructor="false" isStatic="false" isGetter="false" isSetter="false">
              <Summary numSequencePoints="9" visitedSequencePoints="9" numBranchPoints="3" visitedBranchPoints="3" sequenceCoverage="100" branchCoverage="100" maxCyclomaticComplexity="4" minCyclomaticComplexity="4" maxCrapScore="4" minCrapScore="4" visitedClasses="0" numClasses="0" visitedMethods="1" numMethods="1" />
              <MetadataToken>100663566</MetadataToken>
              <Name>System.Boolean OpenCollections.EnumerableStreamReader/&lt;ReadLine&gt;d__5::MoveNext()</Name>
              <FileRef uid="78" />
              <SequencePoints>
                <SequencePoint vc="14" uspid="1481" ordinal="0" offset="36" sl="40" sc="9" el="40" ec="10" bec="0" bev="0" fileid="78" />
                <SequencePoint vc="14" uspid="1482" ordinal="1" offset="37" sl="41" sc="13" el="41" ec="49" bec="0" bev="0" fileid="78" />
                <SequencePoint vc="12" uspid="1483" ordinal="2" offset="81" sl="42" sc="13" el="42" ec="14" bec="0" bev="0" fileid="78" />
                <SequencePoint vc="5002" uspid="1484" ordinal="3" offset="84" sl="45" sc="17" el="45" ec="18" bec="0" bev="0" fileid="78" />
                <SequencePoint vc="5002" uspid="1485" ordinal="4" offset="85" sl="46" sc="21" el="46" ec="39" bec="0" bev="0" fileid="78" />
                <SequencePoint vc="5000" uspid="1486" ordinal="5" offset="116" sl="47" sc="17" el="47" ec="18" bec="0" bev="0" fileid="78" />
                <SequencePoint vc="5012" uspid="1487" ordinal="6" offset="117" sl="44" sc="17" el="44" ec="59" bec="2" bev="2" fileid="78" />
                <SequencePoint vc="10" uspid="1488" ordinal="7" offset="151" sl="48" sc="13" el="48" ec="14" bec="0" bev="0" fileid="78" />
                <SequencePoint vc="10" uspid="1489" ordinal="8" offset="173" sl="49" sc="9" el="49" ec="10" bec="0" bev="0" fileid="78" />
              </SequencePoints>
              <BranchPoints>
                <BranchPoint vc="10" uspid="1492" ordinal="2" offset="149" sl="44" path="0" offsetend="151" fileid="78" />
                <BranchPoint vc="5002" uspid="1493" ordinal="3" offset="149" sl="44" path="1" offsetend="84" fileid="78" />
              </BranchPoints>
              <MethodPoint vc="5014" uspid="1494" ordinal="0" offset="0" />
            </Method>
            <Method visited="false" cyclomaticComplexity="2" nPathComplexity="0" sequenceCoverage="0" branchCoverage="0" crapScore="6" isConstructor="false" isStatic="false" isGetter="false" isSetter="false">
              <Summary numSequencePoints="0" visitedSequencePoints="0" numBranchPoints="0" visitedBranchPoints="0" sequenceCoverage="0" branchCoverage="0" maxCyclomaticComplexity="2" minCyclomaticComplexity="2" maxCrapScore="6" minCrapScore="6" visitedClasses="0" numClasses="0" visitedMethods="0" numMethods="0" />
              <MetadataToken>100663567</MetadataToken>
              <Name>System.Void OpenCollections.EnumerableStreamReader/&lt;ReadLine&gt;d__5::&lt;&gt;m__Finally1()</Name>
              <SequencePoints />
              <BranchPoints />
              <MethodPoint vc="0" uspid="1495" ordinal="0" offset="0" />
            </Method>
            <Method visited="false" cyclomaticComplexity="1" nPathComplexity="0" sequenceCoverage="0" branchCoverage="0" crapScore="2" isConstructor="false" isStatic="false" isGetter="false" isSetter="false">
              <Summary numSequencePoints="0" visitedSequencePoints="0" numBranchPoints="0" visitedBranchPoints="0" sequenceCoverage="0" branchCoverage="0" maxCyclomaticComplexity="1" minCyclomaticComplexity="1" maxCrapScore="2" minCrapScore="2" visitedClasses="0" numClasses="0" visitedMethods="0" numMethods="0" />
              <MetadataToken>100663569</MetadataToken>
              <Name>System.Void OpenCollections.EnumerableStreamReader/&lt;ReadLine&gt;d__5::System.Collections.IEnumerator.Reset()</Name>
              <SequencePoints />
              <BranchPoints />
              <MethodPoint vc="0" uspid="1496" ordinal="0" offset="0" />
            </Method>
            <Method visited="false" cyclomaticComplexity="3" nPathComplexity="0" sequenceCoverage="0" branchCoverage="0" crapScore="12" isConstructor="false" isStatic="false" isGetter="false" isSetter="false">
              <Summary numSequencePoints="0" visitedSequencePoints="0" numBranchPoints="0" visitedBranchPoints="0" sequenceCoverage="0" branchCoverage="0" maxCyclomaticComplexity="3" minCyclomaticComplexity="3" maxCrapScore="12" minCrapScore="12" visitedClasses="0" numClasses="0" visitedMethods="0" numMethods="0" />
              <MetadataToken>100663571</MetadataToken>
              <Name>System.Collections.Generic.IEnumerator`1&lt;System.String&gt; OpenCollections.EnumerableStreamReader/&lt;ReadLine&gt;d__5::System.Collections.Generic.IEnumerable&lt;System.String&gt;.GetEnumerator()</Name>
              <SequencePoints />
              <BranchPoints />
              <MethodPoint vc="0" uspid="1497" ordinal="0" offset="0" />
            </Method>
            <Method visited="false" cyclomaticComplexity="1" nPathComplexity="0" sequenceCoverage="0" branchCoverage="0" crapScore="2" isConstructor="false" isStatic="false" isGetter="false" isSetter="false">
              <Summary numSequencePoints="0" visitedSequencePoints="0" numBranchPoints="0" visitedBranchPoints="0" sequenceCoverage="0" branchCoverage="0" maxCyclomaticComplexity="1" minCyclomaticComplexity="1" maxCrapScore="2" minCrapScore="2" visitedClasses="0" numClasses="0" visitedMethods="0" numMethods="0" />
              <MetadataToken>100663572</MetadataToken>
              <Name>System.Collections.IEnumerator OpenCollections.EnumerableStreamReader/&lt;ReadLine&gt;d__5::System.Collections.IEnumerable.GetEnumerator()</Name>
              <SequencePoints />
              <BranchPoints />
              <MethodPoint vc="0" uspid="1498" ordinal="0" offset="0" />
            </Method>
          </Methods>
        </Class>
        <Class>
          <Summary numSequencePoints="25" visitedSequencePoints="25" numBranchPoints="7" visitedBranchPoints="7" sequenceCoverage="100" branchCoverage="100" maxCyclomaticComplexity="1" minCyclomaticComplexity="1" maxCrapScore="1" minCrapScore="1" visitedClasses="1" numClasses="1" visitedMethods="7" numMethods="7" />
          <FullName>OpenCollections.Extensions</FullName>
          <Methods>
            <Method visited="true" cyclomaticComplexity="1" nPathComplexity="0" sequenceCoverage="100" branchCoverage="100" crapScore="1" isConstructor="false" isStatic="true" isGetter="false" isSetter="false">
              <Summary numSequencePoints="3" visitedSequencePoints="3" numBranchPoints="1" visitedBranchPoints="1" sequenceCoverage="100" branchCoverage="100" maxCyclomaticComplexity="1" minCyclomaticComplexity="1" maxCrapScore="1" minCrapScore="1" visitedClasses="0" numClasses="0" visitedMethods="1" numMethods="1" />
              <MetadataToken>100663420</MetadataToken>
              <Name>System.Void OpenCollections.Extensions::OutputTo(OpenCollections.IConcurrentOutput`1&lt;TResult&gt;,OpenCollections.IConcurrentInput`1&lt;TResult&gt;)</Name>
              <FileRef uid="80" />
              <SequencePoints>
                <SequencePoint vc="1" uspid="1499" ordinal="0" offset="0" sl="20" sc="9" el="20" ec="10" bec="0" bev="0" fileid="80" />
                <SequencePoint vc="1" uspid="1500" ordinal="1" offset="1" sl="21" sc="13" el="21" ec="56" bec="0" bev="0" fileid="80" />
                <SequencePoint vc="1" uspid="1501" ordinal="2" offset="14" sl="22" sc="9" el="22" ec="10" bec="0" bev="0" fileid="80" />
              </SequencePoints>
              <BranchPoints />
              <MethodPoint xsi:type="SequencePoint" vc="1" uspid="1499" ordinal="0" offset="0" sl="20" sc="9" el="20" ec="10" bec="0" bev="0" fileid="80" />
            </Method>
            <Method visited="true" cyclomaticComplexity="1" nPathComplexity="0" sequenceCoverage="100" branchCoverage="100" crapScore="1" isConstructor="false" isStatic="true" isGetter="false" isSetter="false">
              <Summary numSequencePoints="3" visitedSequencePoints="3" numBranchPoints="1" visitedBranchPoints="1" sequenceCoverage="100" branchCoverage="100" maxCyclomaticComplexity="1" minCyclomaticComplexity="1" maxCrapScore="1" minCrapScore="1" visitedClasses="0" numClasses="0" visitedMethods="1" numMethods="1" />
              <MetadataToken>100663421</MetadataToken>
              <Name>System.Void OpenCollections.Extensions::InputFrom(OpenCollections.IConcurrentInput`1&lt;T&gt;,OpenCollections.IConcurrentOutput`1&lt;T&gt;)</Name>
              <FileRef uid="80" />
              <SequencePoints>
                <SequencePoint vc="11" uspid="1502" ordinal="0" offset="0" sl="31" sc="9" el="31" ec="10" bec="0" bev="0" fileid="80" />
                <SequencePoint vc="11" uspid="1503" ordinal="1" offset="1" sl="32" sc="13" el="32" ec="56" bec="0" bev="0" fileid="80" />
                <SequencePoint vc="11" uspid="1504" ordinal="2" offset="14" sl="33" sc="9" el="33" ec="10" bec="0" bev="0" fileid="80" />
              </SequencePoints>
              <BranchPoints />
              <MethodPoint xsi:type="SequencePoint" vc="11" uspid="1502" ordinal="0" offset="0" sl="31" sc="9" el="31" ec="10" bec="0" bev="0" fileid="80" />
            </Method>
            <Method visited="true" cyclomaticComplexity="1" nPathComplexity="0" sequenceCoverage="100" branchCoverage="100" crapScore="1" isConstructor="false" isStatic="true" isGetter="false" isSetter="false">
              <Summary numSequencePoints="3" visitedSequencePoints="3" numBranchPoints="1" visitedBranchPoints="1" sequenceCoverage="100" branchCoverage="100" maxCyclomaticComplexity="1" minCyclomaticComplexity="1" maxCrapScore="1" minCrapScore="1" visitedClasses="0" numClasses="0" visitedMethods="1" numMethods="1" />
              <MetadataToken>100663422</MetadataToken>
              <Name>System.Void OpenCollections.Extensions::InputFrom(OpenCollections.IConcurrentMultiConsumer`2&lt;T,U&gt;,OpenCollections.IConcurrentOutput`1&lt;T&gt;)</Name>
              <FileRef uid="80" />
              <SequencePoints>
                <SequencePoint vc="1" uspid="1505" ordinal="0" offset="0" sl="42" sc="9" el="42" ec="10" bec="0" bev="0" fileid="80" />
                <SequencePoint vc="1" uspid="1506" ordinal="1" offset="1" sl="43" sc="13" el="43" ec="60" bec="0" bev="0" fileid="80" />
                <SequencePoint vc="1" uspid="1507" ordinal="2" offset="19" sl="44" sc="9" el="44" ec="10" bec="0" bev="0" fileid="80" />
              </SequencePoints>
              <BranchPoints />
              <MethodPoint xsi:type="SequencePoint" vc="1" uspid="1505" ordinal="0" offset="0" sl="42" sc="9" el="42" ec="10" bec="0" bev="0" fileid="80" />
            </Method>
            <Method visited="true" cyclomaticComplexity="1" nPathComplexity="0" sequenceCoverage="100" branchCoverage="100" crapScore="1" isConstructor="false" isStatic="true" isGetter="false" isSetter="false">
              <Summary numSequencePoints="3" visitedSequencePoints="3" numBranchPoints="1" visitedBranchPoints="1" sequenceCoverage="100" branchCoverage="100" maxCyclomaticComplexity="1" minCyclomaticComplexity="1" maxCrapScore="1" minCrapScore="1" visitedClasses="0" numClasses="0" visitedMethods="1" numMethods="1" />
              <MetadataToken>100663423</MetadataToken>
              <Name>System.Void OpenCollections.Extensions::StopObserving(OpenCollections.IConcurrentInput`1&lt;T&gt;,OpenCollections.IConcurrentOutput`1&lt;T&gt;)</Name>
              <FileRef uid="80" />
              <SequencePoints>
                <SequencePoint vc="1" uspid="1508" ordinal="0" offset="0" sl="47" sc="9" el="47" ec="10" bec="0" bev="0" fileid="80" />
                <SequencePoint vc="1" uspid="1509" ordinal="1" offset="1" sl="48" sc="13" el="48" ec="75" bec="0" bev="0" fileid="80" />
                <SequencePoint vc="1" uspid="1510" ordinal="2" offset="9" sl="49" sc="9" el="49" ec="10" bec="0" bev="0" fileid="80" />
              </SequencePoints>
              <BranchPoints />
              <MethodPoint xsi:type="SequencePoint" vc="1" uspid="1508" ordinal="0" offset="0" sl="47" sc="9" el="47" ec="10" bec="0" bev="0" fileid="80" />
            </Method>
            <Method visited="true" cyclomaticComplexity="1" nPathComplexity="0" sequenceCoverage="100" branchCoverage="100" crapScore="1" isConstructor="false" isStatic="true" isGetter="false" isSetter="false">
              <Summary numSequencePoints="3" visitedSequencePoints="3" numBranchPoints="1" visitedBranchPoints="1" sequenceCoverage="100" branchCoverage="100" maxCyclomaticComplexity="1" minCyclomaticComplexity="1" maxCrapScore="1" minCrapScore="1" visitedClasses="0" numClasses="0" visitedMethods="1" numMethods="1" />
              <MetadataToken>100663424</MetadataToken>
              <Name>System.Void OpenCollections.Extensions::ObserveCollection(OpenCollections.IConcurrentInput`1&lt;T&gt;,OpenCollections.IConcurrentOutput`1&lt;T&gt;)</Name>
              <FileRef uid="80" />
              <SequencePoints>
                <SequencePoint vc="11" uspid="1511" ordinal="0" offset="0" sl="58" sc="9" el="58" ec="10" bec="0" bev="0" fileid="80" />
                <SequencePoint vc="11" uspid="1512" ordinal="1" offset="1" sl="59" sc="13" el="59" ec="73" bec="0" bev="0" fileid="80" />
                <SequencePoint vc="11" uspid="1513" ordinal="2" offset="9" sl="60" sc="9" el="60" ec="10" bec="0" bev="0" fileid="80" />
              </SequencePoints>
              <BranchPoints />
              <MethodPoint xsi:type="SequencePoint" vc="11" uspid="1511" ordinal="0" offset="0" sl="58" sc="9" el="58" ec="10" bec="0" bev="0" fileid="80" />
            </Method>
            <Method visited="true" cyclomaticComplexity="1" nPathComplexity="0" sequenceCoverage="100" branchCoverage="100" crapScore="1" isConstructor="false" isStatic="true" isGetter="false" isSetter="false">
              <Summary numSequencePoints="5" visitedSequencePoints="5" numBranchPoints="1" visitedBranchPoints="1" sequenceCoverage="100" branchCoverage="100" maxCyclomaticComplexity="1" minCyclomaticComplexity="1" maxCrapScore="1" minCrapScore="1" visitedClasses="0" numClasses="0" visitedMethods="1" numMethods="1" />
              <MetadataToken>100663425</MetadataToken>
              <Name>System.Void OpenCollections.Extensions::HookEvents(OpenCollections.IConcurrentEvent,OpenCollections.IConcurrentEvent)</Name>
              <FileRef uid="80" />
              <SequencePoints>
                <SequencePoint vc="11" uspid="1514" ordinal="0" offset="0" sl="63" sc="9" el="63" ec="10" bec="0" bev="0" fileid="80" />
                <SequencePoint vc="11" uspid="1515" ordinal="1" offset="1" sl="64" sc="13" el="64" ec="48" bec="0" bev="0" fileid="80" />
                <SequencePoint vc="11" uspid="1516" ordinal="2" offset="21" sl="65" sc="13" el="65" ec="57" bec="0" bev="0" fileid="80" />
                <SequencePoint vc="11" uspid="1517" ordinal="3" offset="41" sl="66" sc="13" el="66" ec="47" bec="0" bev="0" fileid="80" />
                <SequencePoint vc="11" uspid="1518" ordinal="4" offset="61" sl="67" sc="9" el="67" ec="10" bec="0" bev="0" fileid="80" />
              </SequencePoints>
              <BranchPoints />
              <MethodPoint xsi:type="SequencePoint" vc="11" uspid="1514" ordinal="0" offset="0" sl="63" sc="9" el="63" ec="10" bec="0" bev="0" fileid="80" />
            </Method>
            <Method visited="true" cyclomaticComplexity="1" nPathComplexity="0" sequenceCoverage="100" branchCoverage="100" crapScore="1" isConstructor="false" isStatic="true" isGetter="false" isSetter="false">
              <Summary numSequencePoints="5" visitedSequencePoints="5" numBranchPoints="1" visitedBranchPoints="1" sequenceCoverage="100" branchCoverage="100" maxCyclomaticComplexity="1" minCyclomaticComplexity="1" maxCrapScore="1" minCrapScore="1" visitedClasses="0" numClasses="0" visitedMethods="1" numMethods="1" />
              <MetadataToken>100663426</MetadataToken>
              <Name>System.Void OpenCollections.Extensions::UnHookEvents(OpenCollections.IConcurrentEvent,OpenCollections.IConcurrentEvent)</Name>
              <FileRef uid="80" />
              <SequencePoints>
                <SequencePoint vc="1" uspid="1519" ordinal="0" offset="0" sl="70" sc="9" el="70" ec="10" bec="0" bev="0" fileid="80" />
                <SequencePoint vc="1" uspid="1520" ordinal="1" offset="1" sl="71" sc="13" el="71" ec="48" bec="0" bev="0" fileid="80" />
                <SequencePoint vc="1" uspid="1521" ordinal="2" offset="21" sl="72" sc="13" el="72" ec="57" bec="0" bev="0" fileid="80" />
                <SequencePoint vc="1" uspid="1522" ordinal="3" offset="41" sl="73" sc="13" el="73" ec="47" bec="0" bev="0" fileid="80" />
                <SequencePoint vc="1" uspid="1523" ordinal="4" offset="61" sl="74" sc="9" el="74" ec="10" bec="0" bev="0" fileid="80" />
              </SequencePoints>
              <BranchPoints />
              <MethodPoint xsi:type="SequencePoint" vc="1" uspid="1519" ordinal="0" offset="0" sl="70" sc="9" el="70" ec="10" bec="0" bev="0" fileid="80" />
            </Method>
          </Methods>
        </Class>
        <Class>
          <Summary numSequencePoints="81" visitedSequencePoints="60" numBranchPoints="24" visitedBranchPoints="17" sequenceCoverage="74.07" branchCoverage="70.83" maxCyclomaticComplexity="4" minCyclomaticComplexity="1" maxCrapScore="4.01" minCrapScore="1" visitedClasses="1" numClasses="1" visitedMethods="10" numMethods="14" />
          <FullName>OpenCollections.Factory</FullName>
          <Methods>
            <Method visited="true" cyclomaticComplexity="1" nPathComplexity="0" sequenceCoverage="100" branchCoverage="100" crapScore="1" isConstructor="false" isStatic="true" isGetter="false" isSetter="false">
              <Summary numSequencePoints="3" visitedSequencePoints="3" numBranchPoints="1" visitedBranchPoints="1" sequenceCoverage="100" branchCoverage="100" maxCyclomaticComplexity="1" minCyclomaticComplexity="1" maxCrapScore="1" minCrapScore="1" visitedClasses="0" numClasses="0" visitedMethods="1" numMethods="1" />
              <MetadataToken>100663433</MetadataToken>
              <Name>OpenCollections.IConcurrentWriter`1&lt;T&gt; OpenCollections.Factory::CreateWriter(System.String)</Name>
              <FileRef uid="81" />
              <SequencePoints>
                <SequencePoint vc="1" uspid="1524" ordinal="0" offset="0" sl="11" sc="9" el="11" ec="10" bec="0" bev="0" fileid="81" />
                <SequencePoint vc="1" uspid="1525" ordinal="1" offset="1" sl="12" sc="13" el="12" ec="50" bec="0" bev="0" fileid="81" />
                <SequencePoint vc="1" uspid="1526" ordinal="2" offset="10" sl="14" sc="9" el="14" ec="10" bec="0" bev="0" fileid="81" />
              </SequencePoints>
              <BranchPoints />
              <MethodPoint xsi:type="SequencePoint" vc="1" uspid="1524" ordinal="0" offset="0" sl="11" sc="9" el="11" ec="10" bec="0" bev="0" fileid="81" />
            </Method>
            <Method visited="true" cyclomaticComplexity="1" nPathComplexity="0" sequenceCoverage="100" branchCoverage="100" crapScore="1" isConstructor="false" isStatic="true" isGetter="false" isSetter="false">
              <Summary numSequencePoints="3" visitedSequencePoints="3" numBranchPoints="1" visitedBranchPoints="1" sequenceCoverage="100" branchCoverage="100" maxCyclomaticComplexity="1" minCyclomaticComplexity="1" maxCrapScore="1" minCrapScore="1" visitedClasses="0" numClasses="0" visitedMethods="1" numMethods="1" />
              <MetadataToken>100663434</MetadataToken>
              <Name>OpenCollections.IConcurrentWriter`1&lt;T&gt; OpenCollections.Factory::CreateWriter(System.String,System.Collections.Concurrent.IProducerConsumerCollection`1&lt;T&gt;)</Name>
              <FileRef uid="81" />
              <SequencePoints>
                <SequencePoint vc="4" uspid="1527" ordinal="0" offset="0" sl="17" sc="9" el="17" ec="10" bec="0" bev="0" fileid="81" />
                <SequencePoint vc="4" uspid="1528" ordinal="1" offset="1" sl="18" sc="13" el="21" ec="15" bec="0" bev="0" fileid="81" />
                <SequencePoint vc="4" uspid="1529" ordinal="2" offset="18" sl="22" sc="9" el="22" ec="10" bec="0" bev="0" fileid="81" />
              </SequencePoints>
              <BranchPoints />
              <MethodPoint xsi:type="SequencePoint" vc="4" uspid="1527" ordinal="0" offset="0" sl="17" sc="9" el="17" ec="10" bec="0" bev="0" fileid="81" />
            </Method>
            <Method visited="false" cyclomaticComplexity="1" nPathComplexity="0" sequenceCoverage="0" branchCoverage="0" crapScore="2" isConstructor="false" isStatic="true" isGetter="false" isSetter="false">
              <Summary numSequencePoints="6" visitedSequencePoints="0" numBranchPoints="1" visitedBranchPoints="0" sequenceCoverage="0" branchCoverage="0" maxCyclomaticComplexity="1" minCyclomaticComplexity="1" maxCrapScore="2" minCrapScore="2" visitedClasses="0" numClasses="0" visitedMethods="0" numMethods="1" />
              <MetadataToken>100663435</MetadataToken>
              <Name>OpenCollections.IConcurrentWriter`1&lt;T&gt; OpenCollections.Factory::CreateWriter(System.String,OpenCollections.IConcurrentOutput`1&lt;T&gt;)</Name>
              <FileRef uid="81" />
              <SequencePoints>
                <SequencePoint vc="0" uspid="1530" ordinal="0" offset="0" sl="25" sc="9" el="25" ec="10" bec="0" bev="0" fileid="81" />
                <SequencePoint vc="0" uspid="1531" ordinal="1" offset="1" sl="26" sc="13" el="26" ec="56" bec="0" bev="0" fileid="81" />
                <SequencePoint vc="0" uspid="1532" ordinal="2" offset="8" sl="27" sc="13" el="27" ec="40" bec="0" bev="0" fileid="81" />
                <SequencePoint vc="0" uspid="1533" ordinal="3" offset="16" sl="28" sc="13" el="28" ec="48" bec="0" bev="0" fileid="81" />
                <SequencePoint vc="0" uspid="1534" ordinal="4" offset="24" sl="29" sc="13" el="29" ec="27" bec="0" bev="0" fileid="81" />
                <SequencePoint vc="0" uspid="1535" ordinal="5" offset="28" sl="30" sc="9" el="30" ec="10" bec="0" bev="0" fileid="81" />
              </SequencePoints>
              <BranchPoints />
              <MethodPoint xsi:type="SequencePoint" vc="0" uspid="1530" ordinal="0" offset="0" sl="25" sc="9" el="25" ec="10" bec="0" bev="0" fileid="81" />
            </Method>
            <Method visited="false" cyclomaticComplexity="1" nPathComplexity="0" sequenceCoverage="0" branchCoverage="0" crapScore="2" isConstructor="false" isStatic="true" isGetter="false" isSetter="false">
              <Summary numSequencePoints="3" visitedSequencePoints="0" numBranchPoints="1" visitedBranchPoints="0" sequenceCoverage="0" branchCoverage="0" maxCyclomaticComplexity="1" minCyclomaticComplexity="1" maxCrapScore="2" minCrapScore="2" visitedClasses="0" numClasses="0" visitedMethods="0" numMethods="1" />
              <MetadataToken>100663436</MetadataToken>
              <Name>OpenCollections.IEnumerableReader`1&lt;System.String&gt; OpenCollections.Factory::CreateMultiReader(System.String[])</Name>
              <FileRef uid="81" />
              <SequencePoints>
                <SequencePoint vc="0" uspid="1536" ordinal="0" offset="0" sl="35" sc="9" el="35" ec="10" bec="0" bev="0" fileid="81" />
                <SequencePoint vc="0" uspid="1537" ordinal="1" offset="1" sl="36" sc="13" el="36" ec="57" bec="0" bev="0" fileid="81" />
                <SequencePoint vc="0" uspid="1538" ordinal="2" offset="10" sl="37" sc="9" el="37" ec="10" bec="0" bev="0" fileid="81" />
              </SequencePoints>
              <BranchPoints />
              <MethodPoint xsi:type="SequencePoint" vc="0" uspid="1536" ordinal="0" offset="0" sl="35" sc="9" el="35" ec="10" bec="0" bev="0" fileid="81" />
            </Method>
            <Method visited="true" cyclomaticComplexity="1" nPathComplexity="0" sequenceCoverage="100" branchCoverage="100" crapScore="1" isConstructor="false" isStatic="true" isGetter="false" isSetter="false">
              <Summary numSequencePoints="3" visitedSequencePoints="3" numBranchPoints="1" visitedBranchPoints="1" sequenceCoverage="100" branchCoverage="100" maxCyclomaticComplexity="1" minCyclomaticComplexity="1" maxCrapScore="1" minCrapScore="1" visitedClasses="0" numClasses="0" visitedMethods="1" numMethods="1" />
              <MetadataToken>100663437</MetadataToken>
              <Name>OpenCollections.IEnumerableReader`1&lt;System.String&gt; OpenCollections.Factory::CreateReader(System.String&amp;)</Name>
              <FileRef uid="81" />
              <SequencePoints>
                <SequencePoint vc="6" uspid="1539" ordinal="0" offset="0" sl="40" sc="9" el="40" ec="10" bec="0" bev="0" fileid="81" />
                <SequencePoint vc="6" uspid="1540" ordinal="1" offset="1" sl="41" sc="13" el="41" ec="57" bec="0" bev="0" fileid="81" />
                <SequencePoint vc="6" uspid="1541" ordinal="2" offset="10" sl="42" sc="9" el="42" ec="10" bec="0" bev="0" fileid="81" />
              </SequencePoints>
              <BranchPoints />
              <MethodPoint xsi:type="SequencePoint" vc="6" uspid="1539" ordinal="0" offset="0" sl="40" sc="9" el="40" ec="10" bec="0" bev="0" fileid="81" />
            </Method>
            <Method visited="true" cyclomaticComplexity="1" nPathComplexity="0" sequenceCoverage="100" branchCoverage="100" crapScore="1" isConstructor="false" isStatic="true" isGetter="false" isSetter="false">
              <Summary numSequencePoints="3" visitedSequencePoints="3" numBranchPoints="1" visitedBranchPoints="1" sequenceCoverage="100" branchCoverage="100" maxCyclomaticComplexity="1" minCyclomaticComplexity="1" maxCrapScore="1" minCrapScore="1" visitedClasses="0" numClasses="0" visitedMethods="1" numMethods="1" />
              <MetadataToken>100663438</MetadataToken>
              <Name>OpenCollections.IConcurrentProducer`1&lt;T&gt; OpenCollections.Factory::CreateProducer(System.Collections.Generic.IEnumerable`1&lt;T&gt;)</Name>
              <FileRef uid="81" />
              <SequencePoints>
                <SequencePoint vc="9" uspid="1542" ordinal="0" offset="0" sl="46" sc="9" el="46" ec="10" bec="0" bev="0" fileid="81" />
                <SequencePoint vc="9" uspid="1543" ordinal="1" offset="1" sl="47" sc="13" el="47" ec="64" bec="0" bev="0" fileid="81" />
                <SequencePoint vc="9" uspid="1544" ordinal="2" offset="10" sl="48" sc="9" el="48" ec="10" bec="0" bev="0" fileid="81" />
              </SequencePoints>
              <BranchPoints />
              <MethodPoint xsi:type="SequencePoint" vc="9" uspid="1542" ordinal="0" offset="0" sl="46" sc="9" el="46" ec="10" bec="0" bev="0" fileid="81" />
            </Method>
            <Method visited="true" cyclomaticComplexity="1" nPathComplexity="0" sequenceCoverage="100" branchCoverage="100" crapScore="1" isConstructor="false" isStatic="true" isGetter="false" isSetter="false">
              <Summary numSequencePoints="6" visitedSequencePoints="6" numBranchPoints="1" visitedBranchPoints="1" sequenceCoverage="100" branchCoverage="100" maxCyclomaticComplexity="1" minCyclomaticComplexity="1" maxCrapScore="1" minCrapScore="1" visitedClasses="0" numClasses="0" visitedMethods="1" numMethods="1" />
              <MetadataToken>100663439</MetadataToken>
              <Name>OpenCollections.IConcurrentConsumer`2&lt;T,TResult&gt; OpenCollections.Factory::CreateConsumer(OpenCollections.IConcurrentOutput`1&lt;T&gt;)</Name>
              <FileRef uid="81" />
              <SequencePoints>
                <SequencePoint vc="11" uspid="1545" ordinal="0" offset="0" sl="52" sc="9" el="52" ec="10" bec="0" bev="0" fileid="81" />
                <SequencePoint vc="11" uspid="1546" ordinal="1" offset="1" sl="53" sc="13" el="53" ec="65" bec="0" bev="0" fileid="81" />
                <SequencePoint vc="11" uspid="1547" ordinal="2" offset="7" sl="54" sc="13" el="54" ec="53" bec="0" bev="0" fileid="81" />
                <SequencePoint vc="11" uspid="1548" ordinal="3" offset="15" sl="55" sc="13" el="55" ec="61" bec="0" bev="0" fileid="81" />
                <SequencePoint vc="11" uspid="1549" ordinal="4" offset="23" sl="56" sc="13" el="56" ec="29" bec="0" bev="0" fileid="81" />
                <SequencePoint vc="11" uspid="1550" ordinal="5" offset="27" sl="57" sc="9" el="57" ec="10" bec="0" bev="0" fileid="81" />
              </SequencePoints>
              <BranchPoints />
              <MethodPoint xsi:type="SequencePoint" vc="11" uspid="1545" ordinal="0" offset="0" sl="52" sc="9" el="52" ec="10" bec="0" bev="0" fileid="81" />
            </Method>
            <Method visited="true" cyclomaticComplexity="3" nPathComplexity="4" sequenceCoverage="69.23" branchCoverage="60" crapScore="3.26" isConstructor="false" isStatic="true" isGetter="false" isSetter="false">
              <Summary numSequencePoints="13" visitedSequencePoints="9" numBranchPoints="5" visitedBranchPoints="3" sequenceCoverage="69.23" branchCoverage="60" maxCyclomaticComplexity="3" minCyclomaticComplexity="3" maxCrapScore="3.26" minCrapScore="3.26" visitedClasses="0" numClasses="0" visitedMethods="1" numMethods="1" />
              <MetadataToken>100663440</MetadataToken>
              <Name>OpenCollections.IConcurrentConsumer`2&lt;T,TResult&gt; OpenCollections.Factory::CreateConsumer(OpenCollections.IConcurrentOutput`1&lt;T&gt;,OpenCollections.IConcurrentInput`1&lt;TResult&gt;)</Name>
              <FileRef uid="81" />
              <SequencePoints>
                <SequencePoint vc="1" uspid="1551" ordinal="0" offset="0" sl="60" sc="9" el="60" ec="10" bec="0" bev="0" fileid="81" />
                <SequencePoint vc="1" uspid="1552" ordinal="1" offset="1" sl="61" sc="13" el="61" ec="65" bec="0" bev="0" fileid="81" />
                <SequencePoint vc="1" uspid="1553" ordinal="2" offset="7" sl="62" sc="13" el="62" ec="48" bec="2" bev="1" fileid="81" />
                <SequencePoint vc="0" uspid="1554" ordinal="3" offset="15" sl="63" sc="13" el="63" ec="14" bec="0" bev="0" fileid="81" />
                <SequencePoint vc="0" uspid="1555" ordinal="4" offset="16" sl="64" sc="17" el="64" ec="57" bec="0" bev="0" fileid="81" />
                <SequencePoint vc="0" uspid="1556" ordinal="5" offset="24" sl="65" sc="17" el="65" ec="65" bec="0" bev="0" fileid="81" />
                <SequencePoint vc="0" uspid="1557" ordinal="6" offset="32" sl="66" sc="13" el="66" ec="14" bec="0" bev="0" fileid="81" />
                <SequencePoint vc="1" uspid="1558" ordinal="7" offset="33" sl="67" sc="13" el="67" ec="45" bec="2" bev="1" fileid="81" />
                <SequencePoint vc="1" uspid="1559" ordinal="8" offset="41" sl="68" sc="13" el="68" ec="14" bec="0" bev="0" fileid="81" />
                <SequencePoint vc="1" uspid="1560" ordinal="9" offset="42" sl="69" sc="17" el="69" ec="53" bec="0" bev="0" fileid="81" />
                <SequencePoint vc="1" uspid="1561" ordinal="10" offset="50" sl="70" sc="13" el="70" ec="14" bec="0" bev="0" fileid="81" />
                <SequencePoint vc="1" uspid="1562" ordinal="11" offset="51" sl="71" sc="13" el="71" ec="29" bec="0" bev="0" fileid="81" />
                <SequencePoint vc="1" uspid="1563" ordinal="12" offset="55" sl="72" sc="9" el="72" ec="10" bec="0" bev="0" fileid="81" />
              </SequencePoints>
              <BranchPoints>
                <BranchPoint vc="0" uspid="1564" ordinal="0" offset="13" sl="62" path="0" offsetend="15" fileid="81" />
                <BranchPoint vc="1" uspid="1565" ordinal="1" offset="13" sl="62" path="1" offsetend="33" fileid="81" />
                <BranchPoint vc="1" uspid="1566" ordinal="2" offset="39" sl="67" path="0" offsetend="41" fileid="81" />
                <BranchPoint vc="0" uspid="1567" ordinal="3" offset="39" sl="67" path="1" offsetend="51" fileid="81" />
              </BranchPoints>
              <MethodPoint xsi:type="SequencePoint" vc="1" uspid="1551" ordinal="0" offset="0" sl="60" sc="9" el="60" ec="10" bec="0" bev="0" fileid="81" />
            </Method>
            <Method visited="true" cyclomaticComplexity="1" nPathComplexity="0" sequenceCoverage="100" branchCoverage="100" crapScore="1" isConstructor="false" isStatic="true" isGetter="false" isSetter="false">
              <Summary numSequencePoints="3" visitedSequencePoints="3" numBranchPoints="1" visitedBranchPoints="1" sequenceCoverage="100" branchCoverage="100" maxCyclomaticComplexity="1" minCyclomaticComplexity="1" maxCrapScore="1" minCrapScore="1" visitedClasses="0" numClasses="0" visitedMethods="1" numMethods="1" />
              <MetadataToken>100663441</MetadataToken>
              <Name>OpenCollections.IConcurrentConsumer`2&lt;T,TResult&gt; OpenCollections.Factory::CreateConsumer()</Name>
              <FileRef uid="81" />
              <SequencePoints>
                <SequencePoint vc="2" uspid="1568" ordinal="0" offset="0" sl="75" sc="9" el="75" ec="10" bec="0" bev="0" fileid="81" />
                <SequencePoint vc="2" uspid="1569" ordinal="1" offset="1" sl="76" sc="13" el="76" ec="57" bec="0" bev="0" fileid="81" />
                <SequencePoint vc="2" uspid="1570" ordinal="2" offset="9" sl="77" sc="9" el="77" ec="10" bec="0" bev="0" fileid="81" />
              </SequencePoints>
              <BranchPoints />
              <MethodPoint xsi:type="SequencePoint" vc="2" uspid="1568" ordinal="0" offset="0" sl="75" sc="9" el="75" ec="10" bec="0" bev="0" fileid="81" />
            </Method>
            <Method visited="true" cyclomaticComplexity="1" nPathComplexity="0" sequenceCoverage="100" branchCoverage="100" crapScore="1" isConstructor="false" isStatic="true" isGetter="false" isSetter="false">
              <Summary numSequencePoints="3" visitedSequencePoints="3" numBranchPoints="1" visitedBranchPoints="1" sequenceCoverage="100" branchCoverage="100" maxCyclomaticComplexity="1" minCyclomaticComplexity="1" maxCrapScore="1" minCrapScore="1" visitedClasses="0" numClasses="0" visitedMethods="1" numMethods="1" />
              <MetadataToken>100663442</MetadataToken>
              <Name>OpenCollections.IConcurrentConsumer`2&lt;T,TResult&gt; OpenCollections.Factory::CreateConsumer(System.Collections.Concurrent.IProducerConsumerCollection`1&lt;T&gt;,System.Collections.Concurrent.IProducerConsumerCollection`1&lt;TResult&gt;)</Name>
              <FileRef uid="81" />
              <SequencePoints>
                <SequencePoint vc="1" uspid="1571" ordinal="0" offset="0" sl="80" sc="9" el="80" ec="10" bec="0" bev="0" fileid="81" />
                <SequencePoint vc="1" uspid="1572" ordinal="1" offset="1" sl="81" sc="13" el="85" ec="15" bec="0" bev="0" fileid="81" />
                <SequencePoint vc="1" uspid="1573" ordinal="2" offset="25" sl="86" sc="9" el="86" ec="10" bec="0" bev="0" fileid="81" />
              </SequencePoints>
              <BranchPoints />
              <MethodPoint xsi:type="SequencePoint" vc="1" uspid="1571" ordinal="0" offset="0" sl="80" sc="9" el="80" ec="10" bec="0" bev="0" fileid="81" />
            </Method>
            <Method visited="false" cyclomaticComplexity="1" nPathComplexity="0" sequenceCoverage="0" branchCoverage="0" crapScore="2" isConstructor="false" isStatic="true" isGetter="false" isSetter="false">
              <Summary numSequencePoints="3" visitedSequencePoints="0" numBranchPoints="1" visitedBranchPoints="0" sequenceCoverage="0" branchCoverage="0" maxCyclomaticComplexity="1" minCyclomaticComplexity="1" maxCrapScore="2" minCrapScore="2" visitedClasses="0" numClasses="0" visitedMethods="0" numMethods="1" />
              <MetadataToken>100663443</MetadataToken>
              <Name>OpenCollections.IConcurrentConsumer`2&lt;T,TResult&gt; OpenCollections.Factory::CreateConsumer(System.Collections.Concurrent.IProducerConsumerCollection`1&lt;TResult&gt;)</Name>
              <FileRef uid="81" />
              <SequencePoints>
                <SequencePoint vc="0" uspid="1574" ordinal="0" offset="0" sl="89" sc="9" el="89" ec="10" bec="0" bev="0" fileid="81" />
                <SequencePoint vc="0" uspid="1575" ordinal="1" offset="1" sl="90" sc="13" el="93" ec="15" bec="0" bev="0" fileid="81" />
                <SequencePoint vc="0" uspid="1576" ordinal="2" offset="17" sl="94" sc="9" el="94" ec="10" bec="0" bev="0" fileid="81" />
              </SequencePoints>
              <BranchPoints />
              <MethodPoint xsi:type="SequencePoint" vc="0" uspid="1574" ordinal="0" offset="0" sl="89" sc="9" el="89" ec="10" bec="0" bev="0" fileid="81" />
            </Method>
            <Method visited="false" cyclomaticComplexity="1" nPathComplexity="0" sequenceCoverage="0" branchCoverage="0" crapScore="2" isConstructor="false" isStatic="true" isGetter="false" isSetter="false">
              <Summary numSequencePoints="3" visitedSequencePoints="0" numBranchPoints="1" visitedBranchPoints="0" sequenceCoverage="0" branchCoverage="0" maxCyclomaticComplexity="1" minCyclomaticComplexity="1" maxCrapScore="2" minCrapScore="2" visitedClasses="0" numClasses="0" visitedMethods="0" numMethods="1" />
              <MetadataToken>100663444</MetadataToken>
              <Name>OpenCollections.IConcurrentConsumer`2&lt;T,TResult&gt; OpenCollections.Factory::CreateConsumer(System.Collections.Concurrent.IProducerConsumerCollection`1&lt;T&gt;)</Name>
              <FileRef uid="81" />
              <SequencePoints>
                <SequencePoint vc="0" uspid="1577" ordinal="0" offset="0" sl="97" sc="9" el="97" ec="10" bec="0" bev="0" fileid="81" />
                <SequencePoint vc="0" uspid="1578" ordinal="1" offset="1" sl="98" sc="13" el="101" ec="15" bec="0" bev="0" fileid="81" />
                <SequencePoint vc="0" uspid="1579" ordinal="2" offset="17" sl="102" sc="9" el="102" ec="10" bec="0" bev="0" fileid="81" />
              </SequencePoints>
              <BranchPoints />
              <MethodPoint xsi:type="SequencePoint" vc="0" uspid="1577" ordinal="0" offset="0" sl="97" sc="9" el="97" ec="10" bec="0" bev="0" fileid="81" />
            </Method>
            <Method visited="true" cyclomaticComplexity="1" nPathComplexity="0" sequenceCoverage="100" branchCoverage="100" crapScore="1" isConstructor="false" isStatic="true" isGetter="false" isSetter="false">
              <Summary numSequencePoints="3" visitedSequencePoints="3" numBranchPoints="1" visitedBranchPoints="1" sequenceCoverage="100" branchCoverage="100" maxCyclomaticComplexity="1" minCyclomaticComplexity="1" maxCrapScore="1" minCrapScore="1" visitedClasses="0" numClasses="0" visitedMethods="1" numMethods="1" />
              <MetadataToken>100663445</MetadataToken>
              <Name>OpenCollections.IConcurrentMultiConsumer`2&lt;T,TResult&gt; OpenCollections.Factory::CreateMultiConsumer()</Name>
              <FileRef uid="81" />
              <SequencePoints>
                <SequencePoint vc="1" uspid="1580" ordinal="0" offset="0" sl="105" sc="9" el="105" ec="10" bec="0" bev="0" fileid="81" />
                <SequencePoint vc="1" uspid="1581" ordinal="1" offset="1" sl="106" sc="13" el="106" ec="62" bec="0" bev="0" fileid="81" />
                <SequencePoint vc="1" uspid="1582" ordinal="2" offset="9" sl="107" sc="9" el="107" ec="10" bec="0" bev="0" fileid="81" />
              </SequencePoints>
              <BranchPoints />
              <MethodPoint xsi:type="SequencePoint" vc="1" uspid="1580" ordinal="0" offset="0" sl="105" sc="9" el="105" ec="10" bec="0" bev="0" fileid="81" />
            </Method>
            <Method visited="true" cyclomaticComplexity="4" nPathComplexity="8" sequenceCoverage="92.31" branchCoverage="85.71" crapScore="4.01" isConstructor="false" isStatic="true" isGetter="false" isSetter="false">
              <Summary numSequencePoints="26" visitedSequencePoints="24" numBranchPoints="7" visitedBranchPoints="6" sequenceCoverage="92.31" branchCoverage="85.71" maxCyclomaticComplexity="4" minCyclomaticComplexity="4" maxCrapScore="4.01" minCrapScore="4.01" visitedClasses="0" numClasses="0" visitedMethods="1" numMethods="1" />
              <MetadataToken>100663446</MetadataToken>
              <Name>OpenCollections.IConcurrentMultiConsumer`2&lt;T,TResult&gt; OpenCollections.Factory::CreateMultiConsumer(OpenCollections.IConcurrentOutput`1&lt;T&gt;[])</Name>
              <FileRef uid="81" />
              <SequencePoints>
                <SequencePoint vc="2" uspid="1583" ordinal="0" offset="0" sl="110" sc="9" el="110" ec="10" bec="0" bev="0" fileid="81" />
                <SequencePoint vc="2" uspid="1584" ordinal="1" offset="1" sl="111" sc="13" el="111" ec="50" bec="2" bev="1" fileid="81" />
                <SequencePoint vc="0" uspid="1585" ordinal="2" offset="10" sl="112" sc="13" el="112" ec="14" bec="0" bev="0" fileid="81" />
                <SequencePoint vc="0" uspid="1586" ordinal="3" offset="11" sl="113" sc="17" el="113" ec="58" bec="0" bev="0" fileid="81" />
                <SequencePoint vc="2" uspid="1587" ordinal="4" offset="22" sl="115" sc="13" el="115" ec="49" bec="2" bev="2" fileid="81" />
                <SequencePoint vc="1" uspid="1588" ordinal="5" offset="35" sl="116" sc="13" el="116" ec="14" bec="0" bev="0" fileid="81" />
                <SequencePoint vc="1" uspid="1589" ordinal="6" offset="36" sl="117" sc="17" el="117" ec="111" bec="0" bev="0" fileid="81" />
                <SequencePoint vc="1" uspid="1590" ordinal="7" offset="42" sl="118" sc="17" el="121" ec="19" bec="0" bev="0" fileid="81" />
                <SequencePoint vc="1" uspid="1591" ordinal="8" offset="57" sl="122" sc="17" el="122" ec="24" bec="0" bev="0" fileid="81" />
                <SequencePoint vc="1" uspid="1592" ordinal="9" offset="58" sl="122" sc="38" el="122" ec="58" bec="0" bev="0" fileid="81" />
                <SequencePoint vc="2" uspid="1593" ordinal="10" offset="66" sl="122" sc="26" el="122" ec="34" bec="0" bev="0" fileid="81" />
                <SequencePoint vc="2" uspid="1594" ordinal="11" offset="73" sl="123" sc="17" el="123" ec="18" bec="0" bev="0" fileid="81" />
                <SequencePoint vc="2" uspid="1595" ordinal="12" offset="74" sl="124" sc="21" el="124" ec="58" bec="0" bev="0" fileid="81" />
                <SequencePoint vc="2" uspid="1596" ordinal="13" offset="96" sl="125" sc="21" el="125" ec="59" bec="0" bev="0" fileid="81" />
                <SequencePoint vc="2" uspid="1597" ordinal="14" offset="118" sl="126" sc="21" el="126" ec="68" bec="0" bev="0" fileid="81" />
                <SequencePoint vc="2" uspid="1598" ordinal="15" offset="140" sl="127" sc="21" el="127" ec="60" bec="0" bev="0" fileid="81" />
                <SequencePoint vc="2" uspid="1599" ordinal="16" offset="154" sl="128" sc="17" el="128" ec="18" bec="0" bev="0" fileid="81" />
                <SequencePoint vc="3" uspid="1600" ordinal="17" offset="161" sl="122" sc="35" el="122" ec="37" bec="2" bev="2" fileid="81" />
                <SequencePoint vc="1" uspid="1601" ordinal="18" offset="169" sl="129" sc="17" el="129" ec="38" bec="0" bev="0" fileid="81" />
                <SequencePoint vc="1" uspid="1602" ordinal="19" offset="174" sl="132" sc="13" el="132" ec="14" bec="0" bev="0" fileid="81" />
                <SequencePoint vc="1" uspid="1603" ordinal="20" offset="175" sl="133" sc="17" el="136" ec="19" bec="0" bev="0" fileid="81" />
                <SequencePoint vc="1" uspid="1604" ordinal="21" offset="202" sl="137" sc="17" el="137" ec="73" bec="0" bev="0" fileid="81" />
                <SequencePoint vc="1" uspid="1605" ordinal="22" offset="225" sl="138" sc="17" el="138" ec="74" bec="0" bev="0" fileid="81" />
                <SequencePoint vc="1" uspid="1606" ordinal="23" offset="248" sl="139" sc="17" el="139" ec="83" bec="0" bev="0" fileid="81" />
                <SequencePoint vc="1" uspid="1607" ordinal="24" offset="271" sl="140" sc="17" el="140" ec="38" bec="0" bev="0" fileid="81" />
                <SequencePoint vc="2" uspid="1608" ordinal="25" offset="276" sl="143" sc="9" el="143" ec="10" bec="0" bev="0" fileid="81" />
              </SequencePoints>
              <BranchPoints>
                <BranchPoint vc="0" uspid="1609" ordinal="0" offset="8" sl="111" path="0" offsetend="10" fileid="81" />
                <BranchPoint vc="2" uspid="1610" ordinal="1" offset="8" sl="111" path="1" offsetend="22" fileid="81" />
                <BranchPoint vc="1" uspid="1611" ordinal="2" offset="30" sl="115" path="0" offsetend="35" fileid="81" />
                <BranchPoint vc="1" uspid="1612" ordinal="3" offset="30" sl="115" path="1" offsetend="174" fileid="81" />
                <BranchPoint vc="1" uspid="1613" ordinal="4" offset="167" sl="122" path="0" offsetend="169" fileid="81" />
                <BranchPoint vc="2" uspid="1614" ordinal="5" offset="167" sl="122" path="1" offsetend="66" fileid="81" />
              </BranchPoints>
              <MethodPoint xsi:type="SequencePoint" vc="2" uspid="1583" ordinal="0" offset="0" sl="110" sc="9" el="110" ec="10" bec="0" bev="0" fileid="81" />
            </Method>
          </Methods>
        </Class>
        <Class>
          <Summary numSequencePoints="3" visitedSequencePoints="3" numBranchPoints="1" visitedBranchPoints="1" sequenceCoverage="100" branchCoverage="100" maxCyclomaticComplexity="1" minCyclomaticComplexity="1" maxCrapScore="1" minCrapScore="1" visitedClasses="1" numClasses="1" visitedMethods="1" numMethods="1" />
          <FullName>OpenCollections.Factory/Messages</FullName>
          <Methods>
            <Method visited="true" cyclomaticComplexity="1" nPathComplexity="0" sequenceCoverage="100" branchCoverage="100" crapScore="1" isConstructor="false" isStatic="true" isGetter="false" isSetter="false">
              <Summary numSequencePoints="3" visitedSequencePoints="3" numBranchPoints="1" visitedBranchPoints="1" sequenceCoverage="100" branchCoverage="100" maxCyclomaticComplexity="1" minCyclomaticComplexity="1" maxCrapScore="1" minCrapScore="1" visitedClasses="0" numClasses="0" visitedMethods="1" numMethods="1" />
              <MetadataToken>100663573</MetadataToken>
              <Name>System.String OpenCollections.Factory/Messages::ManagedTokenError()</Name>
              <FileRef uid="81" />
              <SequencePoints>
                <SequencePoint vc="3" uspid="1615" ordinal="0" offset="0" sl="148" sc="13" el="148" ec="14" bec="0" bev="0" fileid="81" />
                <SequencePoint vc="3" uspid="1616" ordinal="1" offset="1" sl="149" sc="17" el="149" ec="244" bec="0" bev="0" fileid="81" />
                <SequencePoint vc="3" uspid="1617" ordinal="2" offset="9" sl="150" sc="13" el="150" ec="14" bec="0" bev="0" fileid="81" />
              </SequencePoints>
              <BranchPoints />
              <MethodPoint xsi:type="SequencePoint" vc="3" uspid="1615" ordinal="0" offset="0" sl="148" sc="13" el="148" ec="14" bec="0" bev="0" fileid="81" />
            </Method>
          </Methods>
        </Class>
        <Class>
          <Summary numSequencePoints="73" visitedSequencePoints="57" numBranchPoints="40" visitedBranchPoints="31" sequenceCoverage="78.08" branchCoverage="77.5" maxCyclomaticComplexity="8" minCyclomaticComplexity="1" maxCrapScore="8.38" minCrapScore="1" visitedClasses="1" numClasses="1" visitedMethods="16" numMethods="20" />
          <FullName>OpenCollections.ConcurrentProducer`1</FullName>
          <Methods>
            <Method visited="true" cyclomaticComplexity="1" nPathComplexity="0" sequenceCoverage="100" branchCoverage="100" crapScore="1" isConstructor="false" isStatic="false" isGetter="true" isSetter="false">
              <Summary numSequencePoints="1" visitedSequencePoints="1" numBranchPoints="1" visitedBranchPoints="1" sequenceCoverage="100" branchCoverage="100" maxCyclomaticComplexity="1" minCyclomaticComplexity="1" maxCrapScore="1" minCrapScore="1" visitedClasses="0" numClasses="0" visitedMethods="1" numMethods="1" />
              <MetadataToken>100663459</MetadataToken>
              <Name>System.Collections.Generic.IEnumerable`1&lt;T&gt; OpenCollections.ConcurrentProducer`1::get_Enumerable()</Name>
              <FileRef uid="83" />
              <SequencePoints>
                <SequencePoint vc="10" uspid="1618" ordinal="0" offset="0" sl="16" sc="44" el="16" ec="48" bec="0" bev="0" fileid="83" />
              </SequencePoints>
              <BranchPoints />
              <MethodPoint xsi:type="SequencePoint" vc="10" uspid="1618" ordinal="0" offset="0" sl="16" sc="44" el="16" ec="48" bec="0" bev="0" fileid="83" />
            </Method>
            <Method visited="true" cyclomaticComplexity="1" nPathComplexity="0" sequenceCoverage="100" branchCoverage="100" crapScore="1" isConstructor="false" isStatic="false" isGetter="true" isSetter="false">
              <Summary numSequencePoints="1" visitedSequencePoints="1" numBranchPoints="1" visitedBranchPoints="1" sequenceCoverage="100" branchCoverage="100" maxCyclomaticComplexity="1" minCyclomaticComplexity="1" maxCrapScore="1" minCrapScore="1" visitedClasses="0" numClasses="0" visitedMethods="1" numMethods="1" />
              <MetadataToken>100663460</MetadataToken>
              <Name>System.Collections.Concurrent.IProducerConsumerCollection`1&lt;T&gt; OpenCollections.ConcurrentProducer`1::get_ResultCollection()</Name>
              <FileRef uid="83" />
              <SequencePoints>
                <SequencePoint vc="9034" uspid="1619" ordinal="0" offset="0" sl="21" sc="66" el="21" ec="70" bec="0" bev="0" fileid="83" />
              </SequencePoints>
              <BranchPoints />
              <MethodPoint xsi:type="SequencePoint" vc="9034" uspid="1619" ordinal="0" offset="0" sl="21" sc="66" el="21" ec="70" bec="0" bev="0" fileid="83" />
            </Method>
            <Method visited="false" cyclomaticComplexity="1" nPathComplexity="0" sequenceCoverage="0" branchCoverage="0" crapScore="2" isConstructor="false" isStatic="false" isGetter="false" isSetter="true">
              <Summary numSequencePoints="1" visitedSequencePoints="0" numBranchPoints="1" visitedBranchPoints="0" sequenceCoverage="0" branchCoverage="0" maxCyclomaticComplexity="1" minCyclomaticComplexity="1" maxCrapScore="2" minCrapScore="2" visitedClasses="0" numClasses="0" visitedMethods="0" numMethods="1" />
              <MetadataToken>100663461</MetadataToken>
              <Name>System.Void OpenCollections.ConcurrentProducer`1::set_ResultCollection(System.Collections.Concurrent.IProducerConsumerCollection`1&lt;T&gt;)</Name>
              <FileRef uid="83" />
              <SequencePoints>
                <SequencePoint vc="0" uspid="1620" ordinal="0" offset="0" sl="21" sc="71" el="21" ec="75" bec="0" bev="0" fileid="83" />
              </SequencePoints>
              <BranchPoints />
              <MethodPoint xsi:type="SequencePoint" vc="0" uspid="1620" ordinal="0" offset="0" sl="21" sc="71" el="21" ec="75" bec="0" bev="0" fileid="83" />
            </Method>
            <Method visited="true" cyclomaticComplexity="1" nPathComplexity="0" sequenceCoverage="100" branchCoverage="100" crapScore="1" isConstructor="false" isStatic="false" isGetter="true" isSetter="false">
              <Summary numSequencePoints="1" visitedSequencePoints="1" numBranchPoints="1" visitedBranchPoints="1" sequenceCoverage="100" branchCoverage="100" maxCyclomaticComplexity="1" minCyclomaticComplexity="1" maxCrapScore="1" minCrapScore="1" visitedClasses="0" numClasses="0" visitedMethods="1" numMethods="1" />
              <MetadataToken>100663462</MetadataToken>
              <Name>System.Boolean OpenCollections.ConcurrentProducer`1::get_Producing()</Name>
              <FileRef uid="83" />
              <SequencePoints>
                <SequencePoint vc="10" uspid="1621" ordinal="0" offset="0" sl="26" sc="33" el="26" ec="37" bec="0" bev="0" fileid="83" />
              </SequencePoints>
              <BranchPoints />
              <MethodPoint xsi:type="SequencePoint" vc="10" uspid="1621" ordinal="0" offset="0" sl="26" sc="33" el="26" ec="37" bec="0" bev="0" fileid="83" />
            </Method>
            <Method visited="true" cyclomaticComplexity="1" nPathComplexity="0" sequenceCoverage="100" branchCoverage="100" crapScore="1" isConstructor="false" isStatic="false" isGetter="false" isSetter="true">
              <Summary numSequencePoints="1" visitedSequencePoints="1" numBranchPoints="1" visitedBranchPoints="1" sequenceCoverage="100" branchCoverage="100" maxCyclomaticComplexity="1" minCyclomaticComplexity="1" maxCrapScore="1" minCrapScore="1" visitedClasses="0" numClasses="0" visitedMethods="1" numMethods="1" />
              <MetadataToken>100663463</MetadataToken>
              <Name>System.Void OpenCollections.ConcurrentProducer`1::set_Producing(System.Boolean)</Name>
              <FileRef uid="83" />
              <SequencePoints>
                <SequencePoint vc="20" uspid="1622" ordinal="0" offset="0" sl="26" sc="38" el="26" ec="50" bec="0" bev="0" fileid="83" />
              </SequencePoints>
              <BranchPoints />
              <MethodPoint xsi:type="SequencePoint" vc="20" uspid="1622" ordinal="0" offset="0" sl="26" sc="38" el="26" ec="50" bec="0" bev="0" fileid="83" />
            </Method>
            <Method visited="true" cyclomaticComplexity="1" nPathComplexity="0" sequenceCoverage="100" branchCoverage="100" crapScore="1" isConstructor="false" isStatic="false" isGetter="true" isSetter="false">
              <Summary numSequencePoints="1" visitedSequencePoints="1" numBranchPoints="1" visitedBranchPoints="1" sequenceCoverage="100" branchCoverage="100" maxCyclomaticComplexity="1" minCyclomaticComplexity="1" maxCrapScore="1" minCrapScore="1" visitedClasses="0" numClasses="0" visitedMethods="1" numMethods="1" />
              <MetadataToken>100663470</MetadataToken>
              <Name>System.Collections.Generic.List`1&lt;T&gt; OpenCollections.ConcurrentProducer`1::get_Buffer()</Name>
              <FileRef uid="83" />
              <SequencePoints>
                <SequencePoint vc="4513" uspid="1623" ordinal="0" offset="0" sl="48" sc="35" el="48" ec="39" bec="0" bev="0" fileid="83" />
              </SequencePoints>
              <BranchPoints />
              <MethodPoint xsi:type="SequencePoint" vc="4513" uspid="1623" ordinal="0" offset="0" sl="48" sc="35" el="48" ec="39" bec="0" bev="0" fileid="83" />
            </Method>
            <Method visited="false" cyclomaticComplexity="1" nPathComplexity="0" sequenceCoverage="0" branchCoverage="0" crapScore="2" isConstructor="false" isStatic="false" isGetter="false" isSetter="true">
              <Summary numSequencePoints="1" visitedSequencePoints="0" numBranchPoints="1" visitedBranchPoints="0" sequenceCoverage="0" branchCoverage="0" maxCyclomaticComplexity="1" minCyclomaticComplexity="1" maxCrapScore="2" minCrapScore="2" visitedClasses="0" numClasses="0" visitedMethods="0" numMethods="1" />
              <MetadataToken>100663471</MetadataToken>
              <Name>System.Void OpenCollections.ConcurrentProducer`1::set_Buffer(System.Collections.Generic.List`1&lt;T&gt;)</Name>
              <FileRef uid="83" />
              <SequencePoints>
                <SequencePoint vc="0" uspid="1624" ordinal="0" offset="0" sl="48" sc="40" el="48" ec="52" bec="0" bev="0" fileid="83" />
              </SequencePoints>
              <BranchPoints />
              <MethodPoint xsi:type="SequencePoint" vc="0" uspid="1624" ordinal="0" offset="0" sl="48" sc="40" el="48" ec="52" bec="0" bev="0" fileid="83" />
            </Method>
            <Method visited="true" cyclomaticComplexity="1" nPathComplexity="0" sequenceCoverage="100" branchCoverage="100" crapScore="1" isConstructor="false" isStatic="false" isGetter="true" isSetter="false">
              <Summary numSequencePoints="1" visitedSequencePoints="1" numBranchPoints="1" visitedBranchPoints="1" sequenceCoverage="100" branchCoverage="100" maxCyclomaticComplexity="1" minCyclomaticComplexity="1" maxCrapScore="1" minCrapScore="1" visitedClasses="0" numClasses="0" visitedMethods="1" numMethods="1" />
              <MetadataToken>100663472</MetadataToken>
              <Name>System.Threading.CancellationTokenSource OpenCollections.ConcurrentProducer`1::get_TokenSource()</Name>
              <FileRef uid="83" />
              <SequencePoints>
                <SequencePoint vc="15" uspid="1625" ordinal="0" offset="0" sl="50" sc="55" el="50" ec="59" bec="0" bev="0" fileid="83" />
              </SequencePoints>
              <BranchPoints />
              <MethodPoint xsi:type="SequencePoint" vc="15" uspid="1625" ordinal="0" offset="0" sl="50" sc="55" el="50" ec="59" bec="0" bev="0" fileid="83" />
            </Method>
            <Method visited="true" cyclomaticComplexity="1" nPathComplexity="0" sequenceCoverage="100" branchCoverage="100" crapScore="1" isConstructor="false" isStatic="false" isGetter="false" isSetter="true">
              <Summary numSequencePoints="1" visitedSequencePoints="1" numBranchPoints="1" visitedBranchPoints="1" sequenceCoverage="100" branchCoverage="100" maxCyclomaticComplexity="1" minCyclomaticComplexity="1" maxCrapScore="1" minCrapScore="1" visitedClasses="0" numClasses="0" visitedMethods="1" numMethods="1" />
              <MetadataToken>100663473</MetadataToken>
              <Name>System.Void OpenCollections.ConcurrentProducer`1::set_TokenSource(System.Threading.CancellationTokenSource)</Name>
              <FileRef uid="83" />
              <SequencePoints>
                <SequencePoint vc="5" uspid="1626" ordinal="0" offset="0" sl="50" sc="60" el="50" ec="64" bec="0" bev="0" fileid="83" />
              </SequencePoints>
              <BranchPoints />
              <MethodPoint xsi:type="SequencePoint" vc="5" uspid="1626" ordinal="0" offset="0" sl="50" sc="60" el="50" ec="64" bec="0" bev="0" fileid="83" />
            </Method>
            <Method visited="true" cyclomaticComplexity="1" nPathComplexity="0" sequenceCoverage="100" branchCoverage="100" crapScore="1" isConstructor="false" isStatic="false" isGetter="true" isSetter="false">
              <Summary numSequencePoints="1" visitedSequencePoints="1" numBranchPoints="1" visitedBranchPoints="1" sequenceCoverage="100" branchCoverage="100" maxCyclomaticComplexity="1" minCyclomaticComplexity="1" maxCrapScore="1" minCrapScore="1" visitedClasses="0" numClasses="0" visitedMethods="1" numMethods="1" />
              <MetadataToken>100663474</MetadataToken>
              <Name>System.Threading.CancellationToken OpenCollections.ConcurrentProducer`1::get_ManagedToken()</Name>
              <FileRef uid="83" />
              <SequencePoints>
                <SequencePoint vc="1" uspid="1627" ordinal="0" offset="0" sl="52" sc="50" el="52" ec="54" bec="0" bev="0" fileid="83" />
              </SequencePoints>
              <BranchPoints />
              <MethodPoint xsi:type="SequencePoint" vc="1" uspid="1627" ordinal="0" offset="0" sl="52" sc="50" el="52" ec="54" bec="0" bev="0" fileid="83" />
            </Method>
            <Method visited="true" cyclomaticComplexity="1" nPathComplexity="0" sequenceCoverage="100" branchCoverage="100" crapScore="1" isConstructor="false" isStatic="false" isGetter="false" isSetter="true">
              <Summary numSequencePoints="1" visitedSequencePoints="1" numBranchPoints="1" visitedBranchPoints="1" sequenceCoverage="100" branchCoverage="100" maxCyclomaticComplexity="1" minCyclomaticComplexity="1" maxCrapScore="1" minCrapScore="1" visitedClasses="0" numClasses="0" visitedMethods="1" numMethods="1" />
              <MetadataToken>100663475</MetadataToken>
              <Name>System.Void OpenCollections.ConcurrentProducer`1::set_ManagedToken(System.Threading.CancellationToken)</Name>
              <FileRef uid="83" />
              <SequencePoints>
                <SequencePoint vc="1" uspid="1628" ordinal="0" offset="0" sl="52" sc="55" el="52" ec="59" bec="0" bev="0" fileid="83" />
              </SequencePoints>
              <BranchPoints />
              <MethodPoint xsi:type="SequencePoint" vc="1" uspid="1628" ordinal="0" offset="0" sl="52" sc="55" el="52" ec="59" bec="0" bev="0" fileid="83" />
            </Method>
            <Method visited="false" cyclomaticComplexity="2" nPathComplexity="0" sequenceCoverage="0" branchCoverage="0" crapScore="6" isConstructor="false" isStatic="false" isGetter="false" isSetter="false">
              <Summary numSequencePoints="0" visitedSequencePoints="0" numBranchPoints="0" visitedBranchPoints="0" sequenceCoverage="0" branchCoverage="0" maxCyclomaticComplexity="2" minCyclomaticComplexity="2" maxCrapScore="6" minCrapScore="6" visitedClasses="0" numClasses="0" visitedMethods="0" numMethods="0" />
              <MetadataToken>100663464</MetadataToken>
              <Name>System.Void OpenCollections.ConcurrentProducer`1::add_Started(System.Action)</Name>
              <SequencePoints />
              <BranchPoints />
              <MethodPoint vc="0" uspid="1629" ordinal="0" offset="0" />
            </Method>
            <Method visited="false" cyclomaticComplexity="2" nPathComplexity="0" sequenceCoverage="0" branchCoverage="0" crapScore="6" isConstructor="false" isStatic="false" isGetter="false" isSetter="false">
              <Summary numSequencePoints="0" visitedSequencePoints="0" numBranchPoints="0" visitedBranchPoints="0" sequenceCoverage="0" branchCoverage="0" maxCyclomaticComplexity="2" minCyclomaticComplexity="2" maxCrapScore="6" minCrapScore="6" visitedClasses="0" numClasses="0" visitedMethods="0" numMethods="0" />
              <MetadataToken>100663465</MetadataToken>
              <Name>System.Void OpenCollections.ConcurrentProducer`1::remove_Started(System.Action)</Name>
              <SequencePoints />
              <BranchPoints />
              <MethodPoint vc="0" uspid="1630" ordinal="0" offset="0" />
            </Method>
            <Method visited="false" cyclomaticComplexity="2" nPathComplexity="0" sequenceCoverage="0" branchCoverage="0" crapScore="6" isConstructor="false" isStatic="false" isGetter="false" isSetter="false">
              <Summary numSequencePoints="0" visitedSequencePoints="0" numBranchPoints="0" visitedBranchPoints="0" sequenceCoverage="0" branchCoverage="0" maxCyclomaticComplexity="2" minCyclomaticComplexity="2" maxCrapScore="6" minCrapScore="6" visitedClasses="0" numClasses="0" visitedMethods="0" numMethods="0" />
              <MetadataToken>100663466</MetadataToken>
              <Name>System.Void OpenCollections.ConcurrentProducer`1::add_Finished(System.Action)</Name>
              <SequencePoints />
              <BranchPoints />
              <MethodPoint vc="0" uspid="1631" ordinal="0" offset="0" />
            </Method>
            <Method visited="false" cyclomaticComplexity="2" nPathComplexity="0" sequenceCoverage="0" branchCoverage="0" crapScore="6" isConstructor="false" isStatic="false" isGetter="false" isSetter="false">
              <Summary numSequencePoints="0" visitedSequencePoints="0" numBranchPoints="0" visitedBranchPoints="0" sequenceCoverage="0" branchCoverage="0" maxCyclomaticComplexity="2" minCyclomaticComplexity="2" maxCrapScore="6" minCrapScore="6" visitedClasses="0" numClasses="0" visitedMethods="0" numMethods="0" />
              <MetadataToken>100663467</MetadataToken>
              <Name>System.Void OpenCollections.ConcurrentProducer`1::remove_Finished(System.Action)</Name>
              <SequencePoints />
              <BranchPoints />
              <MethodPoint vc="0" uspid="1632" ordinal="0" offset="0" />
            </Method>
            <Method visited="false" cyclomaticComplexity="2" nPathComplexity="0" sequenceCoverage="0" branchCoverage="0" crapScore="6" isConstructor="false" isStatic="false" isGetter="false" isSetter="false">
              <Summary numSequencePoints="0" visitedSequencePoints="0" numBranchPoints="0" visitedBranchPoints="0" sequenceCoverage="0" branchCoverage="0" maxCyclomaticComplexity="2" minCyclomaticComplexity="2" maxCrapScore="6" minCrapScore="6" visitedClasses="0" numClasses="0" visitedMethods="0" numMethods="0" />
              <MetadataToken>100663468</MetadataToken>
              <Name>System.Void OpenCollections.ConcurrentProducer`1::add_CollectionChanged(System.Action)</Name>
              <SequencePoints />
              <BranchPoints />
              <MethodPoint vc="0" uspid="1633" ordinal="0" offset="0" />
            </Method>
            <Method visited="false" cyclomaticComplexity="2" nPathComplexity="0" sequenceCoverage="0" branchCoverage="0" crapScore="6" isConstructor="false" isStatic="false" isGetter="false" isSetter="false">
              <Summary numSequencePoints="0" visitedSequencePoints="0" numBranchPoints="0" visitedBranchPoints="0" sequenceCoverage="0" branchCoverage="0" maxCyclomaticComplexity="2" minCyclomaticComplexity="2" maxCrapScore="6" minCrapScore="6" visitedClasses="0" numClasses="0" visitedMethods="0" numMethods="0" />
              <MetadataToken>100663469</MetadataToken>
              <Name>System.Void OpenCollections.ConcurrentProducer`1::remove_CollectionChanged(System.Action)</Name>
              <SequencePoints />
              <BranchPoints />
              <MethodPoint vc="0" uspid="1634" ordinal="0" offset="0" />
            </Method>
            <Method visited="true" cyclomaticComplexity="1" nPathComplexity="0" sequenceCoverage="100" branchCoverage="100" crapScore="1" isConstructor="true" isStatic="false" isGetter="false" isSetter="false">
              <Summary numSequencePoints="6" visitedSequencePoints="6" numBranchPoints="1" visitedBranchPoints="1" sequenceCoverage="100" branchCoverage="100" maxCyclomaticComplexity="1" minCyclomaticComplexity="1" maxCrapScore="1" minCrapScore="1" visitedClasses="0" numClasses="0" visitedMethods="1" numMethods="1" />
              <MetadataToken>100663476</MetadataToken>
              <Name>System.Void OpenCollections.ConcurrentProducer`1::.ctor(System.Collections.Generic.IEnumerable`1&lt;T&gt;)</Name>
              <FileRef uid="83" />
              <SequencePoints>
                <SequencePoint vc="12" uspid="1635" ordinal="0" offset="0" sl="21" sc="80" el="21" ec="104" bec="0" bev="0" fileid="83" />
                <SequencePoint vc="12" uspid="1636" ordinal="1" offset="11" sl="48" sc="57" el="48" ec="70" bec="0" bev="0" fileid="83" />
                <SequencePoint vc="12" uspid="1637" ordinal="2" offset="22" sl="58" sc="9" el="58" ec="67" bec="0" bev="0" fileid="83" />
                <SequencePoint vc="12" uspid="1638" ordinal="3" offset="29" sl="59" sc="9" el="59" ec="10" bec="0" bev="0" fileid="83" />
                <SequencePoint vc="12" uspid="1639" ordinal="4" offset="30" sl="60" sc="13" el="60" ec="43" bec="0" bev="0" fileid="83" />
                <SequencePoint vc="12" uspid="1640" ordinal="5" offset="37" sl="61" sc="9" el="61" ec="10" bec="0" bev="0" fileid="83" />
              </SequencePoints>
              <BranchPoints />
              <MethodPoint xsi:type="SequencePoint" vc="12" uspid="1635" ordinal="0" offset="0" sl="21" sc="80" el="21" ec="104" bec="0" bev="0" fileid="83" />
            </Method>
            <Method visited="true" cyclomaticComplexity="1" nPathComplexity="0" sequenceCoverage="100" branchCoverage="100" crapScore="1" isConstructor="false" isStatic="false" isGetter="false" isSetter="false">
              <Summary numSequencePoints="1" visitedSequencePoints="1" numBranchPoints="1" visitedBranchPoints="1" sequenceCoverage="100" branchCoverage="100" maxCyclomaticComplexity="1" minCyclomaticComplexity="1" maxCrapScore="1" minCrapScore="1" visitedClasses="0" numClasses="0" visitedMethods="1" numMethods="1" />
              <MetadataToken>100663477</MetadataToken>
              <Name>System.Void OpenCollections.ConcurrentProducer`1::Produce()</Name>
              <FileRef uid="83" />
              <SequencePoints>
                <SequencePoint vc="4" uspid="1641" ordinal="0" offset="0" sl="63" sc="34" el="63" ec="48" bec="0" bev="0" fileid="83" />
              </SequencePoints>
              <BranchPoints />
              <MethodPoint xsi:type="SequencePoint" vc="4" uspid="1641" ordinal="0" offset="0" sl="63" sc="34" el="63" ec="48" bec="0" bev="0" fileid="83" />
            </Method>
            <Method visited="false" cyclomaticComplexity="1" nPathComplexity="0" sequenceCoverage="0" branchCoverage="0" crapScore="2" isConstructor="false" isStatic="false" isGetter="false" isSetter="false">
              <Summary numSequencePoints="0" visitedSequencePoints="0" numBranchPoints="0" visitedBranchPoints="0" sequenceCoverage="0" branchCoverage="0" maxCyclomaticComplexity="1" minCyclomaticComplexity="1" maxCrapScore="2" minCrapScore="2" visitedClasses="0" numClasses="0" visitedMethods="0" numMethods="0" />
              <MetadataToken>100663478</MetadataToken>
              <Name>System.Threading.Tasks.Task OpenCollections.ConcurrentProducer`1::ProduceAsync()</Name>
              <SequencePoints />
              <BranchPoints />
              <MethodPoint vc="0" uspid="1642" ordinal="0" offset="0" />
            </Method>
            <Method visited="false" cyclomaticComplexity="1" nPathComplexity="0" sequenceCoverage="0" branchCoverage="0" crapScore="2" isConstructor="false" isStatic="false" isGetter="false" isSetter="false">
              <Summary numSequencePoints="0" visitedSequencePoints="0" numBranchPoints="0" visitedBranchPoints="0" sequenceCoverage="0" branchCoverage="0" maxCyclomaticComplexity="1" minCyclomaticComplexity="1" maxCrapScore="2" minCrapScore="2" visitedClasses="0" numClasses="0" visitedMethods="0" numMethods="0" />
              <MetadataToken>100663479</MetadataToken>
              <Name>System.Threading.Tasks.Task OpenCollections.ConcurrentProducer`1::ProduceAsync(System.Threading.CancellationToken)</Name>
              <SequencePoints />
              <BranchPoints />
              <MethodPoint vc="0" uspid="1643" ordinal="0" offset="0" />
            </Method>
            <Method visited="true" cyclomaticComplexity="8" nPathComplexity="64" sequenceCoverage="81.82" branchCoverage="84.62" crapScore="8.38" isConstructor="false" isStatic="false" isGetter="false" isSetter="false">
              <Summary numSequencePoints="22" visitedSequencePoints="18" numBranchPoints="13" visitedBranchPoints="11" sequenceCoverage="81.82" branchCoverage="84.62" maxCyclomaticComplexity="8" minCyclomaticComplexity="8" maxCrapScore="8.38" minCrapScore="8.38" visitedClasses="0" numClasses="0" visitedMethods="1" numMethods="1" />
              <MetadataToken>100663480</MetadataToken>
              <Name>System.Void OpenCollections.ConcurrentProducer`1::ProduceItems(System.Threading.CancellationToken)</Name>
              <FileRef uid="83" />
              <SequencePoints>
                <SequencePoint vc="10" uspid="1644" ordinal="0" offset="0" sl="80" sc="9" el="80" ec="10" bec="0" bev="0" fileid="83" />
                <SequencePoint vc="10" uspid="1645" ordinal="1" offset="1" sl="81" sc="13" el="81" ec="27" bec="2" bev="1" fileid="83" />
                <SequencePoint vc="0" uspid="1646" ordinal="2" offset="11" sl="82" sc="13" el="82" ec="14" bec="0" bev="0" fileid="83" />
                <SequencePoint vc="0" uspid="1647" ordinal="3" offset="12" sl="83" sc="17" el="83" ec="24" bec="0" bev="0" fileid="83" />
                <SequencePoint vc="10" uspid="1648" ordinal="4" offset="17" sl="85" sc="13" el="85" ec="31" bec="2" bev="2" fileid="83" />
                <SequencePoint vc="10" uspid="1649" ordinal="5" offset="35" sl="87" sc="20" el="87" ec="74" bec="0" bev="0" fileid="83" />
                <SequencePoint vc="10" uspid="1650" ordinal="6" offset="47" sl="88" sc="13" el="88" ec="14" bec="0" bev="0" fileid="83" />
                <SequencePoint vc="10" uspid="1651" ordinal="7" offset="48" sl="90" sc="17" el="90" ec="34" bec="0" bev="0" fileid="83" />
                <SequencePoint vc="4503" uspid="1652" ordinal="8" offset="58" sl="93" sc="17" el="93" ec="18" bec="0" bev="0" fileid="83" />
                <SequencePoint vc="4503" uspid="1653" ordinal="9" offset="59" sl="95" sc="21" el="95" ec="58" bec="0" bev="0" fileid="83" />
                <SequencePoint vc="4503" uspid="1654" ordinal="10" offset="67" sl="97" sc="21" el="97" ec="85" bec="0" bev="0" fileid="83" />
                <SequencePoint vc="4503" uspid="1655" ordinal="11" offset="86" sl="99" sc="21" el="99" ec="61" bec="2" bev="1" fileid="83" />
                <SequencePoint vc="0" uspid="1656" ordinal="12" offset="100" sl="100" sc="21" el="100" ec="22" bec="0" bev="0" fileid="83" />
                <SequencePoint vc="0" uspid="1657" ordinal="13" offset="101" sl="101" sc="25" el="101" ec="31" bec="0" bev="0" fileid="83" />
                <SequencePoint vc="4503" uspid="1658" ordinal="14" offset="103" sl="104" sc="21" el="104" ec="49" bec="2" bev="2" fileid="83" />
                <SequencePoint vc="4503" uspid="1659" ordinal="15" offset="121" sl="105" sc="17" el="105" ec="18" bec="0" bev="0" fileid="83" />
                <SequencePoint vc="4513" uspid="1660" ordinal="16" offset="122" sl="92" sc="17" el="92" ec="46" bec="2" bev="2" fileid="83" />
                <SequencePoint vc="10" uspid="1661" ordinal="17" offset="132" sl="106" sc="13" el="106" ec="14" bec="0" bev="0" fileid="83" />
                <SequencePoint vc="10" uspid="1662" ordinal="18" offset="146" sl="107" sc="13" el="107" ec="78" bec="0" bev="0" fileid="83" />
                <SequencePoint vc="10" uspid="1663" ordinal="19" offset="165" sl="108" sc="13" el="108" ec="32" bec="2" bev="2" fileid="83" />
                <SequencePoint vc="10" uspid="1664" ordinal="20" offset="183" sl="109" sc="13" el="109" ec="31" bec="0" bev="0" fileid="83" />
                <SequencePoint vc="10" uspid="1665" ordinal="21" offset="191" sl="110" sc="9" el="110" ec="10" bec="0" bev="0" fileid="83" />
              </SequencePoints>
              <BranchPoints>
                <BranchPoint vc="0" uspid="1666" ordinal="0" offset="9" sl="81" path="0" offsetend="11" fileid="83" />
                <BranchPoint vc="10" uspid="1667" ordinal="1" offset="9" sl="81" path="1" offsetend="17" fileid="83" />
                <BranchPoint vc="4" uspid="1668" ordinal="2" offset="24" sl="85" path="0" offsetend="26" fileid="83" />
                <BranchPoint vc="6" uspid="1669" ordinal="3" offset="24" sl="85" path="1" offsetend="29" fileid="83" />
                <BranchPoint vc="0" uspid="1670" ordinal="4" offset="98" sl="99" path="0" offsetend="100" fileid="83" />
                <BranchPoint vc="4503" uspid="1671" ordinal="5" offset="98" sl="99" path="1" offsetend="103" fileid="83" />
                <BranchPoint vc="1503" uspid="1672" ordinal="6" offset="110" sl="104" path="0" offsetend="112" fileid="83" />
                <BranchPoint vc="3000" uspid="1673" ordinal="7" offset="110" sl="104" path="1" offsetend="115" fileid="83" />
                <BranchPoint vc="10" uspid="1674" ordinal="8" offset="130" sl="92" path="0" offsetend="132" fileid="83" />
                <BranchPoint vc="4503" uspid="1675" ordinal="9" offset="130" sl="92" path="1" offsetend="58" fileid="83" />
                <BranchPoint vc="4" uspid="1676" ordinal="10" offset="172" sl="108" path="0" offsetend="174" fileid="83" />
                <BranchPoint vc="6" uspid="1677" ordinal="11" offset="172" sl="108" path="1" offsetend="177" fileid="83" />
              </BranchPoints>
              <MethodPoint xsi:type="SequencePoint" vc="10" uspid="1644" ordinal="0" offset="0" sl="80" sc="9" el="80" ec="10" bec="0" bev="0" fileid="83" />
            </Method>
            <Method visited="true" cyclomaticComplexity="3" nPathComplexity="4" sequenceCoverage="63.64" branchCoverage="60" crapScore="3.43" isConstructor="false" isStatic="false" isGetter="false" isSetter="false">
              <Summary numSequencePoints="11" visitedSequencePoints="7" numBranchPoints="5" visitedBranchPoints="3" sequenceCoverage="63.64" branchCoverage="60" maxCyclomaticComplexity="3" minCyclomaticComplexity="3" maxCrapScore="3.43" minCrapScore="3.43" visitedClasses="0" numClasses="0" visitedMethods="1" numMethods="1" />
              <MetadataToken>100663481</MetadataToken>
              <Name>System.Boolean OpenCollections.ConcurrentProducer`1::TryProduceItem(System.Collections.Generic.IEnumerator`1&lt;T&gt;)</Name>
              <FileRef uid="83" />
              <SequencePoints>
                <SequencePoint vc="4503" uspid="1678" ordinal="0" offset="0" sl="113" sc="9" el="113" ec="10" bec="0" bev="0" fileid="83" />
                <SequencePoint vc="4503" uspid="1679" ordinal="1" offset="1" sl="114" sc="13" el="114" ec="41" bec="0" bev="0" fileid="83" />
                <SequencePoint vc="4503" uspid="1680" ordinal="2" offset="8" sl="116" sc="13" el="116" ec="48" bec="2" bev="1" fileid="83" />
                <SequencePoint vc="4503" uspid="1681" ordinal="3" offset="27" sl="117" sc="13" el="117" ec="14" bec="0" bev="0" fileid="83" />
                <SequencePoint vc="4503" uspid="1682" ordinal="4" offset="28" sl="118" sc="17" el="118" ec="60" bec="2" bev="1" fileid="83" />
                <SequencePoint vc="0" uspid="1683" ordinal="5" offset="47" sl="119" sc="17" el="119" ec="18" bec="0" bev="0" fileid="83" />
                <SequencePoint vc="0" uspid="1684" ordinal="6" offset="48" sl="120" sc="21" el="120" ec="38" bec="0" bev="0" fileid="83" />
                <SequencePoint vc="0" uspid="1685" ordinal="7" offset="61" sl="121" sc="17" el="121" ec="18" bec="0" bev="0" fileid="83" />
                <SequencePoint vc="4503" uspid="1686" ordinal="8" offset="62" sl="122" sc="17" el="122" ec="29" bec="0" bev="0" fileid="83" />
                <SequencePoint vc="0" uspid="1687" ordinal="9" offset="66" sl="125" sc="13" el="125" ec="26" bec="0" bev="0" fileid="83" />
                <SequencePoint vc="4503" uspid="1688" ordinal="10" offset="70" sl="126" sc="9" el="126" ec="10" bec="0" bev="0" fileid="83" />
              </SequencePoints>
              <BranchPoints>
                <BranchPoint vc="4503" uspid="1689" ordinal="0" offset="25" sl="116" path="0" offsetend="27" fileid="83" />
                <BranchPoint vc="0" uspid="1690" ordinal="1" offset="25" sl="116" path="1" offsetend="66" fileid="83" />
                <BranchPoint vc="0" uspid="1691" ordinal="2" offset="45" sl="118" path="0" offsetend="47" fileid="83" />
                <BranchPoint vc="4503" uspid="1692" ordinal="3" offset="45" sl="118" path="1" offsetend="62" fileid="83" />
              </BranchPoints>
              <MethodPoint xsi:type="SequencePoint" vc="4503" uspid="1678" ordinal="0" offset="0" sl="113" sc="9" el="113" ec="10" bec="0" bev="0" fileid="83" />
            </Method>
            <Method visited="true" cyclomaticComplexity="2" nPathComplexity="2" sequenceCoverage="100" branchCoverage="100" crapScore="2" isConstructor="false" isStatic="false" isGetter="false" isSetter="false">
              <Summary numSequencePoints="11" visitedSequencePoints="11" numBranchPoints="3" visitedBranchPoints="3" sequenceCoverage="100" branchCoverage="100" maxCyclomaticComplexity="2" minCyclomaticComplexity="2" maxCrapScore="2" minCrapScore="2" visitedClasses="0" numClasses="0" visitedMethods="1" numMethods="1" />
              <MetadataToken>100663482</MetadataToken>
              <Name>System.Threading.CancellationToken OpenCollections.ConcurrentProducer`1::SetManagedToken(System.Threading.CancellationToken)</Name>
              <FileRef uid="83" />
              <SequencePoints>
                <SequencePoint vc="6" uspid="1693" ordinal="0" offset="0" sl="129" sc="9" el="129" ec="10" bec="0" bev="0" fileid="83" />
                <SequencePoint vc="6" uspid="1694" ordinal="1" offset="1" sl="130" sc="13" el="130" ec="34" bec="2" bev="2" fileid="83" />
                <SequencePoint vc="1" uspid="1695" ordinal="2" offset="20" sl="131" sc="13" el="131" ec="14" bec="0" bev="0" fileid="83" />
                <SequencePoint vc="1" uspid="1696" ordinal="3" offset="21" sl="132" sc="17" el="132" ec="38" bec="0" bev="0" fileid="83" />
                <SequencePoint vc="1" uspid="1697" ordinal="4" offset="29" sl="133" sc="13" el="133" ec="14" bec="0" bev="0" fileid="83" />
                <SequencePoint vc="5" uspid="1698" ordinal="5" offset="32" sl="135" sc="13" el="135" ec="14" bec="0" bev="0" fileid="83" />
                <SequencePoint vc="5" uspid="1699" ordinal="6" offset="33" sl="136" sc="17" el="136" ec="61" bec="0" bev="0" fileid="83" />
                <SequencePoint vc="5" uspid="1700" ordinal="7" offset="45" sl="137" sc="17" el="137" ec="43" bec="0" bev="0" fileid="83" />
                <SequencePoint vc="5" uspid="1701" ordinal="8" offset="58" sl="138" sc="13" el="138" ec="14" bec="0" bev="0" fileid="83" />
                <SequencePoint vc="6" uspid="1702" ordinal="9" offset="59" sl="139" sc="13" el="139" ec="26" bec="0" bev="0" fileid="83" />
                <SequencePoint vc="6" uspid="1703" ordinal="10" offset="63" sl="140" sc="9" el="140" ec="10" bec="0" bev="0" fileid="83" />
              </SequencePoints>
              <BranchPoints>
                <BranchPoint vc="1" uspid="1704" ordinal="0" offset="18" sl="130" path="0" offsetend="20" fileid="83" />
                <BranchPoint vc="5" uspid="1705" ordinal="1" offset="18" sl="130" path="1" offsetend="32" fileid="83" />
              </BranchPoints>
              <MethodPoint xsi:type="SequencePoint" vc="6" uspid="1693" ordinal="0" offset="0" sl="129" sc="9" el="129" ec="10" bec="0" bev="0" fileid="83" />
            </Method>
            <Method visited="true" cyclomaticComplexity="2" nPathComplexity="2" sequenceCoverage="66.67" branchCoverage="66.67" crapScore="2.15" isConstructor="false" isStatic="false" isGetter="false" isSetter="false">
              <Summary numSequencePoints="6" visitedSequencePoints="4" numBranchPoints="3" visitedBranchPoints="2" sequenceCoverage="66.67" branchCoverage="66.67" maxCyclomaticComplexity="2" minCyclomaticComplexity="2" maxCrapScore="2.15" minCrapScore="2.15" visitedClasses="0" numClasses="0" visitedMethods="1" numMethods="1" />
              <MetadataToken>100663483</MetadataToken>
              <Name>System.Void OpenCollections.ConcurrentProducer`1::Cancel()</Name>
              <FileRef uid="83" />
              <SequencePoints>
                <SequencePoint vc="1" uspid="1706" ordinal="0" offset="0" sl="143" sc="9" el="143" ec="10" bec="0" bev="0" fileid="83" />
                <SequencePoint vc="1" uspid="1707" ordinal="1" offset="1" sl="144" sc="13" el="144" ec="41" bec="2" bev="1" fileid="83" />
                <SequencePoint vc="1" uspid="1708" ordinal="2" offset="25" sl="145" sc="13" el="145" ec="14" bec="0" bev="0" fileid="83" />
                <SequencePoint vc="1" uspid="1709" ordinal="3" offset="26" sl="146" sc="17" el="146" ec="236" bec="0" bev="0" fileid="83" />
                <SequencePoint vc="0" uspid="1710" ordinal="4" offset="37" sl="148" sc="13" el="148" ec="34" bec="0" bev="0" fileid="83" />
                <SequencePoint vc="0" uspid="1711" ordinal="5" offset="49" sl="149" sc="9" el="149" ec="10" bec="0" bev="0" fileid="83" />
              </SequencePoints>
              <BranchPoints>
                <BranchPoint vc="1" uspid="1712" ordinal="0" offset="23" sl="144" path="0" offsetend="25" fileid="83" />
                <BranchPoint vc="0" uspid="1713" ordinal="1" offset="23" sl="144" path="1" offsetend="37" fileid="83" />
              </BranchPoints>
              <MethodPoint xsi:type="SequencePoint" vc="1" uspid="1706" ordinal="0" offset="0" sl="143" sc="9" el="143" ec="10" bec="0" bev="0" fileid="83" />
            </Method>
            <Method visited="false" cyclomaticComplexity="1" nPathComplexity="0" sequenceCoverage="0" branchCoverage="0" crapScore="2" isConstructor="false" isStatic="false" isGetter="false" isSetter="false">
              <Summary numSequencePoints="3" visitedSequencePoints="0" numBranchPoints="1" visitedBranchPoints="0" sequenceCoverage="0" branchCoverage="0" maxCyclomaticComplexity="1" minCyclomaticComplexity="1" maxCrapScore="2" minCrapScore="2" visitedClasses="0" numClasses="0" visitedMethods="0" numMethods="1" />
              <MetadataToken>100663484</MetadataToken>
              <Name>System.Void OpenCollections.ConcurrentProducer`1::Dispose()</Name>
              <FileRef uid="83" />
              <SequencePoints>
                <SequencePoint vc="0" uspid="1714" ordinal="0" offset="0" sl="152" sc="9" el="152" ec="10" bec="0" bev="0" fileid="83" />
                <SequencePoint vc="0" uspid="1715" ordinal="1" offset="1" sl="153" sc="13" el="153" ec="50" bec="0" bev="0" fileid="83" />
                <SequencePoint vc="0" uspid="1716" ordinal="2" offset="13" sl="154" sc="9" el="154" ec="10" bec="0" bev="0" fileid="83" />
              </SequencePoints>
              <BranchPoints />
              <MethodPoint xsi:type="SequencePoint" vc="0" uspid="1714" ordinal="0" offset="0" sl="152" sc="9" el="152" ec="10" bec="0" bev="0" fileid="83" />
            </Method>
            <Method visited="false" cyclomaticComplexity="1" nPathComplexity="0" sequenceCoverage="0" branchCoverage="0" crapScore="2" isConstructor="false" isStatic="false" isGetter="false" isSetter="false">
              <Summary numSequencePoints="1" visitedSequencePoints="0" numBranchPoints="1" visitedBranchPoints="0" sequenceCoverage="0" branchCoverage="0" maxCyclomaticComplexity="1" minCyclomaticComplexity="1" maxCrapScore="2" minCrapScore="2" visitedClasses="0" numClasses="0" visitedMethods="0" numMethods="1" />
              <MetadataToken>100663485</MetadataToken>
              <Name>System.Void OpenCollections.ConcurrentProducer`1::Invoke()</Name>
              <FileRef uid="83" />
              <SequencePoints>
                <SequencePoint vc="0" uspid="1717" ordinal="0" offset="0" sl="156" sc="33" el="156" ec="42" bec="0" bev="0" fileid="83" />
              </SequencePoints>
              <BranchPoints />
              <MethodPoint xsi:type="SequencePoint" vc="0" uspid="1717" ordinal="0" offset="0" sl="156" sc="33" el="156" ec="42" bec="0" bev="0" fileid="83" />
            </Method>
            <Method visited="false" cyclomaticComplexity="1" nPathComplexity="0" sequenceCoverage="0" branchCoverage="0" crapScore="2" isConstructor="false" isStatic="false" isGetter="false" isSetter="false">
              <Summary numSequencePoints="0" visitedSequencePoints="0" numBranchPoints="0" visitedBranchPoints="0" sequenceCoverage="0" branchCoverage="0" maxCyclomaticComplexity="1" minCyclomaticComplexity="1" maxCrapScore="2" minCrapScore="2" visitedClasses="0" numClasses="0" visitedMethods="0" numMethods="0" />
              <MetadataToken>100663486</MetadataToken>
              <Name>System.Threading.Tasks.Task OpenCollections.ConcurrentProducer`1::InvokeAsync()</Name>
              <SequencePoints />
              <BranchPoints />
              <MethodPoint vc="0" uspid="1718" ordinal="0" offset="0" />
            </Method>
            <Method visited="true" cyclomaticComplexity="1" nPathComplexity="0" sequenceCoverage="100" branchCoverage="100" crapScore="1" isConstructor="false" isStatic="false" isGetter="false" isSetter="false">
              <Summary numSequencePoints="1" visitedSequencePoints="1" numBranchPoints="1" visitedBranchPoints="1" sequenceCoverage="100" branchCoverage="100" maxCyclomaticComplexity="1" minCyclomaticComplexity="1" maxCrapScore="1" minCrapScore="1" visitedClasses="0" numClasses="0" visitedMethods="1" numMethods="1" />
              <MetadataToken>100663487</MetadataToken>
              <Name>System.Void OpenCollections.ConcurrentProducer`1::&lt;ProduceAsync&gt;b__34_0()</Name>
              <FileRef uid="83" />
              <SequencePoints>
                <SequencePoint vc="5" uspid="1719" ordinal="0" offset="0" sl="69" sc="34" el="69" ec="65" bec="0" bev="0" fileid="83" />
              </SequencePoints>
              <BranchPoints />
              <MethodPoint xsi:type="SequencePoint" vc="5" uspid="1719" ordinal="0" offset="0" sl="69" sc="34" el="69" ec="65" bec="0" bev="0" fileid="83" />
            </Method>
          </Methods>
        </Class>
        <Class>
          <Summary numSequencePoints="4" visitedSequencePoints="4" numBranchPoints="3" visitedBranchPoints="2" sequenceCoverage="100" branchCoverage="66.67" maxCyclomaticComplexity="3" minCyclomaticComplexity="1" maxCrapScore="3" minCrapScore="2" visitedClasses="1" numClasses="1" visitedMethods="1" numMethods="1" />
          <FullName>OpenCollections.ConcurrentProducer`1/&lt;ProduceAsync&gt;d__34</FullName>
          <Methods>
            <Method visited="false" cyclomaticComplexity="1" nPathComplexity="0" sequenceCoverage="0" branchCoverage="0" crapScore="2" isConstructor="true" isStatic="false" isGetter="false" isSetter="false">
              <Summary numSequencePoints="0" visitedSequencePoints="0" numBranchPoints="0" visitedBranchPoints="0" sequenceCoverage="0" branchCoverage="0" maxCyclomaticComplexity="1" minCyclomaticComplexity="1" maxCrapScore="2" minCrapScore="2" visitedClasses="0" numClasses="0" visitedMethods="0" numMethods="0" />
              <MetadataToken>100663574</MetadataToken>
              <Name>System.Void OpenCollections.ConcurrentProducer`1/&lt;ProduceAsync&gt;d__34::.ctor()</Name>
              <SequencePoints />
              <BranchPoints />
              <MethodPoint vc="0" uspid="1720" ordinal="0" offset="0" />
            </Method>
            <Method visited="true" cyclomaticComplexity="3" nPathComplexity="2" sequenceCoverage="100" branchCoverage="66.67" crapScore="3" isConstructor="false" isStatic="false" isGetter="false" isSetter="false">
              <Summary numSequencePoints="4" visitedSequencePoints="4" numBranchPoints="3" visitedBranchPoints="2" sequenceCoverage="100" branchCoverage="66.67" maxCyclomaticComplexity="3" minCyclomaticComplexity="3" maxCrapScore="3" minCrapScore="3" visitedClasses="0" numClasses="0" visitedMethods="1" numMethods="1" />
              <MetadataToken>100663575</MetadataToken>
              <Name>System.Void OpenCollections.ConcurrentProducer`1/&lt;ProduceAsync&gt;d__34::MoveNext()</Name>
              <FileRef uid="83" />
              <SequencePoints>
                <SequencePoint vc="5" uspid="1721" ordinal="0" offset="14" sl="66" sc="9" el="66" ec="10" bec="0" bev="0" fileid="83" />
                <SequencePoint vc="5" uspid="1722" ordinal="1" offset="15" sl="67" sc="13" el="67" ec="31" bec="0" bev="0" fileid="83" />
                <SequencePoint vc="5" uspid="1723" ordinal="2" offset="36" sl="69" sc="13" el="69" ec="108" bec="2" bev="1" fileid="83" />
                <SequencePoint vc="5" uspid="1724" ordinal="3" offset="199" sl="70" sc="9" el="70" ec="10" bec="0" bev="0" fileid="83" />
              </SequencePoints>
              <BranchPoints>
                <BranchPoint vc="5" uspid="1725" ordinal="0" offset="96" sl="69" path="0" offsetend="98" fileid="83" />
                <BranchPoint vc="0" uspid="1726" ordinal="1" offset="96" sl="69" path="1" offsetend="163" fileid="83" />
              </BranchPoints>
              <MethodPoint vc="10" uspid="1727" ordinal="0" offset="0" />
            </Method>
            <Method visited="false" cyclomaticComplexity="1" nPathComplexity="0" sequenceCoverage="0" branchCoverage="0" crapScore="2" isConstructor="false" isStatic="false" isGetter="false" isSetter="false">
              <Summary numSequencePoints="0" visitedSequencePoints="0" numBranchPoints="0" visitedBranchPoints="0" sequenceCoverage="0" branchCoverage="0" maxCyclomaticComplexity="1" minCyclomaticComplexity="1" maxCrapScore="2" minCrapScore="2" visitedClasses="0" numClasses="0" visitedMethods="0" numMethods="0" />
              <MetadataToken>100663576</MetadataToken>
              <Name>System.Void OpenCollections.ConcurrentProducer`1/&lt;ProduceAsync&gt;d__34::SetStateMachine(System.Runtime.CompilerServices.IAsyncStateMachine)</Name>
              <SequencePoints />
              <BranchPoints />
              <MethodPoint vc="0" uspid="1728" ordinal="0" offset="0" />
            </Method>
          </Methods>
        </Class>
        <Class>
          <Summary numSequencePoints="1" visitedSequencePoints="1" numBranchPoints="1" visitedBranchPoints="1" sequenceCoverage="100" branchCoverage="100" maxCyclomaticComplexity="1" minCyclomaticComplexity="1" maxCrapScore="2" minCrapScore="1" visitedClasses="1" numClasses="1" visitedMethods="1" numMethods="1" />
          <FullName>OpenCollections.ConcurrentProducer`1/&lt;&gt;c__DisplayClass35_0</FullName>
          <Methods>
            <Method visited="false" cyclomaticComplexity="1" nPathComplexity="0" sequenceCoverage="0" branchCoverage="0" crapScore="2" isConstructor="true" isStatic="false" isGetter="false" isSetter="false">
              <Summary numSequencePoints="0" visitedSequencePoints="0" numBranchPoints="0" visitedBranchPoints="0" sequenceCoverage="0" branchCoverage="0" maxCyclomaticComplexity="1" minCyclomaticComplexity="1" maxCrapScore="2" minCrapScore="2" visitedClasses="0" numClasses="0" visitedMethods="0" numMethods="0" />
              <MetadataToken>100663577</MetadataToken>
              <Name>System.Void OpenCollections.ConcurrentProducer`1/&lt;&gt;c__DisplayClass35_0::.ctor()</Name>
              <SequencePoints />
              <BranchPoints />
              <MethodPoint vc="0" uspid="1729" ordinal="0" offset="0" />
            </Method>
            <Method visited="true" cyclomaticComplexity="1" nPathComplexity="0" sequenceCoverage="100" branchCoverage="100" crapScore="1" isConstructor="false" isStatic="false" isGetter="false" isSetter="false">
              <Summary numSequencePoints="1" visitedSequencePoints="1" numBranchPoints="1" visitedBranchPoints="1" sequenceCoverage="100" branchCoverage="100" maxCyclomaticComplexity="1" minCyclomaticComplexity="1" maxCrapScore="1" minCrapScore="1" visitedClasses="0" numClasses="0" visitedMethods="1" numMethods="1" />
              <MetadataToken>100663578</MetadataToken>
              <Name>System.Void OpenCollections.ConcurrentProducer`1/&lt;&gt;c__DisplayClass35_0::&lt;ProduceAsync&gt;b__0()</Name>
              <FileRef uid="83" />
              <SequencePoints>
                <SequencePoint vc="1" uspid="1730" ordinal="0" offset="0" sl="76" sc="34" el="76" ec="53" bec="0" bev="0" fileid="83" />
              </SequencePoints>
              <BranchPoints />
              <MethodPoint xsi:type="SequencePoint" vc="1" uspid="1730" ordinal="0" offset="0" sl="76" sc="34" el="76" ec="53" bec="0" bev="0" fileid="83" />
            </Method>
          </Methods>
        </Class>
        <Class>
          <Summary numSequencePoints="4" visitedSequencePoints="4" numBranchPoints="3" visitedBranchPoints="2" sequenceCoverage="100" branchCoverage="66.67" maxCyclomaticComplexity="3" minCyclomaticComplexity="1" maxCrapScore="3" minCrapScore="2" visitedClasses="1" numClasses="1" visitedMethods="1" numMethods="1" />
          <FullName>OpenCollections.ConcurrentProducer`1/&lt;ProduceAsync&gt;d__35</FullName>
          <Methods>
            <Method visited="false" cyclomaticComplexity="1" nPathComplexity="0" sequenceCoverage="0" branchCoverage="0" crapScore="2" isConstructor="true" isStatic="false" isGetter="false" isSetter="false">
              <Summary numSequencePoints="0" visitedSequencePoints="0" numBranchPoints="0" visitedBranchPoints="0" sequenceCoverage="0" branchCoverage="0" maxCyclomaticComplexity="1" minCyclomaticComplexity="1" maxCrapScore="2" minCrapScore="2" visitedClasses="0" numClasses="0" visitedMethods="0" numMethods="0" />
              <MetadataToken>100663579</MetadataToken>
              <Name>System.Void OpenCollections.ConcurrentProducer`1/&lt;ProduceAsync&gt;d__35::.ctor()</Name>
              <SequencePoints />
              <BranchPoints />
              <MethodPoint vc="0" uspid="1731" ordinal="0" offset="0" />
            </Method>
            <Method visited="true" cyclomaticComplexity="3" nPathComplexity="2" sequenceCoverage="100" branchCoverage="66.67" crapScore="3" isConstructor="false" isStatic="false" isGetter="false" isSetter="false">
              <Summary numSequencePoints="4" visitedSequencePoints="4" numBranchPoints="3" visitedBranchPoints="2" sequenceCoverage="100" branchCoverage="66.67" maxCyclomaticComplexity="3" minCyclomaticComplexity="3" maxCrapScore="3" minCrapScore="3" visitedClasses="0" numClasses="0" visitedMethods="1" numMethods="1" />
              <MetadataToken>100663580</MetadataToken>
              <Name>System.Void OpenCollections.ConcurrentProducer`1/&lt;ProduceAsync&gt;d__35::MoveNext()</Name>
              <FileRef uid="83" />
              <SequencePoints>
                <SequencePoint vc="1" uspid="1732" ordinal="0" offset="62" sl="73" sc="9" el="73" ec="10" bec="0" bev="0" fileid="83" />
                <SequencePoint vc="1" uspid="1733" ordinal="1" offset="63" sl="74" sc="13" el="74" ec="44" bec="0" bev="0" fileid="83" />
                <SequencePoint vc="1" uspid="1734" ordinal="2" offset="96" sl="76" sc="13" el="76" ec="84" bec="2" bev="1" fileid="83" />
                <SequencePoint vc="1" uspid="1735" ordinal="3" offset="260" sl="77" sc="9" el="77" ec="10" bec="0" bev="0" fileid="83" />
              </SequencePoints>
              <BranchPoints>
                <BranchPoint vc="1" uspid="1736" ordinal="0" offset="151" sl="76" path="0" offsetend="153" fileid="83" />
                <BranchPoint vc="0" uspid="1737" ordinal="1" offset="151" sl="76" path="1" offsetend="217" fileid="83" />
              </BranchPoints>
              <MethodPoint vc="2" uspid="1738" ordinal="0" offset="0" />
            </Method>
            <Method visited="false" cyclomaticComplexity="1" nPathComplexity="0" sequenceCoverage="0" branchCoverage="0" crapScore="2" isConstructor="false" isStatic="false" isGetter="false" isSetter="false">
              <Summary numSequencePoints="0" visitedSequencePoints="0" numBranchPoints="0" visitedBranchPoints="0" sequenceCoverage="0" branchCoverage="0" maxCyclomaticComplexity="1" minCyclomaticComplexity="1" maxCrapScore="2" minCrapScore="2" visitedClasses="0" numClasses="0" visitedMethods="0" numMethods="0" />
              <MetadataToken>100663581</MetadataToken>
              <Name>System.Void OpenCollections.ConcurrentProducer`1/&lt;ProduceAsync&gt;d__35::SetStateMachine(System.Runtime.CompilerServices.IAsyncStateMachine)</Name>
              <SequencePoints />
              <BranchPoints />
              <MethodPoint vc="0" uspid="1739" ordinal="0" offset="0" />
            </Method>
          </Methods>
        </Class>
        <Class>
          <Summary numSequencePoints="1" visitedSequencePoints="0" numBranchPoints="3" visitedBranchPoints="0" sequenceCoverage="0" branchCoverage="0" maxCyclomaticComplexity="3" minCyclomaticComplexity="1" maxCrapScore="12" minCrapScore="2" visitedClasses="0" numClasses="1" visitedMethods="0" numMethods="1" />
          <FullName>OpenCollections.ConcurrentProducer`1/&lt;InvokeAsync&gt;d__42</FullName>
          <Methods>
            <Method visited="false" cyclomaticComplexity="1" nPathComplexity="0" sequenceCoverage="0" branchCoverage="0" crapScore="2" isConstructor="true" isStatic="false" isGetter="false" isSetter="false">
              <Summary numSequencePoints="0" visitedSequencePoints="0" numBranchPoints="0" visitedBranchPoints="0" sequenceCoverage="0" branchCoverage="0" maxCyclomaticComplexity="1" minCyclomaticComplexity="1" maxCrapScore="2" minCrapScore="2" visitedClasses="0" numClasses="0" visitedMethods="0" numMethods="0" />
              <MetadataToken>100663582</MetadataToken>
              <Name>System.Void OpenCollections.ConcurrentProducer`1/&lt;InvokeAsync&gt;d__42::.ctor()</Name>
              <SequencePoints />
              <BranchPoints />
              <MethodPoint vc="0" uspid="1740" ordinal="0" offset="0" />
            </Method>
            <Method visited="false" cyclomaticComplexity="3" nPathComplexity="2" sequenceCoverage="0" branchCoverage="0" crapScore="12" isConstructor="false" isStatic="false" isGetter="false" isSetter="false">
              <Summary numSequencePoints="1" visitedSequencePoints="0" numBranchPoints="3" visitedBranchPoints="0" sequenceCoverage="0" branchCoverage="0" maxCyclomaticComplexity="3" minCyclomaticComplexity="3" maxCrapScore="12" minCrapScore="12" visitedClasses="0" numClasses="0" visitedMethods="0" numMethods="1" />
              <MetadataToken>100663583</MetadataToken>
              <Name>System.Void OpenCollections.ConcurrentProducer`1/&lt;InvokeAsync&gt;d__42::MoveNext()</Name>
              <FileRef uid="83" />
              <SequencePoints>
                <SequencePoint vc="0" uspid="1741" ordinal="0" offset="14" sl="158" sc="44" el="158" ec="86" bec="2" bev="0" fileid="83" />
              </SequencePoints>
              <BranchPoints>
                <BranchPoint vc="0" uspid="1742" ordinal="0" offset="47" sl="158" path="0" offsetend="49" fileid="83" />
                <BranchPoint vc="0" uspid="1743" ordinal="1" offset="47" sl="158" path="1" offsetend="113" fileid="83" />
              </BranchPoints>
              <MethodPoint vc="0" uspid="1744" ordinal="0" offset="0" />
            </Method>
            <Method visited="false" cyclomaticComplexity="1" nPathComplexity="0" sequenceCoverage="0" branchCoverage="0" crapScore="2" isConstructor="false" isStatic="false" isGetter="false" isSetter="false">
              <Summary numSequencePoints="0" visitedSequencePoints="0" numBranchPoints="0" visitedBranchPoints="0" sequenceCoverage="0" branchCoverage="0" maxCyclomaticComplexity="1" minCyclomaticComplexity="1" maxCrapScore="2" minCrapScore="2" visitedClasses="0" numClasses="0" visitedMethods="0" numMethods="0" />
              <MetadataToken>100663584</MetadataToken>
              <Name>System.Void OpenCollections.ConcurrentProducer`1/&lt;InvokeAsync&gt;d__42::SetStateMachine(System.Runtime.CompilerServices.IAsyncStateMachine)</Name>
              <SequencePoints />
              <BranchPoints />
              <MethodPoint vc="0" uspid="1745" ordinal="0" offset="0" />
            </Method>
          </Methods>
        </Class>
        <Class>
          <Summary numSequencePoints="37" visitedSequencePoints="36" numBranchPoints="20" visitedBranchPoints="19" sequenceCoverage="97.30" branchCoverage="95" maxCyclomaticComplexity="4" minCyclomaticComplexity="2" maxCrapScore="4" minCrapScore="2" visitedClasses="1" numClasses="1" visitedMethods="4" numMethods="4" />
          <FullName>OpenCollections.Helpers.Consumer</FullName>
          <Methods>
            <Method visited="true" cyclomaticComplexity="2" nPathComplexity="2" sequenceCoverage="100" branchCoverage="100" crapScore="2" isConstructor="false" isStatic="true" isGetter="false" isSetter="false">
              <Summary numSequencePoints="7" visitedSequencePoints="7" numBranchPoints="3" visitedBranchPoints="3" sequenceCoverage="100" branchCoverage="100" maxCyclomaticComplexity="2" minCyclomaticComplexity="2" maxCrapScore="2" minCrapScore="2" visitedClasses="0" numClasses="0" visitedMethods="1" numMethods="1" />
              <MetadataToken>100663493</MetadataToken>
              <Name>System.Boolean OpenCollections.Helpers.Consumer::TryAddBufferItem(System.Collections.Generic.IList`1&lt;T&gt;,System.Collections.Concurrent.IProducerConsumerCollection`1&lt;T&gt;)</Name>
              <FileRef uid="88" />
              <SequencePoints>
                <SequencePoint vc="163476" uspid="1746" ordinal="0" offset="0" sl="29" sc="9" el="29" ec="10" bec="0" bev="0" fileid="88" />
                <SequencePoint vc="163476" uspid="1747" ordinal="1" offset="1" sl="31" sc="13" el="31" ec="57" bec="2" bev="2" fileid="88" />
                <SequencePoint vc="4" uspid="1748" ordinal="2" offset="17" sl="32" sc="13" el="32" ec="14" bec="0" bev="0" fileid="88" />
                <SequencePoint vc="4" uspid="1749" ordinal="3" offset="18" sl="34" sc="17" el="34" ec="36" bec="0" bev="0" fileid="88" />
                <SequencePoint vc="4" uspid="1750" ordinal="4" offset="26" sl="35" sc="17" el="35" ec="29" bec="0" bev="0" fileid="88" />
                <SequencePoint vc="163472" uspid="1751" ordinal="5" offset="30" sl="37" sc="13" el="37" ec="26" bec="0" bev="0" fileid="88" />
                <SequencePoint vc="163476" uspid="1752" ordinal="6" offset="34" sl="38" sc="9" el="38" ec="10" bec="0" bev="0" fileid="88" />
              </SequencePoints>
              <BranchPoints>
                <BranchPoint vc="4" uspid="1753" ordinal="0" offset="15" sl="31" path="0" offsetend="17" fileid="88" />
                <BranchPoint vc="163472" uspid="1754" ordinal="1" offset="15" sl="31" path="1" offsetend="30" fileid="88" />
              </BranchPoints>
              <MethodPoint xsi:type="SequencePoint" vc="163476" uspid="1746" ordinal="0" offset="0" sl="29" sc="9" el="29" ec="10" bec="0" bev="0" fileid="88" />
            </Method>
            <Method visited="true" cyclomaticComplexity="3" nPathComplexity="4" sequenceCoverage="100" branchCoverage="100" crapScore="3" isConstructor="false" isStatic="true" isGetter="false" isSetter="false">
              <Summary numSequencePoints="8" visitedSequencePoints="8" numBranchPoints="5" visitedBranchPoints="5" sequenceCoverage="100" branchCoverage="100" maxCyclomaticComplexity="3" minCyclomaticComplexity="3" maxCrapScore="3" minCrapScore="3" visitedClasses="0" numClasses="0" visitedMethods="1" numMethods="1" />
              <MetadataToken>100663494</MetadataToken>
              <Name>System.Void OpenCollections.Helpers.Consumer::TryEmptyBuffer(System.Collections.Generic.IList`1&lt;T&gt;,System.Collections.Concurrent.IProducerConsumerCollection`1&lt;T&gt;,System.Boolean)</Name>
              <FileRef uid="88" />
              <SequencePoints>
                <SequencePoint vc="37586" uspid="1755" ordinal="0" offset="0" sl="47" sc="9" el="47" ec="10" bec="0" bev="0" fileid="88" />
                <SequencePoint vc="163476" uspid="1756" ordinal="1" offset="3" sl="50" sc="13" el="50" ec="14" bec="0" bev="0" fileid="88" />
                <SequencePoint vc="163476" uspid="1757" ordinal="2" offset="4" sl="51" sc="17" el="51" ec="89" bec="2" bev="2" fileid="88" />
                <SequencePoint vc="3" uspid="1758" ordinal="3" offset="20" sl="52" sc="17" el="52" ec="18" bec="0" bev="0" fileid="88" />
                <SequencePoint vc="3" uspid="1759" ordinal="4" offset="21" sl="53" sc="21" el="53" ec="28" bec="0" bev="0" fileid="88" />
                <SequencePoint vc="163473" uspid="1760" ordinal="5" offset="23" sl="55" sc="13" el="55" ec="14" bec="0" bev="0" fileid="88" />
                <SequencePoint vc="201059" uspid="1761" ordinal="6" offset="24" sl="49" sc="13" el="49" ec="37" bec="2" bev="2" fileid="88" />
                <SequencePoint vc="37586" uspid="1762" ordinal="7" offset="37" sl="56" sc="9" el="56" ec="10" bec="0" bev="0" fileid="88" />
              </SequencePoints>
              <BranchPoints>
                <BranchPoint vc="3" uspid="1763" ordinal="0" offset="18" sl="51" path="0" offsetend="20" fileid="88" />
                <BranchPoint vc="163473" uspid="1764" ordinal="1" offset="18" sl="51" path="1" offsetend="23" fileid="88" />
                <BranchPoint vc="37583" uspid="1765" ordinal="2" offset="35" sl="49" path="0" offsetend="37" fileid="88" />
                <BranchPoint vc="163476" uspid="1766" ordinal="3" offset="35" sl="49" path="1" offsetend="3" fileid="88" />
              </BranchPoints>
              <MethodPoint xsi:type="SequencePoint" vc="37586" uspid="1755" ordinal="0" offset="0" sl="47" sc="9" el="47" ec="10" bec="0" bev="0" fileid="88" />
            </Method>
            <Method visited="true" cyclomaticComplexity="4" nPathComplexity="8" sequenceCoverage="100" branchCoverage="100" crapScore="4" isConstructor="false" isStatic="true" isGetter="false" isSetter="false">
              <Summary numSequencePoints="11" visitedSequencePoints="11" numBranchPoints="7" visitedBranchPoints="7" sequenceCoverage="100" branchCoverage="100" maxCyclomaticComplexity="4" minCyclomaticComplexity="4" maxCrapScore="4" minCrapScore="4" visitedClasses="0" numClasses="0" visitedMethods="1" numMethods="1" />
              <MetadataToken>100663495</MetadataToken>
              <Name>System.Void OpenCollections.Helpers.Consumer::ConsumeItems(System.Collections.Concurrent.IProducerConsumerCollection`1&lt;T&gt;,System.Collections.Concurrent.IProducerConsumerCollection`1&lt;TResult&gt;,System.Collections.Generic.IList`1&lt;TResult&gt;,System.Func`2&lt;T,TResult&gt;&amp;,System.Action&amp;)</Name>
              <FileRef uid="88" />
              <SequencePoints>
                <SequencePoint vc="9569" uspid="1767" ordinal="0" offset="0" sl="68" sc="9" el="68" ec="10" bec="0" bev="0" fileid="88" />
                <SequencePoint vc="23506" uspid="1768" ordinal="1" offset="3" sl="71" sc="13" el="71" ec="14" bec="0" bev="0" fileid="88" />
                <SequencePoint vc="23506" uspid="1769" ordinal="2" offset="4" sl="73" sc="17" el="73" ec="65" bec="0" bev="0" fileid="88" />
                <SequencePoint vc="23506" uspid="1770" ordinal="3" offset="13" sl="76" sc="17" el="76" ec="94" bec="2" bev="2" fileid="88" />
                <SequencePoint vc="23500" uspid="1771" ordinal="4" offset="26" sl="77" sc="17" el="77" ec="18" bec="0" bev="0" fileid="88" />
                <SequencePoint vc="23500" uspid="1772" ordinal="5" offset="27" sl="78" sc="21" el="78" ec="49" bec="2" bev="2" fileid="88" />
                <SequencePoint vc="23500" uspid="1773" ordinal="6" offset="42" sl="79" sc="17" el="79" ec="18" bec="0" bev="0" fileid="88" />
                <SequencePoint vc="23504" uspid="1774" ordinal="7" offset="43" sl="80" sc="13" el="80" ec="14" bec="0" bev="0" fileid="88" />
                <SequencePoint vc="33073" uspid="1775" ordinal="8" offset="44" sl="70" sc="13" el="70" ec="45" bec="2" bev="2" fileid="88" />
                <SequencePoint vc="9567" uspid="1776" ordinal="9" offset="57" sl="83" sc="13" el="83" ec="82" bec="0" bev="0" fileid="88" />
                <SequencePoint vc="9567" uspid="1777" ordinal="10" offset="66" sl="84" sc="9" el="84" ec="10" bec="0" bev="0" fileid="88" />
              </SequencePoints>
              <BranchPoints>
                <BranchPoint vc="23500" uspid="1778" ordinal="0" offset="24" sl="76" path="0" offsetend="26" fileid="88" />
                <BranchPoint vc="4" uspid="1779" ordinal="1" offset="24" sl="76" path="1" offsetend="43" fileid="88" />
                <BranchPoint vc="22000" uspid="1780" ordinal="2" offset="31" sl="78" path="0" offsetend="33" fileid="88" />
                <BranchPoint vc="1500" uspid="1781" ordinal="3" offset="31" sl="78" path="1" offsetend="36" fileid="88" />
                <BranchPoint vc="9567" uspid="1782" ordinal="4" offset="55" sl="70" path="0" offsetend="57" fileid="88" />
                <BranchPoint vc="23506" uspid="1783" ordinal="5" offset="55" sl="70" path="1" offsetend="3" fileid="88" />
              </BranchPoints>
              <MethodPoint xsi:type="SequencePoint" vc="9569" uspid="1767" ordinal="0" offset="0" sl="68" sc="9" el="68" ec="10" bec="0" bev="0" fileid="88" />
            </Method>
            <Method visited="true" cyclomaticComplexity="3" nPathComplexity="4" sequenceCoverage="90.91" branchCoverage="80" crapScore="3.01" isConstructor="false" isStatic="true" isGetter="false" isSetter="false">
              <Summary numSequencePoints="11" visitedSequencePoints="10" numBranchPoints="5" visitedBranchPoints="4" sequenceCoverage="90.91" branchCoverage="80" maxCyclomaticComplexity="3" minCyclomaticComplexity="3" maxCrapScore="3.01" minCrapScore="3.01" visitedClasses="0" numClasses="0" visitedMethods="1" numMethods="1" />
              <MetadataToken>100663496</MetadataToken>
              <Name>System.Boolean OpenCollections.Helpers.Consumer::TryConsumeItem(System.Collections.Concurrent.IProducerConsumerCollection`1&lt;T&gt;,System.Collections.Concurrent.IProducerConsumerCollection`1&lt;TResult&gt;,System.Collections.Generic.IList`1&lt;TResult&gt;,System.Func`2&lt;T,TResult&gt;&amp;)</Name>
              <FileRef uid="88" />
              <SequencePoints>
                <SequencePoint vc="23506" uspid="1784" ordinal="0" offset="0" sl="97" sc="9" el="97" ec="10" bec="0" bev="0" fileid="88" />
                <SequencePoint vc="23506" uspid="1785" ordinal="1" offset="1" sl="99" sc="13" el="99" ec="50" bec="2" bev="1" fileid="88" />
                <SequencePoint vc="23506" uspid="1786" ordinal="2" offset="13" sl="100" sc="13" el="100" ec="14" bec="0" bev="0" fileid="88" />
                <SequencePoint vc="23506" uspid="1787" ordinal="3" offset="14" sl="102" sc="17" el="102" ec="50" bec="0" bev="0" fileid="88" />
                <SequencePoint vc="23504" uspid="1788" ordinal="4" offset="23" sl="105" sc="17" el="105" ec="59" bec="2" bev="2" fileid="88" />
                <SequencePoint vc="4" uspid="1789" ordinal="5" offset="37" sl="106" sc="17" el="106" ec="18" bec="0" bev="0" fileid="88" />
                <SequencePoint vc="4" uspid="1790" ordinal="6" offset="38" sl="107" sc="21" el="107" ec="50" bec="0" bev="0" fileid="88" />
                <SequencePoint vc="4" uspid="1791" ordinal="7" offset="46" sl="108" sc="21" el="108" ec="34" bec="0" bev="0" fileid="88" />
                <SequencePoint vc="23500" uspid="1792" ordinal="8" offset="51" sl="110" sc="17" el="110" ec="29" bec="0" bev="0" fileid="88" />
                <SequencePoint vc="0" uspid="1793" ordinal="9" offset="56" sl="112" sc="13" el="112" ec="26" bec="0" bev="0" fileid="88" />
                <SequencePoint vc="23504" uspid="1794" ordinal="10" offset="61" sl="113" sc="9" el="113" ec="10" bec="0" bev="0" fileid="88" />
              </SequencePoints>
              <BranchPoints>
                <BranchPoint vc="23506" uspid="1795" ordinal="0" offset="11" sl="99" path="0" offsetend="13" fileid="88" />
                <BranchPoint vc="0" uspid="1796" ordinal="1" offset="11" sl="99" path="1" offsetend="56" fileid="88" />
                <BranchPoint vc="4" uspid="1797" ordinal="2" offset="35" sl="105" path="0" offsetend="37" fileid="88" />
                <BranchPoint vc="23500" uspid="1798" ordinal="3" offset="35" sl="105" path="1" offsetend="51" fileid="88" />
              </BranchPoints>
              <MethodPoint xsi:type="SequencePoint" vc="23506" uspid="1784" ordinal="0" offset="0" sl="97" sc="9" el="97" ec="10" bec="0" bev="0" fileid="88" />
            </Method>
          </Methods>
        </Class>
      </Classes>
    </Module>
    <Module skippedDueTo="Filter" hash="B8-F5-F3-D5-06-36-35-76-5B-E0-BE-AB-80-32-9A-0C-1D-A8-76-19">
      <ModulePath>C:\$Programming\C# Projects\OpenCollections\OpenCollections.Test\bin\Debug\xunit.assert.dll</ModulePath>
      <ModuleTime>2018-10-29T08:16:52Z</ModuleTime>
      <ModuleName>xunit.assert</ModuleName>
      <Classes />
    </Module>
    <Module skippedDueTo="Filter" hash="82-88-81-ED-E2-5C-2F-15-13-6B-EA-3F-F7-28-86-26-2A-4C-DB-9A">
      <ModulePath>C:\Windows\Microsoft.Net\assembly\GAC_MSIL\System.Linq\v4.0_4.0.0.0__b03f5f7f11d50a3a\System.Linq.dll</ModulePath>
      <ModuleTime>2019-12-07T09:10:36.086204Z</ModuleTime>
      <ModuleName>System.Linq</ModuleName>
      <Classes />
    </Module>
  </Modules>
</CoverageSession>